******************************************************************************
                  TI ARM Linker PC v5.1.7                      
******************************************************************************
>> Linked Tue Aug 12 21:19:43 2014

OUTPUT FILE NAME:   <uartconsole_TivaTM4C1294NCPDT.out>
ENTRY POINT SYMBOL: "_c_int00"  address: 0000b2ad


MEMORY CONFIGURATION

         name            origin    length      used     unused   attr    fill
----------------------  --------  ---------  --------  --------  ----  --------
  FLASH                 00000000   00100000  00011060  000eefa0  R  X
  SRAM                  20000000   00040000  00003e99  0003c167  RW X


SEGMENT ALLOCATION MAP

run origin  load origin   length   init length attrs members
----------  ----------- ---------- ----------- ----- -------
00000000    00000000    00011060   00011060    r-x
  00000000    00000000    0000003c   0000003c    r-- .resetVecs
  0000003c    0000003c    0000e21c   0000e21c    r-x .text
  0000e258    0000e258    000029d0   000029d0    r-- .const
  00010c28    00010c28    00000438   00000438    r-- .cinit
20000000    20000000    00003e9c   00000000    rw-
  20000000    20000000    00000360   00000000    rw- .vecs
  20000360    20000360    000030a1   00000000    rw- .bss
  20003404    20003404    00000798   00000000    rw- .data
  20003b9c    20003b9c    00000300   00000000    rw- .stack


SECTION ALLOCATION MAP

 output                                  attributes/
section   page    origin      length       input sections
--------  ----  ----------  ----------   ----------------
.bootVecs 
*          0    00000000    00000008     DSECT
                  00000000    00000008     boot.aem4f : boot.oem4f (.bootVecs)

.resetVecs 
*          0    00000000    0000003c     
                  00000000    0000003c     uartconsole_pem4f.oem4f (.resetVecs)

xdc.meta   0    00000000    0000011a     COPY SECTION
                  00000000    0000011a     uartconsole_pem4f.oem4f (xdc.meta)

.init_array 
*          0    00000000    00000000     UNINITIALIZED

.text      0    0000003c    0000e21c     
                  0000003c    00000ec0     rtsv7M4_T_le_v4SPD16_eabi.lib : _printfi.obj (.text)
                  00000efc    00000950                                   : _scanfi.obj (.text)
                  0000184c    0000042c     sysbios.aem4f : BIOS.obj (.text:ti_sysbios_family_arm_m3_Hwi_excDumpRegs__I)
                  00001c78    0000033c     ti.targets.arm.rtsarm.aem4f : System.oem4f (.text:xdc_runtime_System_doPrint__I)
                  00001fb4    00000310     rtsv7M4_T_le_v4SPD16_eabi.lib : lowlev.obj (.text)
                  000022c4    000002f8     sysbios.aem4f : BIOS.obj (.text:ti_sysbios_knl_Semaphore_pend__E)
                  000025bc    000002d4     rtsv7M4_T_le_v4SPD16_eabi.lib : trgdrv.obj (.text)
                  00002890    000002ac     uartconsole.obj (.text:consoleFxn)
                  00002b3c    000002a4     uart_tivaware.aem4f : UARTTiva.oem4f (.text:UARTTiva_open)
                  00002de0    0000024c     sysbios.aem4f : BIOS.obj (.text:ti_sysbios_family_arm_lm4_Timer_start__E)
                  0000302c    00000248                   : BIOS.obj (.text:ti_sysbios_heaps_HeapMem_free__E)
                  00003274    0000023c     rtsv7M4_T_le_v4SPD16_eabi.lib : strtod.obj (.text)
                  000034b0    00000234                                   : strtold.obj (.text)
                  000036e4    00000234     sysbios.aem4f : BIOS.obj (.text:ti_sysbios_heaps_HeapMem_alloc__E)
                  00003918    00000214     uart_tivaware.aem4f : UARTTiva.oem4f (.text:UARTTiva_write)
                  00003b2c    000001fc     Boot.aem4f : Boot_sysctl.oem4f (.text:ti_catalog_arm_cortexm4_tiva_ce_Boot_sysCtlClockFreqSetI__I)
                  00003d28    000001f8     uart_tivaware.aem4f : UARTTiva.oem4f (.text:UARTTiva_read)
                  00003f20    000001f4     rtsv7M4_T_le_v4SPD16_eabi.lib : ull_div_t2.obj (.text)
                  00004114    000001f4     sysbios.aem4f : BIOS.obj (.text:ti_sysbios_knl_Task_sleep__E)
                  00004308    000001e8                   : BIOS.obj (.text:ti_sysbios_family_arm_m3_Hwi_excHandlerMax__I)
                  000044f0    000001e4     rtsv7M4_T_le_v4SPD16_eabi.lib : strtoll.obj (.text)
                  000046d4    000001d0                                   : fscanf.obj (.text)
                  000048a4    000001cc     uart_tivaware.aem4f : UARTTiva.oem4f (.text:UARTTiva_hwiIntFxn)
                  00004a70    000001c0     rtsv7M4_T_le_v4SPD16_eabi.lib : fopen.obj (.text)
                  00004c30    000001b6                                   : fd_add_t2.obj (.text)
                  00004de6    00000002     usblib.lib : usbdma.obj (.text:iDMAUSBArbSizeSet)
                  00004de8    00000178     uart_tivaware.aem4f : UARTTiva.oem4f (.text:writeData)
                  00004f60    00000170     usblib.lib : usbdma.obj (.text:USBLibDMAInit)
                  000050d0    0000016c     rtsv7M4_T_le_v4SPD16_eabi.lib : strtoull.obj (.text)
                  0000523c    00000168     uart_tivaware.aem4f : UARTTiva.oem4f (.text:UARTTiva_readPolling)
                  000053a4    00000168                         : UARTTiva.oem4f (.text:readData)
                  0000550c    00000168     sysbios.aem4f : BIOS.obj (.text:ti_sysbios_family_arm_m3_Hwi_excBusFault__I)
                  00005674    0000015c     uart_tivaware.aem4f : UARTTiva.oem4f (.text:UARTTiva_writePolling)
                  000057d0    00000154     sysbios.aem4f : BIOS.obj (.text:ti_sysbios_family_arm_m3_Hwi_excUsageFault__I)
                  00005924    00000150     usblib.lib : usbdenum.obj (.text:USBDEP0StateTxConfig)
                  00005a74    00000150                : usbdenum.obj (.text:USBDeviceIntHandlerInternal)
                  00005bc4    00000148                : usbdenum.obj (.text:USBDCDInit)
                  00005d0c    00000140                : usbdconfig.obj (.text:USBDeviceConfig)
                  00005e4c    00000140     sysbios.aem4f : BIOS.obj (.text:ti_sysbios_family_arm_lm4_TimestampProvider_get64__E)
                  00005f8c    00000140                   : BIOS.obj (.text:ti_sysbios_family_arm_m3_Hwi_excMemFault__I)
                  000060cc    00000138                   : BIOS.obj (.text:ti_sysbios_heaps_HeapMem_Instance_init__E)
                  00006204    00000138                   : BIOS.obj (.text:ti_sysbios_knl_Semaphore_post__E)
                  0000633c    00000136     rtsv7M4_T_le_v4SPD16_eabi.lib : fd_div_t2.obj (.text)
                  00006472    00000002     usblib.lib : usbdma.obj (.text:iDMAUSBUnitSizeSet)
                  00006474    00000134     rtsv7M4_T_le_v4SPD16_eabi.lib : fputs.obj (.text)
                  000065a8    00000130     driverlib.lib : gpio.obj (.text:GPIOPadConfigSet)
                  000066d8    00000130     rtsv7M4_T_le_v4SPD16_eabi.lib : strtol.obj (.text)
                  00006808    0000012c     sysbios.aem4f : BIOS.obj (.text:ti_sysbios_knl_Clock_workFunc__E)
                  00006934    00000124                   : BIOS.obj (.text:ti_sysbios_family_arm_m3_Hwi_dispatchC__I)
                  00006a58    00000120                   : BIOS.obj (.text:ti_sysbios_utils_Load_logLoads__I)
                  00006b78    00000120     ti.targets.arm.rtsarm.aem4f : Error.oem4f (.text:xdc_runtime_Error_policyDefault__E)
                  00006c98    00000110     rtsv7M4_T_le_v4SPD16_eabi.lib : strtoul.obj (.text)
                  00006da8    00000110     sysbios.aem4f : BIOS.obj (.text:ti_sysbios_utils_Load_updateThreadContexts__E)
                  00006eb8    00000104     UARTUtils.obj (.text:openHandle)
                  00006fbc    00000104     ti.targets.arm.rtsarm.aem4f : Core-mem.oem4f (.text:xdc_runtime_Core_createObject__I)
                  000070c0    00000104     uartconsole_pem4f.oem4f (.text:xdc_runtime_System_printfExtend__I)
                  000071c4    000000fc     rtsv7M4_T_le_v4SPD16_eabi.lib : fd_mul_t2.obj (.text)
                  000072c0    000000fc     sysbios.aem4f : BIOS.obj (.text:ti_sysbios_knl_Task_schedule__I)
                  000073bc    000000fc     ti.targets.arm.rtsarm.aem4f : Startup.oem4f (.text:xdc_runtime_Startup_startMods__I)
                  000074b8    000000f8     uartconsole_pem4f.oem4f (.text:ti_uia_sysbios_LoggerIdle_write__I)
                  000075b0    000000f4     gpio_tivaware.aem4f : GPIO.oem4f (.text:GPIO_toggle)
                  000076a4    000000f4     sysbios.aem4f : m3_Hwi_asm.obj (.text:ti_sysbios_family_arm_m3_Hwi_dispatch__I)
                  00007798    000000f4                   : BIOS.obj (.text:ti_sysbios_knl_Task_postInit__I)
                  0000788c    000000f4                   : BIOS.obj (.text:ti_sysbios_knl_Task_startCore__E)
                  00007980    000000ea     usblib.lib : usbdma.obj (.text:iDMAUSBTransfer)
                  00007a6a    00000002     uartconsole_pem4f.oem4f (.text:ti_sysbios_BIOS_nullFunc__I)
                  00007a6c    000000e8     EK_TM4C1294XL.obj (.text:EK_TM4C1294XL_initUSB)
                  00007b54    000000e8     gpio_tivaware.aem4f : GPIO.oem4f (.text:GPIO_write)
                  00007c3c    000000e8     uartconsole.obj (.text:main)
                  00007d24    000000e4     usblib.lib : usbdenum.obj (.text:USBDGetDescriptor)
                  00007e08    000000dc     rtsv7M4_T_le_v4SPD16_eabi.lib : setvbuf.obj (.text)
                  00007ee4    000000d8     usblib.lib : usbdenum.obj (.text:USBDeviceEnumHandler)
                  00007fbc    000000d4                : usbdcdc.obj (.text:HandleRequests)
                  00008090    000000cc     ti.targets.arm.rtsarm.aem4f : Core-smem.oem4f (.text:xdc_runtime_Core_constructObject__I)
                  0000815c    000000c8     sysbios.aem4f : BIOS.obj (.text:ti_sysbios_knl_Task_exit__E)
                  00008224    000000c4                   : BIOS.obj (.text:ti_sysbios_family_arm_m3_Hwi_Module_startup__E)
                  000082e8    000000c0     uart_tivaware.aem4f : UARTTiva.oem4f (.text:UARTTiva_writeCancel)
                  000083a8    000000c0     rtsv7M4_T_le_v4SPD16_eabi.lib : fflush.obj (.text)
                  00008468    000000c0     sysbios.aem4f : BIOS.obj (.text:ti_sysbios_family_arm_lm4_TimestampProvider_get32__E)
                  00008528    000000c0     usblib.lib : usbdma.obj (.text:uDMAUSBChannelAllocate)
                  000085e8    000000bc     uart_tivaware.aem4f : UARTTiva.oem4f (.text:UARTTiva_readCancel)
                  000086a4    000000bc     sysbios.aem4f : BIOS.obj (.text:ti_sysbios_knl_Task_unblockI__E)
                  00008760    000000ba     usblib.lib : usbdma.obj (.text:uDMAUSBTransfer)
                  0000881a    00000002     sysbios.aem4f : BIOS.obj (.text:ti_sysbios_family_arm_m3_Hwi_doSwiRestore__I)
                  0000881c    000000b8     EK_TM4C1294XL.obj (.text:EK_TM4C1294XL_initGeneral)
                  000088d4    000000b4     sysbios.aem4f : BIOS.obj (.text:ti_sysbios_family_arm_m3_Hwi_excHardFault__I)
                  00008988    000000b4                   : BIOS.obj (.text:ti_sysbios_gates_GateMutex_enter__E)
                  00008a3c    000000b2     usblib.lib : usbbuffer.obj (.text:HandleRxAvailable)
                  00008aee    00000002     sysbios.aem4f : BIOS.obj (.text:ti_sysbios_gates_GateHwi_Instance_init__E)
                  00008af0    000000b0                   : BIOS.obj (.text:ti_sysbios_family_arm_m3_Hwi_excDebugMon__I)
                  00008ba0    000000b0                   : BIOS.obj (.text:ti_sysbios_utils_Load_idleFxn__E)
                  00008c50    000000b0                   : BIOS.obj (.text:ti_sysbios_utils_Load_updateLoads__E)
                  00008d00    000000ac     rtsv7M4_T_le_v4SPD16_eabi.lib : _io_perm.obj (.text)
                  00008dac    000000ac     sysbios.aem4f : BIOS.obj (.text:ti_sysbios_family_arm_lm4_Timer_enableTiva__I)
                  00008e58    000000a8     EK_TM4C1294XL.obj (.text:EK_TM4C1294XL_initUART)
                  00008f00    000000a8     usblib.lib : usbdcdc.obj (.text:HandleDevice)
                  00008fa8    000000a8     sysbios.aem4f : BIOS.obj (.text:ti_sysbios_family_arm_lm4_Timer_enableTimers__I)
                  00009050    000000a8                   : BIOS.obj (.text:ti_sysbios_knl_Task_blockI__E)
                  000090f8    000000a0     uart_tivaware.aem4f : UARTTiva.oem4f (.text:UARTTiva_close)
                  00009198    000000a0     USBCDCD_LoggerIdle.obj (.text:USBCDCD_init)
                  00009238    000000a0     usblib.lib : usbdcdc.obj (.text:USBDCDCCompositeInit)
                  000092d8    000000a0     auto_init.aem4f : auto_init.oem4f (.text)
                  00009378    000000a0     sysbios.aem4f : BIOS.obj (.text:ti_sysbios_family_arm_m3_Hwi_Instance_init__E)
                  00009418    0000009c     USBCDCD_LoggerIdle.obj (.text:cbSerialHandler)
                  000094b4    0000009c     rtsv7M4_T_le_v4SPD16_eabi.lib : _bufread.obj (.text)
                  00009550    0000009c                                   : fputc.obj (.text)
                  000095ec    0000009c                                   : memcpy_t2.obj (.text)
                  00009688    0000009c     sysbios.aem4f : BIOS.obj (.text:ti_sysbios_knl_Semaphore_Instance_init__E)
                  00009724    0000009a     usblib.lib : usbbuffer.obj (.text:ScheduleNextTransmission)
                  000097be    00000002     ti.uia.sysbios.aem4f : LoggerIdle.oem4f (.text:ti_uia_sysbios_LoggerIdle_Instance_init__E)
                  000097c0    0000009a     ti.targets.arm.rtsarm.aem4f : Text.oem4f (.text:xdc_runtime_Text_putSite__E)
                  0000985a    00000002     usblib.lib : usbdma.obj (.text:uDMAUSBChannelIntDisable)
                  0000985c    00000098                : usbdenum.obj (.text:USBDSetInterface)
                  000098f4    00000098     rtsv7M4_T_le_v4SPD16_eabi.lib : fclose.obj (.text)
                  0000998c    00000096     usblib.lib : usbdcdc.obj (.text:CDCTickHandler)
                  00009a22    00000002                : usbdma.obj (.text:uDMAUSBChannelIntEnable)
                  00009a24    00000094     rtsv7M4_T_le_v4SPD16_eabi.lib : fgetc.obj (.text)
                  00009ab8    00000094     Boot.aem4f : Boot.oem4f (.text:ti_catalog_arm_cortexm4_tiva_ce_Boot_sysCtlClockFreqSet__E)
                  00009b4c    00000094     ti.targets.arm.rtsarm.aem4f : Text.oem4f (.text:xdc_runtime_Text_putMod__E)
                  00009be0    00000092     usblib.lib : usbdcdc.obj (.text:SendSerialState)
                  00009c72    00000002     uartconsole_pem4f.oem4f (.text:xdc_runtime_Startup_reset__I)
                  00009c74    0000008c     UARTUtils.obj (.text:UARTUtils_systemInit)
                  00009d00    0000008c     usblib.lib : usbdenum.obj (.text:USBDSetConfiguration)
                  00009d8c    0000008c                : usbdconfig.obj (.text:USBDeviceConfigAlternate)
                  00009e18    0000008c     sysbios.aem4f : BIOS.obj (.text:ti_sysbios_family_arm_m3_Hwi_initNVIC__E)
                  00009ea4    0000008c                   : m3_TaskSupport_asm.obj (.text:ti_sysbios_family_arm_m3_TaskSupport_buildTaskStack)
                  00009f30    00000086     rtsv7M4_T_le_v4SPD16_eabi.lib : fd_cmp_t2.obj (.text:__aeabi_cdcmple)
                  00009fb6    00000086                                   : fd_cmp_t2.obj (.text:__aeabi_cdrcmple)
                  0000a03c    00000084     usblib.lib : usbdma.obj (.text:iDMAUSBChannelAllocate)
                  0000a0c0    00000084     sysbios.aem4f : BIOS.obj (.text:ti_sysbios_knl_Task_Module_startup__E)
                  0000a144    00000084     driverlib.lib : udma.obj (.text:uDMAChannelTransferSet)
                  0000a1c8    00000080     rtsv7M4_T_le_v4SPD16_eabi.lib : ungetc.obj (.text)
                  0000a248    00000080     ti.uia.sysbios.aem4f : LoggerIdle.oem4f (.text:ti_uia_sysbios_LoggerIdle_idleWriteEvent__I)
                  0000a2c8    0000007c     usblib.lib : usbdenum.obj (.text:USBDClearFeature)
                  0000a344    0000007a     driverlib.lib : usb.obj (.text:USBDevEndpointConfigSet)
                  0000a3be    00000078     rtsv7M4_T_le_v4SPD16_eabi.lib : memset_t2.obj (.text)
                  0000a436    00000002     ti.targets.arm.rtsarm.aem4f : SysCallback.oem4f (.text:xdc_runtime_SysCallback_defaultExit)
                  0000a438    00000078     sysbios.aem4f : BIOS.obj (.text:ti_sysbios_utils_Load_updateCurrentThreadTime__E)
                  0000a4b0    00000074     usblib.lib : usbdenum.obj (.text:USBDGetStatus)
                  0000a524    00000072                : usbdcdc.obj (.text:ProcessDataFromHost)
                  0000a596    00000072                : usbdma.obj (.text:uDMAUSBArbSizeSet)
                  0000a608    00000070                : usbdenum.obj (.text:USBDEP0StateTx)
                  0000a678    00000070     rtsv7M4_T_le_v4SPD16_eabi.lib : printf.obj (.text)
                  0000a6e8    00000070     sysbios.aem4f : BIOS.obj (.text:ti_sysbios_family_arm_m3_Hwi_postInit__I)
                  0000a758    00000070                   : BIOS.obj (.text:ti_sysbios_utils_Load_taskDeleteHook__E)
                  0000a7c8    00000070     usblib.lib : usbdma.obj (.text:uDMAUSBUnitSizeSet)
                  0000a838    00000070     ti.targets.arm.rtsarm.aem4f : Memory.oem4f (.text:xdc_runtime_Memory_alloc__E)
                  0000a8a8    0000006c     uartconsole_pem4f.oem4f (.text:ti_sysbios_family_arm_m3_Hwi_Object__create__S)
                  0000a914    0000006c     sysbios.aem4f : BIOS.obj (.text:ti_sysbios_utils_Load_taskCreateHook__E)
                  0000a980    0000006c     ti.targets.arm.rtsarm.aem4f : Error.oem4f (.text:xdc_runtime_Error_print__E)
                  0000a9ec    00000068     driverlib.lib : interrupt.obj (.text:IntDisable)
                  0000aa54    00000068                   : interrupt.obj (.text:IntEnable)
                  0000aabc    00000068     usblib.lib : usbdenum.obj (.text:USBDSetFeature)
                  0000ab24    00000066     ti.targets.arm.rtsarm.aem4f : Core-mem.oem4f (.text:xdc_runtime_Core_deleteObject__I)
                  0000ab8a    00000002     --HOLE-- [fill = 0]
                  0000ab8c    00000064     driverlib.lib : interrupt.obj (.text:IntIsEnabled)
                  0000abf0    00000064     rtsv7M4_T_le_v4SPD16_eabi.lib : fseek.obj (.text)
                  0000ac54    00000064     uartconsole_pem4f.oem4f (.text:ti_sysbios_hal_Hwi_create)
                  0000acb8    00000064     sysbios.aem4f : BIOS.obj (.text:ti_sysbios_utils_Load_logCPULoad__I)
                  0000ad1c    00000064     usblib.lib : usbdma.obj (.text:uDMAUSBChannelEnable)
                  0000ad80    00000060                : usbbuffer.obj (.text:USBBufferEventCallback)
                  0000ade0    00000060                : usbdenum.obj (.text:USBDReadAndDispatchRequest)
                  0000ae40    00000060     rtsv7M4_T_le_v4SPD16_eabi.lib : trgmsg.obj (.text)
                  0000aea0    00000060     sysbios.aem4f : BIOS.obj (.text:ti_sysbios_family_arm_lm4_Timer_isrStub__E)
                  0000af00    00000060                   : BIOS.obj (.text:ti_sysbios_knl_Clock_logTick__E)
                  0000af60    00000060                   : BIOS.obj (.text:ti_sysbios_utils_Load_addTask__E)
                  0000afc0    00000060     ti.targets.arm.rtsarm.aem4f : System.oem4f (.text:xdc_runtime_System_formatNum__I)
                  0000b020    0000005e     usblib.lib : usbdcdc.obj (.text:ProcessDataToHost)
                  0000b07e    0000005e     driverlib.lib : usb.obj (.text:USBDevEndpointStatusClear)
                  0000b0dc    0000005e     rtsv7M4_T_le_v4SPD16_eabi.lib : copy_decompress_rle.obj (.text)
                  0000b13a    00000002     --HOLE-- [fill = 0]
                  0000b13c    0000005c     usblib.lib : usbdcdc.obj (.text:USBDCDCInit)
                  0000b198    0000005c     sysbios.aem4f : BIOS.obj (.text:ti_sysbios_family_arm_lm4_Timer_Module_startup__E)
                  0000b1f4    0000005b     ti.targets.arm.rtsarm.aem4f : Text.oem4f (.text:xdc_runtime_Text_putLab__E)
                  0000b24f    00000001     --HOLE-- [fill = 0]
                  0000b250    0000005a     rtsv7M4_T_le_v4SPD16_eabi.lib : ltoa.obj (.text)
                  0000b2aa    00000002     --HOLE-- [fill = 0]
                  0000b2ac    00000058     boot.aem4f : boot.oem4f (.text)
                  0000b304    00000058     usblib.lib : usbdcdc.obj (.text:USBDCDCPacketWrite)
                  0000b35c    00000058     uartconsole_pem4f.oem4f (.text:ti_sysbios_family_arm_m3_Hwi_construct)
                  0000b3b4    00000058     sysbios.aem4f : m3_Hwi_asm_switch.obj (.text:ti_sysbios_family_arm_m3_Hwi_initStacks__E)
                  0000b40c    00000056     driverlib.lib : gpio.obj (.text:GPIOIntTypeSet)
                  0000b462    00000056     usblib.lib : usbdma.obj (.text:uDMAUSBChannelRelease)
                  0000b4b8    00000052                : usbulpi.obj (.text:ULPIConfigSet)
                  0000b50a    00000002     --HOLE-- [fill = 0]
                  0000b50c    00000050     driverlib.lib : sysctl.obj (.text:SysCtlPeripheralReset)
                  0000b55c    00000050     usblib.lib : usbdcdesc.obj (.text:USBDCDConfigDescGet)
                  0000b5ac    00000050                : usbdenum.obj (.text:USBDeviceResumeTickHandler)
                  0000b5fc    00000050     Boot.aem4f : Boot_sysctl.oem4f (.text:_SysCtlFrequencyGet)
                  0000b64c    00000050     sysbios.aem4f : BIOS.obj (.text:ti_sysbios_utils_Load_taskSwitchHook__E)
                  0000b69c    00000050     ti.targets.arm.rtsarm.aem4f : Startup.oem4f (.text:xdc_runtime_Startup_exec__E)
                  0000b6ec    00000050                                 : Text.oem4f (.text:xdc_runtime_Text_visitRope2__I)
                  0000b73c    0000004e     driverlib.lib : usb.obj (.text:USBDevEndpointStallClear)
                  0000b78a    0000004c     usblib.lib : usbdcdesc.obj (.text:ConfigAlternateInterfaceGet)
                  0000b7d6    0000004c                : usbdconfig.obj (.text:GetEPDescriptorType)
                  0000b822    0000004c                : usbdcdc.obj (.text:HandleEndpoints)
                  0000b86e    0000004c     driverlib.lib : usb.obj (.text:USBEndpointDMAConfigSet)
                  0000b8ba    00000002     --HOLE-- [fill = 0]
                  0000b8bc    0000004c     rtsv7M4_T_le_v4SPD16_eabi.lib : atoi.obj (.text)
                  0000b908    0000004a     usblib.lib : usbdma.obj (.text:iDMAUSBChannelEnable)
                  0000b952    0000004a     rtsv7M4_T_le_v4SPD16_eabi.lib : fd_tos_t2.obj (.text)
                  0000b99c    0000004a     usblib.lib : usbdma.obj (.text:uDMAUSBChannelDisable)
                  0000b9e6    00000002     --HOLE-- [fill = 0]
                  0000b9e8    00000048     driverlib.lib : gpio.obj (.text:GPIOPinConfigure)
                  0000ba30    00000048     usblib.lib : usbdcdc.obj (.text:HandleEP0Data)
                  0000ba78    00000048     uart_tivaware.aem4f : UART.oem4f (.text:UART_open)
                  0000bac0    00000048     usblib.lib : usbdenum.obj (.text:USBDStringIndexFromRequest)
                  0000bb08    00000048                : usbdenum.obj (.text:USBDeviceEnumResetHandler)
                  0000bb50    00000048     rtsv7M4_T_le_v4SPD16_eabi.lib : fd_toi_t2.obj (.text)
                  0000bb98    00000048     sysbios.aem4f : BIOS.obj (.text:ti_sysbios_family_arm_m3_Hwi_excReserved__I)
                  0000bbe0    00000048                   : BIOS.obj (.text:ti_sysbios_heaps_HeapMem_getStats__E)
                  0000bc28    00000048     driverlib.lib : udma.obj (.text:uDMAChannelAttributeDisable)
                  0000bc70    00000048     ti.targets.arm.rtsarm.aem4f : Assert.oem4f (.text:xdc_runtime_Assert_raise__I)
                  0000bcb8    00000046                                 : Core-params.oem4f (.text:xdc_runtime_Core_assignParams__I)
                  0000bcfe    00000002     --HOLE-- [fill = 0]
                  0000bd00    00000044     USBCDCD_LoggerIdle.obj (.text:USBCDCD_LoggerIdle_sendData)
                  0000bd44    00000044     usblib.lib : usbdenum.obj (.text:USBDCDDeviceInfoInit)
                  0000bd88    00000044                : usbdenum.obj (.text:USBDGetInterface)
                  0000bdcc    00000044     driverlib.lib : usb.obj (.text:USBEndpointDataGet)
                  0000be10    00000044     rtsv7M4_T_le_v4SPD16_eabi.lib : cpy_tbl.obj (.text)
                  0000be54    00000044                                   : exit.obj (.text)
                  0000be98    00000044                                   : xdtest.obj (.text)
                  0000bedc    00000044     sysbios.aem4f : BIOS.obj (.text:ti_sysbios_family_arm_lm4_Timer_stop__E)
                  0000bf20    00000044                   : BIOS.obj (.text:ti_sysbios_family_arm_m3_Hwi_disableInterrupt__E)
                  0000bf64    00000044                   : BIOS.obj (.text:ti_sysbios_family_arm_m3_Hwi_enableInterrupt__E)
                  0000bfa8    00000044                   : BIOS.obj (.text:ti_sysbios_knl_Task_allBlockedFunction__I)
                  0000bfec    00000044     ti.targets.arm.rtsarm.aem4f : Error.oem4f (.text:xdc_runtime_Error_setX__E)
                  0000c030    00000042     driverlib.lib : uart.obj (.text:UARTConfigSetExpClk)
                  0000c072    00000042     rtsv7M4_T_le_v4SPD16_eabi.lib : u_divt2.obj (.text)
                  0000c0b4    00000040     sysbios.aem4f : BIOS.obj (.text:ti_sysbios_family_arm_lm4_Timer_startup__E)
                  0000c0f4    0000003c     EK_TM4C1294XL.obj (.text:EK_TM4C1294XL_usbBusFaultHwi)
                  0000c130    0000003c     uart_tivaware.aem4f : UART.oem4f (.text:UART_close)
                  0000c16c    0000003c     usblib.lib : usbdma.obj (.text:iDMAUSBChannelRelease)
                  0000c1a8    0000003c     sysbios.aem4f : BIOS.obj (.text:ti_sysbios_family_arm_m3_Hwi_excSvCall__I)
                  0000c1e4    0000003c                   : BIOS.obj (.text:ti_sysbios_family_arm_m3_Hwi_getStackInfo__E)
                  0000c220    0000003c                   : BIOS.obj (.text:ti_sysbios_heaps_HeapMem_init__I)
                  0000c25c    0000003c     ti.targets.arm.rtsarm.aem4f : Text.oem4f (.text:xdc_runtime_Text_xprintf__I)
                  0000c298    0000003a     usblib.lib : usbdcdesc.obj (.text:USBDCDConfigGetInterfaceEndpoint)
                  0000c2d2    0000003a     driverlib.lib : usb.obj (.text:USBFIFOConfigSet)
                  0000c30c    00000038     usblib.lib : usbtick.obj (.text:InternalUSBRegisterTickHandler)
                  0000c344    00000038                : usbdcdc.obj (.text:SendBreak)
                  0000c37c    00000038     uart_tivaware.aem4f : UART.oem4f (.text:UART_init)
                  0000c3b4    00000038     driverlib.lib : usb.obj (.text:USBIntStatusControl)
                  0000c3ec    00000038     usblib.lib : usbringbuf.obj (.text:USBRingBufAdvanceWrite)
                  0000c424    00000038     sysbios.aem4f : BIOS.obj (.text:ti_sysbios_family_arm_m3_Hwi_excNoIsr__I)
                  0000c45c    00000038                   : BIOS.obj (.text:ti_sysbios_family_arm_m3_TaskSupport_start__E)
                  0000c494    00000038                   : BIOS.obj (.text:ti_sysbios_knl_Task_processVitalTaskFlag__I)
                  0000c4cc    00000038     ti.targets.arm.rtsarm.aem4f : System.oem4f (.text:xdc_runtime_System_atexit__E)
                  0000c504    00000034     usblib.lib : usbtick.obj (.text:InternalUSBStartOfFrameTick)
                  0000c538    00000034     driverlib.lib : sysctl.obj (.text:SysCtlPeripheralEnable)
                  0000c56c    00000034     UARTUtils.obj (.text:UARTUtils_deviceread)
                  0000c5a0    00000034     UARTUtils.obj (.text:UARTUtils_devicewrite)
                  0000c5d4    00000034     uart_tivaware.aem4f : UART.oem4f (.text:UART_Params_init)
                  0000c608    00000034                         : UART.oem4f (.text:UART_read)
                  0000c63c    00000034                         : UART.oem4f (.text:UART_write)
                  0000c670    00000034                         : UART.oem4f (.text:UART_writePolling)
                  0000c6a4    00000034     UARTUtils.obj (.text:closeHandle)
                  0000c6d8    00000034     usblib.lib : usbdma.obj (.text:iDMAUSBChannelStatus)
                  0000c70c    00000034     sysbios.aem4f : BIOS.obj (.text:ti_sysbios_family_arm_m3_Hwi_excNmi__I)
                  0000c740    00000034     ti.targets.arm.rtsarm.aem4f : Core-label.oem4f (.text:xdc_runtime_Core_assignLabel__I)
                  0000c774    00000033                                 : Text.oem4f (.text:xdc_runtime_Text_printVisFxn__I)
                  0000c7a7    00000001     --HOLE-- [fill = 0]
                  0000c7a8    00000032     usblib.lib : usbdcdc.obj (.text:HandleConfigChange)
                  0000c7da    00000032                : usbdcdesc.obj (.text:NextConfigDescGet)
                  0000c80c    00000032                : usbdcdc.obj (.text:ProcessNotificationToHost)
                  0000c83e    00000032     driverlib.lib : usb.obj (.text:USBDevEndpointStall)
                  0000c870    00000032     usblib.lib : usbdma.obj (.text:iDMAUSBChannelDisable)
                  0000c8a2    00000032     sysbios.aem4f : BIOS.obj (.text:ti_sysbios_knl_Semaphore_pendTimeout__I)
                  0000c8d4    00000030     usblib.lib : usbdma.obj (.text:DMAUSBIntHandler)
                  0000c904    00000030                : usbtick.obj (.text:InternalUSBTickInit)
                  0000c934    00000030                : usbdenum.obj (.text:USBDGetConfiguration)
                  0000c964    00000030     driverlib.lib : usb.obj (.text:USBEndpointDataPut)
                  0000c994    00000030     usblib.lib : usbringbuf.obj (.text:UpdateIndexAtomic)
                  0000c9c4    00000030     rtsv7M4_T_le_v4SPD16_eabi.lib : strncpy.obj (.text)
                  0000c9f4    00000030     uartconsole_pem4f.oem4f (.text:ti_sysbios_gates_GateHwi_Object__create__S)
                  0000ca24    00000030     uartconsole_pem4f.oem4f (.text:ti_sysbios_gates_GateMutex_Object__create__S)
                  0000ca54    00000030     uartconsole_pem4f.oem4f (.text:ti_sysbios_heaps_HeapMem_Object__create__S)
                  0000ca84    00000030     uartconsole_pem4f.oem4f (.text:ti_sysbios_knl_Semaphore_construct)
                  0000cab4    00000030     uartconsole_pem4f.oem4f (.text:ti_uia_sysbios_LoggerIdle_Object__create__S)
                  0000cae4    00000030     ti.uia.sysbios.aem4f : LoggerIdle.oem4f (.text:ti_uia_sysbios_LoggerIdle_write8__E)
                  0000cb14    00000030     ti.targets.arm.rtsarm.aem4f : System.oem4f (.text:xdc_runtime_System_processAtExit__E)
                  0000cb44    0000002e     UARTUtils.obj (.text:UARTUtils_deviceopen)
                  0000cb72    0000002e     driverlib.lib : usb.obj (.text:USBEndpointDataSend)
                  0000cba0    0000002e     uartconsole_pem4f.oem4f (.text:malloc)
                  0000cbce    0000002e     rtsv7M4_T_le_v4SPD16_eabi.lib : i_tofd_t2.obj (.text)
                  0000cbfc    0000002c     EK_TM4C1294XL.obj (.text:EK_TM4C1294XL_initGPIO)
                  0000cc28    0000002c     usblib.lib : usbbuffer.obj (.text:USBBufferWrite)
                  0000cc54    0000002c                : usbdesc.obj (.text:USBDescGet)
                  0000cc80    0000002c     Boot.aem4f : Boot_sysctl.oem4f (.text:_SysCtlMemTimingGet)
                  0000ccac    0000002c     uartconsole_pem4f.oem4f (.text:ti_sysbios_BIOS_atExitFunc__I)
                  0000ccd8    0000002c     sysbios.aem4f : BIOS.obj (.text:ti_sysbios_hal_Hwi_initStack)
                  0000cd04    0000002c     uartconsole_pem4f.oem4f (.text:ti_sysbios_knl_Clock_doTick__I)
                  0000cd30    0000002c     uartconsole_pem4f.oem4f (.text:ti_sysbios_knl_Queue_construct)
                  0000cd5c    0000002c     usblib.lib : usbdma.obj (.text:uDMAUSBIntStatus)
                  0000cd88    0000002c     ti.targets.arm.rtsarm.aem4f : Text.oem4f (.text:xdc_runtime_Text_cordText__E)
                  0000cdb4    0000002a     driverlib.lib : gpio.obj (.text:GPIODirModeSet)
                  0000cdde    0000002a     usblib.lib : usbdcdesc.obj (.text:USBDCDConfigDescGetNum)
                  0000ce08    0000002a     ti.uia.sysbios.aem4f : LoggerIdle.oem4f (.text:ti_uia_sysbios_LoggerIdle_write4__E)
                  0000ce32    0000002a     ti.targets.arm.rtsarm.aem4f : System.oem4f (.text:xdc_runtime_System_putchar__I)
                  0000ce5c    00000028     usblib.lib : usbbuffer.obj (.text:HandleRequestBuffer)
                  0000ce84    00000028                : usbdenum.obj (.text:USBDSetAddress)
                  0000ceac    00000028                : usbdesc.obj (.text:USBDescGetNum)
                  0000ced4    00000028     driverlib.lib : usb.obj (.text:USBIntEnableControl)
                  0000cefc    00000028     sysbios.aem4f : BIOS.obj (.text:ti_sysbios_family_arm_m3_Hwi_Instance_finalize__E)
                  0000cf24    00000028                   : BIOS.obj (.text:ti_sysbios_hal_Hwi_Instance_init__E)
                  0000cf4c    00000028                   : BIOS.obj (.text:ti_sysbios_knl_Task_restore__E)
                  0000cf74    00000028     driverlib.lib : udma.obj (.text:uDMAChannelModeGet)
                  0000cf9c    00000026     sysbios.aem4f : m3_Hwi_asm.obj (.text:ti_sysbios_family_arm_m3_Hwi_pendSV__I)
                  0000cfc2    00000026     ti.uia.sysbios.aem4f : LoggerIdle.oem4f (.text:ti_uia_sysbios_LoggerIdle_write0__E)
                  0000cfe8    00000026                          : LoggerIdle.oem4f (.text:ti_uia_sysbios_LoggerIdle_write2__E)
                  0000d00e    00000026     ti.targets.arm.rtsarm.aem4f : System.oem4f (.text:xdc_runtime_System_avprintf__E)
                  0000d034    00000024     gpio_tivaware.aem4f : GPIO.oem4f (.text:GPIO_init)
                  0000d058    00000024     usblib.lib : usbdcdc.obj (.text:SendLineStateChange)
                  0000d07c    00000024     UARTUtils.obj (.text:UARTUtils_systemAbort)
                  0000d0a0    00000024     driverlib.lib : usb.obj (.text:USBDevEndpointDataAck)
                  0000d0c4    00000024                   : usb.obj (.text:USBEndpointDMADisable)
                  0000d0e8    00000024                   : usb.obj (.text:USBEndpointDMAEnable)
                  0000d10c    00000024     uartconsole_pem4f.oem4f (.text:ti_sysbios_BIOS_errorRaiseHook__I)
                  0000d130    00000024     uartconsole_pem4f.oem4f (.text:ti_sysbios_BIOS_registerRTSLock__I)
                  0000d154    00000024     uartconsole_pem4f.oem4f (.text:ti_sysbios_BIOS_removeRTSLock__I)
                  0000d178    00000024     uartconsole_pem4f.oem4f (.text:ti_sysbios_gates_GateMutex_Object__delete__S)
                  0000d19c    00000024     sysbios.aem4f : BIOS.obj (.text:ti_sysbios_knl_Clock_Module_startup__E)
                  0000d1c0    00000024     ti.uia.sysbios.aem4f : LoggerIdle.oem4f (.text:ti_uia_sysbios_LoggerIdle_write1__E)
                  0000d1e4    00000024     driverlib.lib : udma.obj (.text:uDMAChannelControlSet)
                  0000d208    00000024     ti.targets.arm.rtsarm.aem4f : System.oem4f (.text:xdc_runtime_System_vprintf__E)
                  0000d22c    00000022     usblib.lib : usbdcdc.obj (.text:HandleDisconnect)
                  0000d24e    00000022                : usbdcdc.obj (.text:SendLineCodingChange)
                  0000d270    00000022                : usbdma.obj (.text:uDMAUSBChannelStatus)
                  0000d292    00000020                : usbdconfig.obj (.text:GetEndpointFIFOSize)
                  0000d2b2    00000020                : usbbuffer.obj (.text:HandleDataRemaining)
                  0000d2d2    00000002     --HOLE-- [fill = 0]
                  0000d2d4    00000020     UARTUtils.obj (.text:UARTUtils_systemPutch)
                  0000d2f4    00000020     usblib.lib : usbringbuf.obj (.text:USBRingBufAdvanceRead)
                  0000d314    00000020                : usbmode.obj (.text:USBStackModeSet)
                  0000d334    00000020     uartconsole_pem4f.oem4f (.text:ti_sysbios_BIOS_startFunc__I)
                  0000d354    00000020     uartconsole_pem4f.oem4f (.text:ti_sysbios_family_arm_m3_Hwi_Object__delete__S)
                  0000d374    00000020     sysbios.aem4f : BIOS.obj (.text:ti_sysbios_family_arm_m3_Hwi_clearInterrupt__E)
                  0000d394    00000020                   : BIOS.obj (.text:ti_sysbios_family_arm_m3_Hwi_doTaskRestore__I)
                  0000d3b4    00000020                   : m3_Hwi_asm.obj (.text:ti_sysbios_family_arm_m3_Hwi_excHandlerAsm__I)
                  0000d3d4    00000020                   : BIOS.obj (.text:ti_sysbios_family_arm_m3_Hwi_excHandler__I)
                  0000d3f4    00000020     uartconsole_pem4f.oem4f (.text:ti_sysbios_gates_GateHwi_Object__delete__S)
                  0000d414    00000020     uartconsole_pem4f.oem4f (.text:ti_sysbios_heaps_HeapMem_Object__delete__S)
                  0000d434    00000020     sysbios.aem4f : BIOS.obj (.text:ti_sysbios_knl_Idle_run__E)
                  0000d454    00000020     uartconsole_pem4f.oem4f (.text:ti_sysbios_knl_Semaphore_Object__destruct__S)
                  0000d474    00000020     sysbios.aem4f : BIOS.obj (.text:ti_sysbios_knl_Task_enter__I)
                  0000d494    00000020     uartconsole_pem4f.oem4f (.text:ti_uia_sysbios_LoggerIdle_Object__delete__S)
                  0000d4b4    00000020     ti.targets.arm.rtsarm.aem4f : Registry.oem4f (.text:xdc_runtime_Registry_findById__E)
                  0000d4d4    0000001e     usblib.lib : usbdcdc.obj (.text:CheckAndSendBreak)
                  0000d4f2    0000001e     driverlib.lib : usb.obj (.text:USBULPIRegRead)
                  0000d510    0000001e                   : usb.obj (.text:USBULPIRegWrite)
                  0000d52e    0000001e     uartconsole_pem4f.oem4f (.text:ti_sysbios_hal_Hwi_HwiProxy_create)
                  0000d54c    0000001c     driverlib.lib : uart.obj (.text:UARTDisable)
                  0000d568    0000001c     usblib.lib : usbdcdesc.obj (.text:USBDCDConfigGetInterface)
                  0000d584    0000001c                : usbdenum.obj (.text:USBDCDStallEP0)
                  0000d5a0    0000001c     driverlib.lib : usb.obj (.text:USBEndpointDataAvail)
                  0000d5bc    0000001c     usblib.lib : usbringbuf.obj (.text:USBRingBufContigFree)
                  0000d5d8    0000001c     rtsv7M4_T_le_v4SPD16_eabi.lib : memccpy.obj (.text)
                  0000d5f4    0000001c     uartconsole_pem4f.oem4f (.text:ti_sysbios_BIOS_rtsLock__I)
                  0000d610    0000001c     uartconsole_pem4f.oem4f (.text:ti_sysbios_family_arm_m3_Hwi_Object__destruct__S)
                  0000d62c    0000001c     sysbios.aem4f : BIOS.obj (.text:ti_sysbios_gates_GateMutex_Instance_init__E)
                  0000d648    0000001c     uartconsole_pem4f.oem4f (.text:ti_sysbios_knl_Queue_Object__destruct__S)
                  0000d664    0000001c     ti.uia.sysbios.aem4f : LoggerIdle.oem4f (.text:ti_uia_sysbios_LoggerIdle_disable__E)
                  0000d680    0000001c                          : LoggerIdle.oem4f (.text:ti_uia_sysbios_LoggerIdle_enable__E)
                  0000d69c    0000001c     ti.targets.arm.rtsarm.aem4f : Error.oem4f (.text:xdc_runtime_Error_raiseX__E)
                  0000d6b8    0000001c                                 : Memory.oem4f (.text:xdc_runtime_Memory_valloc__E)
                  0000d6d4    0000001c                                 : System.oem4f (.text:xdc_runtime_System_abort__E)
                  0000d6f0    0000001a     usblib.lib : usbdcdc.obj (.text:DeviceConsumedAllData)
                  0000d70a    0000001a     driverlib.lib : usb.obj (.text:USBEndpointDMAChannel)
                  0000d724    0000001a     usblib.lib : usbringbuf.obj (.text:USBRingBufWrite)
                  0000d73e    0000001a     sysbios.aem4f : BIOS.obj (.text:ti_sysbios_knl_Task_sleepTimeout__I)
                  0000d758    0000001a     uartconsole_pem4f.oem4f (.text:xdc_runtime_System_aprintf__E)
                  0000d772    0000001a     uartconsole_pem4f.oem4f (.text:xdc_runtime_System_printf__E)
                  0000d78c    00000018     driverlib.lib : gpio.obj (.text:GPIOPinTypeGPIOOutput)
                  0000d7a4    00000018     usblib.lib : usbdcdc.obj (.text:SetDeferredOpFlag)
                  0000d7bc    00000018     UARTUtils.obj (.text:UARTUtils_deviceclose)
                  0000d7d4    00000018     usblib.lib : usbdhandler.obj (.text:USB0DeviceIntHandler)
                  0000d7ec    00000018                : usbdcdesc.obj (.text:USBDCDConfigDescGetSize)
                  0000d804    00000018                : usbdenum.obj (.text:USBDSetDescriptor)
                  0000d81c    00000018                : usbdenum.obj (.text:USBDSyncFrame)
                  0000d834    00000018     uartconsole_pem4f.oem4f (.text:free)
                  0000d84c    00000018     rtsv7M4_T_le_v4SPD16_eabi.lib : args_main.obj (.text)
                  0000d864    00000018                                   : ll_mul_t2.obj (.text)
                  0000d87c    00000018                                   : strcmp.obj (.text)
                  0000d894    00000018                                   : strrchr.obj (.text)
                  0000d8ac    00000018     uartconsole_pem4f.oem4f (.text:ti_sysbios_BIOS_rtsUnlock__I)
                  0000d8c4    00000018     uartconsole_pem4f.oem4f (.text:ti_sysbios_family_arm_lm4_Timer_Module__startupDone__F)
                  0000d8dc    00000018     uartconsole_pem4f.oem4f (.text:ti_sysbios_family_arm_m3_Hwi_Handle__label__S)
                  0000d8f4    00000018     uartconsole_pem4f.oem4f (.text:ti_sysbios_family_arm_m3_Hwi_Module__startupDone__F)
                  0000d90c    00000018     sysbios.aem4f : m3_TaskSupport_asm.obj (.text:ti_sysbios_family_arm_m3_TaskSupport_swap__E)
                  0000d924    00000018     uartconsole_pem4f.oem4f (.text:ti_sysbios_gates_GateHwi_Handle__label__S)
                  0000d93c    00000018     uartconsole_pem4f.oem4f (.text:ti_sysbios_gates_GateMutex_Handle__label__S)
                  0000d954    00000018     sysbios.aem4f : BIOS.obj (.text:ti_sysbios_gates_GateMutex_leave__E)
                  0000d96c    00000018     uartconsole_pem4f.oem4f (.text:ti_sysbios_heaps_HeapMem_Handle__label__S)
                  0000d984    00000018     uartconsole_pem4f.oem4f (.text:ti_sysbios_knl_Task_Handle__label__S)
                  0000d99c    00000018     uartconsole_pem4f.oem4f (.text:ti_uia_sysbios_LoggerIdle_Handle__label__S)
                  0000d9b4    00000018     driverlib.lib : udma.obj (.text:uDMAChannelDisable)
                  0000d9cc    00000018                   : udma.obj (.text:uDMAChannelEnable)
                  0000d9e4    00000018     ti.targets.arm.rtsarm.aem4f : Error.oem4f (.text:xdc_runtime_Error_check__E)
                  0000d9fc    00000018                                 : System.oem4f (.text:xdc_runtime_System_exit__E)
                  0000da14    00000018                                 : Text.oem4f (.text:xdc_runtime_Text_ropeText__E)
                  0000da2c    00000016     usblib.lib : usbdcdc.obj (.text:CheckAndSendLineCodingChange)
                  0000da42    00000016                : usbdcdc.obj (.text:CheckAndSendLineStateChange)
                  0000da58    00000016                : usbbuffer.obj (.text:USBBufferInit)
                  0000da6e    00000016                : usbringbuf.obj (.text:USBRingBufFlush)
                  0000da84    00000016                : usbringbuf.obj (.text:USBRingBufUsed)
                  0000da9a    00000016     rtsv7M4_T_le_v4SPD16_eabi.lib : memchr.obj (.text)
                  0000dab0    00000016                                   : strchr.obj (.text)
                  0000dac6    00000016     uartconsole_pem4f.oem4f (.text:ti_sysbios_BIOS_exitFunc__I)
                  0000dadc    00000016     EK_TM4C1294XL.obj (.text:ti_sysbios_family_arm_m3_Hwi_Params_init)
                  0000daf2    00000002     --HOLE-- [fill = 0]
                  0000daf4    00000014     driverlib.lib : sysctl.obj (.text:SysCtlUSBPLLEnable)
                  0000db08    00000014                   : uart.obj (.text:UARTEnable)
                  0000db1c    00000014     UARTUtils.obj (.text:UARTUtils_systemReady)
                  0000db30    00000014     usblib.lib : usbdenum.obj (.text:USBDCDRequestDataEP0)
                  0000db44    00000014                : usbdenum.obj (.text:USBDCDSendDataEP0)
                  0000db58    00000014     driverlib.lib : usb.obj (.text:USBDMAChannelConfigSet)
                  0000db6c    00000014                   : usb.obj (.text:USBHostResume)
                  0000db80    00000014                   : usb.obj (.text:USBIntEnableEndpoint)
                  0000db94    00000014                   : usb.obj (.text:_USBIndexWrite)
                  0000dba8    00000014     rtsv7M4_T_le_v4SPD16_eabi.lib : _lock.obj (.text)
                  0000dbbc    00000014                                   : strlen.obj (.text)
                  0000dbd0    00000014     uartconsole_pem4f.oem4f (.text:ti_sysbios_family_arm_m3_Hwi_Object__get__S)
                  0000dbe4    00000014     sysbios.aem4f : BIOS.obj (.text:ti_sysbios_family_arm_m3_Hwi_switchFromBootStack__E)
                  0000dbf8    00000014     uartconsole_pem4f.oem4f (.text:ti_sysbios_heaps_HeapMem_Object__get__S)
                  0000dc0c    00000012     driverlib.lib : gpio.obj (.text:GPIOPinTypeGPIOInput)
                  0000dc1e    00000012                   : gpio.obj (.text:GPIOPinTypeUART)
                  0000dc30    00000012                   : gpio.obj (.text:GPIOPinTypeUSBAnalog)
                  0000dc42    00000012                   : gpio.obj (.text:GPIOPinTypeUSBDigital)
                  0000dc54    00000012     usblib.lib : usbdcdc.obj (.text:HandleResume)
                  0000dc66    00000012                : usbdcdc.obj (.text:HandleSuspend)
                  0000dc78    00000012                : usbbuffer.obj (.text:HandleTxComplete)
                  0000dc8a    00000012     UARTUtils.obj (.text:UARTUtils_devicelseek)
                  0000dc9c    00000012     driverlib.lib : usb.obj (.text:USBDMAChannelDisable)
                  0000dcae    00000012                   : usb.obj (.text:USBDMAChannelEnable)
                  0000dcc0    00000012                   : usb.obj (.text:USBDMAChannelIntDisable)
                  0000dcd2    00000012                   : usb.obj (.text:USBDMAChannelIntEnable)
                  0000dce4    00000012     usblib.lib : usbringbuf.obj (.text:USBRingBufFree)
                  0000dcf6    00000012     USBCDCD_LoggerIdle.obj (.text:cbRxHandler)
                  0000dd08    00000012     USBCDCD_LoggerIdle.obj (.text:cbTxHandler)
                  0000dd1a    00000012     rtsv7M4_T_le_v4SPD16_eabi.lib : copy_zero_init.obj (.text:decompress:ZI)
                  0000dd2c    00000012                                   : xdclass.obj (.text)
                  0000dd3e    00000012     sysbios.aem4f : BIOS.obj (.text:ti_sysbios_hal_Hwi_Module_startup__E)
                  0000dd50    00000012     uartconsole_pem4f.oem4f (.text:xdc_runtime_Startup_exec__I)
                  0000dd62    00000002     --HOLE-- [fill = 0]
                  0000dd64    00000010     uartconsole_pem4f.oem4f (.text:.bootCodeSection:ti_catalog_arm_cortexm4_tiva_ce_Boot_init__I)
                  0000dd74    00000010     driverlib.lib : interrupt.obj (.text:IntMasterDisable)
                  0000dd84    00000010                   : interrupt.obj (.text:IntMasterEnable)
                  0000dd94    00000010     UARTUtils.obj (.text:UARTUtils_devicerename)
                  0000dda4    00000010     driverlib.lib : usb.obj (.text:USBEndpointStatus)
                  0000ddb4    00000010     usblib.lib : usbringbuf.obj (.text:USBRingBufContigUsed)
                  0000ddc4    00000010                : usbringbuf.obj (.text:USBRingBufWriteOne)
                  0000ddd4    00000010     rtsv7M4_T_le_v4SPD16_eabi.lib : strcpy.obj (.text)
                  0000dde4    00000010     sysbios.aem4f : BIOS.obj (.text:ti_sysbios_BIOS_getCpuFreq__E)
                  0000ddf4    00000010                   : BIOS.obj (.text:ti_sysbios_BIOS_setThreadType__E)
                  0000de04    00000010                   : BIOS.obj (.text:ti_sysbios_BIOS_start__E)
                  0000de14    00000010                   : BIOS.obj (.text:ti_sysbios_family_arm_lm4_TimestampProvider_rolloverFunc__E)
                  0000de24    00000010                   : m3_TaskSupport_asm.obj (.text:ti_sysbios_family_arm_m3_TaskSupport_glue)
                  0000de34    00000010                   : BIOS.obj (.text:ti_sysbios_gates_GateMutex_Instance_finalize__E)
                  0000de44    00000010     uartconsole_pem4f.oem4f (.text:ti_sysbios_hal_Hwi_HwiProxy_Object__create__S)
                  0000de54    00000010     sysbios.aem4f : BIOS.obj (.text:ti_sysbios_knl_Semaphore_Instance_finalize__E)
                  0000de64    00000010     uartconsole_pem4f.oem4f (.text:ti_sysbios_knl_Task_Object__get__S)
                  0000de74    00000010     sysbios.aem4f : BIOS.obj (.text:ti_sysbios_knl_Task_disable__E)
                  0000de84    00000010     ti.targets.arm.rtsarm.aem4f : Gate.oem4f (.text:xdc_runtime_Gate_leaveSystem__E)
                  0000de94    00000010                                 : Memory.oem4f (.text:xdc_runtime_Memory_free__E)
                  0000dea4    00000010                                 : SysCallback.oem4f (.text:xdc_runtime_SysCallback_abort__E)
                  0000deb4    00000010                                 : SysCallback.oem4f (.text:xdc_runtime_SysCallback_exit__E)
                  0000dec4    00000010                                 : SysCallback.oem4f (.text:xdc_runtime_SysCallback_putch__E)
                  0000ded4    00000010                                 : SysCallback.oem4f (.text:xdc_runtime_SysCallback_ready__E)
                  0000dee4    00000010                                 : System.oem4f (.text:xdc_runtime_System_vsnprintf__E)
                  0000def4    0000000e     usblib.lib : usbdma.obj (.text:DMAUSBIntStatusClear)
                  0000df02    0000000e     driverlib.lib : uart.obj (.text:UARTCharGetNonBlocking)
                  0000df10    0000000e                   : uart.obj (.text:UARTCharPutNonBlocking)
                  0000df1e    0000000e     UARTUtils.obj (.text:UARTUtils_deviceunlink)
                  0000df2c    0000000e     usblib.lib : usbdcdc.obj (.text:USBDCDCTxPacketAvailable)
                  0000df3a    0000000e     driverlib.lib : usb.obj (.text:USBDMAChannelStatus)
                  0000df48    0000000e                   : usb.obj (.text:USBDevLPMDisable)
                  0000df56    0000000e                   : usb.obj (.text:USBDevLPMEnable)
                  0000df64    0000000e                   : usb.obj (.text:USBULPIDisable)
                  0000df72    0000000e                   : usb.obj (.text:USBULPIEnable)
                  0000df80    0000000e     rtsv7M4_T_le_v4SPD16_eabi.lib : copy_decompress_none.obj (.text:decompress:none)
                  0000df8e    0000000e     sysbios.aem4f : BIOS.obj (.text:ti_sysbios_knl_Queue_empty__E)
                  0000df9c    0000000c     driverlib.lib : cpu.obj (.text:CPUcpsid)
                  0000dfa8    0000000c                   : cpu.obj (.text:CPUcpsie)
                  0000dfb4    0000000c                   : usb.obj (.text:USBEndpointPacketCountSet)
                  0000dfc0    0000000c                   : usb.obj (.text:USBLPMIntEnable)
                  0000dfcc    0000000c     usblib.lib : usbringbuf.obj (.text:USBRingBufInit)
                  0000dfd8    0000000c     sysbios.aem4f : BIOS.obj (.text:ti_sysbios_family_arm_lm4_Timer_getMaxTicks__E)
                  0000dfe4    0000000c                   : BIOS.obj (.text:ti_sysbios_family_arm_lm4_TimestampProvider_startTimer__E)
                  0000dff0    0000000c     uartconsole_pem4f.oem4f (.text:ti_sysbios_family_arm_m3_Hwi_Params__init__S)
                  0000dffc    0000000c     sysbios.aem4f : BIOS.obj (.text:ti_sysbios_family_arm_m3_Hwi_disableFxn__E)
                  0000e008    0000000c                   : BIOS.obj (.text:ti_sysbios_gates_GateHwi_enter__E)
                  0000e014    0000000c     uartconsole_pem4f.oem4f (.text:ti_sysbios_knl_Queue_Object__get__S)
                  0000e020    0000000c     uartconsole_pem4f.oem4f (.text:ti_sysbios_knl_Semaphore_Params__init__S)
                  0000e02c    0000000c     sysbios.aem4f : BIOS.obj (.text:ti_sysbios_utils_Load_getCPULoad__E)
                  0000e038    0000000c                   : BIOS.obj (.text:ti_sysbios_utils_Load_taskRegHook__E)
                  0000e044    0000000c     ti.targets.arm.rtsarm.aem4f : Error.oem4f (.text:xdc_runtime_Error_init__E)
                  0000e050    0000000c                                 : Gate.oem4f (.text:xdc_runtime_Gate_enterSystem__E)
                  0000e05c    0000000c                                 : Memory.oem4f (.text:xdc_runtime_Memory_calloc__E)
                  0000e068    0000000c                                 : Memory.oem4f (.text:xdc_runtime_Memory_getMaxDefaultTypeAlign__E)
                  0000e074    0000000a     driverlib.lib : uart.obj (.text:UARTCharGet)
                  0000e07e    0000000a                   : uart.obj (.text:UARTCharPut)
                  0000e088    0000000a                   : uart.obj (.text:UARTIntDisable)
                  0000e092    0000000a                   : uart.obj (.text:UARTIntStatus)
                  0000e09c    0000000a     USBCDCD_LoggerIdle.obj (.text:USBCDCD_LoggerIdle_hwiHandler)
                  0000e0a6    0000000a     driverlib.lib : usb.obj (.text:USBClockEnable)
                  0000e0b0    0000000a                   : usb.obj (.text:USBControllerVersion)
                  0000e0ba    0000000a                   : usb.obj (.text:USBDMAChannelAddressSet)
                  0000e0c4    0000000a                   : usb.obj (.text:USBDMAChannelCountSet)
                  0000e0ce    0000000a                   : usb.obj (.text:USBDevConnect)
                  0000e0d8    0000000a                   : usb.obj (.text:USBDevDisconnect)
                  0000e0e2    0000000a                   : usb.obj (.text:USBIntStatusEndpoint)
                  0000e0ec    0000000a     sysbios.aem4f : BIOS.obj (.text:ti_sysbios_hal_Hwi_Instance_finalize__E)
                  0000e0f6    0000000a     uartconsole_pem4f.oem4f (.text:xdc_runtime_IHeap_alloc)
                  0000e100    0000000a     uartconsole_pem4f.oem4f (.text:xdc_runtime_IHeap_free)
                  0000e10a    0000000a     uartconsole_pem4f.oem4f (.text:xdc_runtime_Text_visitRope__I)
                  0000e114    00000008     driverlib.lib : uart.obj (.text:UARTIntEnable)
                  0000e11c    00000008     uart_tivaware.aem4f : UARTTiva.oem4f (.text:UARTTiva_init)
                  0000e124    00000008     driverlib.lib : usb.obj (.text:USBDevMode)
                  0000e12c    00000008                   : usb.obj (.text:USBFIFOAddrGet)
                  0000e134    00000008                   : usb.obj (.text:USBOTGMode)
                  0000e13c    00000008     usblib.lib : usbdma.obj (.text:iDMAUSBChannelIntDisable)
                  0000e144    00000008                : usbdma.obj (.text:iDMAUSBChannelIntEnable)
                  0000e14c    00000008     uart_tivaware.aem4f : UARTTiva.oem4f (.text:readSemCallback)
                  0000e154    00000008     sysbios.aem4f : BIOS.obj (.text:ti_sysbios_family_arm_lm4_Timer_masterDisable__I)
                  0000e15c    00000008                   : BIOS.obj (.text:ti_sysbios_family_arm_m3_Hwi_startup__E)
                  0000e164    00000008                   : BIOS.obj (.text:ti_sysbios_knl_Idle_loop__E)
                  0000e16c    00000008     uart_tivaware.aem4f : UARTTiva.oem4f (.text:writeSemCallback)
                  0000e174    00000006     driverlib.lib : gpio.obj (.text:GPIOIntClear)
                  0000e17a    00000006                   : gpio.obj (.text:GPIOPinRead)
                  0000e180    00000006                   : gpio.obj (.text:GPIOPinWrite)
                  0000e186    00000006                   : uart.obj (.text:UARTFIFOLevelSet)
                  0000e18c    00000006     usblib.lib : usbbuffer.obj (.text:USBBufferFlush)
                  0000e192    00000006                : usbbuffer.obj (.text:USBBufferSpaceAvailable)
                  0000e198    00000006     driverlib.lib : usb.obj (.text:USBDMAChannelIntStatus)
                  0000e19e    00000006                   : usb.obj (.text:USBDevLPMConfig)
                  0000e1a4    00000006                   : usb.obj (.text:USBLPMIntStatus)
                  0000e1aa    00000006     ti.targets.arm.rtsarm.aem4f : xdc_noinit.oem4f (.text:__xdc__init)
                  0000e1b0    00000006     rtsv7M4_T_le_v4SPD16_eabi.lib : copy_decompress_rle.obj (.text:decompress:rle24)
                  0000e1b6    00000006     usblib.lib : usbdma.obj (.text:iDMAUSBIntStatus)
                  0000e1bc    00000006     sysbios.aem4f : BIOS.obj (.text:ti_sysbios_family_arm_lm4_TimestampProvider_Module_startup__E)
                  0000e1c2    00000006                   : BIOS.obj (.text:ti_sysbios_family_arm_m3_Hwi_restoreFxn__E)
                  0000e1c8    00000006                   : BIOS.obj (.text:ti_sysbios_gates_GateHwi_leave__E)
                  0000e1ce    00000006                   : BIOS.obj (.text:ti_sysbios_heaps_HeapMem_isBlocking__E)
                  0000e1d4    00000006                   : BIOS.obj (.text:ti_sysbios_knl_Queue_Instance_init__E)
                  0000e1da    00000006     ti.targets.arm.rtsarm.aem4f : System.oem4f (.text:xdc_runtime_System_Module_startup__E)
                  0000e1e0    00000004     usblib.lib : usbdma.obj (.text:DMAUSBStatus)
                  0000e1e4    00000004     driverlib.lib : uart.obj (.text:UARTIntClear)
                  0000e1e8    00000004                   : usb.obj (.text:USBDevAddrSet)
                  0000e1ec    00000004     uartconsole_pem4f.oem4f (.text:ti_sysbios_BIOS_RtsGateProxy_enter__E)
                  0000e1f0    00000004     uartconsole_pem4f.oem4f (.text:ti_sysbios_BIOS_RtsGateProxy_leave__E)
                  0000e1f4    00000004     sysbios.aem4f : BIOS.obj (.text:ti_sysbios_family_arm_lm4_Timer_getPeriod__E)
                  0000e1f8    00000004                   : BIOS.obj (.text:ti_sysbios_family_arm_lm4_Timer_masterEnable__I)
                  0000e1fc    00000004     uartconsole_pem4f.oem4f (.text:ti_sysbios_family_arm_m3_Hwi_destruct)
                  0000e200    00000004     uartconsole_pem4f.oem4f (.text:ti_sysbios_family_arm_m3_TaskSupport_Module__startupDone__S)
                  0000e204    00000004     sysbios.aem4f : BIOS.obj (.text:ti_sysbios_gates_GateHwi_query__E)
                  0000e208    00000004                   : BIOS.obj (.text:ti_sysbios_gates_GateMutex_query__E)
                  0000e20c    00000004     uartconsole_pem4f.oem4f (.text:ti_sysbios_hal_Hwi_HwiProxy_Module__startupDone__S)
                  0000e210    00000004     uartconsole_pem4f.oem4f (.text:ti_sysbios_hal_Hwi_HwiProxy_Object__delete__S)
                  0000e214    00000004     uartconsole_pem4f.oem4f (.text:ti_sysbios_hal_Hwi_HwiProxy_delete)
                  0000e218    00000004     uartconsole_pem4f.oem4f (.text:ti_sysbios_heaps_HeapMem_Module_GateProxy_enter__E)
                  0000e21c    00000004     uartconsole_pem4f.oem4f (.text:ti_sysbios_heaps_HeapMem_Module_GateProxy_leave__E)
                  0000e220    00000004     uartconsole_pem4f.oem4f (.text:ti_sysbios_knl_Clock_TimerProxy_Module__startupDone__S)
                  0000e224    00000004     uartconsole_pem4f.oem4f (.text:ti_sysbios_knl_Clock_TimerProxy_getMaxTicks__E)
                  0000e228    00000004     uartconsole_pem4f.oem4f (.text:ti_sysbios_knl_Clock_TimerProxy_getPeriod__E)
                  0000e22c    00000004     uartconsole_pem4f.oem4f (.text:ti_sysbios_knl_Queue_destruct)
                  0000e230    00000004     uartconsole_pem4f.oem4f (.text:ti_sysbios_knl_Semaphore_destruct)
                  0000e234    00000004     uartconsole_pem4f.oem4f (.text:ti_sysbios_knl_Task_SupportProxy_Module__startupDone__S)
                  0000e238    00000004     sysbios.aem4f : BIOS.obj (.text:ti_sysbios_knl_Task_startup__E)
                  0000e23c    00000004     ti.targets.arm.rtsarm.aem4f : Error.oem4f (.text:xdc_runtime_Error_getSite__E)
                  0000e240    00000004     uartconsole_pem4f.oem4f (.text:xdc_runtime_Memory_HeapProxy_alloc__E)
                  0000e244    00000004     uartconsole_pem4f.oem4f (.text:xdc_runtime_Memory_HeapProxy_free__E)
                  0000e248    00000004     uartconsole_pem4f.oem4f (.text:xdc_runtime_System_Module_GateProxy_enter__E)
                  0000e24c    00000004     uartconsole_pem4f.oem4f (.text:xdc_runtime_System_Module_GateProxy_leave__E)
                  0000e250    00000004     ti.targets.arm.rtsarm.aem4f : System.oem4f (.text:xdc_runtime_System_aprintf_va__F)
                  0000e254    00000004                                 : System.oem4f (.text:xdc_runtime_System_printf_va__F)

.const     0    0000e258    000029d0     
                  0000e258    00001beb     uartconsole_pem4f.oem4f (.const:xdc_runtime_Text_charTab__A)
                  0000fe43    00000001     uartconsole_pem4f.oem4f (.const:xdc_runtime_Error_policy__C)
                  0000fe44    00000120     Boot.aem4f : Boot_sysctl.oem4f (.const:g_pppui32XTALtoVCO)
                  0000ff64    00000102     rtsv7M4_T_le_v4SPD16_eabi.lib : ctype.obj (.const:.string:_ctypes_)
                  00010066    00000002     uartconsole_pem4f.oem4f (.const:ti_catalog_arm_cortexm4_tiva_ce_Boot_Module__id__C)
                  00010068    00000098     rtsv7M4_T_le_v4SPD16_eabi.lib : strtod.obj (.const)
                  00010100    00000098                                   : strtold.obj (.const)
                  00010198    00000090     driverlib.lib : gpio.obj (.const:g_pui32GPIOBaseAddrs)
                  00010228    00000070                   : interrupt.obj (.const)
                  00010298    0000006c     Boot.aem4f : Boot_sysctl.oem4f (.const:g_pui32Xtals)
                  00010304    00000048     uartconsole_pem4f.oem4f (.const:.string)
                  0001034c    0000003c     EK_TM4C1294XL.obj (.const:UART_config)
                  00010388    00000038     Boot.aem4f : Boot_sysctl.oem4f (.const:g_sXTALtoMEMTIM)
                  000103c0    00000038     usblib.lib : usbdcdc.obj (.const)
                  000103f8    00000036     USBCDCD_LoggerIdle.obj (.const:.string:configString)
                  0001042e    00000002     uartconsole_pem4f.oem4f (.const:ti_sysbios_family_arm_lm4_TimestampProvider_useClockTimer__C)
                  00010430    00000034     EK_TM4C1294XL.obj (.const)
                  00010464    00000034     usblib.lib : usbdenum.obj (.const:g_psUSBDStdRequests)
                  00010498    00000034     uartconsole_pem4f.oem4f (.const:ti_uia_sysbios_LoggerIdle_Module__FXNS__C)
                  000104cc    00000030     usblib.lib : usbdcdc.obj (.const:g_sCDCHandlers)
                  000104fc    00000030     EK_TM4C1294XL.obj (.const:gpioHWAttrs)
                  0001052c    00000030     uartconsole_pem4f.oem4f (.const:ti_sysbios_family_arm_m3_Hwi_Object__PARAMS__C)
                  0001055c    0000002c     USBCDCD_LoggerIdle.obj (.const:.string:controlInterfaceString)
                  00010588    0000002c     uartconsole_pem4f.oem4f (.const:ti_sysbios_hal_Hwi_Object__PARAMS__C)
                  000105b4    00000028     uartconsole_pem4f.oem4f (.const:ti_sysbios_heaps_HeapMem_Module__FXNS__C)
                  000105dc    00000024     USBCDCD_LoggerIdle.obj (.const:.string:manufacturerString)
                  00010600    00000024     uart_tivaware.aem4f : UARTTiva.oem4f (.const:UARTTiva_fxnTable)
                  00010624    00000024     uartconsole_pem4f.oem4f (.const:ti_sysbios_gates_GateHwi_Module__FXNS__C)
                  00010648    00000024     uartconsole_pem4f.oem4f (.const:ti_sysbios_gates_GateMutex_Module__FXNS__C)
                  0001066c    00000024     uartconsole_pem4f.oem4f (.const:ti_sysbios_heaps_HeapMem_Object__PARAMS__C)
                  00010690    00000024     uartconsole_pem4f.oem4f (.const:ti_sysbios_knl_Semaphore_Object__PARAMS__C)
                  000106b4    00000024     USBCDCD_LoggerIdle.obj (.const:txBuffer)
                  000106d8    00000023     usblib.lib : usbdcdc.obj (.const:.string:g_pui8CDCSerCommInterface)
                  000106fb    00000022     USBCDCD_LoggerIdle.obj (.const:.string:productString)
                  0001071d    00000001     --HOLE-- [fill = 0]
                  0001071e    00000002     uartconsole_pem4f.oem4f (.const:ti_sysbios_family_arm_m3_Hwi_Module__id__C)
                  00010720    00000020     uartconsole_pem4f.oem4f (.const:ti_sysbios_family_arm_m3_Hwi_Object__DESC__C)
                  00010740    00000020     uartconsole_pem4f.oem4f (.const:ti_sysbios_gates_GateHwi_Object__DESC__C)
                  00010760    00000020     uartconsole_pem4f.oem4f (.const:ti_sysbios_gates_GateMutex_Object__DESC__C)
                  00010780    00000020     uartconsole_pem4f.oem4f (.const:ti_sysbios_hal_Hwi_Object__DESC__C)
                  000107a0    00000020     uartconsole_pem4f.oem4f (.const:ti_sysbios_heaps_HeapMem_Object__DESC__C)
                  000107c0    00000020     uartconsole_pem4f.oem4f (.const:ti_sysbios_knl_Queue_Object__DESC__C)
                  000107e0    00000020     uartconsole_pem4f.oem4f (.const:ti_sysbios_knl_Semaphore_Object__DESC__C)
                  00010800    00000020     uartconsole_pem4f.oem4f (.const:ti_uia_sysbios_LoggerIdle_Object__DESC__C)
                  00010820    00000020     uart_tivaware.aem4f : UART.oem4f (.const)
                  00010840    0000001c     uartconsole_pem4f.oem4f (.const:xdc_runtime_Startup_sfxnTab__A)
                  0001085c    00000018     USBCDCD_LoggerIdle.obj (.const)
                  00010874    00000018     uartconsole_pem4f.oem4f (.const:ti_sysbios_gates_GateHwi_Object__PARAMS__C)
                  0001088c    00000018     uartconsole_pem4f.oem4f (.const:ti_sysbios_gates_GateMutex_Object__PARAMS__C)
                  000108a4    00000018     uartconsole_pem4f.oem4f (.const:ti_sysbios_knl_Queue_Object__PARAMS__C)
                  000108bc    00000018     uartconsole_pem4f.oem4f (.const:ti_sysbios_knl_Task_hooks__A)
                  000108d4    00000018     uartconsole_pem4f.oem4f (.const:ti_uia_sysbios_LoggerIdle_Object__PARAMS__C)
                  000108ec    00000017     usblib.lib : usbdcdc.obj (.const:.string)
                  00010903    00000016     USBCDCD_LoggerIdle.obj (.const:.string)
                  00010919    00000001     --HOLE-- [fill = 0]
                  0001091a    00000002     uartconsole_pem4f.oem4f (.const:ti_sysbios_family_arm_m3_Hwi_Module__loggerDefined__C)
                  0001091c    00000014     uartconsole_pem4f.oem4f (.const:xdc_runtime_Startup_firstFxns__A)
                  00010930    00000011     ti.targets.arm.rtsarm.aem4f : System.oem4f (.const:.string)
                  00010941    00000001     --HOLE-- [fill = 0]
                  00010942    00000002     uartconsole_pem4f.oem4f (.const:ti_sysbios_gates_GateMutex_Module__id__C)
                  00010944    00000010     rtsv7M4_T_le_v4SPD16_eabi.lib : _scanfi.obj (.const)
                  00010954    00000010     uartconsole_pem4f.oem4f (.const:xdc_runtime_Text_nodeTab__A)
                  00010964    0000000e     uartconsole_pem4f.oem4f (.const:xdc_runtime_Startup_sfxnRts__A)
                  00010972    00000002     uartconsole_pem4f.oem4f (.const:ti_sysbios_heaps_HeapMem_Module__id__C)
                  00010974    00000008     Boot.aem4f : Boot_sysctl.oem4f (.const)
                  0001097c    00000008     uartconsole_pem4f.oem4f (.const:ti_sysbios_family_arm_m3_Hwi_excHookFuncs__A)
                  00010984    00000008     uartconsole_pem4f.oem4f (.const:ti_sysbios_knl_Idle_funcList__A)
                  0001098c    00000008     uartconsole_pem4f.oem4f (.const:ti_sysbios_knl_Idle_funcList__C)
                  00010994    00000008     uartconsole_pem4f.oem4f (.const:ti_sysbios_knl_Task_hooks__C)
                  0001099c    00000008     uartconsole_pem4f.oem4f (.const:xdc_runtime_Startup_firstFxns__C)
                  000109a4    00000008     uartconsole_pem4f.oem4f (.const:xdc_runtime_Startup_lastFxns__C)
                  000109ac    00000004     uartconsole_pem4f.oem4f (.const:ti_catalog_arm_cortexm4_tiva_ce_Boot_A_mustNotUseEnhancedClockMode__C)
                  000109b0    00000004     uartconsole_pem4f.oem4f (.const:ti_catalog_arm_cortexm4_tiva_ce_Boot_Module__diagsEnabled__C)
                  000109b4    00000004     uartconsole_pem4f.oem4f (.const:ti_catalog_arm_cortexm4_tiva_ce_Boot_Module__diagsIncluded__C)
                  000109b8    00000004     uartconsole_pem4f.oem4f (.const:ti_catalog_arm_cortexm4_tiva_ce_Boot_Module__diagsMask__C)
                  000109bc    00000004     uartconsole_pem4f.oem4f (.const:ti_sysbios_family_arm_lm4_Timer_enableFunc__C)
                  000109c0    00000004     uartconsole_pem4f.oem4f (.const:ti_sysbios_family_arm_lm4_Timer_numTimerDevices__C)
                  000109c4    00000004     uartconsole_pem4f.oem4f (.const:ti_sysbios_family_arm_lm4_Timer_startupNeeded__C)
                  000109c8    00000004     uartconsole_pem4f.oem4f (.const:ti_sysbios_family_arm_m3_Hwi_E_NMI__C)
                  000109cc    00000004     uartconsole_pem4f.oem4f (.const:ti_sysbios_family_arm_m3_Hwi_E_alreadyDefined__C)
                  000109d0    00000004     uartconsole_pem4f.oem4f (.const:ti_sysbios_family_arm_m3_Hwi_E_busFault__C)
                  000109d4    00000004     uartconsole_pem4f.oem4f (.const:ti_sysbios_family_arm_m3_Hwi_E_debugMon__C)
                  000109d8    00000004     uartconsole_pem4f.oem4f (.const:ti_sysbios_family_arm_m3_Hwi_E_hardFault__C)
                  000109dc    00000004     uartconsole_pem4f.oem4f (.const:ti_sysbios_family_arm_m3_Hwi_E_memFault__C)
                  000109e0    00000004     uartconsole_pem4f.oem4f (.const:ti_sysbios_family_arm_m3_Hwi_E_noIsr__C)
                  000109e4    00000004     uartconsole_pem4f.oem4f (.const:ti_sysbios_family_arm_m3_Hwi_E_reserved__C)
                  000109e8    00000004     uartconsole_pem4f.oem4f (.const:ti_sysbios_family_arm_m3_Hwi_E_svCall__C)
                  000109ec    00000004     uartconsole_pem4f.oem4f (.const:ti_sysbios_family_arm_m3_Hwi_E_usageFault__C)
                  000109f0    00000004     uartconsole_pem4f.oem4f (.const:ti_sysbios_family_arm_m3_Hwi_LD_end__C)
                  000109f4    00000004     uartconsole_pem4f.oem4f (.const:ti_sysbios_family_arm_m3_Hwi_LM_begin__C)
                  000109f8    00000004     uartconsole_pem4f.oem4f (.const:ti_sysbios_family_arm_m3_Hwi_Module__diagsEnabled__C)
                  000109fc    00000004     uartconsole_pem4f.oem4f (.const:ti_sysbios_family_arm_m3_Hwi_Module__diagsIncluded__C)
                  00010a00    00000004     uartconsole_pem4f.oem4f (.const:ti_sysbios_family_arm_m3_Hwi_Module__diagsMask__C)
                  00010a04    00000004     uartconsole_pem4f.oem4f (.const:ti_sysbios_family_arm_m3_Hwi_Module__loggerFxn1__C)
                  00010a08    00000004     uartconsole_pem4f.oem4f (.const:ti_sysbios_family_arm_m3_Hwi_Module__loggerFxn8__C)
                  00010a0c    00000004     uartconsole_pem4f.oem4f (.const:ti_sysbios_family_arm_m3_Hwi_Module__loggerObj__C)
                  00010a10    00000004     uartconsole_pem4f.oem4f (.const:ti_sysbios_family_arm_m3_Hwi_NUM_INTERRUPTS__C)
                  00010a14    00000004     uartconsole_pem4f.oem4f (.const:ti_sysbios_family_arm_m3_Hwi_Object__count__C)
                  00010a18    00000004     uartconsole_pem4f.oem4f (.const:ti_sysbios_family_arm_m3_Hwi_ccr__C)
                  00010a1c    00000004     uartconsole_pem4f.oem4f (.const:ti_sysbios_family_arm_m3_Hwi_excHandlerFunc__C)
                  00010a20    00000004     uartconsole_pem4f.oem4f (.const:ti_sysbios_family_arm_m3_Hwi_excHookFuncs__C)
                  00010a24    00000004     uartconsole_pem4f.oem4f (.const:ti_sysbios_family_arm_m3_Hwi_nullIsrFunc__C)
                  00010a28    00000004     uartconsole_pem4f.oem4f (.const:ti_sysbios_family_arm_m3_Hwi_priGroup__C)
                  00010a2c    00000004     uartconsole_pem4f.oem4f (.const:ti_sysbios_gates_GateMutex_A_badContext__C)
                  00010a30    00000004     uartconsole_pem4f.oem4f (.const:ti_sysbios_gates_GateMutex_Instance_State_sem__O)
                  00010a34    00000004     uartconsole_pem4f.oem4f (.const:ti_sysbios_gates_GateMutex_Module__diagsEnabled__C)
                  00010a38    00000004     uartconsole_pem4f.oem4f (.const:ti_sysbios_gates_GateMutex_Module__diagsIncluded__C)
                  00010a3c    00000004     uartconsole_pem4f.oem4f (.const:ti_sysbios_gates_GateMutex_Module__diagsMask__C)
                  00010a40    00000004     uartconsole_pem4f.oem4f (.const:ti_sysbios_heaps_HeapMem_A_align__C)
                  00010a44    00000004     uartconsole_pem4f.oem4f (.const:ti_sysbios_heaps_HeapMem_A_heapSize__C)
                  00010a48    00000004     uartconsole_pem4f.oem4f (.const:ti_sysbios_heaps_HeapMem_A_invalidFree__C)
                  00010a4c    00000004     uartconsole_pem4f.oem4f (.const:ti_sysbios_heaps_HeapMem_A_zeroBlock__C)
                  00010a50    00000004     uartconsole_pem4f.oem4f (.const:ti_sysbios_heaps_HeapMem_E_memory__C)
                  00010a54    00000004     uartconsole_pem4f.oem4f (.const:ti_sysbios_heaps_HeapMem_Module__diagsEnabled__C)
                  00010a58    00000004     uartconsole_pem4f.oem4f (.const:ti_sysbios_heaps_HeapMem_Module__diagsIncluded__C)
                  00010a5c    00000004     uartconsole_pem4f.oem4f (.const:ti_sysbios_heaps_HeapMem_Module__diagsMask__C)
                  00010a60    00000004     uartconsole_pem4f.oem4f (.const:ti_sysbios_heaps_HeapMem_Module__gateObj__C)
                  00010a64    00000004     uartconsole_pem4f.oem4f (.const:ti_sysbios_heaps_HeapMem_Object__count__C)
                  00010a68    00000004     uartconsole_pem4f.oem4f (.const:ti_sysbios_heaps_HeapMem_reqAlign__C)
                  00010a6c    00000004     uartconsole_pem4f.oem4f (.const:ti_sysbios_knl_Clock_LM_begin__C)
                  00010a70    00000004     uartconsole_pem4f.oem4f (.const:ti_sysbios_knl_Clock_LM_tick__C)
                  00010a74    00000004     uartconsole_pem4f.oem4f (.const:ti_sysbios_knl_Clock_LW_delayed__C)
                  00010a78    00000004     uartconsole_pem4f.oem4f (.const:ti_sysbios_knl_Clock_Module_State_clockQ__O)
                  00010a7c    00000004     uartconsole_pem4f.oem4f (.const:ti_sysbios_knl_Clock_Module__diagsEnabled__C)
                  00010a80    00000004     uartconsole_pem4f.oem4f (.const:ti_sysbios_knl_Clock_Module__diagsIncluded__C)
                  00010a84    00000004     uartconsole_pem4f.oem4f (.const:ti_sysbios_knl_Clock_Module__diagsMask__C)
                  00010a88    00000004     uartconsole_pem4f.oem4f (.const:ti_sysbios_knl_Clock_Module__loggerFxn1__C)
                  00010a8c    00000004     uartconsole_pem4f.oem4f (.const:ti_sysbios_knl_Clock_Module__loggerFxn2__C)
                  00010a90    00000004     uartconsole_pem4f.oem4f (.const:ti_sysbios_knl_Clock_Module__loggerObj__C)
                  00010a94    00000004     uartconsole_pem4f.oem4f (.const:ti_sysbios_knl_Semaphore_A_badContext__C)
                  00010a98    00000004     uartconsole_pem4f.oem4f (.const:ti_sysbios_knl_Semaphore_A_noEvents__C)
                  00010a9c    00000004     uartconsole_pem4f.oem4f (.const:ti_sysbios_knl_Semaphore_A_overflow__C)
                  00010aa0    00000004     uartconsole_pem4f.oem4f (.const:ti_sysbios_knl_Semaphore_A_pendTaskDisabled__C)
                  00010aa4    00000004     uartconsole_pem4f.oem4f (.const:ti_sysbios_knl_Semaphore_Instance_State_pendQ__O)
                  00010aa8    00000004     uartconsole_pem4f.oem4f (.const:ti_sysbios_knl_Semaphore_LM_pend__C)
                  00010aac    00000004     uartconsole_pem4f.oem4f (.const:ti_sysbios_knl_Semaphore_LM_post__C)
                  00010ab0    00000004     uartconsole_pem4f.oem4f (.const:ti_sysbios_knl_Semaphore_Module__diagsEnabled__C)
                  00010ab4    00000004     uartconsole_pem4f.oem4f (.const:ti_sysbios_knl_Semaphore_Module__diagsIncluded__C)
                  00010ab8    00000004     uartconsole_pem4f.oem4f (.const:ti_sysbios_knl_Semaphore_Module__diagsMask__C)
                  00010abc    00000004     uartconsole_pem4f.oem4f (.const:ti_sysbios_knl_Semaphore_Module__loggerFxn2__C)
                  00010ac0    00000004     uartconsole_pem4f.oem4f (.const:ti_sysbios_knl_Semaphore_Module__loggerFxn4__C)
                  00010ac4    00000004     uartconsole_pem4f.oem4f (.const:ti_sysbios_knl_Semaphore_Module__loggerObj__C)
                  00010ac8    00000004     uartconsole_pem4f.oem4f (.const:ti_sysbios_knl_Task_A_badTimeout__C)
                  00010acc    00000004     uartconsole_pem4f.oem4f (.const:ti_sysbios_knl_Task_A_sleepTaskDisabled__C)
                  00010ad0    00000004     uartconsole_pem4f.oem4f (.const:ti_sysbios_knl_Task_LD_block__C)
                  00010ad4    00000004     uartconsole_pem4f.oem4f (.const:ti_sysbios_knl_Task_LD_exit__C)
                  00010ad8    00000004     uartconsole_pem4f.oem4f (.const:ti_sysbios_knl_Task_LD_ready__C)
                  00010adc    00000004     uartconsole_pem4f.oem4f (.const:ti_sysbios_knl_Task_LM_sleep__C)
                  00010ae0    00000004     uartconsole_pem4f.oem4f (.const:ti_sysbios_knl_Task_LM_switch__C)
                  00010ae4    00000004     uartconsole_pem4f.oem4f (.const:ti_sysbios_knl_Task_Module_State_inactiveQ__O)
                  00010ae8    00000004     uartconsole_pem4f.oem4f (.const:ti_sysbios_knl_Task_Module__diagsEnabled__C)
                  00010aec    00000004     uartconsole_pem4f.oem4f (.const:ti_sysbios_knl_Task_Module__diagsIncluded__C)
                  00010af0    00000004     uartconsole_pem4f.oem4f (.const:ti_sysbios_knl_Task_Module__diagsMask__C)
                  00010af4    00000004     uartconsole_pem4f.oem4f (.const:ti_sysbios_knl_Task_Module__loggerFxn2__C)
                  00010af8    00000004     uartconsole_pem4f.oem4f (.const:ti_sysbios_knl_Task_Module__loggerFxn4__C)
                  00010afc    00000004     uartconsole_pem4f.oem4f (.const:ti_sysbios_knl_Task_Module__loggerObj__C)
                  00010b00    00000004     uartconsole_pem4f.oem4f (.const:ti_sysbios_knl_Task_Object__count__C)
[...]
0000df3b   USBDMAChannelStatus
0000df49   USBDevLPMDisable
0000df57   USBDevLPMEnable
0000df65   USBULPIDisable
0000df73   USBULPIEnable
0000df81   __TI_decompress_none
0000df8f   ti_sysbios_knl_Queue_empty__E
0000df9d   CPUcpsid
0000dfa9   CPUcpsie
0000dfb5   USBEndpointPacketCountSet
0000dfc1   USBLPMIntEnable
0000dfcd   USBRingBufInit
0000dfd9   ti_sysbios_family_arm_lm4_Timer_getMaxTicks__E
0000dfe5   ti_sysbios_family_arm_lm4_TimestampProvider_startTimer__E
0000dff1   ti_sysbios_family_arm_m3_Hwi_Params__init__S
0000dffd   ti_sysbios_family_arm_m3_Hwi_disableFxn__E
0000dffd   ti_sysbios_hal_Hwi_HwiProxy_disable__E
0000dffd   ti_sysbios_hal_Hwi_disable__E
0000e009   ti_sysbios_gates_GateHwi_enter__E
0000e015   ti_sysbios_knl_Queue_Object__get__S
0000e021   ti_sysbios_knl_Semaphore_Params__init__S
0000e02d   ti_sysbios_utils_Load_getCPULoad__E
0000e039   ti_sysbios_utils_Load_taskRegHook__E
0000e045   xdc_runtime_Error_init__E
0000e051   xdc_runtime_Gate_enterSystem__E
0000e05d   xdc_runtime_Memory_calloc__E
0000e069   xdc_runtime_Memory_getMaxDefaultTypeAlign__E
0000e075   UARTCharGet
0000e07f   UARTCharPut
0000e089   UARTIntDisable
0000e093   UARTIntStatus
0000e0a7   USBClockEnable
0000e0b1   USBControllerVersion
0000e0bb   USBDMAChannelAddressSet
0000e0c5   USBDMAChannelCountSet
0000e0cf   USBDevConnect
0000e0d9   USBDevDisconnect
0000e0e3   USBIntStatusEndpoint
0000e0ed   ti_sysbios_hal_Hwi_Instance_finalize__E
0000e10b   xdc_runtime_Text_visitRope__I
0000e115   UARTIntEnable
0000e11d   UARTTiva_init
0000e125   USBDevMode
0000e12d   USBFIFOAddrGet
0000e135   USBOTGMode
0000e155   ti_sysbios_family_arm_lm4_Timer_masterDisable__I
0000e15d   ti_sysbios_family_arm_m3_Hwi_startup__E
0000e15d   ti_sysbios_hal_Hwi_HwiProxy_startup__E
0000e15d   ti_sysbios_hal_Hwi_startup__E
0000e165   ti_sysbios_knl_Idle_loop__E
0000e175   GPIOIntClear
0000e17b   GPIOPinRead
0000e181   GPIOPinWrite
0000e187   UARTFIFOLevelSet
0000e18d   USBBufferFlush
0000e193   USBBufferSpaceAvailable
0000e199   USBDMAChannelIntStatus
0000e19f   USBDevLPMConfig
0000e1a5   USBLPMIntStatus
0000e1ab   __xdc__init
0000e1b1   __TI_decompress_rle24
0000e1bd   ti_sysbios_family_arm_lm4_TimestampProvider_Module_startup__E
0000e1c3   ti_sysbios_family_arm_m3_Hwi_restoreFxn__E
0000e1c3   ti_sysbios_hal_Hwi_HwiProxy_restore__E
0000e1c3   ti_sysbios_hal_Hwi_restore__E
0000e1c9   ti_sysbios_gates_GateHwi_leave__E
0000e1cf   ti_sysbios_heaps_HeapMem_isBlocking__E
0000e1d5   ti_sysbios_knl_Queue_Instance_init__E
0000e1db   xdc_runtime_System_Module_startup__E
0000e1e5   UARTIntClear
0000e1e9   USBDevAddrSet
0000e1ed   ti_sysbios_BIOS_RtsGateProxy_enter__E
0000e1f1   ti_sysbios_BIOS_RtsGateProxy_leave__E
0000e1f5   ti_sysbios_family_arm_lm4_Timer_getPeriod__E
0000e1f9   ti_sysbios_family_arm_lm4_Timer_masterEnable__I
0000e1fd   ti_sysbios_family_arm_m3_Hwi_destruct
0000e201   ti_sysbios_family_arm_m3_TaskSupport_Module__startupDone__S
0000e205   ti_sysbios_gates_GateHwi_query__E
0000e205   xdc_runtime_Main_Module_GateProxy_query__E
0000e205   xdc_runtime_System_Module_GateProxy_query__E
0000e209   ti_sysbios_BIOS_RtsGateProxy_query__E
0000e209   ti_sysbios_gates_GateMutex_query__E
0000e209   ti_sysbios_heaps_HeapMem_Module_GateProxy_query__E
0000e20d   ti_sysbios_hal_Hwi_HwiProxy_Module__startupDone__S
0000e211   ti_sysbios_hal_Hwi_HwiProxy_Object__delete__S
0000e215   ti_sysbios_hal_Hwi_HwiProxy_delete
0000e219   ti_sysbios_heaps_HeapMem_Module_GateProxy_enter__E
0000e21d   ti_sysbios_heaps_HeapMem_Module_GateProxy_leave__E
0000e221   ti_sysbios_knl_Clock_TimerProxy_Module__startupDone__S
0000e225   ti_sysbios_knl_Clock_TimerProxy_getMaxTicks__E
0000e229   ti_sysbios_knl_Clock_TimerProxy_getPeriod__E
0000e22d   ti_sysbios_knl_Queue_destruct
0000e231   ti_sysbios_knl_Semaphore_destruct
0000e235   ti_sysbios_knl_Task_SupportProxy_Module__startupDone__S
0000e239   ti_sysbios_knl_Task_startup__E
0000e23d   xdc_runtime_Error_getSite__E
0000e241   xdc_runtime_Memory_HeapProxy_alloc__E
0000e245   xdc_runtime_Memory_HeapProxy_free__E
0000e249   xdc_runtime_System_Module_GateProxy_enter__E
0000e24d   xdc_runtime_System_Module_GateProxy_leave__E
0000e251   xdc_runtime_System_aprintf_va__F
0000e255   xdc_runtime_System_printf_va__F
0000e258   xdc_runtime_Text_charTab__A
0000fe43   xdc_runtime_Error_policy__C
0000ff64   _ctypes_
00010066   ti_catalog_arm_cortexm4_tiva_ce_Boot_Module__id__C
0001034c   UART_config
000103c0   g_sCDCSerConfigSection
000103c8   g_sIADSerConfigSection
000103d0   g_sCDCSerCommInterfaceSection
000103d8   g_sCDCSerDataInterfaceSection
000103e0   g_sCDCSerConfigHeader
000103e8   g_sCDCCompSerConfigHeader
000103f0   g_ppCDCSerConfigDescriptors
000103f4   g_pCDCCompSerConfigDescriptors
000103f8   configString
0001042e   ti_sysbios_family_arm_lm4_TimestampProvider_useClockTimer__C
00010430   GPIO_config
00010444   uartTivaHWAttrs
00010498   ti_uia_sysbios_LoggerIdle_Module__FXNS__C
000104cc   g_sCDCHandlers
000104fc   gpioHWAttrs
0001052c   ti_sysbios_family_arm_m3_Hwi_Object__PARAMS__C
0001055c   controlInterfaceString
00010588   ti_sysbios_hal_Hwi_Object__PARAMS__C
000105b4   ti_sysbios_heaps_HeapMem_Module__FXNS__C
000105dc   manufacturerString
00010600   UARTTiva_fxnTable
00010624   ti_sysbios_gates_GateHwi_Module__FXNS__C
00010648   ti_sysbios_gates_GateMutex_Module__FXNS__C
0001066c   ti_sysbios_heaps_HeapMem_Object__PARAMS__C
00010690   ti_sysbios_knl_Semaphore_Object__PARAMS__C
000106b4   txBuffer
000106d8   g_pui8CDCSerCommInterface
000106fb   productString
0001071e   ti_sysbios_family_arm_m3_Hwi_Module__id__C
00010720   ti_sysbios_family_arm_m3_Hwi_Object__DESC__C
00010740   ti_sysbios_gates_GateHwi_Object__DESC__C
00010760   ti_sysbios_gates_GateMutex_Object__DESC__C
00010780   ti_sysbios_hal_Hwi_Object__DESC__C
000107a0   ti_sysbios_heaps_HeapMem_Object__DESC__C
000107c0   ti_sysbios_knl_Queue_Object__DESC__C
000107e0   ti_sysbios_knl_Semaphore_Object__DESC__C
00010800   ti_uia_sysbios_LoggerIdle_Object__DESC__C
00010820   UART_defaultParams
00010840   xdc_runtime_Startup_sfxnTab__A
0001085c   stringDescriptors
00010874   ti_sysbios_gates_GateHwi_Object__PARAMS__C
0001088c   ti_sysbios_gates_GateMutex_Object__PARAMS__C
000108a4   ti_sysbios_knl_Queue_Object__PARAMS__C
000108bc   ti_sysbios_knl_Task_hooks__A
000108d4   ti_uia_sysbios_LoggerIdle_Object__PARAMS__C
000108ec   g_pui8CDCSerDataInterface
00010903   langDescriptor
00010907   serialNumberString
0001091a   ti_sysbios_family_arm_m3_Hwi_Module__loggerDefined__C
0001091c   xdc_runtime_Startup_firstFxns__A
00010942   ti_sysbios_gates_GateMutex_Module__id__C
00010954   xdc_runtime_Text_nodeTab__A
00010964   xdc_runtime_Startup_sfxnRts__A
00010972   ti_sysbios_heaps_HeapMem_Module__id__C
0001097c   ti_sysbios_family_arm_m3_Hwi_excHookFuncs__A
00010984   ti_sysbios_knl_Idle_funcList__A
0001098c   ti_sysbios_knl_Idle_funcList__C
00010994   ti_sysbios_knl_Task_hooks__C
0001099c   xdc_runtime_Startup_firstFxns__C
000109a4   xdc_runtime_Startup_lastFxns__C
000109ac   ti_catalog_arm_cortexm4_tiva_ce_Boot_A_mustNotUseEnhancedClockMode__C
000109b0   ti_catalog_arm_cortexm4_tiva_ce_Boot_Module__diagsEnabled__C
000109b4   ti_catalog_arm_cortexm4_tiva_ce_Boot_Module__diagsIncluded__C
000109b8   ti_catalog_arm_cortexm4_tiva_ce_Boot_Module__diagsMask__C
000109bc   ti_sysbios_family_arm_lm4_Timer_enableFunc__C
000109c0   ti_sysbios_family_arm_lm4_Timer_numTimerDevices__C
000109c4   ti_sysbios_family_arm_lm4_Timer_startupNeeded__C
000109c8   ti_sysbios_family_arm_m3_Hwi_E_NMI__C
000109cc   ti_sysbios_family_arm_m3_Hwi_E_alreadyDefined__C
000109d0   ti_sysbios_family_arm_m3_Hwi_E_busFault__C
000109d4   ti_sysbios_family_arm_m3_Hwi_E_debugMon__C
000109d8   ti_sysbios_family_arm_m3_Hwi_E_hardFault__C
000109dc   ti_sysbios_family_arm_m3_Hwi_E_memFault__C
000109e0   ti_sysbios_family_arm_m3_Hwi_E_noIsr__C
000109e4   ti_sysbios_family_arm_m3_Hwi_E_reserved__C
000109e8   ti_sysbios_family_arm_m3_Hwi_E_svCall__C
000109ec   ti_sysbios_family_arm_m3_Hwi_E_usageFault__C
000109f0   ti_sysbios_family_arm_m3_Hwi_LD_end__C
000109f4   ti_sysbios_family_arm_m3_Hwi_LM_begin__C
000109f8   ti_sysbios_family_arm_m3_Hwi_Module__diagsEnabled__C
000109fc   ti_sysbios_family_arm_m3_Hwi_Module__diagsIncluded__C
00010a00   ti_sysbios_family_arm_m3_Hwi_Module__diagsMask__C
00010a04   ti_sysbios_family_arm_m3_Hwi_Module__loggerFxn1__C
00010a08   ti_sysbios_family_arm_m3_Hwi_Module__loggerFxn8__C
00010a0c   ti_sysbios_family_arm_m3_Hwi_Module__loggerObj__C
00010a10   ti_sysbios_family_arm_m3_Hwi_NUM_INTERRUPTS__C
00010a14   ti_sysbios_family_arm_m3_Hwi_Object__count__C
00010a18   ti_sysbios_family_arm_m3_Hwi_ccr__C
00010a1c   ti_sysbios_family_arm_m3_Hwi_excHandlerFunc__C
00010a20   ti_sysbios_family_arm_m3_Hwi_excHookFuncs__C
00010a24   ti_sysbios_family_arm_m3_Hwi_nullIsrFunc__C
00010a28   ti_sysbios_family_arm_m3_Hwi_priGroup__C
00010a2c   ti_sysbios_gates_GateMutex_A_badContext__C
00010a30   ti_sysbios_gates_GateMutex_Instance_State_sem__O
00010a34   ti_sysbios_gates_GateMutex_Module__diagsEnabled__C
00010a38   ti_sysbios_gates_GateMutex_Module__diagsIncluded__C
00010a3c   ti_sysbios_gates_GateMutex_Module__diagsMask__C
00010a40   ti_sysbios_heaps_HeapMem_A_align__C
00010a44   ti_sysbios_heaps_HeapMem_A_heapSize__C
00010a48   ti_sysbios_heaps_HeapMem_A_invalidFree__C
00010a4c   ti_sysbios_heaps_HeapMem_A_zeroBlock__C
00010a50   ti_sysbios_heaps_HeapMem_E_memory__C
00010a54   ti_sysbios_heaps_HeapMem_Module__diagsEnabled__C
00010a58   ti_sysbios_heaps_HeapMem_Module__diagsIncluded__C
00010a5c   ti_sysbios_heaps_HeapMem_Module__diagsMask__C
00010a60   ti_sysbios_heaps_HeapMem_Module__gateObj__C
00010a64   ti_sysbios_heaps_HeapMem_Object__count__C
00010a68   ti_sysbios_heaps_HeapMem_reqAlign__C
00010a6c   ti_sysbios_knl_Clock_LM_begin__C
00010a70   ti_sysbios_knl_Clock_LM_tick__C
00010a74   ti_sysbios_knl_Clock_LW_delayed__C
00010a78   ti_sysbios_knl_Clock_Module_State_clockQ__O
00010a7c   ti_sysbios_knl_Clock_Module__diagsEnabled__C
00010a80   ti_sysbios_knl_Clock_Module__diagsIncluded__C
00010a84   ti_sysbios_knl_Clock_Module__diagsMask__C
00010a88   ti_sysbios_knl_Clock_Module__loggerFxn1__C
00010a8c   ti_sysbios_knl_Clock_Module__loggerFxn2__C
00010a90   ti_sysbios_knl_Clock_Module__loggerObj__C
00010a94   ti_sysbios_knl_Semaphore_A_badContext__C
00010a98   ti_sysbios_knl_Semaphore_A_noEvents__C
00010a9c   ti_sysbios_knl_Semaphore_A_overflow__C
00010aa0   ti_sysbios_knl_Semaphore_A_pendTaskDisabled__C
00010aa4   ti_sysbios_knl_Semaphore_Instance_State_pendQ__O
00010aa8   ti_sysbios_knl_Semaphore_LM_pend__C
00010aac   ti_sysbios_knl_Semaphore_LM_post__C
00010ab0   ti_sysbios_knl_Semaphore_Module__diagsEnabled__C
00010ab4   ti_sysbios_knl_Semaphore_Module__diagsIncluded__C
00010ab8   ti_sysbios_knl_Semaphore_Module__diagsMask__C
00010abc   ti_sysbios_knl_Semaphore_Module__loggerFxn2__C
00010ac0   ti_sysbios_knl_Semaphore_Module__loggerFxn4__C
00010ac4   ti_sysbios_knl_Semaphore_Module__loggerObj__C
00010ac8   ti_sysbios_knl_Task_A_badTimeout__C
00010acc   ti_sysbios_knl_Task_A_sleepTaskDisabled__C
00010ad0   ti_sysbios_knl_Task_LD_block__C
00010ad4   ti_sysbios_knl_Task_LD_exit__C
00010ad8   ti_sysbios_knl_Task_LD_ready__C
00010adc   ti_sysbios_knl_Task_LM_sleep__C
00010ae0   ti_sysbios_knl_Task_LM_switch__C
00010ae4   ti_sysbios_knl_Task_Module_State_inactiveQ__O
00010ae8   ti_sysbios_knl_Task_Module__diagsEnabled__C
00010aec   ti_sysbios_knl_Task_Module__diagsIncluded__C
00010af0   ti_sysbios_knl_Task_Module__diagsMask__C
00010af4   ti_sysbios_knl_Task_Module__loggerFxn2__C
00010af8   ti_sysbios_knl_Task_Module__loggerFxn4__C
00010afc   ti_sysbios_knl_Task_Module__loggerObj__C
00010b00   ti_sysbios_knl_Task_Object__count__C
00010b04   ti_sysbios_knl_Task_Object__heap__C
00010b08   ti_sysbios_knl_Task_allBlockedFunc__C
00010b0c   ti_sysbios_knl_Task_numConstructedTasks__C
00010b10   ti_sysbios_utils_Load_LS_cpuLoad__C
00010b14   ti_sysbios_utils_Load_LS_hwiLoad__C
00010b18   ti_sysbios_utils_Load_LS_taskLoad__C
00010b1c   ti_sysbios_utils_Load_Module_State_taskList__O
00010b20   ti_sysbios_utils_Load_Module__diagsEnabled__C
00010b24   ti_sysbios_utils_Load_Module__diagsIncluded__C
00010b28   ti_sysbios_utils_Load_Module__diagsMask__C
00010b2c   ti_sysbios_utils_Load_Module__loggerFxn1__C
00010b30   ti_sysbios_utils_Load_Module__loggerFxn2__C
00010b34   ti_sysbios_utils_Load_Module__loggerFxn4__C
00010b38   ti_sysbios_utils_Load_Module__loggerObj__C
00010b3c   ti_sysbios_utils_Load_postUpdate__C
00010b40   ti_sysbios_utils_Load_windowInMs__C
00010b44   xdc_runtime_Assert_E_assertFailed__C
00010b48   xdc_runtime_Core_A_initializedParams__C
00010b4c   xdc_runtime_Core_Module__diagsEnabled__C
00010b50   xdc_runtime_Core_Module__diagsIncluded__C
00010b54   xdc_runtime_Core_Module__diagsMask__C
00010b58   xdc_runtime_Error_E_memory__C
00010b5c   xdc_runtime_Error_Module__diagsEnabled__C
00010b60   xdc_runtime_Error_Module__diagsIncluded__C
00010b64   xdc_runtime_Error_Module__diagsMask__C
00010b68   xdc_runtime_Error_Module__loggerFxn8__C
00010b6c   xdc_runtime_Error_Module__loggerObj__C
00010b70   xdc_runtime_Error_policyFxn__C
00010b74   xdc_runtime_Error_raiseHook__C
00010b78   xdc_runtime_IGateProvider_Interface__BASE__C
00010b7c   xdc_runtime_IHeap_Interface__BASE__C
00010b80   xdc_runtime_ILogger_Interface__BASE__C
00010b84   xdc_runtime_IModule_Interface__BASE__C
00010b88   xdc_runtime_Log_L_error__C
00010b8c   xdc_runtime_Log_L_warning__C
00010b90   xdc_runtime_Main_Module__diagsEnabled__C
00010b94   xdc_runtime_Main_Module__diagsIncluded__C
00010b98   xdc_runtime_Main_Module__diagsMask__C
00010b9c   xdc_runtime_Main_Module__loggerFxn2__C
00010ba0   xdc_runtime_Main_Module__loggerFxn4__C
00010ba4   xdc_runtime_Main_Module__loggerObj__C
00010ba8   xdc_runtime_Memory_defaultHeapInstance__C
00010bac   xdc_runtime_Startup_execImpl__C
00010bb0   xdc_runtime_Startup_lastFxns__A
00010bb4   xdc_runtime_Startup_maxPasses__C
00010bb8   xdc_runtime_Startup_sfxnRts__C
00010bbc   xdc_runtime_Startup_sfxnTab__C
00010bc0   xdc_runtime_SysCallback_abortFxn__C
00010bc4   xdc_runtime_SysCallback_exitFxn__C
00010bc8   xdc_runtime_SysCallback_putchFxn__C
00010bcc   xdc_runtime_SysCallback_readyFxn__C
00010bd0   xdc_runtime_System_Module__gateObj__C
00010bd4   xdc_runtime_System_abortFxn__C
00010bd8   xdc_runtime_System_exitFxn__C
00010bdc   xdc_runtime_System_extendFxn__C
00010be0   xdc_runtime_System_maxAtexitHandlers__C
00010be4   xdc_runtime_Text_charTab__C
00010be8   xdc_runtime_Text_nameEmpty__C
00010bec   xdc_runtime_Text_nameStatic__C
00010bf0   xdc_runtime_Text_nameUnknown__C
00010bf4   xdc_runtime_Text_nodeTab__C
00010bf8   xdc_runtime_Text_visitRopeFxn__C
00010bfc   ti_sysbios_knl_Clock_Module__id__C
00010bfe   ti_sysbios_knl_Clock_Module__loggerDefined__C
00010c00   ti_sysbios_knl_Semaphore_Module__id__C
00010c02   ti_sysbios_knl_Semaphore_Module__loggerDefined__C
00010c04   ti_sysbios_knl_Task_Module__id__C
00010c06   ti_sysbios_knl_Task_Module__loggerDefined__C
00010c08   ti_sysbios_knl_Task_initStackFlag__C
00010c0a   ti_sysbios_utils_Load_Module__id__C
00010c0c   ti_sysbios_utils_Load_Module__loggerDefined__C
00010c0e   ti_sysbios_utils_Load_autoAddTasks__C
00010c10   ti_sysbios_utils_Load_hwiEnabled__C
00010c12   ti_sysbios_utils_Load_updateInIdle__C
00010c14   xdc_runtime_Core_Module__id__C
00010c16   xdc_runtime_Error_Module__loggerDefined__C
00010c18   xdc_runtime_Error_maxDepth__C
00010c1a   xdc_runtime_Main_Module__id__C
00010c1c   xdc_runtime_Main_Module__loggerDefined__C
00010c1e   xdc_runtime_Memory_Module__id__C
00010c20   xdc_runtime_Text_charCnt__C
00010c22   xdc_runtime_Text_isLoaded__C
00010c24   xdc_runtime_Text_registryModsLastId__C
00010c26   xdc_runtime_Text_unnamedModsLastId__C
0001102c   __TI_Handler_Table_Base
00011038   __TI_Handler_Table_Limit
00011048   __TI_CINIT_Base
00011060   __TI_CINIT_Limit
20000000   ti_sysbios_family_arm_m3_Hwi_ramVectors
20000360   ti_uia_sysbios_LoggerIdle_Module_State_0_idleBuffer__A
20001360   ti_sysbios_knl_Task_Instance_State_0_stack__A
20001960   ti_sysbios_knl_Task_Instance_State_1_stack__A
20002160   ti_sysbios_heaps_HeapMem_Instance_State_0_buf__A
20002960   ti_sysbios_family_arm_m3_Hwi_dispatchTable
20002cc0   uartTivaObjects
20002ee0   __CIOBUF_
20003210   __TI_tmpnams
200032b0   g_psDCDInst
20003340   ti_uia_sysbios_LoggerIdle_Module_State_0_tempBuffer__A
2000339c   g_pfnTickHandlers
200033b4   g_pvTickInstance
200033f0   g_ppsDevInfo
200033f8   ti_sysbios_knl_Task_Instance_State_0_hookEnv__A
200033fc   ti_sysbios_knl_Task_Instance_State_1_hookEnv__A
20003404   xdc_runtime_Diags_dictElems
20003414   ti_sysbios_family_arm_lm4_Timer_Module__root__V
2000341c   ti_sysbios_family_arm_lm4_Timer_Module_State_0_handles__A
2000343c   ti_sysbios_family_arm_lm4_Timer_Module__state__V
20003448   ti_sysbios_family_arm_lm4_TimestampProvider_Module__state__V
20003450   ti_sysbios_family_arm_m3_Hwi_Module__root__V
20003458   ti_sysbios_family_arm_m3_Hwi_Module_State_0_excActive__A
2000345c   ti_sysbios_family_arm_m3_Hwi_Module_State_0_excContext__A
20003460   ti_sysbios_family_arm_m3_Hwi_Module_State_0_excStack__A
20003464   ti_sysbios_gates_GateHwi_Module__root__V
2000346c   ti_sysbios_gates_GateHwi_Object__table__V
20003470   ti_sysbios_gates_GateMutex_Module__root__V
20003478   ti_sysbios_hal_Hwi_Module__root__V
20003480   ti_sysbios_heaps_HeapMem_Module__root__V
20003488   ti_sysbios_heaps_HeapMem_Object__table__V
200034a0   ti_sysbios_knl_Clock_Module__root__V
200034a8   ti_sysbios_knl_Event_Module__root__V
200034b4   ti_sysbios_knl_Queue_Module__root__V
200034bc   ti_sysbios_knl_Semaphore_Module__root__V
200034c4   ti_sysbios_knl_Task_Module__root__V
200034d0   ti_sysbios_knl_Task_Module_State_0_readyQ__A
200034f0   ti_sysbios_knl_Task_Module_State_0_idleTask__A
200034f4   ti_sysbios_utils_Load_Module_State_0_taskStartTime__A
200034f8   ti_sysbios_utils_Load_Module_State_0_runningTask__A
200034fc   ti_uia_sysbios_LoggerIdle_Module__root__V
20003504   ti_uia_sysbios_LoggerIdle_Object__table__V
20003508   xdc_runtime_Error_Module__state__V
2000350a   xdc_runtime_Main_Module__root__V
2000350c   xdc_runtime_Memory_Module__state__V
20003510   xdc_runtime_Registry_Module__state__V
20003518   xdc_runtime_Startup_Module__state__V
20003520   xdc_runtime_System_Module_State_0_atexitHandlers__A
20003528   xdc_runtime_System_Module__state__V
20003530   xdc_runtime_Text_Module__state__V
20003538   __xdc__init__addr
2000353c   _ftable
200036fc   ti_sysbios_knl_Task_Object__table__V
20003748   TSK_idle
20003794   ti_sysbios_utils_Load_Module__state__V
2000382c   ti_sysbios_family_arm_lm4_Timer_Object__table__V
2000390c   ti_sysbios_knl_Task_Module__state__V
20003950   ti_sysbios_family_arm_lm4_Timer_Module_State_0_device__A
20003990   g_pui8CDCSerDeviceDescriptor
200039a2   g_pui8CDCSerDescriptor
200039ab   g_pui8IADSerDescriptor
200039b4   g_psCDCSerSections
200039c0   g_psCDCCompSerSections
200039d0   ti_sysbios_gates_GateMutex_Object__table__V
20003a08   ti_sysbios_utils_Load_Module_State_0_taskEnv__A
20003a40   ti_sysbios_family_arm_m3_Hwi_Module__state__V
20003a74   ti_sysbios_family_arm_m3_Hwi_Object__table__V
20003aa4   ti_sysbios_knl_Clock_Module__state__V
20003ad0   ti_uia_sysbios_LoggerIdle_Module__state__V
20003af8   ti_sysbios_BIOS_Module__state__V
20003b34   __TI_ft_end
20003b38   __aeabi_stdin
20003b3c   __aeabi_stdout
20003b40   __aeabi_stderr
20003b44   g_bUSBTimerInitialized
20003b48   g_ui32CurrentUSBTick
20003b4c   g_ui32USBSOFCount
20003b50   g_iUSBMode
20003b54   g_ui32WaitTicks
20003b64   _lock
20003b68   _unlock
20003b6c   __TI_cleanup_ptr
20003b70   __TI_dtors_ptr
20003b8c   _Errno
20003b94   main_func_sp
20003b9c   __stack
20003d9c   __STACK_TOP
20003e9c   __STACK_END
e000e000   ti_sysbios_family_arm_m3_Hwi_nvic
ffffffff   __binit__
ffffffff   __c_args__
ffffffff   binit
UNDEFED    SHT$$INIT_ARRAY$$Base
UNDEFED    SHT$$INIT_ARRAY$$Limit

[908 symbols]
