<?xml version="1.0"?>
<link_info>
   <banner>TI ARM Linker PC v5.1.7</banner>
   <copyright>Copyright (c) 1996-2014 Texas Instruments Incorporated</copyright>
   <link_time>0x53e4d88d</link_time>
   <link_errors>0x3</link_errors>
   <output_file>i2crf430cl330_load_TivaTM4C1294NCPDT.out</output_file>
   <entry_point>
      <name>_c_int00</name>
      <address>0xa41</address>
   </entry_point>
   <input_file_list>
      <input_file id="fl-a">
         <path>.\</path>
         <kind>object</kind>
         <file>i2crf430cl330_load.obj</file>
         <name>i2crf430cl330_load.obj</name>
      </input_file>
      <input_file id="fl-b">
         <path>.\</path>
         <kind>object</kind>
         <file>EK_TM4C1294XL.obj</file>
         <name>EK_TM4C1294XL.obj</name>
      </input_file>
      <input_file id="fl-10">
         <path>C:\ti\tirtos_tivac_2_00_01_23\products\bios_6_40_01_15\packages\ti\targets\arm\rtsarm\lib\</path>
         <kind>archive</kind>
         <file>boot.aem4f</file>
         <name>boot.oem4f</name>
      </input_file>
      <input_file id="fl-12">
         <path>C:\ti\tirtos_tivac_2_00_01_23\products\bios_6_40_01_15\packages\ti\targets\arm\rtsarm\lib\</path>
         <kind>archive</kind>
         <file>auto_init.aem4f</file>
         <name>auto_init.oem4f</name>
      </input_file>
      <input_file id="fl-13c">
         <path>c:\ti\ccsv6\tools\compiler\arm_5.1.7\lib\</path>
         <kind>archive</kind>
         <file>rtsv7M4_T_le_v4SPD16_eabi.lib</file>
         <name>args_main.obj</name>
      </input_file>
      <input_file id="fl-13d">
         <path>c:\ti\ccsv6\tools\compiler\arm_5.1.7\lib\</path>
         <kind>archive</kind>
         <file>rtsv7M4_T_le_v4SPD16_eabi.lib</file>
         <name>copy_decompress_none.obj</name>
      </input_file>
      <input_file id="fl-13e">
         <path>c:\ti\ccsv6\tools\compiler\arm_5.1.7\lib\</path>
         <kind>archive</kind>
         <file>rtsv7M4_T_le_v4SPD16_eabi.lib</file>
         <name>copy_decompress_rle.obj</name>
      </input_file>
      <input_file id="fl-13f">
         <path>c:\ti\ccsv6\tools\compiler\arm_5.1.7\lib\</path>
         <kind>archive</kind>
         <file>rtsv7M4_T_le_v4SPD16_eabi.lib</file>
         <name>copy_zero_init.obj</name>
      </input_file>
      <input_file id="fl-140">
         <path>c:\ti\ccsv6\tools\compiler\arm_5.1.7\lib\</path>
         <kind>archive</kind>
         <file>rtsv7M4_T_le_v4SPD16_eabi.lib</file>
         <name>cpy_tbl.obj</name>
      </input_file>
      <input_file id="fl-141">
         <path>c:\ti\ccsv6\tools\compiler\arm_5.1.7\lib\</path>
         <kind>archive</kind>
         <file>rtsv7M4_T_le_v4SPD16_eabi.lib</file>
         <name>memcpy_t2.obj</name>
      </input_file>
      <input_file id="fl-142">
         <path>c:\ti\ccsv6\tools\compiler\arm_5.1.7\lib\</path>
         <kind>archive</kind>
         <file>rtsv7M4_T_le_v4SPD16_eabi.lib</file>
         <name>rand.obj</name>
      </input_file>
      <input_file id="fl-143">
         <path>c:\ti\ccsv6\tools\compiler\arm_5.1.7\lib\</path>
         <kind>archive</kind>
         <file>rtsv7M4_T_le_v4SPD16_eabi.lib</file>
         <name>stkdepth_vars.obj</name>
      </input_file>
      <input_file id="fl-144">
         <path>c:\ti\ccsv6\tools\compiler\arm_5.1.7\lib\</path>
         <kind>archive</kind>
         <file>rtsv7M4_T_le_v4SPD16_eabi.lib</file>
         <name>_lock.obj</name>
      </input_file>
      <input_file id="fl-145">
         <path>c:\ti\tirtos_tivac_2_00_01_23\products\TivaWare_C_Series-2.1.0.12573c\driverlib\ccs\Debug\</path>
         <kind>archive</kind>
         <file>driverlib.lib</file>
         <name>udma.obj</name>
      </input_file>
      <input_file id="fl-146">
         <path>c:\ti\tirtos_tivac_2_00_01_23\products\TivaWare_C_Series-2.1.0.12573c\driverlib\ccs\Debug\</path>
         <kind>archive</kind>
         <file>driverlib.lib</file>
         <name>sysctl.obj</name>
      </input_file>
      <input_file id="fl-147">
         <path>c:\ti\tirtos_tivac_2_00_01_23\products\TivaWare_C_Series-2.1.0.12573c\driverlib\ccs\Debug\</path>
         <kind>archive</kind>
         <file>driverlib.lib</file>
         <name>interrupt.obj</name>
      </input_file>
      <input_file id="fl-148">
         <path>c:\ti\tirtos_tivac_2_00_01_23\products\TivaWare_C_Series-2.1.0.12573c\driverlib\ccs\Debug\</path>
         <kind>archive</kind>
         <file>driverlib.lib</file>
         <name>gpio.obj</name>
      </input_file>
      <input_file id="fl-149">
         <path>c:\ti\tirtos_tivac_2_00_01_23\products\TivaWare_C_Series-2.1.0.12573c\driverlib\ccs\Debug\</path>
         <kind>archive</kind>
         <file>driverlib.lib</file>
         <name>cpu.obj</name>
      </input_file>
      <input_file id="fl-14a">
         <path>C:\ti\tirtos_tivac_2_00_01_23\packages\ti\drivers\lib\nonInstrumented\</path>
         <kind>archive</kind>
         <file>gpio_tivaware.aem4f</file>
         <name>GPIO.oem4f</name>
      </input_file>
      <input_file id="fl-14b">
         <path>C:\ti\tirtos_tivac_2_00_01_23\packages\ti\drivers\lib\nonInstrumented\</path>
         <kind>archive</kind>
         <file>i2c_tivaware.aem4f</file>
         <name>I2C.oem4f</name>
      </input_file>
      <input_file id="fl-14c">
         <path>C:\ti\tirtos_tivac_2_00_01_23\packages\ti\drivers\lib\nonInstrumented\</path>
         <kind>archive</kind>
         <file>i2c_tivaware.aem4f</file>
         <name>I2CTiva.oem4f</name>
      </input_file>
      <input_file id="fl-14d">
         <path>C:\Users\Tiago\Documents\GitHub\AutomacaoEstufa\Workspace_CCS\i2crf430cl330_load_TivaTM4C1294NCPDT\src\sysbios\</path>
         <kind>archive</kind>
         <file>sysbios.aem4f</file>
         <name>BIOS.obj</name>
      </input_file>
      <input_file id="fl-14e">
         <path>C:\Users\Tiago\Documents\GitHub\AutomacaoEstufa\Workspace_CCS\i2crf430cl330_load_TivaTM4C1294NCPDT\src\sysbios\</path>
         <kind>archive</kind>
         <file>sysbios.aem4f</file>
         <name>m3_TaskSupport_asm.obj</name>
      </input_file>
      <input_file id="fl-14f">
         <path>C:\Users\Tiago\Documents\GitHub\AutomacaoEstufa\Workspace_CCS\i2crf430cl330_load_TivaTM4C1294NCPDT\src\sysbios\</path>
         <kind>archive</kind>
         <file>sysbios.aem4f</file>
         <name>m3_Hwi_asm.obj</name>
      </input_file>
      <input_file id="fl-150">
         <path>C:\Users\Tiago\Documents\GitHub\AutomacaoEstufa\Workspace_CCS\i2crf430cl330_load_TivaTM4C1294NCPDT\src\sysbios\</path>
         <kind>archive</kind>
         <file>sysbios.aem4f</file>
         <name>m3_Hwi_asm_switch.obj</name>
      </input_file>
      <input_file id="fl-151">
         <path>C:\ti\tirtos_tivac_2_00_01_23\products\bios_6_40_01_15\packages\ti\targets\arm\rtsarm\lib\</path>
         <kind>archive</kind>
         <file>ti.targets.arm.rtsarm.aem4f</file>
         <name>Error.oem4f</name>
      </input_file>
      <input_file id="fl-152">
         <path>C:\ti\tirtos_tivac_2_00_01_23\products\bios_6_40_01_15\packages\ti\targets\arm\rtsarm\lib\</path>
         <kind>archive</kind>
         <file>ti.targets.arm.rtsarm.aem4f</file>
         <name>Gate.oem4f</name>
      </input_file>
      <input_file id="fl-153">
         <path>C:\ti\tirtos_tivac_2_00_01_23\products\bios_6_40_01_15\packages\ti\targets\arm\rtsarm\lib\</path>
         <kind>archive</kind>
         <file>ti.targets.arm.rtsarm.aem4f</file>
         <name>Memory.oem4f</name>
      </input_file>
      <input_file id="fl-154">
         <path>C:\ti\tirtos_tivac_2_00_01_23\products\bios_6_40_01_15\packages\ti\targets\arm\rtsarm\lib\</path>
         <kind>archive</kind>
         <file>ti.targets.arm.rtsarm.aem4f</file>
         <name>Startup.oem4f</name>
      </input_file>
      <input_file id="fl-155">
         <path>C:\ti\tirtos_tivac_2_00_01_23\products\bios_6_40_01_15\packages\ti\targets\arm\rtsarm\lib\</path>
         <kind>archive</kind>
         <file>ti.targets.arm.rtsarm.aem4f</file>
         <name>System.oem4f</name>
      </input_file>
      <input_file id="fl-156">
         <path>C:\ti\tirtos_tivac_2_00_01_23\products\bios_6_40_01_15\packages\ti\targets\arm\rtsarm\lib\</path>
         <kind>archive</kind>
         <file>ti.targets.arm.rtsarm.aem4f</file>
         <name>Text.oem4f</name>
      </input_file>
      <input_file id="fl-157">
         <path>C:\ti\tirtos_tivac_2_00_01_23\products\bios_6_40_01_15\packages\ti\targets\arm\rtsarm\lib\</path>
         <kind>archive</kind>
         <file>ti.targets.arm.rtsarm.aem4f</file>
         <name>Timestamp.oem4f</name>
      </input_file>
      <input_file id="fl-158">
         <path>C:\ti\tirtos_tivac_2_00_01_23\products\bios_6_40_01_15\packages\ti\targets\arm\rtsarm\lib\</path>
         <kind>archive</kind>
         <file>ti.targets.arm.rtsarm.aem4f</file>
         <name>Registry.oem4f</name>
      </input_file>
      <input_file id="fl-159">
         <path>c:\ti\ccsv6\tools\compiler\arm_5.1.7\lib\</path>
         <kind>archive</kind>
         <file>rtsv7M4_T_le_v4SPD16_eabi.lib</file>
         <name>exit.obj</name>
      </input_file>
      <input_file id="fl-15a">
         <path>c:\ti\ccsv6\tools\compiler\arm_5.1.7\lib\</path>
         <kind>archive</kind>
         <file>rtsv7M4_T_le_v4SPD16_eabi.lib</file>
         <name>memset_t2.obj</name>
      </input_file>
      <input_file id="fl-15b">
         <path>c:\ti\ccsv6\tools\compiler\arm_5.1.7\lib\</path>
         <kind>archive</kind>
         <file>rtsv7M4_T_le_v4SPD16_eabi.lib</file>
         <name>strcmp.obj</name>
      </input_file>
      <input_file id="fl-15c">
         <path>c:\ti\ccsv6\tools\compiler\arm_5.1.7\lib\</path>
         <kind>archive</kind>
         <file>rtsv7M4_T_le_v4SPD16_eabi.lib</file>
         <name>strlen.obj</name>
      </input_file>
      <input_file id="fl-15d">
         <path>c:\ti\ccsv6\tools\compiler\arm_5.1.7\lib\</path>
         <kind>archive</kind>
         <file>rtsv7M4_T_le_v4SPD16_eabi.lib</file>
         <name>u_divt2.obj</name>
      </input_file>
      <input_file id="fl-15e">
         <path>c:\ti\ccsv6\tools\compiler\arm_5.1.7\lib\</path>
         <kind>archive</kind>
         <file>rtsv7M4_T_le_v4SPD16_eabi.lib</file>
         <name>ull_div_t2.obj</name>
      </input_file>
      <input_file id="fl-15f">
         <path>c:\ti\tirtos_tivac_2_00_01_23\products\TivaWare_C_Series-2.1.0.12573c\driverlib\ccs\Debug\</path>
         <kind>archive</kind>
         <file>driverlib.lib</file>
         <name>i2c.obj</name>
      </input_file>
   </input_file_list>
   <object_component_list>
      <object_component id="oc-2e">
         <name>.bootVecs</name>
         <load_address>0x0</load_address>
         <run_address>0x0</run_address>
         <size>0x8</size>
         <input_file_ref idref="fl-10"/>
      </object_component>
      <object_component id="oc-3eb">
         <name>.text:ti_sysbios_knl_Semaphore_pend__E</name>
         <load_address>0x0</load_address>
         <run_address>0x0</run_address>
         <size>0x174</size>
         <input_file_ref idref="fl-14d"/>
      </object_component>
      <object_component id="oc-124">
         <name>.text:GPIOPadConfigSet</name>
         <load_address>0x174</load_address>
         <run_address>0x174</run_address>
         <size>0x130</size>
         <input_file_ref idref="fl-148"/>
      </object_component>
      <object_component id="oc-38f">
         <name>.text:I2CTiva_open</name>
         <load_address>0x2a4</load_address>
         <run_address>0x2a4</run_address>
         <size>0xd8</size>
         <input_file_ref idref="fl-14c"/>
      </object_component>
      <object_component id="oc-3d4">
         <name>.text:I2CTiva_hwiFxn</name>
         <load_address>0x37c</load_address>
         <run_address>0x37c</run_address>
         <size>0xd6</size>
         <input_file_ref idref="fl-14c"/>
      </object_component>
      <object_component id="oc-ae">
         <name>.text:EK_TM4C1294XL_initI2C</name>
         <load_address>0x454</load_address>
         <run_address>0x454</run_address>
         <size>0xcc</size>
         <input_file_ref idref="fl-b"/>
      </object_component>
      <object_component id="oc-a2">
         <name>.text:EK_TM4C1294XL_initGeneral</name>
         <load_address>0x520</load_address>
         <run_address>0x520</run_address>
         <size>0xb8</size>
         <input_file_ref idref="fl-b"/>
      </object_component>
      <object_component id="oc-71">
         <name>.text:main</name>
         <load_address>0x5d8</load_address>
         <run_address>0x5d8</run_address>
         <size>0xa4</size>
         <input_file_ref idref="fl-a"/>
      </object_component>
      <object_component id="oc-2f">
         <name>.text</name>
         <load_address>0x67c</load_address>
         <run_address>0x67c</run_address>
         <size>0xa0</size>
         <input_file_ref idref="fl-12"/>
      </object_component>
      <object_component id="oc-44">
         <name>.text</name>
         <load_address>0x71c</load_address>
         <run_address>0x71c</run_address>
         <size>0x9c</size>
         <input_file_ref idref="fl-141"/>
      </object_component>
      <object_component id="oc-50f">
         <name>.text:ti_sysbios_knl_Task_schedule__I</name>
         <load_address>0x7b8</load_address>
         <run_address>0x7b8</run_address>
         <size>0x88</size>
         <input_file_ref idref="fl-14d"/>
      </object_component>
      <object_component id="oc-395">
         <name>.text:I2CTiva_transfer</name>
         <load_address>0x840</load_address>
         <run_address>0x840</run_address>
         <size>0x7e</size>
         <input_file_ref idref="fl-14c"/>
      </object_component>
      <object_component id="oc-403">
         <name>.text:ti_sysbios_knl_Semaphore_post__E</name>
         <load_address>0x8c0</load_address>
         <run_address>0x8c0</run_address>
         <size>0x64</size>
         <input_file_ref idref="fl-14d"/>
      </object_component>
      <object_component id="oc-3f7">
         <name>.text:I2CTiva_primeTransfer</name>
         <load_address>0x924</load_address>
         <run_address>0x924</run_address>
         <size>0x62</size>
         <input_file_ref idref="fl-14c"/>
      </object_component>
      <object_component id="oc-57">
         <name>.text</name>
         <load_address>0x986</load_address>
         <run_address>0x986</run_address>
         <size>0x5e</size>
         <input_file_ref idref="fl-13e"/>
      </object_component>
      <object_component id="oc-4cb">
         <name>.text:ti_sysbios_knl_Task_unblockI__E</name>
         <load_address>0x9e4</load_address>
         <run_address>0x9e4</run_address>
         <size>0x5c</size>
         <input_file_ref idref="fl-14d"/>
      </object_component>
      <object_component id="oc-16">
         <name>.text</name>
         <load_address>0xa40</load_address>
         <run_address>0xa40</run_address>
         <size>0x58</size>
         <input_file_ref idref="fl-10"/>
      </object_component>
      <object_component id="oc-6a">
         <name>.text:xdc_runtime_Startup_exec__E</name>
         <load_address>0xa98</load_address>
         <run_address>0xa98</run_address>
         <size>0x50</size>
         <input_file_ref idref="fl-154"/>
      </object_component>
      <object_component id="oc-ba">
         <name>.text</name>
         <load_address>0xae8</load_address>
         <run_address>0xae8</run_address>
         <size>0x4c</size>
         <input_file_ref idref="fl-142"/>
      </object_component>
      <object_component id="oc-131">
         <name>.text:GPIOPinConfigure</name>
         <load_address>0xb34</load_address>
         <run_address>0xb34</run_address>
         <size>0x48</size>
         <input_file_ref idref="fl-148"/>
      </object_component>
      <object_component id="oc-3b9">
         <name>.text:I2CMasterInitExpClk</name>
         <load_address>0xb7c</load_address>
         <run_address>0xb7c</run_address>
         <size>0x48</size>
         <input_file_ref idref="fl-15f"/>
      </object_component>
      <object_component id="oc-64">
         <name>.text</name>
         <load_address>0xbc4</load_address>
         <run_address>0xbc4</run_address>
         <size>0x44</size>
         <input_file_ref idref="fl-140"/>
      </object_component>
      <object_component id="oc-3f1">
         <name>.text:ti_sysbios_family_arm_m3_Hwi_disableInterrupt__E</name>
         <load_address>0xc08</load_address>
         <run_address>0xc08</run_address>
         <size>0x44</size>
         <input_file_ref idref="fl-14d"/>
      </object_component>
      <object_component id="oc-3fd">
         <name>.text:ti_sysbios_family_arm_m3_Hwi_enableInterrupt__E</name>
         <load_address>0xc4c</load_address>
         <run_address>0xc4c</run_address>
         <size>0x44</size>
         <input_file_ref idref="fl-14d"/>
      </object_component>
      <object_component id="oc-518">
         <name>.text:ti_sysbios_knl_Task_allBlockedFunction__I</name>
         <load_address>0xc90</load_address>
         <run_address>0xc90</run_address>
         <size>0x44</size>
         <input_file_ref idref="fl-14d"/>
      </object_component>
      <object_component id="oc-480">
         <name>.text:I2CTiva_completeTransfer</name>
         <load_address>0xcd4</load_address>
         <run_address>0xcd4</run_address>
         <size>0x3a</size>
         <input_file_ref idref="fl-14c"/>
      </object_component>
      <object_component id="oc-143">
         <name>.text:I2C_init</name>
         <load_address>0xd10</load_address>
         <run_address>0xd10</run_address>
         <size>0x38</size>
         <input_file_ref idref="fl-14b"/>
      </object_component>
      <object_component id="oc-111">
         <name>.text:SysCtlPeripheralEnable</name>
         <load_address>0xd48</load_address>
         <run_address>0xd48</run_address>
         <size>0x34</size>
         <input_file_ref idref="fl-146"/>
      </object_component>
      <object_component id="oc-4c1">
         <name>.text:ti_sysbios_knl_Semaphore_pendTimeout__I</name>
         <load_address>0xd7c</load_address>
         <run_address>0xd7c</run_address>
         <size>0x32</size>
         <input_file_ref idref="fl-14d"/>
      </object_component>
      <object_component id="oc-383">
         <name>.text:I2CTiva_close</name>
         <load_address>0xdae</load_address>
         <run_address>0xdae</run_address>
         <size>0x30</size>
         <input_file_ref idref="fl-14c"/>
      </object_component>
      <object_component id="oc-7e">
         <name>.text:xdc_runtime_System_processAtExit__E</name>
         <load_address>0xde0</load_address>
         <run_address>0xde0</run_address>
         <size>0x30</size>
         <input_file_ref idref="fl-155"/>
      </object_component>
      <object_component id="oc-a8">
         <name>.text:EK_TM4C1294XL_initGPIO</name>
         <load_address>0xe10</load_address>
         <run_address>0xe10</run_address>
         <size>0x2c</size>
         <input_file_ref idref="fl-b"/>
      </object_component>
      <object_component id="oc-247">
         <name>.text:GPIODirModeSet</name>
         <load_address>0xe3c</load_address>
         <run_address>0xe3c</run_address>
         <size>0x2a</size>
         <input_file_ref idref="fl-148"/>
      </object_component>
      <object_component id="oc-b4">
         <name>.text:GPIO_write</name>
         <load_address>0xe68</load_address>
         <run_address>0xe68</run_address>
         <size>0x28</size>
         <input_file_ref idref="fl-14a"/>
      </object_component>
      <object_component id="oc-4bb">
         <name>.text:ti_sysbios_knl_Task_restore__E</name>
         <load_address>0xe90</load_address>
         <run_address>0xe90</run_address>
         <size>0x28</size>
         <input_file_ref idref="fl-14d"/>
      </object_component>
      <object_component id="oc-12a">
         <name>.text:GPIO_init</name>
         <load_address>0xeb8</load_address>
         <run_address>0xeb8</run_address>
         <size>0x24</size>
         <input_file_ref idref="fl-14a"/>
      </object_component>
      <object_component id="oc-51f">
         <name>.text:ti_sysbios_knl_Idle_run__E</name>
         <load_address>0xedc</load_address>
         <run_address>0xedc</run_address>
         <size>0x20</size>
         <input_file_ref idref="fl-14d"/>
      </object_component>
      <object_component id="oc-4b5">
         <name>.text:ti_sysbios_knl_Queue_put__E</name>
         <load_address>0xefc</load_address>
         <run_address>0xefc</run_address>
         <size>0x1c</size>
         <input_file_ref idref="fl-14d"/>
      </object_component>
      <object_component id="oc-118">
         <name>.text:GPIOPinTypeGPIOOutput</name>
         <load_address>0xf18</load_address>
         <run_address>0xf18</run_address>
         <size>0x18</size>
         <input_file_ref idref="fl-148"/>
      </object_component>
      <object_component id="oc-34">
         <name>.text</name>
         <load_address>0xf30</load_address>
         <run_address>0xf30</run_address>
         <size>0x18</size>
         <input_file_ref idref="fl-13c"/>
      </object_component>
      <object_component id="oc-3a">
         <name>.text:xdc_runtime_System_exit__E</name>
         <load_address>0xf48</load_address>
         <run_address>0xf48</run_address>
         <size>0x18</size>
         <input_file_ref idref="fl-155"/>
      </object_component>
      <object_component id="oc-462">
         <name>.text:I2CMasterErr</name>
         <load_address>0xf60</load_address>
         <run_address>0xf60</run_address>
         <size>0x16</size>
         <input_file_ref idref="fl-15f"/>
      </object_component>
      <object_component id="oc-299">
         <name>.text</name>
         <load_address>0xf78</load_address>
         <run_address>0xf78</run_address>
         <size>0x14</size>
         <input_file_ref idref="fl-144"/>
      </object_component>
      <object_component id="oc-11e">
         <name>.text:GPIOPinTypeGPIOInput</name>
         <load_address>0xf8c</load_address>
         <run_address>0xf8c</run_address>
         <size>0x12</size>
         <input_file_ref idref="fl-148"/>
      </object_component>
      <object_component id="oc-13d">
         <name>.text:GPIOPinTypeI2C</name>
         <load_address>0xf9e</load_address>
         <run_address>0xf9e</run_address>
         <size>0x12</size>
         <input_file_ref idref="fl-148"/>
      </object_component>
      <object_component id="oc-137">
         <name>.text:GPIOPinTypeI2CSCL</name>
         <load_address>0xfb0</load_address>
         <run_address>0xfb0</run_address>
         <size>0x12</size>
         <input_file_ref idref="fl-148"/>
      </object_component>
      <object_component id="oc-21">
         <name>.text:decompress:ZI</name>
         <load_address>0xfc2</load_address>
         <run_address>0xfc2</run_address>
         <size>0x12</size>
         <input_file_ref idref="fl-13f"/>
      </object_component>
      <object_component id="oc-3b3">
         <name>.text:ti_sysbios_BIOS_getCpuFreq__E</name>
         <load_address>0xfd4</load_address>
         <run_address>0xfd4</run_address>
         <size>0x10</size>
         <input_file_ref idref="fl-14d"/>
      </object_component>
      <object_component id="oc-c0">
         <name>.text:ti_sysbios_BIOS_start__E</name>
         <load_address>0xfe4</load_address>
         <run_address>0xfe4</run_address>
         <size>0x10</size>
         <input_file_ref idref="fl-14d"/>
      </object_component>
      <object_component id="oc-1b">
         <name>.text:decompress:none</name>
         <load_address>0xff4</load_address>
         <run_address>0xff4</run_address>
         <size>0xe</size>
         <input_file_ref idref="fl-13d"/>
      </object_component>
      <object_component id="oc-14a">
         <name>.text:ti_sysbios_family_arm_m3_Hwi_disableFxn__E</name>
         <load_address>0x1002</load_address>
         <run_address>0x1002</run_address>
         <size>0xc</size>
         <input_file_ref idref="fl-14d"/>
      </object_component>
      <object_component id="oc-d3">
         <name>.text:xdc_runtime_Gate_enterSystem__E</name>
         <load_address>0x1010</load_address>
         <run_address>0x1010</run_address>
         <size>0xc</size>
         <input_file_ref idref="fl-152"/>
      </object_component>
      <object_component id="oc-3a6">
         <name>.text:I2CMasterDisable</name>
         <load_address>0x101c</load_address>
         <run_address>0x101c</run_address>
         <size>0xa</size>
         <input_file_ref idref="fl-15f"/>
      </object_component>
      <object_component id="oc-3c5">
         <name>.text:I2CMasterEnable</name>
         <load_address>0x1026</load_address>
         <run_address>0x1026</run_address>
         <size>0xa</size>
         <input_file_ref idref="fl-15f"/>
      </object_component>
      <object_component id="oc-389">
         <name>.text:I2CTiva_init</name>
         <load_address>0x1030</load_address>
         <run_address>0x1030</run_address>
         <size>0xa</size>
         <input_file_ref idref="fl-14c"/>
      </object_component>
      <object_component id="oc-3bf">
         <name>.text:I2CMasterIntClear</name>
         <load_address>0x103a</load_address>
         <run_address>0x103a</run_address>
         <size>0x8</size>
         <input_file_ref idref="fl-15f"/>
      </object_component>
      <object_component id="oc-46e">
         <name>.text:I2CMasterSlaveAddrSet</name>
         <load_address>0x1042</load_address>
         <run_address>0x1042</run_address>
         <size>0x8</size>
         <input_file_ref idref="fl-15f"/>
      </object_component>
      <object_component id="oc-3da">
         <name>.text:I2CTiva_blockingCallback</name>
         <load_address>0x104a</load_address>
         <run_address>0x104a</run_address>
         <size>0x8</size>
         <input_file_ref idref="fl-14c"/>
      </object_component>
      <object_component id="oc-150">
         <name>.text:GPIOPinWrite</name>
         <load_address>0x1052</load_address>
         <run_address>0x1052</run_address>
         <size>0x6</size>
         <input_file_ref idref="fl-148"/>
      </object_component>
      <object_component id="oc-3a0">
         <name>.text:I2CMasterIntDisable</name>
         <load_address>0x1058</load_address>
         <run_address>0x1058</run_address>
         <size>0x6</size>
         <input_file_ref idref="fl-15f"/>
      </object_component>
      <object_component id="oc-3cb">
         <name>.text:I2CMasterIntEnable</name>
         <load_address>0x105e</load_address>
         <run_address>0x105e</run_address>
         <size>0x6</size>
         <input_file_ref idref="fl-15f"/>
      </object_component>
      <object_component id="oc-27">
         <name>.text:decompress:rle24</name>
         <load_address>0x1064</load_address>
         <run_address>0x1064</run_address>
         <size>0x6</size>
         <input_file_ref idref="fl-13e"/>
      </object_component>
      <object_component id="oc-156">
         <name>.text:ti_sysbios_family_arm_m3_Hwi_restoreFxn__E</name>
         <load_address>0x106a</load_address>
         <run_address>0x106a</run_address>
         <size>0x6</size>
         <input_file_ref idref="fl-14d"/>
      </object_component>
      <object_component id="oc-47a">
         <name>.text:I2CMasterControl</name>
         <load_address>0x1070</load_address>
         <run_address>0x1070</run_address>
         <size>0x4</size>
         <input_file_ref idref="fl-15f"/>
      </object_component>
      <object_component id="oc-468">
         <name>.text:I2CMasterDataGet</name>
         <load_address>0x1074</load_address>
         <run_address>0x1074</run_address>
         <size>0x4</size>
         <input_file_ref idref="fl-15f"/>
      </object_component>
      <object_component id="oc-474">
         <name>.text:I2CMasterDataPut</name>
         <load_address>0x1078</load_address>
         <run_address>0x1078</run_address>
         <size>0x4</size>
         <input_file_ref idref="fl-15f"/>
      </object_component>
      <object_component id="oc-258">
         <name>.const:g_pui32GPIOBaseAddrs</name>
         <load_address>0x107c</load_address>
         <run_address>0x107c</run_address>
         <size>0x90</size>
         <input_file_ref idref="fl-148"/>
      </object_component>
      <object_component id="oc-261">
         <name>.const:I2C_config</name>
         <load_address>0x110c</load_address>
         <run_address>0x110c</run_address>
         <size>0x3c</size>
         <input_file_ref idref="fl-b"/>
      </object_component>
      <object_component id="oc-15c">
         <name>.const</name>
         <load_address>0x1148</load_address>
         <run_address>0x1148</run_address>
         <size>0x34</size>
         <input_file_ref idref="fl-b"/>
      </object_component>
      <object_component id="oc-268">
         <name>.const:gpioHWAttrs</name>
         <load_address>0x117c</load_address>
         <run_address>0x117c</run_address>
         <size>0x30</size>
         <input_file_ref idref="fl-b"/>
      </object_component>
      <object_component id="oc-342">
         <name>.const</name>
         <load_address>0x11ac</load_address>
         <run_address>0x11ac</run_address>
         <size>0x10</size>
         <input_file_ref idref="fl-14c"/>
      </object_component>
      <object_component id="oc-3d1">
         <name>.const</name>
         <load_address>0x11bc</load_address>
         <run_address>0x11bc</run_address>
         <size>0xc</size>
         <input_file_ref idref="fl-14b"/>
      </object_component>
      <object_component id="oc-54a">
         <name>.cinit..data.load</name>
         <load_address>0x11c8</load_address>
         <run_address>0x11c8</run_address>
         <size>0x13</size>
      </object_component>
      <object_component id="oc-548">
         <name>__TI_handler_table</name>
         <load_address>0x11dc</load_address>
         <run_address>0x11dc</run_address>
         <size>0xc</size>
      </object_component>
      <object_component id="oc-54b">
         <name>.cinit..bss.load</name>
         <load_address>0x11e8</load_address>
         <run_address>0x11e8</run_address>
         <size>0x8</size>
      </object_component>
      <object_component id="oc-549">
         <name>__TI_cinit_table</name>
         <load_address>0x11f0</load_address>
         <run_address>0x11f0</run_address>
         <size>0x10</size>
      </object_component>
      <object_component id="oc-40">
         <name>.data</name>
         <load_address>0x20000518</load_address>
         <run_address>0x20000518</run_address>
         <size>0x4</size>
         <input_file_ref idref="fl-143"/>
      </object_component>
      <object_component id="oc-166">
         <name>.data</name>
         <load_address>0x20000508</load_address>
         <run_address>0x20000508</run_address>
         <size>0x8</size>
         <input_file_ref idref="fl-144"/>
      </object_component>
      <object_component id="oc-169">
         <name>.data</name>
         <load_address>0x20000514</load_address>
         <run_address>0x20000514</run_address>
         <size>0x4</size>
         <input_file_ref idref="fl-142"/>
      </object_component>
      <object_component id="oc-251">
         <name>.data</name>
         <load_address>0x20000500</load_address>
         <run_address>0x20000500</run_address>
         <size>0x8</size>
         <input_file_ref idref="fl-14a"/>
      </object_component>
      <object_component id="oc-25e">
         <name>.data</name>
         <load_address>0x20000510</load_address>
         <run_address>0x20000510</run_address>
         <size>0x4</size>
         <input_file_ref idref="fl-14b"/>
      </object_component>
      <object_component id="oc-345">
         <name>.bss:i2cTivaObjects</name>
         <uninitialized>true</uninitialized>
         <run_address>0x20000300</run_address>
         <size>0x200</size>
         <input_file_ref idref="fl-b"/>
      </object_component>
      <object_component id="oc-2d">
         <name>.stack</name>
         <uninitialized>true</uninitialized>
         <run_address>0x20000000</run_address>
         <size>0x0</size>
         <input_file_ref idref="fl-10"/>
      </object_component>
      <object_component id="oc-54c">
         <name>.stack</name>
         <uninitialized>true</uninitialized>
         <run_address>0x20000000</run_address>
         <size>0x0</size>
      </object_component>
      <object_component id="oc-17">
         <name>.debug_info</name>
         <load_address>0x0</load_address>
         <run_address>0x0</run_address>
         <size>0x16e</size>
         <input_file_ref idref="fl-10"/>
      </object_component>
      <object_component id="oc-1f">
         <name>.debug_info</name>
         <load_address>0x16e</load_address>
         <run_address>0x16e</run_address>
         <size>0x194</size>
         <input_file_ref idref="fl-13d"/>
      </object_component>
      <object_component id="oc-25">
         <name>.debug_info</name>
         <load_address>0x302</load_address>
         <run_address>0x302</run_address>
         <size>0x16a</size>
         <input_file_ref idref="fl-13f"/>
      </object_component>
      <object_component id="oc-29">
         <name>.debug_info</name>
         <load_address>0x46c</load_address>
         <run_address>0x46c</run_address>
         <size>0x18e</size>
         <input_file_ref idref="fl-13e"/>
      </object_component>
      <object_component id="oc-30">
         <name>.debug_info</name>
         <load_address>0x5fa</load_address>
         <run_address>0x5fa</run_address>
         <size>0x197</size>
         <input_file_ref idref="fl-12"/>
      </object_component>
      <object_component id="oc-36">
         <name>.debug_info</name>
         <load_address>0x791</load_address>
         <run_address>0x791</run_address>
         <size>0x11c</size>
         <input_file_ref idref="fl-13c"/>
      </object_component>
      <object_component id="oc-3b">
         <name>.debug_info</name>
         <load_address>0x8ad</load_address>
         <run_address>0x8ad</run_address>
         <size>0x305</size>
         <input_file_ref idref="fl-155"/>
      </object_component>
      <object_component id="oc-41">
         <name>.debug_info</name>
         <load_address>0xbb2</load_address>
         <run_address>0xbb2</run_address>
         <size>0xbe</size>
         <input_file_ref idref="fl-143"/>
      </object_component>
      <object_component id="oc-46">
         <name>.debug_info</name>
         <load_address>0xc70</load_address>
         <run_address>0xc70</run_address>
         <size>0xcc</size>
         <input_file_ref idref="fl-141"/>
      </object_component>
      <object_component id="oc-4a">
         <name>.debug_info</name>
         <load_address>0xd3c</load_address>
         <run_address>0xd3c</run_address>
         <size>0x46</size>
         <input_file_ref idref="fl-13d"/>
      </object_component>
      <object_component id="oc-4f">
         <name>.debug_info</name>
         <load_address>0xd82</load_address>
         <run_address>0xd82</run_address>
         <size>0xf2</size>
         <input_file_ref idref="fl-13d"/>
      </object_component>
      <object_component id="oc-51">
         <name>.debug_info</name>
         <load_address>0xe74</load_address>
         <run_address>0xe74</run_address>
         <size>0x46</size>
         <input_file_ref idref="fl-13f"/>
      </object_component>
      <object_component id="oc-56">
         <name>.debug_info</name>
         <load_address>0xeba</load_address>
         <run_address>0xeba</run_address>
         <size>0xad</size>
         <input_file_ref idref="fl-13f"/>
      </object_component>
      <object_component id="oc-59">
         <name>.debug_info</name>
         <load_address>0xf67</load_address>
         <run_address>0xf67</run_address>
         <size>0x1ef</size>
         <input_file_ref idref="fl-13e"/>
      </object_component>
      <object_component id="oc-5e">
         <name>.debug_info</name>
         <load_address>0x1156</load_address>
         <run_address>0x1156</run_address>
         <size>0xb7</size>
         <input_file_ref idref="fl-13e"/>
      </object_component>
      <object_component id="oc-5f">
         <name>.debug_info</name>
         <load_address>0x120d</load_address>
         <run_address>0x120d</run_address>
         <size>0x39</size>
         <input_file_ref idref="fl-13e"/>
      </object_component>
      <object_component id="oc-68">
         <name>.debug_info</name>
         <load_address>0x1246</load_address>
         <run_address>0x1246</run_address>
         <size>0x14b</size>
         <input_file_ref idref="fl-140"/>
      </object_component>
      <object_component id="oc-6d">
         <name>.debug_info</name>
         <load_address>0x1391</load_address>
         <run_address>0x1391</run_address>
         <size>0x2e2</size>
         <input_file_ref idref="fl-154"/>
      </object_component>
      <object_component id="oc-72">
         <name>.debug_info</name>
         <load_address>0x1673</load_address>
         <run_address>0x1673</run_address>
         <size>0x22d</size>
         <input_file_ref idref="fl-a"/>
      </object_component>
      <object_component id="oc-78">
         <name>.debug_info</name>
         <load_address>0x18a0</load_address>
         <run_address>0x18a0</run_address>
         <size>0x84</size>
         <input_file_ref idref="fl-13c"/>
      </object_component>
      <object_component id="oc-7d">
         <name>.debug_info</name>
         <load_address>0x1924</load_address>
         <run_address>0x1924</run_address>
         <size>0x11b</size>
         <input_file_ref idref="fl-13c"/>
      </object_component>
      <object_component id="oc-80">
         <name>.debug_info</name>
         <load_address>0x1a3f</load_address>
         <run_address>0x1a3f</run_address>
         <size>0x34c</size>
         <input_file_ref idref="fl-155"/>
      </object_component>
      <object_component id="oc-85">
         <name>.debug_info</name>
         <load_address>0x1d8b</load_address>
         <run_address>0x1d8b</run_address>
         <size>0x363</size>
         <input_file_ref idref="fl-14d"/>
      </object_component>
      <object_component id="oc-8a">
         <name>.debug_info</name>
         <load_address>0x20ee</load_address>
         <run_address>0x20ee</run_address>
         <size>0xc80</size>
         <input_file_ref idref="fl-155"/>
      </object_component>
      <object_component id="oc-8e">
         <name>.debug_info</name>
         <load_address>0x2d6e</load_address>
         <run_address>0x2d6e</run_address>
         <size>0x2c</size>
         <input_file_ref idref="fl-13d"/>
      </object_component>
      <object_component id="oc-95">
         <name>.debug_info</name>
         <load_address>0x2d9a</load_address>
         <run_address>0x2d9a</run_address>
         <size>0x2c</size>
         <input_file_ref idref="fl-13f"/>
      </object_component>
      <object_component id="oc-a0">
         <name>.debug_info</name>
         <load_address>0x2dc6</load_address>
         <run_address>0x2dc6</run_address>
         <size>0x148</size>
         <input_file_ref idref="fl-140"/>
      </object_component>
      <object_component id="oc-a3">
         <name>.debug_info</name>
         <load_address>0x2f0e</load_address>
         <run_address>0x2f0e</run_address>
         <size>0x371</size>
         <input_file_ref idref="fl-b"/>
      </object_component>
      <object_component id="oc-a9">
         <name>.debug_info</name>
         <load_address>0x327f</load_address>
         <run_address>0x327f</run_address>
         <size>0x1c2</size>
         <input_file_ref idref="fl-b"/>
      </object_component>
      <object_component id="oc-af">
         <name>.debug_info</name>
         <load_address>0x3441</load_address>
         <run_address>0x3441</run_address>
         <size>0x351</size>
         <input_file_ref idref="fl-b"/>
      </object_component>
      <object_component id="oc-b8">
         <name>.debug_info</name>
         <load_address>0x3792</load_address>
         <run_address>0x3792</run_address>
         <size>0x1eb</size>
         <input_file_ref idref="fl-14a"/>
      </object_component>
      <object_component id="oc-bb">
         <name>.debug_info</name>
         <load_address>0x397d</load_address>
         <run_address>0x397d</run_address>
         <size>0x159</size>
         <input_file_ref idref="fl-142"/>
      </object_component>
      <object_component id="oc-c1">
         <name>.debug_info</name>
         <load_address>0x3ad6</load_address>
         <run_address>0x3ad6</run_address>
         <size>0x1dd</size>
         <input_file_ref idref="fl-14d"/>
      </object_component>
      <object_component id="oc-c7">
         <name>.debug_info</name>
         <load_address>0x3cb3</load_address>
         <run_address>0x3cb3</run_address>
         <size>0x8b</size>
         <input_file_ref idref="fl-a"/>
      </object_component>
      <object_component id="oc-ce">
         <name>.debug_info</name>
         <load_address>0x3d3e</load_address>
         <run_address>0x3d3e</run_address>
         <size>0x5e</size>
         <input_file_ref idref="fl-13c"/>
      </object_component>
      <object_component id="oc-d4">
         <name>.debug_info</name>
         <load_address>0x3d9c</load_address>
         <run_address>0x3d9c</run_address>
         <size>0x2e8</size>
         <input_file_ref idref="fl-152"/>
      </object_component>
      <object_component id="oc-da">
         <name>.debug_info</name>
         <load_address>0x4084</load_address>
         <run_address>0x4084</run_address>
         <size>0x46</size>
         <input_file_ref idref="fl-a"/>
      </object_component>
      <object_component id="oc-df">
         <name>.debug_info</name>
         <load_address>0x40ca</load_address>
         <run_address>0x40ca</run_address>
         <size>0x4e</size>
         <input_file_ref idref="fl-a"/>
      </object_component>
      <object_component id="oc-e4">
         <name>.debug_info</name>
         <load_address>0x4118</load_address>
         <run_address>0x4118</run_address>
         <size>0x76bb</size>
         <input_file_ref idref="fl-14d"/>
      </object_component>
      <object_component id="oc-e5">
         <name>.debug_info</name>
         <load_address>0xb7d3</load_address>
         <run_address>0xb7d3</run_address>
         <size>0xd5</size>
         <input_file_ref idref="fl-a"/>
      </object_component>
      <object_component id="oc-ec">
         <name>.debug_info</name>
         <load_address>0xb8a8</load_address>
         <run_address>0xb8a8</run_address>
         <size>0xb4a</size>
         <input_file_ref idref="fl-155"/>
      </object_component>
      <object_component id="oc-f1">
         <name>.debug_info</name>
         <load_address>0xc3f2</load_address>
         <run_address>0xc3f2</run_address>
         <size>0x2b4</size>
         <input_file_ref idref="fl-155"/>
      </object_component>
      <object_component id="oc-f6">
         <name>.debug_info</name>
         <load_address>0xc6a6</load_address>
         <run_address>0xc6a6</run_address>
         <size>0x2aa</size>
         <input_file_ref idref="fl-155"/>
      </object_component>
      <object_component id="oc-fb">
         <name>.debug_info</name>
         <load_address>0xc950</load_address>
         <run_address>0xc950</run_address>
         <size>0x561</size>
         <input_file_ref idref="fl-a"/>
      </object_component>
      <object_component id="oc-100">
         <name>.debug_info</name>
         <load_address>0xceb1</load_address>
         <run_address>0xceb1</run_address>
         <size>0x2c</size>
         <input_file_ref idref="fl-a"/>
      </object_component>
      <object_component id="oc-105">
         <name>.debug_info</name>
         <load_address>0xcedd</load_address>
         <run_address>0xcedd</run_address>
         <size>0x1a5</size>
         <input_file_ref idref="fl-a"/>
      </object_component>
      <object_component id="oc-10c">
         <name>.debug_info</name>
         <load_address>0xd082</load_address>
         <run_address>0xd082</run_address>
         <size>0xcd</size>
         <input_file_ref idref="fl-140"/>
      </object_component>
      <object_component id="oc-112">
         <name>.debug_info</name>
         <load_address>0xd14f</load_address>
         <run_address>0xd14f</run_address>
         <size>0x1ed</size>
         <input_file_ref idref="fl-146"/>
      </object_component>
      <object_component id="oc-119">
         <name>.debug_info</name>
         <load_address>0xd33c</load_address>
         <run_address>0xd33c</run_address>
         <size>0x227</size>
         <input_file_ref idref="fl-148"/>
      </object_component>
      <object_component id="oc-11f">
         <name>.debug_info</name>
         <load_address>0xd563</load_address>
         <run_address>0xd563</run_address>
         <size>0x225</size>
         <input_file_ref idref="fl-148"/>
      </object_component>
      <object_component id="oc-125">
         <name>.debug_info</name>
         <load_address>0xd788</load_address>
         <run_address>0xd788</run_address>
         <size>0x286</size>
         <input_file_ref idref="fl-148"/>
      </object_component>
      <object_component id="oc-12e">
         <name>.debug_info</name>
         <load_address>0xda0e</load_address>
         <run_address>0xda0e</run_address>
         <size>0x116</size>
         <input_file_ref idref="fl-14a"/>
      </object_component>
      <object_component id="oc-132">
         <name>.debug_info</name>
         <load_address>0xdb24</load_address>
         <run_address>0xdb24</run_address>
         <size>0x1f0</size>
         <input_file_ref idref="fl-148"/>
      </object_component>
      <object_component id="oc-138">
         <name>.debug_info</name>
         <load_address>0xdd14</load_address>
         <run_address>0xdd14</run_address>
         <size>0x21f</size>
         <input_file_ref idref="fl-148"/>
      </object_component>
      <object_component id="oc-13e">
         <name>.debug_info</name>
         <load_address>0xdf33</load_address>
         <run_address>0xdf33</run_address>
         <size>0x219</size>
         <input_file_ref idref="fl-148"/>
      </object_component>
      <object_component id="oc-145">
         <name>.debug_info</name>
         <load_address>0xe14c</load_address>
         <run_address>0xe14c</run_address>
         <size>0x118</size>
         <input_file_ref idref="fl-14b"/>
      </object_component>
      <object_component id="oc-14b">
         <name>.debug_info</name>
         <load_address>0xe264</load_address>
         <run_address>0xe264</run_address>
         <size>0x21b</size>
         <input_file_ref idref="fl-14d"/>
      </object_component>
      <object_component id="oc-151">
         <name>.debug_info</name>
         <load_address>0xe47f</load_address>
         <run_address>0xe47f</run_address>
         <size>0x213</size>
         <input_file_ref idref="fl-148"/>
      </object_component>
      <object_component id="oc-157">
         <name>.debug_info</name>
         <load_address>0xe692</load_address>
         <run_address>0xe692</run_address>
         <size>0x235</size>
         <input_file_ref idref="fl-14d"/>
      </object_component>
      <object_component id="oc-15d">
         <name>.debug_info</name>
         <load_address>0xe8c7</load_address>
         <run_address>0xe8c7</run_address>
         <size>0x13e</size>
         <input_file_ref idref="fl-b"/>
      </object_component>
      <object_component id="oc-160">
         <name>.debug_info</name>
         <load_address>0xea05</load_address>
         <run_address>0xea05</run_address>
         <size>0x18b</size>
         <input_file_ref idref="fl-a"/>
      </object_component>
      <object_component id="oc-165">
         <name>.debug_info</name>
         <load_address>0xeb90</load_address>
         <run_address>0xeb90</run_address>
         <size>0xec3</size>
         <input_file_ref idref="fl-14a"/>
      </object_component>
      <object_component id="oc-167">
         <name>.debug_info</name>
         <load_address>0xfa53</load_address>
         <run_address>0xfa53</run_address>
         <size>0xc8</size>
         <input_file_ref idref="fl-144"/>
      </object_component>
      <object_component id="oc-16a">
         <name>.debug_info</name>
         <load_address>0xfb1b</load_address>
         <run_address>0xfb1b</run_address>
         <size>0xa5</size>
         <input_file_ref idref="fl-142"/>
      </object_component>
      <object_component id="oc-16d">
         <name>.debug_info</name>
         <load_address>0xfbc0</load_address>
         <run_address>0xfbc0</run_address>
         <size>0xca</size>
         <input_file_ref idref="fl-142"/>
      </object_component>
      <object_component id="oc-170">
         <name>.debug_info</name>
         <load_address>0xfc8a</load_address>
         <run_address>0xfc8a</run_address>
         <size>0x11e1</size>
         <input_file_ref idref="fl-a"/>
      </object_component>
      <object_component id="oc-173">
         <name>.debug_info</name>
         <load_address>0x10e6b</load_address>
         <run_address>0x10e6b</run_address>
         <size>0x1fe</size>
         <input_file_ref idref="fl-14d"/>
      </object_component>
      <object_component id="oc-178">
         <name>.debug_info</name>
         <load_address>0x11069</load_address>
         <run_address>0x11069</run_address>
         <size>0xec3</size>
         <input_file_ref idref="fl-14d"/>
      </object_component>
      <object_component id="oc-17d">
         <name>.debug_info</name>
         <load_address>0x11f2c</load_address>
         <run_address>0x11f2c</run_address>
         <size>0x1439</size>
         <input_file_ref idref="fl-14d"/>
      </object_component>
      <object_component id="oc-182">
         <name>.debug_info</name>
         <load_address>0x13365</load_address>
         <run_address>0x13365</run_address>
         <size>0x13c</size>
         <input_file_ref idref="fl-a"/>
      </object_component>
      <object_component id="oc-187">
         <name>.debug_info</name>
         <load_address>0x134a1</load_address>
         <run_address>0x134a1</run_address>
         <size>0x19fd</size>
         <input_file_ref idref="fl-14d"/>
      </object_component>
      <object_component id="oc-18c">
         <name>.debug_info</name>
         <load_address>0x14e9e</load_address>
         <run_address>0x14e9e</run_address>
         <size>0x64ce</size>
         <input_file_ref idref="fl-14d"/>
      </object_component>
      <object_component id="oc-191">
         <name>.debug_info</name>
         <load_address>0x1b36c</load_address>
         <run_address>0x1b36c</run_address>
         <size>0x353</size>
         <input_file_ref idref="fl-14d"/>
      </object_component>
      <object_component id="oc-196">
         <name>.debug_info</name>
         <load_address>0x1b6bf</load_address>
         <run_address>0x1b6bf</run_address>
         <size>0x15fd</size>
         <input_file_ref idref="fl-14d"/>
      </object_component>
      <object_component id="oc-19b">
         <name>.debug_info</name>
         <load_address>0x1ccbc</load_address>
         <run_address>0x1ccbc</run_address>
         <size>0x50f</size>
         <input_file_ref idref="fl-14d"/>
      </object_component>
      <object_component id="oc-1a0">
         <name>.debug_info</name>
         <load_address>0x1d1cb</load_address>
         <run_address>0x1d1cb</run_address>
         <size>0x408</size>
         <input_file_ref idref="fl-14d"/>
      </object_component>
      <object_component id="oc-1a5">
         <name>.debug_info</name>
         <load_address>0x1d5d3</load_address>
         <run_address>0x1d5d3</run_address>
         <size>0x8f4</size>
         <input_file_ref idref="fl-14d"/>
      </object_component>
      <object_component id="oc-1aa">
         <name>.debug_info</name>
         <load_address>0x1dec7</load_address>
         <run_address>0x1dec7</run_address>
         <size>0x267</size>
         <input_file_ref idref="fl-a"/>
      </object_component>
      <object_component id="oc-1af">
         <name>.debug_info</name>
         <load_address>0x1e12e</load_address>
         <run_address>0x1e12e</run_address>
         <size>0x139</size>
         <input_file_ref idref="fl-14d"/>
      </object_component>
      <object_component id="oc-1b4">
         <name>.debug_info</name>
         <load_address>0x1e267</load_address>
         <run_address>0x1e267</run_address>
         <size>0x55b</size>
         <input_file_ref idref="fl-14d"/>
      </object_component>
      <object_component id="oc-1b9">
         <name>.debug_info</name>
         <load_address>0x1e7c2</load_address>
         <run_address>0x1e7c2</run_address>
         <size>0x4ce</size>
         <input_file_ref idref="fl-a"/>
      </object_component>
      <object_component id="oc-1be">
         <name>.debug_info</name>
         <load_address>0x1ec90</load_address>
         <run_address>0x1ec90</run_address>
         <size>0x663</size>
         <input_file_ref idref="fl-14d"/>
      </object_component>
      <object_component id="oc-1c3">
         <name>.debug_info</name>
         <load_address>0x1f2f3</load_address>
         <run_address>0x1f2f3</run_address>
         <size>0x4b0</size>
         <input_file_ref idref="fl-a"/>
      </object_component>
      <object_component id="oc-1c8">
         <name>.debug_info</name>
         <load_address>0x1f7a3</load_address>
         <run_address>0x1f7a3</run_address>
         <size>0x15d</size>
         <input_file_ref idref="fl-14d"/>
      </object_component>
      <object_component id="oc-1cd">
         <name>.debug_info</name>
         <load_address>0x1f900</load_address>
         <run_address>0x1f900</run_address>
         <size>0x1f1f</size>
         <input_file_ref idref="fl-14d"/>
      </object_component>
      <object_component id="oc-1d2">
         <name>.debug_info</name>
         <load_address>0x2181f</load_address>
         <run_address>0x2181f</run_address>
         <size>0x9ae</size>
         <input_file_ref idref="fl-14d"/>
      </object_component>
      <object_component id="oc-1d7">
         <name>.debug_info</name>
         <load_address>0x221cd</load_address>
         <run_address>0x221cd</run_address>
         <size>0x1122</size>
         <input_file_ref idref="fl-14d"/>
      </object_component>
      <object_component id="oc-1dc">
         <name>.debug_info</name>
         <load_address>0x232ef</load_address>
         <run_address>0x232ef</run_address>
         <size>0x71b</size>
         <input_file_ref idref="fl-14d"/>
      </object_component>
      <object_component id="oc-1e1">
         <name>.debug_info</name>
         <load_address>0x23a0a</load_address>
         <run_address>0x23a0a</run_address>
         <size>0x3eb</size>
         <input_file_ref idref="fl-14d"/>
      </object_component>
      <object_component id="oc-1e6">
         <name>.debug_info</name>
         <load_address>0x23df5</load_address>
         <run_address>0x23df5</run_address>
         <size>0x41d</size>
         <input_file_ref idref="fl-14d"/>
      </object_component>
      <object_component id="oc-1eb">
         <name>.debug_info</name>
         <load_address>0x24212</load_address>
         <run_address>0x24212</run_address>
         <size>0x1ec</size>
         <input_file_ref idref="fl-14d"/>
      </object_component>
      <object_component id="oc-1f0">
         <name>.debug_info</name>
         <load_address>0x243fe</load_address>
         <run_address>0x243fe</run_address>
         <size>0x1f2</size>
         <input_file_ref idref="fl-14d"/>
      </object_component>
      <object_component id="oc-1f5">
         <name>.debug_info</name>
         <load_address>0x245f0</load_address>
         <run_address>0x245f0</run_address>
         <size>0x47d</size>
         <input_file_ref idref="fl-14d"/>
      </object_component>
      <object_component id="oc-1fa">
         <name>.debug_info</name>
         <load_address>0x24a6d</load_address>
         <run_address>0x24a6d</run_address>
         <size>0x46</size>
         <input_file_ref idref="fl-14d"/>
      </object_component>
      <object_component id="oc-1ff">
         <name>.debug_info</name>
         <load_address>0x24ab3</load_address>
         <run_address>0x24ab3</run_address>
         <size>0x69</size>
         <input_file_ref idref="fl-a"/>
      </object_component>
      <object_component id="oc-204">
         <name>.debug_info</name>
         <load_address>0x24b1c</load_address>
         <run_address>0x24b1c</run_address>
         <size>0x2a1</size>
         <input_file_ref idref="fl-a"/>
      </object_component>
      <object_component id="oc-209">
         <name>.debug_info</name>
         <load_address>0x24dbd</load_address>
         <run_address>0x24dbd</run_address>
         <size>0x12a</size>
         <input_file_ref idref="fl-a"/>
      </object_component>
      <object_component id="oc-20e">
         <name>.debug_info</name>
         <load_address>0x24ee7</load_address>
         <run_address>0x24ee7</run_address>
         <size>0x16d</size>
         <input_file_ref idref="fl-a"/>
      </object_component>
      <object_component id="oc-213">
         <name>.debug_info</name>
         <load_address>0x25054</load_address>
         <run_address>0x25054</run_address>
         <size>0x14b</size>
         <input_file_ref idref="fl-a"/>
      </object_component>
      <object_component id="oc-218">
         <name>.debug_info</name>
         <load_address>0x2519f</load_address>
         <run_address>0x2519f</run_address>
         <size>0x10e</size>
         <input_file_ref idref="fl-a"/>
      </object_component>
      <object_component id="oc-21d">
         <name>.debug_info</name>
         <load_address>0x252ad</load_address>
         <run_address>0x252ad</run_address>
         <size>0x9f</size>
         <input_file_ref idref="fl-a"/>
      </object_component>
      <object_component id="oc-222">
         <name>.debug_info</name>
         <load_address>0x2534c</load_address>
         <run_address>0x2534c</run_address>
         <size>0x237</size>
         <input_file_ref idref="fl-a"/>
      </object_component>
      <object_component id="oc-227">
         <name>.debug_info</name>
         <load_address>0x25583</load_address>
         <run_address>0x25583</run_address>
         <size>0x24b</size>
         <input_file_ref idref="fl-a"/>
      </object_component>
      <object_component id="oc-22c">
         <name>.debug_info</name>
         <load_address>0x257ce</load_address>
         <run_address>0x257ce</run_address>
         <size>0x1b7</size>
         <input_file_ref idref="fl-a"/>
      </object_component>
      <object_component id="oc-231">
         <name>.debug_info</name>
         <load_address>0x25985</load_address>
         <run_address>0x25985</run_address>
         <size>0x237</size>
         <input_file_ref idref="fl-a"/>
      </object_component>
      <object_component id="oc-236">
         <name>.debug_info</name>
         <load_address>0x25bbc</load_address>
         <run_address>0x25bbc</run_address>
         <size>0x2c</size>
         <input_file_ref idref="fl-a"/>
      </object_component>
      <object_component id="oc-23b">
         <name>.debug_info</name>
         <load_address>0x25be8</load_address>
         <run_address>0x25be8</run_address>
         <size>0x363</size>
         <input_file_ref idref="fl-a"/>
      </object_component>
      <object_component id="oc-240">
         <name>.debug_info</name>
         <load_address>0x25f4b</load_address>
         <run_address>0x25f4b</run_address>
         <size>0xb38</size>
         <input_file_ref idref="fl-a"/>
      </object_component>
      <object_component id="oc-246">
         <name>.debug_info</name>
         <load_address>0x26a83</load_address>
         <run_address>0x26a83</run_address>
         <size>0x237</size>
         <input_file_ref idref="fl-146"/>
      </object_component>
      <object_component id="oc-248">
         <name>.debug_info</name>
         <load_address>0x26cba</load_address>
         <run_address>0x26cba</run_address>
         <size>0x223</size>
         <input_file_ref idref="fl-148"/>
      </object_component>
      <object_component id="oc-24e">
         <name>.debug_info</name>
         <load_address>0x26edd</load_address>
         <run_address>0x26edd</run_address>
         <size>0x1e8</size>
         <input_file_ref idref="fl-148"/>
      </object_component>
      <object_component id="oc-252">
         <name>.debug_info</name>
         <load_address>0x270c5</load_address>
         <run_address>0x270c5</run_address>
         <size>0x244</size>
         <input_file_ref idref="fl-14a"/>
      </object_component>
      <object_component id="oc-255">
         <name>.debug_info</name>
         <load_address>0x27309</load_address>
         <run_address>0x27309</run_address>
         <size>0xf3</size>
         <input_file_ref idref="fl-14a"/>
      </object_component>
      <object_component id="oc-259">
         <name>.debug_info</name>
         <load_address>0x273fc</load_address>
         <run_address>0x273fc</run_address>
         <size>0x113</size>
         <input_file_ref idref="fl-148"/>
      </object_component>
      <object_component id="oc-25f">
         <name>.debug_info</name>
         <load_address>0x2750f</load_address>
         <run_address>0x2750f</run_address>
         <size>0xf0</size>
         <input_file_ref idref="fl-14b"/>
      </object_component>
      <object_component id="oc-262">
         <name>.debug_info</name>
         <load_address>0x275ff</load_address>
         <run_address>0x275ff</run_address>
         <size>0x10e</size>
         <input_file_ref idref="fl-b"/>
      </object_component>
      <object_component id="oc-269">
         <name>.debug_info</name>
         <load_address>0x2770d</load_address>
         <run_address>0x2770d</run_address>
         <size>0x110</size>
         <input_file_ref idref="fl-b"/>
      </object_component>
      <object_component id="oc-26d">
         <name>.debug_info</name>
         <load_address>0x2781d</load_address>
         <run_address>0x2781d</run_address>
         <size>0x1745</size>
         <input_file_ref idref="fl-b"/>
      </object_component>
      <object_component id="oc-271">
         <name>.debug_info</name>
         <load_address>0x28f62</load_address>
         <run_address>0x28f62</run_address>
         <size>0x185</size>
         <input_file_ref idref="fl-a"/>
      </object_component>
      <object_component id="oc-276">
         <name>.debug_info</name>
         <load_address>0x290e7</load_address>
         <run_address>0x290e7</run_address>
         <size>0x223</size>
         <input_file_ref idref="fl-b"/>
      </object_component>
      <object_component id="oc-27b">
         <name>.debug_info</name>
         <load_address>0x2930a</load_address>
         <run_address>0x2930a</run_address>
         <size>0xb68</size>
         <input_file_ref idref="fl-14a"/>
      </object_component>
      <object_component id="oc-280">
         <name>.debug_info</name>
         <load_address>0x29e72</load_address>
         <run_address>0x29e72</run_address>
         <size>0x76</size>
         <input_file_ref idref="fl-a"/>
      </object_component>
      <object_component id="oc-285">
         <name>.debug_info</name>
         <load_address>0x29ee8</load_address>
         <run_address>0x29ee8</run_address>
         <size>0x237</size>
         <input_file_ref idref="fl-14a"/>
      </object_component>
      <object_component id="oc-28a">
         <name>.debug_info</name>
         <load_address>0x2a11f</load_address>
         <run_address>0x2a11f</run_address>
         <size>0x30e</size>
         <input_file_ref idref="fl-a"/>
      </object_component>
      <object_component id="oc-28f">
         <name>.debug_info</name>
         <load_address>0x2a42d</load_address>
         <run_address>0x2a42d</run_address>
         <size>0x1477</size>
         <input_file_ref idref="fl-b"/>
      </object_component>
      <object_component id="oc-294">
         <name>.debug_info</name>
         <load_address>0x2b8a4</load_address>
         <run_address>0x2b8a4</run_address>
         <size>0x2d3</size>
         <input_file_ref idref="fl-a"/>
      </object_component>
      <object_component id="oc-29d">
         <name>.debug_info</name>
         <load_address>0x2bb77</load_address>
         <run_address>0x2bb77</run_address>
         <size>0x1d4</size>
         <input_file_ref idref="fl-144"/>
      </object_component>
      <object_component id="oc-2a1">
         <name>.debug_info</name>
         <load_address>0x2bd4b</load_address>
         <run_address>0x2bd4b</run_address>
         <size>0xd9</size>
         <input_file_ref idref="fl-144"/>
      </object_component>
      <object_component id="oc-2a9">
         <name>.debug_info</name>
         <load_address>0x2be24</load_address>
         <run_address>0x2be24</run_address>
         <size>0xcb</size>
         <input_file_ref idref="fl-a"/>
      </object_component>
      <object_component id="oc-2ae">
         <name>.debug_info</name>
         <load_address>0x2beef</load_address>
         <run_address>0x2beef</run_address>
         <size>0x2d3</size>
         <input_file_ref idref="fl-a"/>
      </object_component>
      <object_component id="oc-2b3">
         <name>.debug_info</name>
         <load_address>0x2c1c2</load_address>
         <run_address>0x2c1c2</run_address>
         <size>0x418</size>
         <input_file_ref idref="fl-a"/>
      </object_component>
      <object_component id="oc-2b8">
         <name>.debug_info</name>
         <load_address>0x2c5da</load_address>
         <run_address>0x2c5da</run_address>
         <size>0x21c</size>
         <input_file_ref idref="fl-a"/>
      </object_component>
      <object_component id="oc-2bd">
         <name>.debug_info</name>
         <load_address>0x2c7f6</load_address>
         <run_address>0x2c7f6</run_address>
         <size>0x4f</size>
         <input_file_ref idref="fl-a"/>
      </object_component>
      <object_component id="oc-2c2">
         <name>.debug_info</name>
         <load_address>0x2c845</load_address>
         <run_address>0x2c845</run_address>
         <size>0x2c</size>
         <input_file_ref idref="fl-a"/>
      </object_component>
      <object_component id="oc-2c7">
         <name>.debug_info</name>
         <load_address>0x2c871</load_address>
         <run_address>0x2c871</run_address>
         <size>0x1df</size>
         <input_file_ref idref="fl-14d"/>
      </object_component>
      <object_component id="oc-2cc">
         <name>.debug_info</name>
         <load_address>0x2ca50</load_address>
         <run_address>0x2ca50</run_address>
         <size>0x5f2</size>
         <input_file_ref idref="fl-14d"/>
      </object_component>
      <object_component id="oc-2d1">
         <name>.debug_info</name>
         <load_address>0x2d042</load_address>
         <run_address>0x2d042</run_address>
         <size>0x1ec</size>
         <input_file_ref idref="fl-14d"/>
      </object_component>
      <object_component id="oc-2d6">
         <name>.debug_info</name>
         <load_address>0x2d22e</load_address>
         <run_address>0x2d22e</run_address>
         <size>0x22a</size>
         <input_file_ref idref="fl-a"/>
      </object_component>
      <object_component id="oc-2db">
         <name>.debug_info</name>
         <load_address>0x2d458</load_address>
         <run_address>0x2d458</run_address>
         <size>0xcc</size>
         <input_file_ref idref="fl-14d"/>
      </object_component>
      <object_component id="oc-2e0">
         <name>.debug_info</name>
         <load_address>0x2d524</load_address>
         <run_address>0x2d524</run_address>
         <size>0x18f</size>
         <input_file_ref idref="fl-14d"/>
      </object_component>
      <object_component id="oc-2e5">
         <name>.debug_info</name>
         <load_address>0x2d6b3</load_address>
         <run_address>0x2d6b3</run_address>
         <size>0xcc</size>
         <input_file_ref idref="fl-14d"/>
      </object_component>
      <object_component id="oc-2ea">
         <name>.debug_info</name>
         <load_address>0x2d77f</load_address>
         <run_address>0x2d77f</run_address>
         <size>0x18f</size>
         <input_file_ref idref="fl-14d"/>
      </object_component>
      <object_component id="oc-2ef">
         <name>.debug_info</name>
         <load_address>0x2d90e</load_address>
         <run_address>0x2d90e</run_address>
         <size>0x237</size>
         <input_file_ref idref="fl-a"/>
      </object_component>
      <object_component id="oc-2f4">
         <name>.debug_info</name>
         <load_address>0x2db45</load_address>
         <run_address>0x2db45</run_address>
         <size>0x167</size>
         <input_file_ref idref="fl-14d"/>
      </object_component>
      <object_component id="oc-2f9">
         <name>.debug_info</name>
         <load_address>0x2dcac</load_address>
         <run_address>0x2dcac</run_address>
         <size>0x2e6</size>
         <input_file_ref idref="fl-14d"/>
      </object_component>
      <object_component id="oc-2fe">
         <name>.debug_info</name>
         <load_address>0x2df92</load_address>
         <run_address>0x2df92</run_address>
         <size>0x20b</size>
         <input_file_ref idref="fl-14d"/>
      </object_component>
      <object_component id="oc-303">
         <name>.debug_info</name>
         <load_address>0x2e19d</load_address>
         <run_address>0x2e19d</run_address>
         <size>0x755</size>
         <input_file_ref idref="fl-14d"/>
      </object_component>
      <object_component id="oc-308">
         <name>.debug_info</name>
         <load_address>0x2e8f2</load_address>
         <run_address>0x2e8f2</run_address>
         <size>0x45f</size>
         <input_file_ref idref="fl-14d"/>
      </object_component>
      <object_component id="oc-30d">
         <name>.debug_info</name>
         <load_address>0x2ed51</load_address>
         <run_address>0x2ed51</run_address>
         <size>0x167</size>
         <input_file_ref idref="fl-14d"/>
      </object_component>
      <object_component id="oc-312">
         <name>.debug_info</name>
         <load_address>0x2eeb8</load_address>
         <run_address>0x2eeb8</run_address>
         <size>0x1f2</size>
         <input_file_ref idref="fl-a"/>
      </object_component>
      <object_component id="oc-317">
         <name>.debug_info</name>
         <load_address>0x2f0aa</load_address>
         <run_address>0x2f0aa</run_address>
         <size>0x25b</size>
         <input_file_ref idref="fl-14d"/>
      </object_component>
      <object_component id="oc-31c">
         <name>.debug_info</name>
         <load_address>0x2f305</load_address>
         <run_address>0x2f305</run_address>
         <size>0x2ba</size>
         <input_file_ref idref="fl-14d"/>
      </object_component>
      <object_component id="oc-321">
         <name>.debug_info</name>
         <load_address>0x2f5bf</load_address>
         <run_address>0x2f5bf</run_address>
         <size>0x150</size>
         <input_file_ref idref="fl-14d"/>
      </object_component>
      <object_component id="oc-326">
         <name>.debug_info</name>
         <load_address>0x2f70f</load_address>
         <run_address>0x2f70f</run_address>
         <size>0xcc</size>
         <input_file_ref idref="fl-14d"/>
      </object_component>
      <object_component id="oc-32b">
         <name>.debug_info</name>
         <load_address>0x2f7db</load_address>
         <run_address>0x2f7db</run_address>
         <size>0x8a</size>
         <input_file_ref idref="fl-14d"/>
      </object_component>
      <object_component id="oc-332">
         <name>.debug_info</name>
         <load_address>0x2f865</load_address>
         <run_address>0x2f865</run_address>
         <size>0x5f</size>
         <input_file_ref idref="fl-146"/>
      </object_component>
      <object_component id="oc-343">
         <name>.debug_info</name>
         <load_address>0x2f8c4</load_address>
         <run_address>0x2f8c4</run_address>
         <size>0x107</size>
         <input_file_ref idref="fl-14c"/>
      </object_component>
      <object_component id="oc-346">
         <name>.debug_info</name>
         <load_address>0x2f9cb</load_address>
         <run_address>0x2f9cb</run_address>
         <size>0x116</size>
         <input_file_ref idref="fl-b"/>
      </object_component>
      <object_component id="oc-34e">
         <name>.debug_info</name>
         <load_address>0x2fae1</load_address>
         <run_address>0x2fae1</run_address>
         <size>0x86</size>
         <input_file_ref idref="fl-b"/>
      </object_component>
      <object_component id="oc-353">
         <name>.debug_info</name>
         <load_address>0x2fb67</load_address>
         <run_address>0x2fb67</run_address>
         <size>0x195</size>
         <input_file_ref idref="fl-b"/>
      </object_component>
      <object_component id="oc-35b">
         <name>.debug_info</name>
         <load_address>0x2fcfc</load_address>
         <run_address>0x2fcfc</run_address>
         <size>0x3b9</size>
         <input_file_ref idref="fl-a"/>
      </object_component>
      <object_component id="oc-360">
         <name>.debug_info</name>
         <load_address>0x300b5</load_address>
         <run_address>0x300b5</run_address>
         <size>0x2e6</size>
         <input_file_ref idref="fl-a"/>
      </object_component>
      <object_component id="oc-365">
         <name>.debug_info</name>
         <load_address>0x3039b</load_address>
         <run_address>0x3039b</run_address>
         <size>0x1e7</size>
         <input_file_ref idref="fl-a"/>
      </object_component>
      <object_component id="oc-36a">
         <name>.debug_info</name>
         <load_address>0x30582</load_address>
         <run_address>0x30582</run_address>
         <size>0x3bf</size>
         <input_file_ref idref="fl-a"/>
      </object_component>
      <object_component id="oc-36f">
         <name>.debug_info</name>
         <load_address>0x30941</load_address>
         <run_address>0x30941</run_address>
         <size>0x4f2</size>
         <input_file_ref idref="fl-a"/>
      </object_component>
      <object_component id="oc-374">
         <name>.debug_info</name>
         <load_address>0x30e33</load_address>
         <run_address>0x30e33</run_address>
         <size>0x967</size>
         <input_file_ref idref="fl-a"/>
      </object_component>
      <object_component id="oc-379">
         <name>.debug_info</name>
         <load_address>0x3179a</load_address>
         <run_address>0x3179a</run_address>
         <size>0x45f</size>
         <input_file_ref idref="fl-a"/>
      </object_component>
      <object_component id="oc-37e">
         <name>.debug_info</name>
         <load_address>0x31bf9</load_address>
         <run_address>0x31bf9</run_address>
         <size>0x2d7</size>
         <input_file_ref idref="fl-a"/>
      </object_component>
      <object_component id="oc-384">
         <name>.debug_info</name>
         <load_address>0x31ed0</load_address>
         <run_address>0x31ed0</run_address>
         <size>0x236</size>
         <input_file_ref idref="fl-14c"/>
      </object_component>
      <object_component id="oc-38b">
         <name>.debug_info</name>
         <load_address>0x32106</load_address>
         <run_address>0x32106</run_address>
         <size>0x15e</size>
         <input_file_ref idref="fl-14c"/>
      </object_component>
      <object_component id="oc-391">
         <name>.debug_info</name>
         <load_address>0x32264</load_address>
         <run_address>0x32264</run_address>
         <size>0x3f2</size>
         <input_file_ref idref="fl-14c"/>
      </object_component>
      <object_component id="oc-396">
         <name>.debug_info</name>
         <load_address>0x32656</load_address>
         <run_address>0x32656</run_address>
         <size>0x389</size>
         <input_file_ref idref="fl-14c"/>
      </object_component>
      <object_component id="oc-39d">
         <name>.debug_info</name>
         <load_address>0x329df</load_address>
         <run_address>0x329df</run_address>
         <size>0x16f9</size>
         <input_file_ref idref="fl-14c"/>
      </object_component>
      <object_component id="oc-3a1">
         <name>.debug_info</name>
         <load_address>0x340d8</load_address>
         <run_address>0x340d8</run_address>
         <size>0x1c6</size>
         <input_file_ref idref="fl-15f"/>
      </object_component>
      <object_component id="oc-3a7">
         <name>.debug_info</name>
         <load_address>0x3429e</load_address>
         <run_address>0x3429e</run_address>
         <size>0x1c0</size>
         <input_file_ref idref="fl-15f"/>
      </object_component>
      <object_component id="oc-3ad">
         <name>.debug_info</name>
         <load_address>0x3445e</load_address>
         <run_address>0x3445e</run_address>
         <size>0x2d3</size>
         <input_file_ref idref="fl-14c"/>
      </object_component>
      <object_component id="oc-3b4">
         <name>.debug_info</name>
         <load_address>0x34731</load_address>
         <run_address>0x34731</run_address>
         <size>0x202</size>
         <input_file_ref idref="fl-14d"/>
      </object_component>
      <object_component id="oc-3ba">
         <name>.debug_info</name>
         <load_address>0x34933</load_address>
         <run_address>0x34933</run_address>
         <size>0x258</size>
         <input_file_ref idref="fl-15f"/>
      </object_component>
      <object_component id="oc-3c0">
         <name>.debug_info</name>
         <load_address>0x34b8b</load_address>
         <run_address>0x34b8b</run_address>
         <size>0x1c2</size>
         <input_file_ref idref="fl-15f"/>
      </object_component>
      <object_component id="oc-3c6">
         <name>.debug_info</name>
         <load_address>0x34d4d</load_address>
         <run_address>0x34d4d</run_address>
         <size>0x1be</size>
         <input_file_ref idref="fl-15f"/>
      </object_component>
      <object_component id="oc-3cc">
         <name>.debug_info</name>
         <load_address>0x34f0b</load_address>
         <run_address>0x34f0b</run_address>
         <size>0x1c4</size>
         <input_file_ref idref="fl-15f"/>
      </object_component>
      <object_component id="oc-3d2">
         <name>.debug_info</name>
         <load_address>0x350cf</load_address>
         <run_address>0x350cf</run_address>
         <size>0x101</size>
         <input_file_ref idref="fl-14b"/>
      </object_component>
      <object_component id="oc-3d5">
         <name>.debug_info</name>
         <load_address>0x351d0</load_address>
         <run_address>0x351d0</run_address>
         <size>0x251</size>
         <input_file_ref idref="fl-14c"/>
      </object_component>
      <object_component id="oc-3db">
         <name>.debug_info</name>
         <load_address>0x35421</load_address>
         <run_address>0x35421</run_address>
         <size>0x1cb</size>
         <input_file_ref idref="fl-14c"/>
      </object_component>
      <object_component id="oc-3e1">
         <name>.debug_info</name>
         <load_address>0x355ec</load_address>
         <run_address>0x355ec</run_address>
         <size>0xb68</size>
         <input_file_ref idref="fl-14c"/>
      </object_component>
      <object_component id="oc-3e6">
         <name>.debug_info</name>
         <load_address>0x36154</load_address>
         <run_address>0x36154</run_address>
         <size>0x62</size>
         <input_file_ref idref="fl-14c"/>
      </object_component>
      <object_component id="oc-3ec">
[...]
            <allocated_space>
               <start_address>0x20000500</start_address>
               <size>0x1c</size>
               <logical_group_ref idref="lg-12"/>
            </allocated_space>
            <available_space>
               <start_address>0x2000051c</start_address>
               <size>0x3fae4</size>
            </available_space>
         </usage_details>
      </memory_area>
   </placement_map>
   <cptbl_list>
      <cptbl>
         <name>__TI_cinit_table</name>
         <cprec>
            <name>.data</name>
            <load_address>0x11c8</load_address>
            <load_size>0x13</load_size>
            <run_address>0x20000500</run_address>
            <run_size>0x1c</run_size>
            <compression>rle</compression>
         </cprec>
         <cprec>
            <name>.bss</name>
            <load_address>0x11e8</load_address>
            <load_size>0x8</load_size>
            <run_address>0x20000300</run_address>
            <run_size>0x200</run_size>
            <compression>zero_init</compression>
         </cprec>
      </cptbl>
   </cptbl_list>
   <handler_table>
      <handler_table_name>__TI_handler_table</handler_table_name>
      <handler>
         <index>0x0</index>
         <name>__TI_decompress_rle24</name>
      </handler>
      <handler>
         <index>0x1</index>
         <name>__TI_decompress_none</name>
      </handler>
      <handler>
         <index>0x2</index>
         <name>__TI_zero_init</name>
      </handler>
   </handler_table>
   <symbol_table>
      <symbol id="sm-1">
         <name>ti_sysbios_family_arm_m3_Hwi_nvic</name>
         <value>0xe000e000</value>
      </symbol>
      <symbol id="sm-2">
         <name>xdc_runtime_Startup__EXECFXN__C</name>
         <value>0x1</value>
      </symbol>
      <symbol id="sm-3">
         <name>xdc_runtime_Startup__RESETFXN__C</name>
         <value>0x1</value>
      </symbol>
      <symbol id="sm-4">
         <name>TSK_idle</name>
         <value>0x130</value>
      </symbol>
      <symbol id="sm-5">
         <name>__STACK_TOP</name>
         <value>0x20000200</value>
      </symbol>
      <symbol id="sm-6">
         <name>__TI_CINIT_Base</name>
         <value>0x11f0</value>
      </symbol>
      <symbol id="sm-7">
         <name>__TI_CINIT_Limit</name>
         <value>0x1200</value>
      </symbol>
      <symbol id="sm-8">
         <name>__TI_Handler_Table_Base</name>
         <value>0x11dc</value>
      </symbol>
      <symbol id="sm-9">
         <name>__TI_Handler_Table_Limit</name>
         <value>0x11e8</value>
      </symbol>
      <symbol id="sm-a">
         <name>binit</name>
         <value>0xffffffff</value>
      </symbol>
      <symbol id="sm-b">
         <name>__binit__</name>
         <value>0xffffffff</value>
      </symbol>
      <symbol id="sm-c">
         <name>__STACK_SIZE</name>
         <value>0x300</value>
      </symbol>
      <symbol id="sm-d">
         <name>__STACK_END</name>
         <value>0x20000300</value>
      </symbol>
      <symbol id="sm-e">
         <name>__c_args__</name>
         <value>0xffffffff</value>
      </symbol>
      <symbol id="sm-120">
         <name>main</name>
         <value>0x5d9</value>
         <object_component_ref idref="oc-71"/>
      </symbol>
      <symbol id="sm-18e">
         <name>EK_TM4C1294XL_initGeneral</name>
         <value>0x521</value>
         <object_component_ref idref="oc-a2"/>
      </symbol>
      <symbol id="sm-18f">
         <name>i2cTivaHWAttrs</name>
         <value>0x115c</value>
         <object_component_ref idref="oc-15c"/>
      </symbol>
      <symbol id="sm-190">
         <name>i2cTivaObjects</name>
         <value>0x20000300</value>
         <object_component_ref idref="oc-345"/>
      </symbol>
      <symbol id="sm-191">
         <name>gpioHWAttrs</name>
         <value>0x117c</value>
         <object_component_ref idref="oc-268"/>
      </symbol>
      <symbol id="sm-192">
         <name>I2C_config</name>
         <value>0x110c</value>
         <object_component_ref idref="oc-261"/>
      </symbol>
      <symbol id="sm-193">
         <name>EK_TM4C1294XL_initGPIO</name>
         <value>0xe11</value>
         <object_component_ref idref="oc-a8"/>
      </symbol>
      <symbol id="sm-194">
         <name>GPIO_config</name>
         <value>0x1148</value>
         <object_component_ref idref="oc-15c"/>
      </symbol>
      <symbol id="sm-195">
         <name>EK_TM4C1294XL_initI2C</name>
         <value>0x455</value>
         <object_component_ref idref="oc-ae"/>
      </symbol>
      <symbol id="sm-1a9">
         <name>_c_int00</name>
         <value>0xa41</value>
         <object_component_ref idref="oc-16"/>
      </symbol>
      <symbol id="sm-1aa">
         <name>__stack</name>
         <value>0x20000000</value>
         <object_component_ref idref="oc-2d"/>
      </symbol>
      <symbol id="sm-1c9">
         <name>__TI_auto_init</name>
         <value>0x67d</value>
         <object_component_ref idref="oc-2f"/>
      </symbol>
      <symbol id="sm-1e2">
         <name>_args_main</name>
         <value>0xf31</value>
         <object_component_ref idref="oc-34"/>
      </symbol>
      <symbol id="sm-1f9">
         <name>__TI_decompress_none</name>
         <value>0xff5</value>
         <object_component_ref idref="oc-1b"/>
      </symbol>
      <symbol id="sm-21d">
         <name>__TI_decompress_rle24</name>
         <value>0x1065</value>
         <object_component_ref idref="oc-27"/>
      </symbol>
      <symbol id="sm-236">
         <name>__TI_zero_init</name>
         <value>0xfc3</value>
         <object_component_ref idref="oc-21"/>
      </symbol>
      <symbol id="sm-24f">
         <name>copy_in</name>
         <value>0xbc5</value>
         <object_component_ref idref="oc-64"/>
      </symbol>
      <symbol id="sm-26a">
         <name>memcpy</name>
         <value>0x71d</value>
         <object_component_ref idref="oc-44"/>
      </symbol>
      <symbol id="sm-26b">
         <name>__aeabi_memcpy</name>
         <value>0x71d</value>
         <object_component_ref idref="oc-44"/>
      </symbol>
      <symbol id="sm-26c">
         <name>__aeabi_memcpy8</name>
         <value>0x71d</value>
         <object_component_ref idref="oc-44"/>
      </symbol>
      <symbol id="sm-26d">
         <name>__aeabi_memcpy4</name>
         <value>0x71d</value>
         <object_component_ref idref="oc-44"/>
      </symbol>
      <symbol id="sm-287">
         <name>rand</name>
         <value>0xaff</value>
         <object_component_ref idref="oc-ba"/>
      </symbol>
      <symbol id="sm-288">
         <name>srand</name>
         <value>0xae9</value>
         <object_component_ref idref="oc-ba"/>
      </symbol>
      <symbol id="sm-290">
         <name>main_func_sp</name>
         <value>0x20000518</value>
         <object_component_ref idref="oc-40"/>
      </symbol>
      <symbol id="sm-2a9">
         <name>_nop</name>
         <value>0xf87</value>
         <object_component_ref idref="oc-299"/>
      </symbol>
      <symbol id="sm-2aa">
         <name>_lock</name>
         <value>0x20000508</value>
         <object_component_ref idref="oc-166"/>
      </symbol>
      <symbol id="sm-2ab">
         <name>_unlock</name>
         <value>0x2000050c</value>
         <object_component_ref idref="oc-166"/>
      </symbol>
      <symbol id="sm-2ac">
         <name>_register_lock</name>
         <value>0xf7f</value>
         <object_component_ref idref="oc-299"/>
      </symbol>
      <symbol id="sm-2ad">
         <name>_register_unlock</name>
         <value>0xf79</value>
         <object_component_ref idref="oc-299"/>
      </symbol>
      <symbol id="sm-2c2">
         <name>SysCtlPeripheralEnable</name>
         <value>0xd49</value>
         <object_component_ref idref="oc-111"/>
      </symbol>
      <symbol id="sm-315">
         <name>GPIOPinConfigure</name>
         <value>0xb35</value>
         <object_component_ref idref="oc-131"/>
      </symbol>
      <symbol id="sm-316">
         <name>GPIOPinTypeI2CSCL</name>
         <value>0xfb1</value>
         <object_component_ref idref="oc-137"/>
      </symbol>
      <symbol id="sm-317">
         <name>GPIOPinTypeI2C</name>
         <value>0xf9f</value>
         <object_component_ref idref="oc-13d"/>
      </symbol>
      <symbol id="sm-318">
         <name>GPIOPinTypeGPIOInput</name>
         <value>0xf8d</value>
         <object_component_ref idref="oc-11e"/>
      </symbol>
      <symbol id="sm-319">
         <name>GPIOPinTypeGPIOOutput</name>
         <value>0xf19</value>
         <object_component_ref idref="oc-118"/>
      </symbol>
      <symbol id="sm-31a">
         <name>GPIODirModeSet</name>
         <value>0xe3d</value>
         <object_component_ref idref="oc-247"/>
      </symbol>
      <symbol id="sm-31b">
         <name>GPIOPinWrite</name>
         <value>0x1053</value>
         <object_component_ref idref="oc-150"/>
      </symbol>
      <symbol id="sm-31c">
         <name>GPIOPadConfigSet</name>
         <value>0x175</value>
         <object_component_ref idref="oc-124"/>
      </symbol>
      <symbol id="sm-352">
         <name>GPIO_init</name>
         <value>0xeb9</value>
         <object_component_ref idref="oc-12a"/>
      </symbol>
      <symbol id="sm-353">
         <name>GPIO_write</name>
         <value>0xe69</value>
         <object_component_ref idref="oc-b4"/>
      </symbol>
      <symbol id="sm-378">
         <name>I2C_init</name>
         <value>0xd11</value>
         <object_component_ref idref="oc-143"/>
      </symbol>
      <symbol id="sm-379">
         <name>I2C_defaultParams</name>
         <value>0x11bc</value>
         <object_component_ref idref="oc-3d1"/>
      </symbol>
      <symbol id="sm-49a">
         <name>I2CTiva_fxnTable</name>
         <value>0x11ac</value>
         <object_component_ref idref="oc-342"/>
      </symbol>
      <symbol id="sm-49b">
         <name>I2CTiva_close</name>
         <value>0xdaf</value>
         <object_component_ref idref="oc-383"/>
      </symbol>
      <symbol id="sm-49c">
         <name>I2CTiva_transfer</name>
         <value>0x841</value>
         <object_component_ref idref="oc-395"/>
      </symbol>
      <symbol id="sm-49d">
         <name>I2CTiva_open</name>
         <value>0x2a5</value>
         <object_component_ref idref="oc-38f"/>
      </symbol>
      <symbol id="sm-49e">
         <name>I2CTiva_init</name>
         <value>0x1031</value>
         <object_component_ref idref="oc-389"/>
      </symbol>
      <symbol id="sm-635">
         <name>ti_sysbios_knl_Queue_put__E</name>
         <value>0xefd</value>
         <object_component_ref idref="oc-4b5"/>
      </symbol>
      <symbol id="sm-636">
         <name>ti_sysbios_knl_Semaphore_pend__E</name>
         <value>0x1</value>
         <object_component_ref idref="oc-3eb"/>
      </symbol>
      <symbol id="sm-637">
         <name>ti_sysbios_knl_Task_allBlockedFunction__I</name>
         <value>0xc91</value>
         <object_component_ref idref="oc-518"/>
      </symbol>
      <symbol id="sm-638">
         <name>ti_sysbios_knl_Semaphore_pendTimeout__I</name>
         <value>0xd7d</value>
         <object_component_ref idref="oc-4c1"/>
      </symbol>
      <symbol id="sm-639">
         <name>ti_sysbios_family_arm_m3_Hwi_enableInterrupt__E</name>
         <value>0xc4d</value>
         <object_component_ref idref="oc-3fd"/>
      </symbol>
      <symbol id="sm-63a">
         <name>ti_sysbios_BIOS_getCpuFreq__E</name>
         <value>0xfd5</value>
         <object_component_ref idref="oc-3b3"/>
      </symbol>
      <symbol id="sm-63b">
         <name>ti_sysbios_knl_Semaphore_post__E</name>
         <value>0x8c1</value>
         <object_component_ref idref="oc-403"/>
      </symbol>
      <symbol id="sm-63c">
         <name>ti_sysbios_knl_Idle_run__E</name>
         <value>0xedd</value>
         <object_component_ref idref="oc-51f"/>
      </symbol>
      <symbol id="sm-63d">
         <name>ti_sysbios_knl_Task_schedule__I</name>
         <value>0x7b9</value>
         <object_component_ref idref="oc-50f"/>
      </symbol>
      <symbol id="sm-63e">
         <name>ti_sysbios_knl_Task_restore__E</name>
         <value>0xe91</value>
         <object_component_ref idref="oc-4bb"/>
      </symbol>
      <symbol id="sm-63f">
         <name>ti_sysbios_BIOS_start__E</name>
         <value>0xfe5</value>
         <object_component_ref idref="oc-c0"/>
      </symbol>
      <symbol id="sm-640">
         <name>ti_sysbios_family_arm_m3_Hwi_disableFxn__E</name>
         <value>0x1003</value>
         <object_component_ref idref="oc-14a"/>
      </symbol>
      <symbol id="sm-641">
         <name>ti_sysbios_family_arm_m3_Hwi_restoreFxn__E</name>
         <value>0x106b</value>
         <object_component_ref idref="oc-156"/>
      </symbol>
      <symbol id="sm-642">
         <name>ti_sysbios_knl_Task_unblockI__E</name>
         <value>0x9e5</value>
         <object_component_ref idref="oc-4cb"/>
      </symbol>
      <symbol id="sm-643">
         <name>ti_sysbios_family_arm_m3_Hwi_disableInterrupt__E</name>
         <value>0xc09</value>
         <object_component_ref idref="oc-3f1"/>
      </symbol>
      <symbol id="sm-653">
         <name>xdc_runtime_Gate_enterSystem__E</name>
         <value>0x1011</value>
         <object_component_ref idref="oc-d3"/>
      </symbol>
      <symbol id="sm-668">
         <name>xdc_runtime_Startup_exec__E</name>
         <value>0xa99</value>
         <object_component_ref idref="oc-6a"/>
      </symbol>
      <symbol id="sm-692">
         <name>xdc_runtime_System_processAtExit__E</name>
         <value>0xde1</value>
         <object_component_ref idref="oc-7e"/>
      </symbol>
      <symbol id="sm-693">
         <name>xdc_runtime_System_exit__E</name>
         <value>0xf49</value>
         <object_component_ref idref="oc-3a"/>
      </symbol>
      <symbol id="sm-700">
         <name>I2CMasterIntDisable</name>
         <value>0x1059</value>
         <object_component_ref idref="oc-3a0"/>
      </symbol>
      <symbol id="sm-701">
         <name>I2CMasterDataPut</name>
         <value>0x1079</value>
         <object_component_ref idref="oc-474"/>
      </symbol>
      <symbol id="sm-702">
         <name>I2CMasterInitExpClk</name>
         <value>0xb7d</value>
         <object_component_ref idref="oc-3b9"/>
      </symbol>
      <symbol id="sm-703">
         <name>I2CMasterIntEnable</name>
         <value>0x105f</value>
         <object_component_ref idref="oc-3cb"/>
      </symbol>
      <symbol id="sm-704">
         <name>I2CMasterSlaveAddrSet</name>
         <value>0x1043</value>
         <object_component_ref idref="oc-46e"/>
      </symbol>
      <symbol id="sm-705">
         <name>I2CMasterDataGet</name>
         <value>0x1075</value>
         <object_component_ref idref="oc-468"/>
      </symbol>
      <symbol id="sm-706">
         <name>I2CMasterErr</name>
         <value>0xf61</value>
         <object_component_ref idref="oc-462"/>
      </symbol>
      <symbol id="sm-707">
         <name>I2CMasterControl</name>
         <value>0x1071</value>
         <object_component_ref idref="oc-47a"/>
      </symbol>
      <symbol id="sm-708">
         <name>I2CMasterEnable</name>
         <value>0x1027</value>
         <object_component_ref idref="oc-3c5"/>
      </symbol>
      <symbol id="sm-709">
         <name>I2CMasterIntClear</name>
         <value>0x103b</value>
         <object_component_ref idref="oc-3bf"/>
      </symbol>
      <symbol id="sm-70a">
         <name>I2CMasterDisable</name>
         <value>0x101d</value>
         <object_component_ref idref="oc-3a6"/>
      </symbol>
      <symbol id="sm-70b">
         <name>__TI_static_base__</name>
         <value>0x0</value>
      </symbol>
      <symbol id="sm-70c">
         <name>xdc_runtime_System_printf__E</name>
         <value>0x0</value>
      </symbol>
      <symbol id="sm-70d">
         <name>ti_sysbios_family_arm_m3_Hwi_Params__init__S</name>
         <value>0x0</value>
      </symbol>
      <symbol id="sm-70e">
         <name>ti_sysbios_family_arm_m3_Hwi_construct</name>
         <value>0x0</value>
      </symbol>
      <symbol id="sm-70f">
         <name>xdc_runtime_Startup_reset__I</name>
         <value>0x0</value>
      </symbol>
      <symbol id="sm-710">
         <name>SHT$$INIT_ARRAY$$Limit</name>
         <value>0x0</value>
      </symbol>
      <symbol id="sm-711">
         <name>SHT$$INIT_ARRAY$$Base</name>
         <value>0x0</value>
      </symbol>
      <symbol id="sm-712">
         <name>__TI_args_main</name>
         <value>0x1</value>
      </symbol>
      <symbol id="sm-713">
         <name>ti_sysbios_knl_Semaphore_construct</name>
         <value>0x0</value>
      </symbol>
      <symbol id="sm-714">
         <name>ti_sysbios_knl_Semaphore_destruct</name>
         <value>0x0</value>
      </symbol>
      <symbol id="sm-715">
         <name>ti_sysbios_knl_Semaphore_Params__init__S</name>
         <value>0x0</value>
      </symbol>
      <symbol id="sm-716">
         <name>ti_sysbios_family_arm_m3_Hwi_destruct</name>
         <value>0x0</value>
      </symbol>
      <symbol id="sm-717">
         <name>ti_sysbios_knl_Clock_Module__state__V</name>
         <value>0x0</value>
      </symbol>
      <symbol id="sm-718">
         <name>ti_sysbios_knl_Idle_funcList__C</name>
         <value>0x0</value>
      </symbol>
      <symbol id="sm-719">
         <name>ti_sysbios_BIOS_Module__state__V</name>
         <value>0x0</value>
      </symbol>
      <symbol id="sm-71a">
         <name>ti_sysbios_knl_Task_hooks__C</name>
         <value>0x0</value>
      </symbol>
      <symbol id="sm-71b">
         <name>ti_sysbios_knl_Task_allBlockedFunc__C</name>
         <value>0x0</value>
      </symbol>
      <symbol id="sm-71c">
         <name>ti_sysbios_knl_Clock_Module_State_clockQ__O</name>
         <value>0x0</value>
      </symbol>
      <symbol id="sm-71d">
         <name>ti_sysbios_knl_Task_Module__state__V</name>
         <value>0x0</value>
      </symbol>
      <symbol id="sm-71e">
         <name>ti_sysbios_knl_Semaphore_Instance_State_pendQ__O</name>
         <value>0x0</value>
      </symbol>
      <symbol id="sm-71f">
         <name>ti_sysbios_knl_Task_SupportProxy_swap__E</name>
         <value>0x0</value>
      </symbol>
      <symbol id="sm-720">
         <name>xdc_runtime_System_Module__gateObj__C</name>
         <value>0x0</value>
      </symbol>
      <symbol id="sm-721">
         <name>xdc_runtime_System_Module_GateProxy_enter__E</name>
         <value>0x0</value>
      </symbol>
      <symbol id="sm-722">
         <name>xdc_runtime_Startup_lastFxns__C</name>
         <value>0x0</value>
      </symbol>
      <symbol id="sm-723">
         <name>xdc_runtime_Startup_execImpl__C</name>
         <value>0x0</value>
      </symbol>
      <symbol id="sm-724">
         <name>xdc_runtime_Startup_Module__state__V</name>
         <value>0x0</value>
      </symbol>
      <symbol id="sm-725">
         <name>xdc_runtime_Startup_firstFxns__C</name>
         <value>0x0</value>
      </symbol>
      <symbol id="sm-726">
         <name>xdc_runtime_System_exitFxn__C</name>
         <value>0x0</value>
      </symbol>
      <symbol id="sm-727">
         <name>xdc_runtime_System_Module__state__V</name>
         <value>0x0</value>
      </symbol>
      <symbol id="sm-728">
         <name>xdc_runtime_System_SupportProxy_flush__E</name>
         <value>0x0</value>
      </symbol>
      <symbol id="sm-729">
         <name>xdc_runtime_System_SupportProxy_exit__E</name>
         <value>0x0</value>
      </symbol>
      <symbol id="sm-72d">
         <name>ti_sysbios_family_arm_lm4_TimestampProvider_getFreq__E</name>
         <value>0xfd5</value>
      </symbol>
      <symbol id="sm-72e">
         <name>xdc_runtime_System_flush__E</name>
         <value>0x0</value>
      </symbol>
   </symbol_table>
   <title>Link errors: red sections failed placement</title>
</link_info>
