******************************************************************************
                  TI ARM Linker PC v5.1.7                      
******************************************************************************
>> Linked Tue Aug 12 19:57:58 2014

OUTPUT FILE NAME:   <i2crf430cl330_load_TivaTM4C1294NCPDT.out>
ENTRY POINT SYMBOL: "_c_int00"  address: 000038a5


MEMORY CONFIGURATION

         name            origin    length      used     unused   attr    fill
----------------------  --------  ---------  --------  --------  ----  --------
  FLASH                 00000000   00100000  00005e74  000fa18c  R  X
  SRAM                  20000000   00040000  000027c8  0003d838  RW X


SEGMENT ALLOCATION MAP

run origin  load origin   length   init length attrs members
----------  ----------- ---------- ----------- ----- -------
00000000    00000000    00005e78   00005e78    r-x
  00000000    00000000    0000003c   0000003c    r-- .resetVecs
  0000003c    0000003c    000052e4   000052e4    r-x .text
  00005320    00005320    00000764   00000764    r-- .const
  00005a88    00005a88    000003f0   000003f0    r-- .cinit
20000000    20000000    000027c8   00000000    rw-
  20000000    20000000    00000360   00000000    rw- .vecs
  20000360    20000360    00001b1c   00000000    rw- .bss
  20001e7c    20001e7c    0000064c   00000000    rw- .data
  200024c8    200024c8    00000300   00000000    rw- .stack


SECTION ALLOCATION MAP

 output                                  attributes/
section   page    origin      length       input sections
--------  ----  ----------  ----------   ----------------
.bootVecs 
*          0    00000000    00000008     DSECT
                  00000000    00000008     boot.aem4f : boot.oem4f (.bootVecs)

.resetVecs 
*          0    00000000    0000003c     
                  00000000    0000003c     i2crf430cl330_load_pem4f.oem4f (.resetVecs)

xdc.meta   0    00000000    00000128     COPY SECTION
                  00000000    00000128     i2crf430cl330_load_pem4f.oem4f (xdc.meta)

xdc.noload 
*          0    00000000    00001282     COPY SECTION
                  00000000    00001282     i2crf430cl330_load_pem4f.oem4f (xdc.noload)

.init_array 
*          0    00000000    00000000     UNINITIALIZED

.text      0    0000003c    000052e4     
                  0000003c    0000042c     sysbios.aem4f : BIOS.obj (.text:ti_sysbios_family_arm_m3_Hwi_excDumpRegs__I)
                  00000468    0000033c     ti.targets.arm.rtsarm.aem4f : System.oem4f (.text:xdc_runtime_System_doPrint__I)
                  000007a4    000002d4     rtsv7M4_T_le_v4SPD16_eabi.lib : trgdrv.obj (.text)
                  00000a78    000001fc     Boot.aem4f : Boot_sysctl.oem4f (.text:ti_catalog_arm_cortexm4_tiva_ce_Boot_sysCtlClockFreqSetI__I)
                  00000c74    000001e8     sysbios.aem4f : BIOS.obj (.text:ti_sysbios_family_arm_m3_Hwi_excHandlerMax__I)
                  00000e5c    00000174                   : BIOS.obj (.text:ti_sysbios_knl_Semaphore_pend__E)
                  00000fd0    00000168                   : BIOS.obj (.text:ti_sysbios_family_arm_m3_Hwi_excBusFault__I)
                  00001138    00000154                   : BIOS.obj (.text:ti_sysbios_family_arm_m3_Hwi_excUsageFault__I)
                  0000128c    00000144     ti.targets.arm.rtsarm.aem4f : HeapStd.oem4f (.text:xdc_runtime_HeapStd_alloc__E)
                  000013d0    00000140     sysbios.aem4f : BIOS.obj (.text:ti_sysbios_family_arm_m3_Hwi_excMemFault__I)
                  00001510    00000130     driverlib.lib : gpio.obj (.text:GPIOPadConfigSet)
                  00001640    00000120     ti.targets.arm.rtsarm.aem4f : Error.oem4f (.text:xdc_runtime_Error_policyDefault__E)
                  00001760    00000104                                 : Core-mem.oem4f (.text:xdc_runtime_Core_createObject__I)
                  00001864    00000104     i2crf430cl330_load_pem4f.oem4f (.text:xdc_runtime_System_printfExtend__I)
                  00001968    00000100     sysbios.aem4f : BIOS.obj (.text:ti_sysbios_family_arm_lm4_Timer_start__E)
                  00001a68    000000fc     ti.targets.arm.rtsarm.aem4f : Startup.oem4f (.text:xdc_runtime_Startup_startMods__I)
                  00001b64    000000f4     sysbios.aem4f : m3_Hwi_asm.obj (.text:ti_sysbios_family_arm_m3_Hwi_dispatch__I)
                  00001c58    000000e0                   : BIOS.obj (.text:ti_sysbios_knl_Task_postInit__I)
                  00001d38    000000d8     i2c_tivaware.aem4f : I2CTiva.oem4f (.text:I2CTiva_open)
                  00001e10    000000d6                        : I2CTiva.oem4f (.text:I2CTiva_hwiFxn)
                  00001ee6    00000002     i2crf430cl330_load_pem4f.oem4f (.text:free)
                  00001ee8    000000cc     EK_TM4C1294XL.obj (.text:EK_TM4C1294XL_initI2C)
                  00001fb4    000000cc     ti.targets.arm.rtsarm.aem4f : Core-smem.oem4f (.text:xdc_runtime_Core_constructObject__I)
                  00002080    000000cc                                 : HeapStd.oem4f (.text:xdc_runtime_HeapStd_Instance_init__E)
                  0000214c    000000c4     i2crf430cl330_load.obj (.text:nfcLoadTask)
                  00002210    000000c4     sysbios.aem4f : BIOS.obj (.text:ti_sysbios_knl_Task_sleep__E)
                  000022d4    000000c4                   : BIOS.obj (.text:ti_sysbios_utils_Load_updateThreadContexts__E)
                  00002398    000000c0                   : BIOS.obj (.text:ti_sysbios_family_arm_lm4_TimestampProvider_get32__E)
                  00002458    000000b8     EK_TM4C1294XL.obj (.text:EK_TM4C1294XL_initGeneral)
                  00002510    000000b4     sysbios.aem4f : BIOS.obj (.text:ti_sysbios_family_arm_m3_Hwi_excHardFault__I)
                  000025c4    000000b0                   : BIOS.obj (.text:ti_sysbios_family_arm_m3_Hwi_excDebugMon__I)
                  00002674    000000ac                   : BIOS.obj (.text:ti_sysbios_family_arm_lm4_Timer_enableTiva__I)
                  00002720    000000a4     i2crf430cl330_load.obj (.text:main)
                  000027c4    000000a4     ti.targets.arm.rtsarm.aem4f : HeapStd.oem4f (.text:xdc_runtime_HeapStd_free__E)
                  00002868    000000a0     auto_init.aem4f : auto_init.oem4f (.text)
                  00002908    000000a0     sysbios.aem4f : BIOS.obj (.text:ti_sysbios_family_arm_m3_Hwi_Instance_init__E)
                  000029a8    0000009c     rtsv7M4_T_le_v4SPD16_eabi.lib : memcpy_t2.obj (.text)
                  00002a44    0000009a     ti.targets.arm.rtsarm.aem4f : Text.oem4f (.text:xdc_runtime_Text_putSite__E)
                  00002ade    00000002     i2crf430cl330_load_pem4f.oem4f (.text:ti_sysbios_BIOS_nullFunc__I)
                  00002ae0    00000094     i2crf430cl330_load.obj (.text:dummyTask)
                  00002b74    00000094     Boot.aem4f : Boot.oem4f (.text:ti_catalog_arm_cortexm4_tiva_ce_Boot_sysCtlClockFreqSet__E)
                  00002c08    00000094     sysbios.aem4f : BIOS.obj (.text:ti_sysbios_knl_Task_exit__E)
                  00002c9c    00000094     ti.targets.arm.rtsarm.aem4f : Text.oem4f (.text:xdc_runtime_Text_putMod__E)
                  00002d30    0000008c     sysbios.aem4f : BIOS.obj (.text:ti_sysbios_family_arm_m3_Hwi_initNVIC__E)
                  00002dbc    0000008c                   : m3_TaskSupport_asm.obj (.text:ti_sysbios_family_arm_m3_TaskSupport_buildTaskStack)
                  00002e48    0000008c                   : BIOS.obj (.text:ti_sysbios_knl_Task_startCore__E)
                  00002ed4    00000088                   : BIOS.obj (.text:ti_sysbios_knl_Task_schedule__I)
                  00002f5c    00000084                   : BIOS.obj (.text:ti_sysbios_knl_Task_Module_startup__E)
                  00002fe0    00000084                   : BIOS.obj (.text:ti_sysbios_utils_Load_updateLoads__E)
                  00003064    0000007e     i2c_tivaware.aem4f : I2CTiva.oem4f (.text:I2CTiva_transfer)
                  000030e2    00000002     sysbios.aem4f : BIOS.obj (.text:ti_sysbios_family_arm_m3_Hwi_doSwiRestore__I)
                  000030e4    0000007e     i2crf430cl330_load.obj (.text:writeRegister)
                  00003162    00000078     rtsv7M4_T_le_v4SPD16_eabi.lib : memset_t2.obj (.text)
                  000031da    00000002     sysbios.aem4f : BIOS.obj (.text:ti_sysbios_gates_GateHwi_Instance_init__E)
                  000031dc    00000078                   : BIOS.obj (.text:ti_sysbios_utils_Load_updateCurrentThreadTime__E)
                  00003254    00000070                   : BIOS.obj (.text:ti_sysbios_family_arm_m3_Hwi_postInit__I)
                  000032c4    00000070                   : BIOS.obj (.text:ti_sysbios_knl_Clock_workFunc__E)
                  00003334    00000070     ti.targets.arm.rtsarm.aem4f : Memory.oem4f (.text:xdc_runtime_Memory_alloc__E)
                  000033a4    0000006c     sysbios.aem4f : BIOS.obj (.text:ti_sysbios_utils_Load_taskCreateHook__E)
                  00003410    0000006c     ti.targets.arm.rtsarm.aem4f : Error.oem4f (.text:xdc_runtime_Error_print__E)
                  0000347c    00000066                                 : Core-mem.oem4f (.text:xdc_runtime_Core_deleteObject__I)
                  000034e2    00000002     sysbios.aem4f : BIOS.obj (.text:ti_sysbios_knl_Clock_logTick__E)
                  000034e4    00000064                   : BIOS.obj (.text:ti_sysbios_knl_Semaphore_post__E)
                  00003548    00000064                   : BIOS.obj (.text:ti_sysbios_utils_Load_idleFxn__E)
                  000035ac    00000062     i2c_tivaware.aem4f : I2CTiva.oem4f (.text:I2CTiva_primeTransfer)
                  0000360e    00000002     i2crf430cl330_load_pem4f.oem4f (.text:xdc_runtime_Startup_reset__I)
                  00003610    00000060     rtsv7M4_T_le_v4SPD16_eabi.lib : trgmsg.obj (.text)
                  00003670    00000060     sysbios.aem4f : BIOS.obj (.text:ti_sysbios_utils_Load_addTask__E)
                  000036d0    00000060     ti.targets.arm.rtsarm.aem4f : System.oem4f (.text:xdc_runtime_System_formatNum__I)
                  00003730    0000005e     rtsv7M4_T_le_v4SPD16_eabi.lib : copy_decompress_rle.obj (.text)
                  0000378e    00000002     --HOLE-- [fill = 0]
                  00003790    0000005c     sysbios.aem4f : BIOS.obj (.text:ti_sysbios_family_arm_lm4_Timer_Module_startup__E)
                  000037ec    0000005c                   : BIOS.obj (.text:ti_sysbios_knl_Task_unblockI__E)
                  00003848    0000005b     ti.targets.arm.rtsarm.aem4f : Text.oem4f (.text:xdc_runtime_Text_putLab__E)
                  000038a3    00000001     --HOLE-- [fill = 0]
                  000038a4    00000058     boot.aem4f : boot.oem4f (.text)
                  000038fc    00000058     i2crf430cl330_load_pem4f.oem4f (.text:ti_sysbios_family_arm_m3_Hwi_construct)
                  00003954    00000058     sysbios.aem4f : BIOS.obj (.text:ti_sysbios_family_arm_m3_Hwi_dispatchC__I)
                  000039ac    00000058                   : m3_Hwi_asm_switch.obj (.text:ti_sysbios_family_arm_m3_Hwi_initStacks__E)
                  00003a04    00000058     i2crf430cl330_load_pem4f.oem4f (.text:xdc_runtime_HeapStd_Object__create__S)
                  00003a5c    00000054     sysbios.aem4f : BIOS.obj (.text:ti_sysbios_family_arm_lm4_Timer_initDevice__I)
                  00003ab0    00000050     Boot.aem4f : Boot_sysctl.oem4f (.text:_SysCtlFrequencyGet)
                  00003b00    00000050     sysbios.aem4f : BIOS.obj (.text:ti_sysbios_utils_Load_taskSwitchHook__E)
                  00003b50    00000050     ti.targets.arm.rtsarm.aem4f : Startup.oem4f (.text:xdc_runtime_Startup_exec__E)
                  00003ba0    0000004e     i2crf430cl330_load.obj (.text:writedata)
                  00003bee    00000002     --HOLE-- [fill = 0]
                  00003bf0    0000004c     rtsv7M4_T_le_v4SPD16_eabi.lib : rand.obj (.text)
                  00003c3c    0000004c     sysbios.aem4f : BIOS.obj (.text:ti_sysbios_family_arm_m3_Hwi_Module_startup__E)
                  00003c88    00000048     driverlib.lib : gpio.obj (.text:GPIOPinConfigure)
                  00003cd0    00000048                   : i2c.obj (.text:I2CMasterInitExpClk)
                  00003d18    00000048     sysbios.aem4f : BIOS.obj (.text:ti_sysbios_family_arm_lm4_Timer_enableTimers__I)
                  00003d60    00000048                   : BIOS.obj (.text:ti_sysbios_family_arm_m3_Hwi_excReserved__I)
                  00003da8    00000048                   : BIOS.obj (.text:ti_sysbios_utils_Load_logLoads__I)
                  00003df0    00000048                   : BIOS.obj (.text:ti_sysbios_utils_Load_taskDeleteHook__E)
                  00003e38    00000048     ti.targets.arm.rtsarm.aem4f : Assert.oem4f (.text:xdc_runtime_Assert_raise__I)
                  00003e80    00000046                                 : Core-params.oem4f (.text:xdc_runtime_Core_assignParams__I)
                  00003ec6    00000002     --HOLE-- [fill = 0]
                  00003ec8    00000044     rtsv7M4_T_le_v4SPD16_eabi.lib : cpy_tbl.obj (.text)
                  00003f0c    00000044                                   : exit.obj (.text)
                  00003f50    00000044     sysbios.aem4f : BIOS.obj (.text:ti_sysbios_family_arm_lm4_Timer_isrStub__E)
                  00003f94    00000044                   : BIOS.obj (.text:ti_sysbios_family_arm_m3_Hwi_disableInterrupt__E)
                  00003fd8    00000044                   : BIOS.obj (.text:ti_sysbios_family_arm_m3_Hwi_enableInterrupt__E)
                  0000401c    00000044                   : BIOS.obj (.text:ti_sysbios_knl_Task_allBlockedFunction__I)
                  00004060    00000044                   : BIOS.obj (.text:ti_sysbios_utils_Load_removeTask__E)
                  000040a4    00000044     ti.targets.arm.rtsarm.aem4f : Error.oem4f (.text:xdc_runtime_Error_setX__E)
                  000040e8    00000044                                 : SysMin.oem4f (.text:xdc_runtime_SysMin_flush__E)
                  0000412c    00000042     rtsv7M4_T_le_v4SPD16_eabi.lib : u_divt2.obj (.text)
                  0000416e    00000002     --HOLE-- [fill = 0]
                  00004170    00000040     sysbios.aem4f : BIOS.obj (.text:ti_sysbios_family_arm_lm4_Timer_startup__E)
                  000041b0    0000003c     gpio_tivaware.aem4f : GPIO.oem4f (.text:GPIO_toggle)
                  000041ec    0000003c     sysbios.aem4f : BIOS.obj (.text:ti_sysbios_family_arm_m3_Hwi_excSvCall__I)
                  00004228    0000003c                   : BIOS.obj (.text:ti_sysbios_family_arm_m3_Hwi_getStackInfo__E)
                  00004264    0000003c     ti.targets.arm.rtsarm.aem4f : Text.oem4f (.text:xdc_runtime_Text_xprintf__I)
                  000042a0    0000003a     i2c_tivaware.aem4f : I2CTiva.oem4f (.text:I2CTiva_completeTransfer)
                  000042da    00000002     --HOLE-- [fill = 0]
                  000042dc    00000038                        : I2C.oem4f (.text:I2C_init)
                  00004314    00000038     sysbios.aem4f : BIOS.obj (.text:ti_sysbios_family_arm_m3_Hwi_excNoIsr__I)
                  0000434c    00000038                   : BIOS.obj (.text:ti_sysbios_family_arm_m3_TaskSupport_start__E)
                  00004384    00000038                   : BIOS.obj (.text:ti_sysbios_knl_Task_processVitalTaskFlag__I)
                  000043bc    00000038     ti.targets.arm.rtsarm.aem4f : SysMin.oem4f (.text:xdc_runtime_SysMin_putch__E)
                  000043f4    00000038                                 : System.oem4f (.text:xdc_runtime_System_atexit__E)
                  0000442c    00000034     driverlib.lib : sysctl.obj (.text:SysCtlPeripheralEnable)
                  00004460    00000034     sysbios.aem4f : BIOS.obj (.text:ti_sysbios_family_arm_m3_Hwi_excNmi__I)
                  00004494    00000034     ti.targets.arm.rtsarm.aem4f : Core-label.oem4f (.text:xdc_runtime_Core_assignLabel__I)
                  000044c8    00000033                                 : Text.oem4f (.text:xdc_runtime_Text_printVisFxn__I)
                  000044fb    00000001     --HOLE-- [fill = 0]
                  000044fc    00000032     sysbios.aem4f : BIOS.obj (.text:ti_sysbios_knl_Semaphore_pendTimeout__I)
                  0000452e    00000030     i2c_tivaware.aem4f : I2CTiva.oem4f (.text:I2CTiva_close)
                  0000455e    00000002     --HOLE-- [fill = 0]
                  00004560    00000030     sysbios.aem4f : BIOS.obj (.text:ti_sysbios_family_arm_lm4_Timer_stop__E)
                  00004590    00000030     i2crf430cl330_load_pem4f.oem4f (.text:ti_sysbios_gates_GateHwi_Object__create__S)
                  000045c0    00000030     i2crf430cl330_load_pem4f.oem4f (.text:ti_sysbios_gates_GateMutex_Object__create__S)
                  000045f0    00000030     sysbios.aem4f : BIOS.obj (.text:ti_sysbios_gates_GateMutex_enter__E)
                  00004620    00000030     i2crf430cl330_load_pem4f.oem4f (.text:ti_sysbios_knl_Semaphore_construct)
                  00004650    00000030     sysbios.aem4f : BIOS.obj (.text:ti_sysbios_utils_Load_getGlobalHwiLoad__E)
                  00004680    00000030                   : BIOS.obj (.text:ti_sysbios_utils_Load_getTaskLoad__E)
                  000046b0    00000030     ti.targets.arm.rtsarm.aem4f : SysMin.oem4f (.text:xdc_runtime_SysMin_abort__E)
                  000046e0    00000030                                 : System.oem4f (.text:xdc_runtime_System_processAtExit__E)
                  00004710    0000002c     EK_TM4C1294XL.obj (.text:EK_TM4C1294XL_initGPIO)
                  0000473c    0000002c     Boot.aem4f : Boot_sysctl.oem4f (.text:_SysCtlMemTimingGet)
                  00004768    0000002c     i2crf430cl330_load_pem4f.oem4f (.text:ti_sysbios_BIOS_atExitFunc__I)
                  00004794    0000002c     sysbios.aem4f : BIOS.obj (.text:ti_sysbios_hal_Hwi_initStack)
                  000047c0    0000002c     i2crf430cl330_load_pem4f.oem4f (.text:ti_sysbios_knl_Clock_doTick__I)
                  000047ec    0000002c     i2crf430cl330_load_pem4f.oem4f (.text:ti_sysbios_knl_Queue_construct)
                  00004818    0000002c     ti.targets.arm.rtsarm.aem4f : Text.oem4f (.text:xdc_runtime_Text_cordText__E)
                  00004844    0000002a     driverlib.lib : gpio.obj (.text:GPIODirModeSet)
                  0000486e    0000002a     ti.targets.arm.rtsarm.aem4f : System.oem4f (.text:xdc_runtime_System_putchar__I)
                  00004898    00000028     gpio_tivaware.aem4f : GPIO.oem4f (.text:GPIO_write)
                  000048c0    00000028     sysbios.aem4f : BIOS.obj (.text:ti_sysbios_family_arm_m3_Hwi_Instance_finalize__E)
                  000048e8    00000028                   : BIOS.obj (.text:ti_sysbios_knl_Clock_addI__E)
                  00004910    00000028                   : BIOS.obj (.text:ti_sysbios_knl_Task_restore__E)
                  00004938    00000026                   : m3_Hwi_asm.obj (.text:ti_sysbios_family_arm_m3_Hwi_pendSV__I)
                  0000495e    00000026     ti.targets.arm.rtsarm.aem4f : System.oem4f (.text:xdc_runtime_System_avprintf__E)
                  00004984    00000024     gpio_tivaware.aem4f : GPIO.oem4f (.text:GPIO_init)
                  000049a8    00000024     i2crf430cl330_load_pem4f.oem4f (.text:ti_sysbios_BIOS_errorRaiseHook__I)
                  000049cc    00000024     i2crf430cl330_load_pem4f.oem4f (.text:ti_sysbios_BIOS_registerRTSLock__I)
                  000049f0    00000024     i2crf430cl330_load_pem4f.oem4f (.text:ti_sysbios_BIOS_removeRTSLock__I)
                  00004a14    00000024     i2crf430cl330_load_pem4f.oem4f (.text:ti_sysbios_gates_GateMutex_Object__delete__S)
                  00004a38    00000024     sysbios.aem4f : BIOS.obj (.text:ti_sysbios_knl_Clock_Module_startup__E)
                  00004a5c    00000024                   : BIOS.obj (.text:ti_sysbios_knl_Semaphore_Instance_init__E)
                  00004a80    00000024     ti.targets.arm.rtsarm.aem4f : System.oem4f (.text:xdc_runtime_System_vprintf__E)
                  00004aa4    00000022     sysbios.aem4f : BIOS.obj (.text:ti_sysbios_family_arm_lm4_Timer_write__I)
                  00004ac6    00000022     i2crf430cl330_load_pem4f.oem4f (.text:xdc_runtime_SysMin_output__I)
                  00004ae8    00000020     i2crf430cl330_load_pem4f.oem4f (.text:ti_sysbios_BIOS_startFunc__I)
                  00004b08    00000020     sysbios.aem4f : m3_Hwi_asm.obj (.text:ti_sysbios_family_arm_m3_Hwi_excHandlerAsm__I)
                  00004b28    00000020                   : BIOS.obj (.text:ti_sysbios_family_arm_m3_Hwi_excHandler__I)
                  00004b48    00000020     i2crf430cl330_load_pem4f.oem4f (.text:ti_sysbios_gates_GateHwi_Object__delete__S)
                  00004b68    00000020     sysbios.aem4f : BIOS.obj (.text:ti_sysbios_knl_Idle_run__E)
                  00004b88    00000020     i2crf430cl330_load_pem4f.oem4f (.text:ti_sysbios_knl_Semaphore_Object__destruct__S)
                  00004ba8    00000020     sysbios.aem4f : BIOS.obj (.text:ti_sysbios_knl_Task_enter__I)
                  00004bc8    00000020     ti.targets.arm.rtsarm.aem4f : Registry.oem4f (.text:xdc_runtime_Registry_findById__E)
                  00004be8    00000020                                 : SysMin.oem4f (.text:xdc_runtime_SysMin_Module_startup__E)
                  00004c08    0000001c     i2crf430cl330_load_pem4f.oem4f (.text:ti_sysbios_BIOS_rtsLock__I)
                  00004c24    0000001c     i2crf430cl330_load_pem4f.oem4f (.text:ti_sysbios_family_arm_m3_Hwi_Object__destruct__S)
                  00004c40    0000001c     sysbios.aem4f : BIOS.obj (.text:ti_sysbios_gates_GateMutex_Instance_init__E)
                  00004c5c    0000001c     i2crf430cl330_load_pem4f.oem4f (.text:ti_sysbios_knl_Queue_Object__destruct__S)
                  00004c78    0000001c     sysbios.aem4f : BIOS.obj (.text:ti_sysbios_knl_Queue_put__E)
                  00004c94    0000001c                   : BIOS.obj (.text:ti_sysbios_knl_Task_restoreHwi__E)
                  00004cb0    0000001c     ti.targets.arm.rtsarm.aem4f : Error.oem4f (.text:xdc_runtime_Error_raiseX__E)
                  00004ccc    0000001c     i2crf430cl330_load_pem4f.oem4f (.text:xdc_runtime_HeapStd_Object__delete__S)
                  00004ce8    0000001c     ti.targets.arm.rtsarm.aem4f : Memory.oem4f (.text:xdc_runtime_Memory_valloc__E)
                  00004d04    0000001c                                 : SysMin.oem4f (.text:xdc_runtime_SysMin_exit__E)
                  00004d20    0000001c                                 : System.oem4f (.text:xdc_runtime_System_abort__E)
                  00004d3c    0000001c     i2crf430cl330_load_pem4f.oem4f (.text:xdc_runtime_System_sprintf__E)
                  00004d58    0000001a     sysbios.aem4f : BIOS.obj (.text:ti_sysbios_knl_Task_sleepTimeout__I)
                  00004d72    0000001a     i2crf430cl330_load_pem4f.oem4f (.text:xdc_runtime_System_aprintf__E)
                  00004d8c    0000001a     i2crf430cl330_load_pem4f.oem4f (.text:xdc_runtime_System_printf__E)
                  00004da6    00000018     driverlib.lib : gpio.obj (.text:GPIOPinTypeGPIOOutput)
                  00004dbe    00000002     --HOLE-- [fill = 0]
                  00004dc0    00000018     i2c_tivaware.aem4f : I2C.oem4f (.text:I2C_open)
                  00004dd8    00000018     rtsv7M4_T_le_v4SPD16_eabi.lib : args_main.obj (.text)
                  00004df0    00000018     i2crf430cl330_load_pem4f.oem4f (.text:ti_sysbios_BIOS_rtsUnlock__I)
                  00004e08    00000018     i2crf430cl330_load_pem4f.oem4f (.text:ti_sysbios_family_arm_lm4_Timer_Module__startupDone__F)
                  00004e20    00000018     i2crf430cl330_load_pem4f.oem4f (.text:ti_sysbios_family_arm_m3_Hwi_Handle__label__S)
                  00004e38    00000018     i2crf430cl330_load_pem4f.oem4f (.text:ti_sysbios_family_arm_m3_Hwi_Module__startupDone__F)
                  00004e50    00000018     sysbios.aem4f : m3_TaskSupport_asm.obj (.text:ti_sysbios_family_arm_m3_TaskSupport_swap__E)
                  00004e68    00000018     i2crf430cl330_load_pem4f.oem4f (.text:ti_sysbios_gates_GateHwi_Handle__label__S)
                  00004e80    00000018     i2crf430cl330_load_pem4f.oem4f (.text:ti_sysbios_gates_GateMutex_Handle__label__S)
                  00004e98    00000018     sysbios.aem4f : BIOS.obj (.text:ti_sysbios_gates_GateMutex_leave__E)
                  00004eb0    00000018     i2crf430cl330_load_pem4f.oem4f (.text:ti_sysbios_knl_Task_Handle__label__S)
                  00004ec8    00000018     ti.targets.arm.rtsarm.aem4f : Error.oem4f (.text:xdc_runtime_Error_check__E)
                  00004ee0    00000018     i2crf430cl330_load_pem4f.oem4f (.text:xdc_runtime_HeapStd_Handle__label__S)
                  00004ef8    00000018     ti.targets.arm.rtsarm.aem4f : System.oem4f (.text:xdc_runtime_System_exit__E)
                  00004f10    00000018                                 : Text.oem4f (.text:xdc_runtime_Text_ropeText__E)
                  00004f28    00000016     driverlib.lib : i2c.obj (.text:I2CMasterErr)
                  00004f3e    00000016     i2crf430cl330_load_pem4f.oem4f (.text:ti_sysbios_BIOS_exitFunc__I)
                  00004f54    00000016     ti.targets.arm.rtsarm.aem4f : System.oem4f (.text:xdc_runtime_System_vsprintf__E)
                  00004f6a    00000002     --HOLE-- [fill = 0]
                  00004f6c    00000014     rtsv7M4_T_le_v4SPD16_eabi.lib : _lock.obj (.text)
                  00004f80    00000014                                   : strlen.obj (.text)
                  00004f94    00000014     i2crf430cl330_load_pem4f.oem4f (.text:ti_sysbios_family_arm_m3_Hwi_Object__get__S)
                  00004fa8    00000014     sysbios.aem4f : BIOS.obj (.text:ti_sysbios_family_arm_m3_Hwi_switchFromBootStack__E)
                  00004fbc    00000012     driverlib.lib : gpio.obj (.text:GPIOPinTypeGPIOInput)
                  00004fce    00000012                   : gpio.obj (.text:GPIOPinTypeI2C)
                  00004fe0    00000012                   : gpio.obj (.text:GPIOPinTypeI2CSCL)
                  00004ff2    00000012     rtsv7M4_T_le_v4SPD16_eabi.lib : copy_zero_init.obj (.text:decompress:ZI)
                  00005004    00000012     sysbios.aem4f : BIOS.obj (.text:ti_sysbios_hal_Hwi_Module_startup__E)
                  00005016    00000012     i2crf430cl330_load_pem4f.oem4f (.text:xdc_runtime_Startup_exec__I)
                  00005028    00000010     i2crf430cl330_load_pem4f.oem4f (.text:.bootCodeSection:ti_catalog_arm_cortexm4_tiva_ce_Boot_init__I)
                  00005038    00000010     i2c_tivaware.aem4f : I2C.oem4f (.text:I2C_Params_init)
                  00005048    00000010     rtsv7M4_T_le_v4SPD16_eabi.lib : strcpy.obj (.text)
                  00005058    00000010     sysbios.aem4f : BIOS.obj (.text:ti_sysbios_BIOS_getCpuFreq__E)
                  00005068    00000010                   : BIOS.obj (.text:ti_sysbios_BIOS_setThreadType__E)
                  00005078    00000010                   : BIOS.obj (.text:ti_sysbios_BIOS_start__E)
                  00005088    00000010                   : BIOS.obj (.text:ti_sysbios_family_arm_lm4_TimestampProvider_rolloverFunc__E)
                  00005098    00000010                   : m3_TaskSupport_asm.obj (.text:ti_sysbios_family_arm_m3_TaskSupport_glue)
                  000050a8    00000010                   : BIOS.obj (.text:ti_sysbios_gates_GateMutex_Instance_finalize__E)
                  000050b8    00000010                   : BIOS.obj (.text:ti_sysbios_knl_Semaphore_Instance_finalize__E)
                  000050c8    00000010     i2crf430cl330_load_pem4f.oem4f (.text:ti_sysbios_knl_Task_Object__get__S)
                  000050d8    00000010     sysbios.aem4f : BIOS.obj (.text:ti_sysbios_knl_Task_disable__E)
                  000050e8    00000010     ti.targets.arm.rtsarm.aem4f : Gate.oem4f (.text:xdc_runtime_Gate_leaveSystem__E)
                  000050f8    00000010                                 : Memory.oem4f (.text:xdc_runtime_Memory_free__E)
                  00005108    00000010                                 : SysMin.oem4f (.text:xdc_runtime_SysMin_ready__E)
                  00005118    00000010                                 : System.oem4f (.text:xdc_runtime_System_vsnprintf__E)
                  00005128    0000000e     rtsv7M4_T_le_v4SPD16_eabi.lib : copy_decompress_none.obj (.text:decompress:none)
                  00005136    0000000e     sysbios.aem4f : BIOS.obj (.text:ti_sysbios_knl_Queue_empty__E)
                  00005144    0000000e     ti.targets.arm.rtsarm.aem4f : HeapStd.oem4f (.text:xdc_runtime_HeapStd_getStats__E)
                  00005152    0000000c     sysbios.aem4f : BIOS.obj (.text:ti_sysbios_family_arm_lm4_Timer_getMaxTicks__E)
                  0000515e    00000002     --HOLE-- [fill = 0]
                  00005160    0000000c                   : BIOS.obj (.text:ti_sysbios_family_arm_lm4_TimestampProvider_startTimer__E)
                  0000516c    0000000c     i2crf430cl330_load_pem4f.oem4f (.text:ti_sysbios_family_arm_m3_Hwi_Params__init__S)
                  00005178    0000000c     sysbios.aem4f : BIOS.obj (.text:ti_sysbios_family_arm_m3_Hwi_disableFxn__E)
                  00005184    0000000c                   : BIOS.obj (.text:ti_sysbios_gates_GateHwi_enter__E)
                  00005190    0000000c     i2crf430cl330_load_pem4f.oem4f (.text:ti_sysbios_knl_Queue_Object__get__S)
                  0000519c    0000000c     i2crf430cl330_load_pem4f.oem4f (.text:ti_sysbios_knl_Semaphore_Params__init__S)
                  000051a8    0000000c     sysbios.aem4f : BIOS.obj (.text:ti_sysbios_utils_Load_getCPULoad__E)
                  000051b4    0000000c                   : BIOS.obj (.text:ti_sysbios_utils_Load_taskRegHook__E)
                  000051c0    0000000c     ti.targets.arm.rtsarm.aem4f : Error.oem4f (.text:xdc_runtime_Error_init__E)
                  000051cc    0000000c                                 : Gate.oem4f (.text:xdc_runtime_Gate_enterSystem__E)
                  000051d8    0000000c                                 : Memory.oem4f (.text:xdc_runtime_Memory_calloc__E)
                  000051e4    0000000c                                 : Memory.oem4f (.text:xdc_runtime_Memory_getMaxDefaultTypeAlign__E)
                  000051f0    0000000a     driverlib.lib : i2c.obj (.text:I2CMasterDisable)
                  000051fa    0000000a                   : i2c.obj (.text:I2CMasterEnable)
                  00005204    0000000a     i2c_tivaware.aem4f : I2CTiva.oem4f (.text:I2CTiva_init)
                  0000520e    0000000a                        : I2C.oem4f (.text:I2C_transfer)
                  00005218    0000000a     i2crf430cl330_load_pem4f.oem4f (.text:xdc_runtime_IHeap_alloc)
                  00005222    0000000a     i2crf430cl330_load_pem4f.oem4f (.text:xdc_runtime_IHeap_free)
                  0000522c    00000008     driverlib.lib : i2c.obj (.text:I2CMasterIntClear)
                  00005234    00000008                   : i2c.obj (.text:I2CMasterSlaveAddrSet)
                  0000523c    00000008     i2c_tivaware.aem4f : I2CTiva.oem4f (.text:I2CTiva_blockingCallback)
                  00005244    00000008     sysbios.aem4f : BIOS.obj (.text:ti_sysbios_family_arm_lm4_Timer_masterDisable__I)
                  0000524c    00000008                   : BIOS.obj (.text:ti_sysbios_family_arm_m3_Hwi_startup__E)
                  00005254    00000008                   : BIOS.obj (.text:ti_sysbios_knl_Idle_loop__E)
                  0000525c    00000008     i2crf430cl330_load_pem4f.oem4f (.text:xdc_runtime_Text_visitRope__I)
                  00005264    00000006     driverlib.lib : gpio.obj (.text:GPIOPinRead)
                  0000526a    00000006                   : gpio.obj (.text:GPIOPinWrite)
                  00005270    00000006                   : i2c.obj (.text:I2CMasterIntDisable)
                  00005276    00000006                   : i2c.obj (.text:I2CMasterIntEnable)
                  0000527c    00000006     ti.targets.arm.rtsarm.aem4f : xdc_noinit.oem4f (.text:__xdc__init)
                  00005282    00000006     rtsv7M4_T_le_v4SPD16_eabi.lib : copy_decompress_rle.obj (.text:decompress:rle24)
                  00005288    00000006     sysbios.aem4f : BIOS.obj (.text:ti_sysbios_family_arm_lm4_TimestampProvider_Module_startup__E)
                  0000528e    00000006                   : BIOS.obj (.text:ti_sysbios_family_arm_m3_Hwi_doTaskRestore__I)
                  00005294    00000006                   : BIOS.obj (.text:ti_sysbios_family_arm_m3_Hwi_restoreFxn__E)
                  0000529a    00000006                   : BIOS.obj (.text:ti_sysbios_gates_GateHwi_leave__E)
                  000052a0    00000006                   : BIOS.obj (.text:ti_sysbios_knl_Queue_Instance_init__E)
                  000052a6    00000006     ti.targets.arm.rtsarm.aem4f : System.oem4f (.text:xdc_runtime_System_Module_startup__E)
                  000052ac    00000004     driverlib.lib : i2c.obj (.text:I2CMasterControl)
                  000052b0    00000004                   : i2c.obj (.text:I2CMasterDataGet)
                  000052b4    00000004                   : i2c.obj (.text:I2CMasterDataPut)
                  000052b8    00000004     i2crf430cl330_load_pem4f.oem4f (.text:malloc)
                  000052bc    00000004     i2crf430cl330_load_pem4f.oem4f (.text:ti_sysbios_BIOS_RtsGateProxy_enter__E)
                  000052c0    00000004     i2crf430cl330_load_pem4f.oem4f (.text:ti_sysbios_BIOS_RtsGateProxy_leave__E)
                  000052c4    00000004     sysbios.aem4f : BIOS.obj (.text:ti_sysbios_family_arm_lm4_Timer_getPeriod__E)
                  000052c8    00000004                   : BIOS.obj (.text:ti_sysbios_family_arm_lm4_Timer_masterEnable__I)
                  000052cc    00000004     i2crf430cl330_load_pem4f.oem4f (.text:ti_sysbios_family_arm_m3_Hwi_destruct)
                  000052d0    00000004     i2crf430cl330_load_pem4f.oem4f (.text:ti_sysbios_family_arm_m3_TaskSupport_Module__startupDone__S)
                  000052d4    00000004     sysbios.aem4f : BIOS.obj (.text:ti_sysbios_gates_GateHwi_query__E)
                  000052d8    00000004                   : BIOS.obj (.text:ti_sysbios_gates_GateMutex_query__E)
                  000052dc    00000004     i2crf430cl330_load_pem4f.oem4f (.text:ti_sysbios_hal_Hwi_HwiProxy_Module__startupDone__S)
                  000052e0    00000004     i2crf430cl330_load_pem4f.oem4f (.text:ti_sysbios_knl_Clock_TimerProxy_Module__startupDone__S)
                  000052e4    00000004     i2crf430cl330_load_pem4f.oem4f (.text:ti_sysbios_knl_Clock_TimerProxy_getMaxTicks__E)
                  000052e8    00000004     i2crf430cl330_load_pem4f.oem4f (.text:ti_sysbios_knl_Clock_TimerProxy_getPeriod__E)
                  000052ec    00000004     i2crf430cl330_load_pem4f.oem4f (.text:ti_sysbios_knl_Queue_destruct)
                  000052f0    00000004     i2crf430cl330_load_pem4f.oem4f (.text:ti_sysbios_knl_Semaphore_destruct)
                  000052f4    00000004     i2crf430cl330_load_pem4f.oem4f (.text:ti_sysbios_knl_Task_SupportProxy_Module__startupDone__S)
                  000052f8    00000004     sysbios.aem4f : BIOS.obj (.text:ti_sysbios_knl_Task_startup__E)
                  000052fc    00000004     ti.targets.arm.rtsarm.aem4f : Error.oem4f (.text:xdc_runtime_Error_getSite__E)
                  00005300    00000004                                 : HeapStd.oem4f (.text:xdc_runtime_HeapStd_isBlocking__E)
                  00005304    00000004     i2crf430cl330_load_pem4f.oem4f (.text:xdc_runtime_Memory_HeapProxy_alloc__E)
                  00005308    00000004     i2crf430cl330_load_pem4f.oem4f (.text:xdc_runtime_Memory_HeapProxy_free__E)
                  0000530c    00000004     i2crf430cl330_load_pem4f.oem4f (.text:xdc_runtime_System_Module_GateProxy_enter__E)
                  00005310    00000004     i2crf430cl330_load_pem4f.oem4f (.text:xdc_runtime_System_Module_GateProxy_leave__E)
                  00005314    00000004     ti.targets.arm.rtsarm.aem4f : System.oem4f (.text:xdc_runtime_System_aprintf_va__F)
                  00005318    00000004                                 : System.oem4f (.text:xdc_runtime_System_printf_va__F)
                  0000531c    00000004                                 : System.oem4f (.text:xdc_runtime_System_sprintf_va__F)

.const     0    00005320    00000764     
                  00005320    00000120     Boot.aem4f : Boot_sysctl.oem4f (.const:g_pppui32XTALtoVCO)
                  00005440    00000090     driverlib.lib : gpio.obj (.const:g_pui32GPIOBaseAddrs)
                  000054d0    0000006c     Boot.aem4f : Boot_sysctl.oem4f (.const:g_pui32Xtals)
                  0000553c    00000048     i2crf430cl330_load_pem4f.oem4f (.const:.string)
                  00005584    0000003c     EK_TM4C1294XL.obj (.const:I2C_config)
                  000055c0    00000038     Boot.aem4f : Boot_sysctl.oem4f (.const:g_sXTALtoMEMTIM)
                  000055f8    00000034     EK_TM4C1294XL.obj (.const)
                  0000562c    00000030     EK_TM4C1294XL.obj (.const:gpioHWAttrs)
                  0000565c    00000030     i2crf430cl330_load_pem4f.oem4f (.const:ti_sysbios_family_arm_m3_Hwi_Object__PARAMS__C)
                  0000568c    00000028     i2crf430cl330_load_pem4f.oem4f (.const:xdc_runtime_HeapStd_Module__FXNS__C)
                  000056b4    00000024     i2crf430cl330_load.obj (.const:dummyCfg)
                  000056d8    00000024     i2crf430cl330_load_pem4f.oem4f (.const:ti_sysbios_gates_GateHwi_Module__FXNS__C)
                  000056fc    00000024     i2crf430cl330_load_pem4f.oem4f (.const:ti_sysbios_gates_GateMutex_Module__FXNS__C)
                  00005720    00000024     i2crf430cl330_load_pem4f.oem4f (.const:ti_sysbios_knl_Semaphore_Object__PARAMS__C)
                  00005744    00000020     i2crf430cl330_load_pem4f.oem4f (.const:ti_sysbios_family_arm_m3_Hwi_Object__DESC__C)
                  00005764    00000020     i2crf430cl330_load_pem4f.oem4f (.const:ti_sysbios_gates_GateHwi_Object__DESC__C)
                  00005784    00000020     i2crf430cl330_load_pem4f.oem4f (.const:ti_sysbios_gates_GateMutex_Object__DESC__C)
                  000057a4    00000020     i2crf430cl330_load_pem4f.oem4f (.const:ti_sysbios_knl_Queue_Object__DESC__C)
                  000057c4    00000020     i2crf430cl330_load_pem4f.oem4f (.const:ti_sysbios_knl_Semaphore_Object__DESC__C)
                  000057e4    00000020     i2crf430cl330_load_pem4f.oem4f (.const:xdc_runtime_HeapStd_Object__DESC__C)
                  00005804    00000020     i2crf430cl330_load_pem4f.oem4f (.const:xdc_runtime_Startup_sfxnTab__A)
                  00005824    0000001c     i2crf430cl330_load_pem4f.oem4f (.const:xdc_runtime_HeapStd_Object__PARAMS__C)
                  00005840    00000018     i2crf430cl330_load_pem4f.oem4f (.const:ti_sysbios_gates_GateHwi_Object__PARAMS__C)
                  00005858    00000018     i2crf430cl330_load_pem4f.oem4f (.const:ti_sysbios_gates_GateMutex_Object__PARAMS__C)
                  00005870    00000018     i2crf430cl330_load_pem4f.oem4f (.const:ti_sysbios_knl_Queue_Object__PARAMS__C)
                  00005888    00000018     i2crf430cl330_load_pem4f.oem4f (.const:ti_sysbios_knl_Task_hooks__A)
                  000058a0    00000011     ti.targets.arm.rtsarm.aem4f : System.oem4f (.const:.string)
                  000058b1    00000001     i2crf430cl330_load_pem4f.oem4f (.const:xdc_runtime_Error_policy__C)
                  000058b2    00000002     i2crf430cl330_load_pem4f.oem4f (.const:ti_catalog_arm_cortexm4_tiva_ce_Boot_Module__id__C)
                  000058b4    00000010     i2c_tivaware.aem4f : I2CTiva.oem4f (.const)
                  000058c4    00000010     i2crf430cl330_load_pem4f.oem4f (.const:xdc_runtime_Startup_firstFxns__A)
                  000058d4    00000010     i2crf430cl330_load_pem4f.oem4f (.const:xdc_runtime_Startup_sfxnRts__A)
                  000058e4    0000000c     i2c_tivaware.aem4f : I2C.oem4f (.const)
                  000058f0    00000008     Boot.aem4f : Boot_sysctl.oem4f (.const)
                  000058f8    00000008     i2crf430cl330_load_pem4f.oem4f (.const:ti_sysbios_family_arm_m3_Hwi_excHookFuncs__A)
                  00005900    00000008     i2crf430cl330_load_pem4f.oem4f (.const:ti_sysbios_knl_Idle_funcList__C)
                  00005908    00000008     i2crf430cl330_load_pem4f.oem4f (.const:ti_sysbios_knl_Task_hooks__C)
                  00005910    00000008     i2crf430cl330_load_pem4f.oem4f (.const:xdc_runtime_Startup_firstFxns__C)
                  00005918    00000008     i2crf430cl330_load_pem4f.oem4f (.const:xdc_runtime_Startup_lastFxns__C)
                  00005920    00000004     i2crf430cl330_load_pem4f.oem4f (.const:ti_catalog_arm_cortexm4_tiva_ce_Boot_A_mustNotUseEnhancedClockMode__C)
                  00005924    00000004     i2crf430cl330_load_pem4f.oem4f (.const:ti_catalog_arm_cortexm4_tiva_ce_Boot_Module__diagsEnabled__C)
                  00005928    00000004     i2crf430cl330_load_pem4f.oem4f (.const:ti_catalog_arm_cortexm4_tiva_ce_Boot_Module__diagsIncluded__C)
                  0000592c    00000004     i2crf430cl330_load_pem4f.oem4f (.const:ti_catalog_arm_cortexm4_tiva_ce_Boot_Module__diagsMask__C)
                  00005930    00000004     i2crf430cl330_load_pem4f.oem4f (.const:ti_sysbios_family_arm_lm4_Timer_enableFunc__C)
                  00005934    00000004     i2crf430cl330_load_pem4f.oem4f (.const:ti_sysbios_family_arm_lm4_Timer_numTimerDevices__C)
                  00005938    00000004     i2crf430cl330_load_pem4f.oem4f (.const:ti_sysbios_family_arm_lm4_Timer_startupNeeded__C)
                  0000593c    00000004     i2crf430cl330_load_pem4f.oem4f (.const:ti_sysbios_family_arm_m3_Hwi_E_NMI__C)
                  00005940    00000004     i2crf430cl330_load_pem4f.oem4f (.const:ti_sysbios_family_arm_m3_Hwi_E_alreadyDefined__C)
                  00005944    00000004     i2crf430cl330_load_pem4f.oem4f (.const:ti_sysbios_family_arm_m3_Hwi_E_busFault__C)
                  00005948    00000004     i2crf430cl330_load_pem4f.oem4f (.const:ti_sysbios_family_arm_m3_Hwi_E_debugMon__C)
                  0000594c    00000004     i2crf430cl330_load_pem4f.oem4f (.const:ti_sysbios_family_arm_m3_Hwi_E_hardFault__C)
                  00005950    00000004     i2crf430cl330_load_pem4f.oem4f (.const:ti_sysbios_family_arm_m3_Hwi_E_memFault__C)
                  00005954    00000004     i2crf430cl330_load_pem4f.oem4f (.const:ti_sysbios_family_arm_m3_Hwi_E_noIsr__C)
                  00005958    00000004     i2crf430cl330_load_pem4f.oem4f (.const:ti_sysbios_family_arm_m3_Hwi_E_reserved__C)
                  0000595c    00000004     i2crf430cl330_load_pem4f.oem4f (.const:ti_sysbios_family_arm_m3_Hwi_E_svCall__C)
                  00005960    00000004     i2crf430cl330_load_pem4f.oem4f (.const:ti_sysbios_family_arm_m3_Hwi_E_usageFault__C)
                  00005964    00000004     i2crf430cl330_load_pem4f.oem4f (.const:ti_sysbios_family_arm_m3_Hwi_NUM_INTERRUPTS__C)
                  00005968    00000004     i2crf430cl330_load_pem4f.oem4f (.const:ti_sysbios_family_arm_m3_Hwi_Object__count__C)
                  0000596c    00000004     i2crf430cl330_load_pem4f.oem4f (.const:ti_sysbios_family_arm_m3_Hwi_ccr__C)
                  00005970    00000004     i2crf430cl330_load_pem4f.oem4f (.const:ti_sysbios_family_arm_m3_Hwi_excHandlerFunc__C)
                  00005974    00000004     i2crf430cl330_load_pem4f.oem4f (.const:ti_sysbios_family_arm_m3_Hwi_excHookFuncs__C)
                  00005978    00000004     i2crf430cl330_load_pem4f.oem4f (.const:ti_sysbios_family_arm_m3_Hwi_nullIsrFunc__C)
                  0000597c    00000004     i2crf430cl330_load_pem4f.oem4f (.const:ti_sysbios_family_arm_m3_Hwi_priGroup__C)
                  00005980    00000004     i2crf430cl330_load_pem4f.oem4f (.const:ti_sysbios_gates_GateMutex_Instance_State_sem__O)
                  00005984    00000004     i2crf430cl330_load_pem4f.oem4f (.const:ti_sysbios_knl_Clock_Module_State_clockQ__O)
                  00005988    00000004     i2crf430cl330_load_pem4f.oem4f (.const:ti_sysbios_knl_Idle_funcList__A)
                  0000598c    00000004     i2crf430cl330_load_pem4f.oem4f (.const:ti_sysbios_knl_Semaphore_Instance_State_pendQ__O)
                  00005990    00000004     i2crf430cl330_load_pem4f.oem4f (.const:ti_sysbios_knl_Task_Module_State_inactiveQ__O)
                  00005994    00000004     i2crf430cl330_load_pem4f.oem4f (.const:ti_sysbios_knl_Task_Object__count__C)
                  00005998    00000004     i2crf430cl330_load_pem4f.oem4f (.const:ti_sysbios_knl_Task_Object__heap__C)
                  0000599c    00000004     i2crf430cl330_load_pem4f.oem4f (.const:ti_sysbios_knl_Task_allBlockedFunc__C)
                  000059a0    00000004     i2crf430cl330_load_pem4f.oem4f (.const:ti_sysbios_knl_Task_numConstructedTasks__C)
                  000059a4    00000004     i2crf430cl330_load_pem4f.oem4f (.const:ti_sysbios_utils_Load_Module_State_taskList__O)
                  000059a8    00000004     i2crf430cl330_load_pem4f.oem4f (.const:ti_sysbios_utils_Load_Module__diagsEnabled__C)
                  000059ac    00000004     i2crf430cl330_load_pem4f.oem4f (.const:ti_sysbios_utils_Load_Module__diagsIncluded__C)
                  000059b0    00000004     i2crf430cl330_load_pem4f.oem4f (.const:ti_sysbios_utils_Load_Module__diagsMask__C)
                  000059b4    00000004     i2crf430cl330_load_pem4f.oem4f (.const:ti_sysbios_utils_Load_postUpdate__C)
                  000059b8    00000004     i2crf430cl330_load_pem4f.oem4f (.const:ti_sysbios_utils_Load_windowInMs__C)
                  000059bc    00000004     i2crf430cl330_load_pem4f.oem4f (.const:xdc_runtime_Assert_E_assertFailed__C)
                  000059c0    00000004     i2crf430cl330_load_pem4f.oem4f (.const:xdc_runtime_Core_A_initializedParams__C)
                  000059c4    00000004     i2crf430cl330_load_pem4f.oem4f (.const:xdc_runtime_Core_Module__diagsEnabled__C)
                  000059c8    00000004     i2crf430cl330_load_pem4f.oem4f (.const:xdc_runtime_Core_Module__diagsIncluded__C)
                  000059cc    00000004     i2crf430cl330_load_pem4f.oem4f (.const:xdc_runtime_Core_Module__diagsMask__C)
                  000059d0    00000004     i2crf430cl330_load_pem4f.oem4f (.const:xdc_runtime_Error_E_memory__C)
                  000059d4    00000004     i2crf430cl330_load_pem4f.oem4f (.const:xdc_runtime_Error_Module__diagsEnabled__C)
                  000059d8    00000004     i2crf430cl330_load_pem4f.oem4f (.const:xdc_runtime_Error_Module__diagsIncluded__C)
                  000059dc    00000004     i2crf430cl330_load_pem4f.oem4f (.const:xdc_runtime_Error_Module__diagsMask__C)
                  000059e0    00000004     i2crf430cl330_load_pem4f.oem4f (.const:xdc_runtime_Error_Module__loggerFxn8__C)
                  000059e4    00000004     i2crf430cl330_load_pem4f.oem4f (.const:xdc_runtime_Error_Module__loggerObj__C)
                  000059e8    00000004     i2crf430cl330_load_pem4f.oem4f (.const:xdc_runtime_Error_policyFxn__C)
                  000059ec    00000004     i2crf430cl330_load_pem4f.oem4f (.const:xdc_runtime_Error_raiseHook__C)
                  000059f0    00000004     i2crf430cl330_load_pem4f.oem4f (.const:xdc_runtime_HeapStd_A_align__C)
                  000059f4    00000004     i2crf430cl330_load_pem4f.oem4f (.const:xdc_runtime_HeapStd_A_invalidTotalFreeSize__C)
                  000059f8    00000004     i2crf430cl330_load_pem4f.oem4f (.const:xdc_runtime_HeapStd_A_zeroSize__C)
                  000059fc    00000004     i2crf430cl330_load_pem4f.oem4f (.const:xdc_runtime_HeapStd_E_noRTSMemory__C)
                  00005a00    00000004     i2crf430cl330_load_pem4f.oem4f (.const:xdc_runtime_HeapStd_Module__diagsEnabled__C)
                  00005a04    00000004     i2crf430cl330_load_pem4f.oem4f (.const:xdc_runtime_HeapStd_Module__diagsIncluded__C)
                  00005a08    00000004     i2crf430cl330_load_pem4f.oem4f (.const:xdc_runtime_HeapStd_Module__diagsMask__C)
                  00005a0c    00000004     i2crf430cl330_load_pem4f.oem4f (.const:xdc_runtime_IGateProvider_Interface__BASE__C)
                  00005a10    00000004     i2crf430cl330_load_pem4f.oem4f (.const:xdc_runtime_IHeap_Interface__BASE__C)
                  00005a14    00000004     i2crf430cl330_load_pem4f.oem4f (.const:xdc_runtime_IModule_Interface__BASE__C)
                  00005a18    00000004     i2crf430cl330_load_pem4f.oem4f (.const:xdc_runtime_Log_L_error__C)
                  00005a1c    00000004     i2crf430cl330_load_pem4f.oem4f (.const:xdc_runtime_Memory_defaultHeapInstance__C)
                  00005a20    00000004     i2crf430cl330_load_pem4f.oem4f (.const:xdc_runtime_Startup_execImpl__C)
                  00005a24    00000004     i2crf430cl330_load_pem4f.oem4f (.const:xdc_runtime_Startup_lastFxns__A)
                  00005a28    00000004     i2crf430cl330_load_pem4f.oem4f (.const:xdc_runtime_Startup_maxPasses__C)
                  00005a2c    00000004     i2crf430cl330_load_pem4f.oem4f (.const:xdc_runtime_Startup_sfxnRts__C)
                  00005a30    00000004     i2crf430cl330_load_pem4f.oem4f (.const:xdc_runtime_Startup_sfxnTab__C)
                  00005a34    00000004     i2crf430cl330_load_pem4f.oem4f (.const:xdc_runtime_SysMin_bufSize__C)
                  00005a38    00000004     i2crf430cl330_load_pem4f.oem4f (.const:xdc_runtime_SysMin_outputFunc__C)
                  00005a3c    00000004     i2crf430cl330_load_pem4f.oem4f (.const:xdc_runtime_System_Module__gateObj__C)
                  00005a40    00000004     i2crf430cl330_load_pem4f.oem4f (.const:xdc_runtime_System_abortFxn__C)
                  00005a44    00000004     i2crf430cl330_load_pem4f.oem4f (.const:xdc_runtime_System_exitFxn__C)
                  00005a48    00000004     i2crf430cl330_load_pem4f.oem4f (.const:xdc_runtime_System_extendFxn__C)
                  00005a4c    00000004     i2crf430cl330_load_pem4f.oem4f (.const:xdc_runtime_System_maxAtexitHandlers__C)
                  00005a50    00000004     i2crf430cl330_load_pem4f.oem4f (.const:xdc_runtime_Text_charTab__C)
                  00005a54    00000004     i2crf430cl330_load_pem4f.oem4f (.const:xdc_runtime_Text_nameEmpty__C)
                  00005a58    00000004     i2crf430cl330_load_pem4f.oem4f (.const:xdc_runtime_Text_nameStatic__C)
                  00005a5c    00000004     i2crf430cl330_load_pem4f.oem4f (.const:xdc_runtime_Text_nameUnknown__C)
                  00005a60    00000004     i2crf430cl330_load_pem4f.oem4f (.const:xdc_runtime_Text_visitRopeFxn__C)
                  00005a64    00000002     i2crf430cl330_load_pem4f.oem4f (.const:ti_sysbios_family_arm_lm4_TimestampProvider_useClockTimer__C)
                  00005a66    00000002     i2crf430cl330_load_pem4f.oem4f (.const:ti_sysbios_family_arm_m3_Hwi_Module__id__C)
                  00005a68    00000002     i2crf430cl330_load_pem4f.oem4f (.const:ti_sysbios_knl_Task_initStackFlag__C)
                  00005a6a    00000002     i2crf430cl330_load_pem4f.oem4f (.const:ti_sysbios_utils_Load_autoAddTasks__C)
                  00005a6c    00000002     i2crf430cl330_load_pem4f.oem4f (.const:ti_sysbios_utils_Load_hwiEnabled__C)
                  00005a6e    00000002     i2crf430cl330_load_pem4f.oem4f (.const:ti_sysbios_utils_Load_updateInIdle__C)
                  00005a70    00000002     i2crf430cl330_load_pem4f.oem4f (.const:xdc_runtime_Core_Module__id__C)
                  00005a72    00000002     i2crf430cl330_load_pem4f.oem4f (.const:xdc_runtime_Error_Module__loggerDefined__C)
                  00005a74    00000002     i2crf430cl330_load_pem4f.oem4f (.const:xdc_runtime_Error_maxDepth__C)
                  00005a76    00000002     i2crf430cl330_load_pem4f.oem4f (.const:xdc_runtime_HeapStd_Module__id__C)
                  00005a78    00000002     i2crf430cl330_load_pem4f.oem4f (.const:xdc_runtime_Memory_Module__id__C)
                  00005a7a    00000002     i2crf430cl330_load_pem4f.oem4f (.const:xdc_runtime_SysMin_flushAtExit__C)
                  00005a7c    00000002     i2crf430cl330_load_pem4f.oem4f (.const:xdc_runtime_Text_charCnt__C)
                  00005a7e    00000002     i2crf430cl330_load_pem4f.oem4f (.const:xdc_runtime_Text_isLoaded__C)
                  00005a80    00000002     i2crf430cl330_load_pem4f.oem4f (.const:xdc_runtime_Text_registryModsLastId__C)
                  00005a82    00000002     i2crf430cl330_load_pem4f.oem4f (.const:xdc_runtime_Text_unnamedModsLastId__C)

.cinit     0    00005a88    000003f0     
                  00005a88    000003b8     (.cinit..data.load) [load image, compression = rle]
                  00005e40    0000000c     (__TI_handler_table)
                  00005e4c    00000004     --HOLE-- [fill = 0]
                  00005e50    00000008     (.cinit..bss.load) [load image, compression = zero_init]
                  00005e58    00000008     (.cinit..vecs.load) [load image, compression = zero_init]
                  00005e60    00000018     (__TI_cinit_table)

.vecs      0    20000000    00000360     UNINITIALIZED
                  20000000    00000360     i2crf430cl330_load_pem4f.oem4f (.vecs)

.bss       0    20000360    00001b1c     UNINITIALIZED
                  20000360    00001400     i2crf430cl330_load_pem4f.oem4f (.bss:taskStackSection)
                  20001760    00000360     i2crf430cl330_load_pem4f.oem4f (.bss:ti_sysbios_family_arm_m3_Hwi_dispatchTable)
                  20001ac0    00000200     EK_TM4C1294XL.obj (.bss:i2cTivaObjects)
                  20001cc0    00000120     rtsv7M4_T_le_v4SPD16_eabi.lib : trgmsg.obj (.bss:__CIOBUF_)
                  20001de0    00000080     i2crf430cl330_load_pem4f.oem4f (.bss:xdc_runtime_SysMin_Module_State_0_outbuf__A)
                  20001e60    00000008     (.common:parmbuf)
                  20001e68    00000004     (.common:ti_sysbios_knl_Task_Instance_State_0_hookEnv__A)
                  20001e6c    00000004     (.common:ti_sysbios_knl_Task_Instance_State_1_hookEnv__A)
                  20001e70    00000004     (.common:ti_sysbios_knl_Task_Instance_State_2_hookEnv__A)
                  20001e74    00000004     (.common:ti_sysbios_knl_Task_Instance_State_3_hookEnv__A)
                  20001e78    00000004     (.common:ti_sysbios_knl_Task_Instance_State_4_hookEnv__A)

.data      0    20001e7c    0000064c     UNINITIALIZED
                  20001e7c    0000017c     i2crf430cl330_load_pem4f.oem4f (.data:ti_sysbios_knl_Task_Object__table__V)
                  20001ff8    0000010c     i2crf430cl330_load_pem4f.oem4f (.data)
                  20002104    00000098     i2crf430cl330_load_pem4f.oem4f (.data:ti_sysbios_utils_Load_Module__state__V)
                  2000219c    0000008c     i2crf430cl330_load_pem4f.oem4f (.data:ti_sysbios_utils_Load_Module_State_0_taskEnv__A)
                  20002228    00000082     i2crf430cl330_load.obj (.data:messageNDEF)
                  200022aa    00000002     --HOLE--
                  200022ac    00000080     i2crf430cl330_load_pem4f.oem4f (.data:ti_sysbios_family_arm_lm4_Timer_Object__table__V)
                  2000232c    00000044     i2crf430cl330_load_pem4f.oem4f (.data:ti_sysbios_knl_Task_Module__state__V)
                  20002370    00000040     i2crf430cl330_load_pem4f.oem4f (.data:ti_sysbios_family_arm_lm4_Timer_Module_State_0_device__A)
                  200023b0    00000040     i2crf430cl330_load_pem4f.oem4f (.data:ti_sysbios_knl_Task_Module_State_0_readyQ__A)
                  200023f0    00000034     i2crf430cl330_load_pem4f.oem4f (.data:ti_sysbios_family_arm_m3_Hwi_Module__state__V)
                  20002424    00000030     i2crf430cl330_load_pem4f.oem4f (.data:ti_sysbios_family_arm_m3_Hwi_Object__table__V)
                  20002454    0000002c     i2crf430cl330_load_pem4f.oem4f (.data:ti_sysbios_knl_Clock_Module__state__V)
                  20002480    00000024     i2crf430cl330_load_pem4f.oem4f (.data:ti_sysbios_BIOS_Module__state__V)
                  200024a4    00000008     gpio_tivaware.aem4f : GPIO.oem4f (.data)
                  200024ac    00000008     rtsv7M4_T_le_v4SPD16_eabi.lib : _lock.obj (.data)
                  200024b4    00000008                                   : exit.obj (.data)
                  200024bc    00000004     i2c_tivaware.aem4f : I2C.oem4f (.data)
                  200024c0    00000004     rtsv7M4_T_le_v4SPD16_eabi.lib : rand.obj (.data)
                  200024c4    00000004                                   : stkdepth_vars.obj (.data)

.stack     0    200024c8    00000300     UNINITIALIZED
                  200024c8    00000300     --HOLE--


LINKER GENERATED COPY TABLES

__TI_cinit_table @ 00005e60 records: 3, size/record: 8, table size: 24
	.data: load addr=00005a88, load size=000003b8 bytes, run addr=20001e7c, run size=0000064c bytes, compression=rle
	.bss: load addr=00005e50, load size=00000008 bytes, run addr=20000360, run size=00001b1c bytes, compression=zero_init
	.vecs: load addr=00005e58, load size=00000008 bytes, run addr=20000000, run size=00000360 bytes, compression=zero_init


LINKER GENERATED HANDLER TABLE

__TI_handler_table @ 00005e40 records: 3, size/record: 4, table size: 12
	index: 0, handler: __TI_zero_init
	index: 1, handler: __TI_decompress_rle24
	index: 2, handler: __TI_decompress_none


GLOBAL SYMBOLS: SORTED ALPHABETICALLY BY Name 

address    name
--------   ----
00003f0d   C$$EXIT
0000363b   C$$IO$$
00004711   EK_TM4C1294XL_initGPIO
00002459   EK_TM4C1294XL_initGeneral
00001ee9   EK_TM4C1294XL_initI2C
00004845   GPIODirModeSet
00001511   GPIOPadConfigSet
00003c89   GPIOPinConfigure
00005265   GPIOPinRead
00004fbd   GPIOPinTypeGPIOInput
00004da7   GPIOPinTypeGPIOOutput
00004fcf   GPIOPinTypeI2C
00004fe1   GPIOPinTypeI2CSCL
0000526b   GPIOPinWrite
000055f8   GPIO_config
00004985   GPIO_init
000041b1   GPIO_toggle
00004899   GPIO_write
00000a31   HOSTclock
000009f9   HOSTclose
000009bb   HOSTgetenv
0000095f   HOSTlseek
0000090d   HOSTopen
000008c1   HOSTread
00000863   HOSTrename
00000829   HOSTtime
000007f1   HOSTunlink
000007a5   HOSTwrite
000052ad   I2CMasterControl
000052b1   I2CMasterDataGet
000052b5   I2CMasterDataPut
000051f1   I2CMasterDisable
000051fb   I2CMasterEnable
00004f29   I2CMasterErr
00003cd1   I2CMasterInitExpClk
0000522d   I2CMasterIntClear
00005271   I2CMasterIntDisable
00005277   I2CMasterIntEnable
00005235   I2CMasterSlaveAddrSet
0000452f   I2CTiva_close
000058b4   I2CTiva_fxnTable
00005205   I2CTiva_init
00001d39   I2CTiva_open
00003065   I2CTiva_transfer
00005039   I2C_Params_init
00005584   I2C_config
000058e4   I2C_defaultParams
000042dd   I2C_init
00004dc1   I2C_open
0000520f   I2C_transfer
UNDEFED    SHT$$INIT_ARRAY$$Base
UNDEFED    SHT$$INIT_ARRAY$$Limit
0000442d   SysCtlPeripheralEnable
20001fac   TSK_idle
00000000   __ASM__
20001cc0   __CIOBUF_
000000a6   __ISA__
000000b9   __PLAT__
200027c8   __STACK_END
00000300   __STACK_SIZE
200026c8   __STACK_TOP
000000da   __TARG__
00005e60   __TI_CINIT_Base
00005e78   __TI_CINIT_Limit
00005e40   __TI_Handler_Table_Base
00005e4c   __TI_Handler_Table_Limit
00000001   __TI_args_main
00002869   __TI_auto_init
200024b4   __TI_cleanup_ptr
00005129   __TI_decompress_none
00005283   __TI_decompress_rle24
200024b8   __TI_dtors_ptr
0000363f   __TI_readmsg
00000000   __TI_static_base__
00003611   __TI_writemsg
00004ff3   __TI_zero_init
00000100   __TRDR__
00003163   __aeabi_memclr
00003163   __aeabi_memclr4
00003163   __aeabi_memclr8
000029a9   __aeabi_memcpy
000029a9   __aeabi_memcpy4
000029a9   __aeabi_memcpy8
00003165   __aeabi_memset
00003165   __aeabi_memset4
00003165   __aeabi_memset8
0000412d   __aeabi_uidivmod
ffffffff   __binit__
ffffffff   __c_args__
200024c8   __stack
0000527d   __xdc__init
20002100   __xdc__init__addr
00004dd9   _args_main
000038a5   _c_int00
200024ac   _lock
00004f7b   _nop
00004f73   _register_lock
00004f6d   _register_unlock
200024b0   _unlock
00003f11   abort
ffffffff   binit
00003ec9   copy_in
000056b4   dummyCfg
00002ae1   dummyTask
00003f19   exit
00001ee7   free
0000562c   gpioHWAttrs
0000560c   i2cTivaHWAttrs
20001ac0   i2cTivaObjects
00002721   main
200024c4   main_func_sp
000052b9   malloc
000029a9   memcpy
0000316b   memset
0000214d   nfcLoadTask
00003c07   rand
00003bf1   srand
00005049   strcpy
00004f81   strlen
00005920   ti_catalog_arm_cortexm4_tiva_ce_Boot_A_mustNotUseEnhancedClockMode__C
00005924   ti_catalog_arm_cortexm4_tiva_ce_Boot_Module__diagsEnabled__C
00005928   ti_catalog_arm_cortexm4_tiva_ce_Boot_Module__diagsIncluded__C
0000592c   ti_catalog_arm_cortexm4_tiva_ce_Boot_Module__diagsMask__C
000058b2   ti_catalog_arm_cortexm4_tiva_ce_Boot_Module__id__C
00005029   ti_catalog_arm_cortexm4_tiva_ce_Boot_init__I
00000a79   ti_catalog_arm_cortexm4_tiva_ce_Boot_sysCtlClockFreqSetI__I
00002b75   ti_catalog_arm_cortexm4_tiva_ce_Boot_sysCtlClockFreqSet__E
20002480   ti_sysbios_BIOS_Module__state__V
000052bd   ti_sysbios_BIOS_RtsGateProxy_enter__E
000052c1   ti_sysbios_BIOS_RtsGateProxy_leave__E
000052d9   ti_sysbios_BIOS_RtsGateProxy_query__E
00004769   ti_sysbios_BIOS_atExitFunc__I
000049a9   ti_sysbios_BIOS_errorRaiseHook__I
00004f3f   ti_sysbios_BIOS_exitFunc__I
00005059   ti_sysbios_BIOS_getCpuFreq__E
00002adf   ti_sysbios_BIOS_nullFunc__I
000049cd   ti_sysbios_BIOS_registerRTSLock__I
000049f1   ti_sysbios_BIOS_removeRTSLock__I
00004c09   ti_sysbios_BIOS_rtsLock__I
00004df1   ti_sysbios_BIOS_rtsUnlock__I
00005069   ti_sysbios_BIOS_setThreadType__E
00004ae9   ti_sysbios_BIOS_startFunc__I
00005079   ti_sysbios_BIOS_start__E
20002370   ti_sysbios_family_arm_lm4_Timer_Module_State_0_device__A
20002000   ti_sysbios_family_arm_lm4_Timer_Module_State_0_handles__A
20001ff8   ti_sysbios_family_arm_lm4_Timer_Module__root__V
00004e09   ti_sysbios_family_arm_lm4_Timer_Module__startupDone__F
00004e09   ti_sysbios_family_arm_lm4_Timer_Module__startupDone__S
20002020   ti_sysbios_family_arm_lm4_Timer_Module__state__V
00003791   ti_sysbios_family_arm_lm4_Timer_Module_startup__E
200022ac   ti_sysbios_family_arm_lm4_Timer_Object__table__V
00005930   ti_sysbios_family_arm_lm4_Timer_enableFunc__C
00003d19   ti_sysbios_family_arm_lm4_Timer_enableTimers__I
00002675   ti_sysbios_family_arm_lm4_Timer_enableTiva__I
00005153   ti_sysbios_family_arm_lm4_Timer_getMaxTicks__E
000052c5   ti_sysbios_family_arm_lm4_Timer_getPeriod__E
00003a5d   ti_sysbios_family_arm_lm4_Timer_initDevice__I
00003f51   ti_sysbios_family_arm_lm4_Timer_isrStub__E
00005245   ti_sysbios_family_arm_lm4_Timer_masterDisable__I
000052c9   ti_sysbios_family_arm_lm4_Timer_masterEnable__I
00005934   ti_sysbios_family_arm_lm4_Timer_numTimerDevices__C
00001969   ti_sysbios_family_arm_lm4_Timer_start__E
00005938   ti_sysbios_family_arm_lm4_Timer_startupNeeded__C
00004171   ti_sysbios_family_arm_lm4_Timer_startup__E
00004561   ti_sysbios_family_arm_lm4_Timer_stop__E
00004aa5   ti_sysbios_family_arm_lm4_Timer_write__I
2000202c   ti_sysbios_family_arm_lm4_TimestampProvider_Module__state__V
00005289   ti_sysbios_family_arm_lm4_TimestampProvider_Module_startup__E
00002399   ti_sysbios_family_arm_lm4_TimestampProvider_get32__E
00005059   ti_sysbios_family_arm_lm4_TimestampProvider_getFreq__E
00005089   ti_sysbios_family_arm_lm4_TimestampProvider_rolloverFunc__E
00005161   ti_sysbios_family_arm_lm4_TimestampProvider_startTimer__E
00005a64   ti_sysbios_family_arm_lm4_TimestampProvider_useClockTimer__C
0000593c   ti_sysbios_family_arm_m3_Hwi_E_NMI__C
00005940   ti_sysbios_family_arm_m3_Hwi_E_alreadyDefined__C
00005944   ti_sysbios_family_arm_m3_Hwi_E_busFault__C
00005948   ti_sysbios_family_arm_m3_Hwi_E_debugMon__C
0000594c   ti_sysbios_family_arm_m3_Hwi_E_hardFault__C
00005950   ti_sysbios_family_arm_m3_Hwi_E_memFault__C
00005954   ti_sysbios_family_arm_m3_Hwi_E_noIsr__C
00005958   ti_sysbios_family_arm_m3_Hwi_E_reserved__C
0000595c   ti_sysbios_family_arm_m3_Hwi_E_svCall__C
00005960   ti_sysbios_family_arm_m3_Hwi_E_usageFault__C
00004e21   ti_sysbios_family_arm_m3_Hwi_Handle__label__S
000048c1   ti_sysbios_family_arm_m3_Hwi_Instance_finalize__E
00002909   ti_sysbios_family_arm_m3_Hwi_Instance_init__E
2000203c   ti_sysbios_family_arm_m3_Hwi_Module_State_0_excActive__A
20002040   ti_sysbios_family_arm_m3_Hwi_Module_State_0_excContext__A
20002044   ti_sysbios_family_arm_m3_Hwi_Module_State_0_excStack__A
00005a66   ti_sysbios_family_arm_m3_Hwi_Module__id__C
20002034   ti_sysbios_family_arm_m3_Hwi_Module__root__V
00004e39   ti_sysbios_family_arm_m3_Hwi_Module__startupDone__F
00004e39   ti_sysbios_family_arm_m3_Hwi_Module__startupDone__S
200023f0   ti_sysbios_family_arm_m3_Hwi_Module__state__V
00003c3d   ti_sysbios_family_arm_m3_Hwi_Module_startup__E
00005964   ti_sysbios_family_arm_m3_Hwi_NUM_INTERRUPTS__C
00005744   ti_sysbios_family_arm_m3_Hwi_Object__DESC__C
0000565c   ti_sysbios_family_arm_m3_Hwi_Object__PARAMS__C
00005968   ti_sysbios_family_arm_m3_Hwi_Object__count__C
00004c25   ti_sysbios_family_arm_m3_Hwi_Object__destruct__S
00004f95   ti_sysbios_family_arm_m3_Hwi_Object__get__S
20002424   ti_sysbios_family_arm_m3_Hwi_Object__table__V
0000516d   ti_sysbios_family_arm_m3_Hwi_Params__init__S
0000596c   ti_sysbios_family_arm_m3_Hwi_ccr__C
000038fd   ti_sysbios_family_arm_m3_Hwi_construct
000052cd   ti_sysbios_family_arm_m3_Hwi_destruct
00005179   ti_sysbios_family_arm_m3_Hwi_disableFxn__E
00003f95   ti_sysbios_family_arm_m3_Hwi_disableInterrupt__E
00003955   ti_sysbios_family_arm_m3_Hwi_dispatchC__I
20001760   ti_sysbios_family_arm_m3_Hwi_dispatchTable
00001b65   ti_sysbios_family_arm_m3_Hwi_dispatch__I
000030e3   ti_sysbios_family_arm_m3_Hwi_doSwiRestore__I
0000528f   ti_sysbios_family_arm_m3_Hwi_doTaskRestore__I
00003fd9   ti_sysbios_family_arm_m3_Hwi_enableInterrupt__E
00000fd1   ti_sysbios_family_arm_m3_Hwi_excBusFault__I
000025c5   ti_sysbios_family_arm_m3_Hwi_excDebugMon__I
0000003d   ti_sysbios_family_arm_m3_Hwi_excDumpRegs__I
00004b09   ti_sysbios_family_arm_m3_Hwi_excHandlerAsm__I
00005970   ti_sysbios_family_arm_m3_Hwi_excHandlerFunc__C
00000c75   ti_sysbios_family_arm_m3_Hwi_excHandlerMax__I
00004b29   ti_sysbios_family_arm_m3_Hwi_excHandler__I
00002511   ti_sysbios_family_arm_m3_Hwi_excHardFault__I
000058f8   ti_sysbios_family_arm_m3_Hwi_excHookFuncs__A
00005974   ti_sysbios_family_arm_m3_Hwi_excHookFuncs__C
000013d1   ti_sysbios_family_arm_m3_Hwi_excMemFault__I
00004461   ti_sysbios_family_arm_m3_Hwi_excNmi__I
00004315   ti_sysbios_family_arm_m3_Hwi_excNoIsr__I
00003d61   ti_sysbios_family_arm_m3_Hwi_excReserved__I
000041ed   ti_sysbios_family_arm_m3_Hwi_excSvCall__I
00001139   ti_sysbios_family_arm_m3_Hwi_excUsageFault__I
00004229   ti_sysbios_family_arm_m3_Hwi_getStackInfo__E
00002d31   ti_sysbios_family_arm_m3_Hwi_initNVIC__E
000039ad   ti_sysbios_family_arm_m3_Hwi_initStacks__E
00005978   ti_sysbios_family_arm_m3_Hwi_nullIsrFunc__C
e000e000   ti_sysbios_family_arm_m3_Hwi_nvic
00004939   ti_sysbios_family_arm_m3_Hwi_pendSV__I
00003255   ti_sysbios_family_arm_m3_Hwi_postInit__I
0000597c   ti_sysbios_family_arm_m3_Hwi_priGroup__C
20000000   ti_sysbios_family_arm_m3_Hwi_ramVectors
00000000   ti_sysbios_family_arm_m3_Hwi_resetVectors
00005295   ti_sysbios_family_arm_m3_Hwi_restoreFxn__E
0000495d   ti_sysbios_family_arm_m3_Hwi_return
0000524d   ti_sysbios_family_arm_m3_Hwi_startup__E
00004fa9   ti_sysbios_family_arm_m3_Hwi_switchFromBootStack__E
000052d1   ti_sysbios_family_arm_m3_TaskSupport_Module__startupDone__S
00002dbd   ti_sysbios_family_arm_m3_TaskSupport_buildTaskStack
00005099   ti_sysbios_family_arm_m3_TaskSupport_glue
0000434d   ti_sysbios_family_arm_m3_TaskSupport_start__E
00004e51   ti_sysbios_family_arm_m3_TaskSupport_swap__E
00004e69   ti_sysbios_gates_GateHwi_Handle__label__S
000031db   ti_sysbios_gates_GateHwi_Instance_init__E
000056d8   ti_sysbios_gates_GateHwi_Module__FXNS__C
20002048   ti_sysbios_gates_GateHwi_Module__root__V
00005764   ti_sysbios_gates_GateHwi_Object__DESC__C
00005840   ti_sysbios_gates_GateHwi_Object__PARAMS__C
00004591   ti_sysbios_gates_GateHwi_Object__create__S
00004b49   ti_sysbios_gates_GateHwi_Object__delete__S
20002050   ti_sysbios_gates_GateHwi_Object__table__V
00005185   ti_sysbios_gates_GateHwi_enter__E
0000529b   ti_sysbios_gates_GateHwi_leave__E
000052d5   ti_sysbios_gates_GateHwi_query__E
00004e81   ti_sysbios_gates_GateMutex_Handle__label__S
00005980   ti_sysbios_gates_GateMutex_Instance_State_sem__O
000050a9   ti_sysbios_gates_GateMutex_Instance_finalize__E
00004c41   ti_sysbios_gates_GateMutex_Instance_init__E
000056fc   ti_sysbios_gates_GateMutex_Module__FXNS__C
20002054   ti_sysbios_gates_GateMutex_Module__root__V
00005784   ti_sysbios_gates_GateMutex_Object__DESC__C
00005858   ti_sysbios_gates_GateMutex_Object__PARAMS__C
000045c1   ti_sysbios_gates_GateMutex_Object__create__S
00004a15   ti_sysbios_gates_GateMutex_Object__delete__S
2000205c   ti_sysbios_gates_GateMutex_Object__table__V
000045f1   ti_sysbios_gates_GateMutex_enter__E
00004e99   ti_sysbios_gates_GateMutex_leave__E
000052d9   ti_sysbios_gates_GateMutex_query__E
000052dd   ti_sysbios_hal_Hwi_HwiProxy_Module__startupDone__S
00003f95   ti_sysbios_hal_Hwi_HwiProxy_disableInterrupt__E
00005179   ti_sysbios_hal_Hwi_HwiProxy_disable__E
00003fd9   ti_sysbios_hal_Hwi_HwiProxy_enableInterrupt__E
00004229   ti_sysbios_hal_Hwi_HwiProxy_getStackInfo__E
00005295   ti_sysbios_hal_Hwi_HwiProxy_restore__E
0000524d   ti_sysbios_hal_Hwi_HwiProxy_startup__E
00004fa9   ti_sysbios_hal_Hwi_HwiProxy_switchFromBootStack__E
20002078   ti_sysbios_hal_Hwi_Module__root__V
00005005   ti_sysbios_hal_Hwi_Module_startup__E
00003f95   ti_sysbios_hal_Hwi_disableInterrupt__E
00005179   ti_sysbios_hal_Hwi_disable__E
00003fd9   ti_sysbios_hal_Hwi_enableInterrupt__E
00004229   ti_sysbios_hal_Hwi_getStackInfo__E
00004795   ti_sysbios_hal_Hwi_initStack
00005295   ti_sysbios_hal_Hwi_restore__E
0000524d   ti_sysbios_hal_Hwi_startup__E
00005984   ti_sysbios_knl_Clock_Module_State_clockQ__O
20002080   ti_sysbios_knl_Clock_Module__root__V
20002454   ti_sysbios_knl_Clock_Module__state__V
00004a39   ti_sysbios_knl_Clock_Module_startup__E
000052e1   ti_sysbios_knl_Clock_TimerProxy_Module__startupDone__S
000052e5   ti_sysbios_knl_Clock_TimerProxy_getMaxTicks__E
000052e9   ti_sysbios_knl_Clock_TimerProxy_getPeriod__E
00004171   ti_sysbios_knl_Clock_TimerProxy_startup__E
000048e9   ti_sysbios_knl_Clock_addI__E
000047c1   ti_sysbios_knl_Clock_doTick__I
000034e3   ti_sysbios_knl_Clock_logTick__E
000032c5   ti_sysbios_knl_Clock_workFunc__E
00005988   ti_sysbios_knl_Idle_funcList__A
00005900   ti_sysbios_knl_Idle_funcList__C
00005255   ti_sysbios_knl_Idle_loop__E
00004b69   ti_sysbios_knl_Idle_run__E
000052a1   ti_sysbios_knl_Queue_Instance_init__E
20002088   ti_sysbios_knl_Queue_Module__root__V
000057a4   ti_sysbios_knl_Queue_Object__DESC__C
00005870   ti_sysbios_knl_Queue_Object__PARAMS__C
00004c5d   ti_sysbios_knl_Queue_Object__destruct__S
00005191   ti_sysbios_knl_Queue_Object__get__S
000047ed   ti_sysbios_knl_Queue_construct
000052ed   ti_sysbios_knl_Queue_destruct
00005137   ti_sysbios_knl_Queue_empty__E
00004c79   ti_sysbios_knl_Queue_put__E
0000598c   ti_sysbios_knl_Semaphore_Instance_State_pendQ__O
000050b9   ti_sysbios_knl_Semaphore_Instance_finalize__E
00004a5d   ti_sysbios_knl_Semaphore_Instance_init__E
20002090   ti_sysbios_knl_Semaphore_Module__root__V
000057c4   ti_sysbios_knl_Semaphore_Object__DESC__C
00005720   ti_sysbios_knl_Semaphore_Object__PARAMS__C
00004b89   ti_sysbios_knl_Semaphore_Object__destruct__S
0000519d   ti_sysbios_knl_Semaphore_Params__init__S
00004621   ti_sysbios_knl_Semaphore_construct
000052f1   ti_sysbios_knl_Semaphore_destruct
000044fd   ti_sysbios_knl_Semaphore_pendTimeout__I
00000e5d   ti_sysbios_knl_Semaphore_pend__E
000034e5   ti_sysbios_knl_Semaphore_post__E
00004eb1   ti_sysbios_knl_Task_Handle__label__S
20001e68   ti_sysbios_knl_Task_Instance_State_0_hookEnv__A
20000360   ti_sysbios_knl_Task_Instance_State_0_stack__A
20001e6c   ti_sysbios_knl_Task_Instance_State_1_hookEnv__A
20000660   ti_sysbios_knl_Task_Instance_State_1_stack__A
20001e70   ti_sysbios_knl_Task_Instance_State_2_hookEnv__A
20000960   ti_sysbios_knl_Task_Instance_State_2_stack__A
20001e74   ti_sysbios_knl_Task_Instance_State_3_hookEnv__A
20000c60   ti_sysbios_knl_Task_Instance_State_3_stack__A
20001e78   ti_sysbios_knl_Task_Instance_State_4_hookEnv__A
20000f60   ti_sysbios_knl_Task_Instance_State_4_stack__A
200020a0   ti_sysbios_knl_Task_Module_State_0_idleTask__A
200023b0   ti_sysbios_knl_Task_Module_State_0_readyQ__A
00005990   ti_sysbios_knl_Task_Module_State_inactiveQ__O
20002098   ti_sysbios_knl_Task_Module__root__V
2000232c   ti_sysbios_knl_Task_Module__state__V
00002f5d   ti_sysbios_knl_Task_Module_startup__E
00005994   ti_sysbios_knl_Task_Object__count__C
000050c9   ti_sysbios_knl_Task_Object__get__S
00005998   ti_sysbios_knl_Task_Object__heap__C
20001e7c   ti_sysbios_knl_Task_Object__table__V
000052f5   ti_sysbios_knl_Task_SupportProxy_Module__startupDone__S
0000434d   ti_sysbios_knl_Task_SupportProxy_start__E
00004e51   ti_sysbios_knl_Task_SupportProxy_swap__E
0000599c   ti_sysbios_knl_Task_allBlockedFunc__C
0000401d   ti_sysbios_knl_Task_allBlockedFunction__I
000050d9   ti_sysbios_knl_Task_disable__E
00004ba9   ti_sysbios_knl_Task_enter__I
00002c09   ti_sysbios_knl_Task_exit__E
00005888   ti_sysbios_knl_Task_hooks__A
00005908   ti_sysbios_knl_Task_hooks__C
00005a68   ti_sysbios_knl_Task_initStackFlag__C
000059a0   ti_sysbios_knl_Task_numConstructedTasks__C
00001c59   ti_sysbios_knl_Task_postInit__I
00004385   ti_sysbios_knl_Task_processVitalTaskFlag__I
00004c95   ti_sysbios_knl_Task_restoreHwi__E
00004911   ti_sysbios_knl_Task_restore__E
00002ed5   ti_sysbios_knl_Task_schedule__I
00004d59   ti_sysbios_knl_Task_sleepTimeout__I
00002211   ti_sysbios_knl_Task_sleep__E
00002e49   ti_sysbios_knl_Task_startCore__E
000052f9   ti_sysbios_knl_Task_startup__E
00004e5d   ti_sysbios_knl_Task_swapReturn
000037ed   ti_sysbios_knl_Task_unblockI__E
200020a8   ti_sysbios_utils_Load_Module_State_0_runningTask__A
2000219c   ti_sysbios_utils_Load_Module_State_0_taskEnv__A
200020a4   ti_sysbios_utils_Load_Module_State_0_taskStartTime__A
000059a4   ti_sysbios_utils_Load_Module_State_taskList__O
000059a8   ti_sysbios_utils_Load_Module__diagsEnabled__C
000059ac   ti_sysbios_utils_Load_Module__diagsIncluded__C
000059b0   ti_sysbios_utils_Load_Module__diagsMask__C
20002104   ti_sysbios_utils_Load_Module__state__V
00003671   ti_sysbios_utils_Load_addTask__E
00005a6a   ti_sysbios_utils_Load_autoAddTasks__C
000051a9   ti_sysbios_utils_Load_getCPULoad__E
00004651   ti_sysbios_utils_Load_getGlobalHwiLoad__E
00004681   ti_sysbios_utils_Load_getTaskLoad__E
00005a6c   ti_sysbios_utils_Load_hwiEnabled__C
00003549   ti_sysbios_utils_Load_idleFxn__E
00003da9   ti_sysbios_utils_Load_logLoads__I
000059b4   ti_sysbios_utils_Load_postUpdate__C
00004061   ti_sysbios_utils_Load_removeTask__E
000033a5   ti_sysbios_utils_Load_taskCreateHook__E
00003df1   ti_sysbios_utils_Load_taskDeleteHook__E
000051b5   ti_sysbios_utils_Load_taskRegHook__E
00003b01   ti_sysbios_utils_Load_taskSwitchHook__E
000031dd   ti_sysbios_utils_Load_updateCurrentThreadTime__E
00005a6e   ti_sysbios_utils_Load_updateInIdle__C
00002fe1   ti_sysbios_utils_Load_updateLoads__E
000022d5   ti_sysbios_utils_Load_updateThreadContexts__E
00002fe1   ti_sysbios_utils_Load_update__E
000059b8   ti_sysbios_utils_Load_windowInMs__C
000030e5   writeRegister
00003ba1   writedata
000059bc   xdc_runtime_Assert_E_assertFailed__C
00003e39   xdc_runtime_Assert_raise__I
000059c0   xdc_runtime_Core_A_initializedParams__C
000059c4   xdc_runtime_Core_Module__diagsEnabled__C
000059c8   xdc_runtime_Core_Module__diagsIncluded__C
000059cc   xdc_runtime_Core_Module__diagsMask__C
00005a70   xdc_runtime_Core_Module__id__C
00004495   xdc_runtime_Core_assignLabel__I
00003e81   xdc_runtime_Core_assignParams__I
00001fb5   xdc_runtime_Core_constructObject__I
00001761   xdc_runtime_Core_createObject__I
0000347d   xdc_runtime_Core_deleteObject__I
000059d0   xdc_runtime_Error_E_memory__C
000059d4   xdc_runtime_Error_Module__diagsEnabled__C
000059d8   xdc_runtime_Error_Module__diagsIncluded__C
000059dc   xdc_runtime_Error_Module__diagsMask__C
00005a72   xdc_runtime_Error_Module__loggerDefined__C
000059e0   xdc_runtime_Error_Module__loggerFxn8__C
000059e4   xdc_runtime_Error_Module__loggerObj__C
200020ac   xdc_runtime_Error_Module__state__V
00004ec9   xdc_runtime_Error_check__E
000052fd   xdc_runtime_Error_getSite__E
000051c1   xdc_runtime_Error_init__E
00005a74   xdc_runtime_Error_maxDepth__C
00001641   xdc_runtime_Error_policyDefault__E
000059e8   xdc_runtime_Error_policyFxn__C
000058b1   xdc_runtime_Error_policy__C
00003411   xdc_runtime_Error_print__E
000059ec   xdc_runtime_Error_raiseHook__C
00004cb1   xdc_runtime_Error_raiseX__E
000040a5   xdc_runtime_Error_setX__E
000051cd   xdc_runtime_Gate_enterSystem__E
000050e9   xdc_runtime_Gate_leaveSystem__E
000059f0   xdc_runtime_HeapStd_A_align__C
000059f4   xdc_runtime_HeapStd_A_invalidTotalFreeSize__C
000059f8   xdc_runtime_HeapStd_A_zeroSize__C
000059fc   xdc_runtime_HeapStd_E_noRTSMemory__C
00004ee1   xdc_runtime_HeapStd_Handle__label__S
00002081   xdc_runtime_HeapStd_Instance_init__E
0000568c   xdc_runtime_HeapStd_Module__FXNS__C
00005a00   xdc_runtime_HeapStd_Module__diagsEnabled__C
00005a04   xdc_runtime_HeapStd_Module__diagsIncluded__C
00005a08   xdc_runtime_HeapStd_Module__diagsMask__C
00005a76   xdc_runtime_HeapStd_Module__id__C
200020b0   xdc_runtime_HeapStd_Module__root__V
200020c4   xdc_runtime_HeapStd_Module__state__V
000057e4   xdc_runtime_HeapStd_Object__DESC__C
00005824   xdc_runtime_HeapStd_Object__PARAMS__C
00003a05   xdc_runtime_HeapStd_Object__create__S
00004ccd   xdc_runtime_HeapStd_Object__delete__S
200020b8   xdc_runtime_HeapStd_Object__table__V
0000128d   xdc_runtime_HeapStd_alloc__E
000027c5   xdc_runtime_HeapStd_free__E
00005145   xdc_runtime_HeapStd_getStats__E
00005301   xdc_runtime_HeapStd_isBlocking__E
00005a0c   xdc_runtime_IGateProvider_Interface__BASE__C
00005a10   xdc_runtime_IHeap_Interface__BASE__C
00005a14   xdc_runtime_IModule_Interface__BASE__C
00005a18   xdc_runtime_Log_L_error__C
000052d5   xdc_runtime_Main_Module_GateProxy_query__E
00005305   xdc_runtime_Memory_HeapProxy_alloc__E
00005309   xdc_runtime_Memory_HeapProxy_free__E
00005a78   xdc_runtime_Memory_Module__id__C
200020c8   xdc_runtime_Memory_Module__state__V
00003335   xdc_runtime_Memory_alloc__E
000051d9   xdc_runtime_Memory_calloc__E
00005a1c   xdc_runtime_Memory_defaultHeapInstance__C
000050f9   xdc_runtime_Memory_free__E
000051e5   xdc_runtime_Memory_getMaxDefaultTypeAlign__E
00004ce9   xdc_runtime_Memory_valloc__E
200020cc   xdc_runtime_Registry_Module__state__V
00004bc9   xdc_runtime_Registry_findById__E
200020d4   xdc_runtime_Startup_Module__state__V
00000001   xdc_runtime_Startup__EXECFXN__C
00000001   xdc_runtime_Startup__RESETFXN__C
00005a20   xdc_runtime_Startup_execImpl__C
00003b51   xdc_runtime_Startup_exec__E
00005017   xdc_runtime_Startup_exec__I
000058c4   xdc_runtime_Startup_firstFxns__A
00005910   xdc_runtime_Startup_firstFxns__C
00005a24   xdc_runtime_Startup_lastFxns__A
00005918   xdc_runtime_Startup_lastFxns__C
00005a28   xdc_runtime_Startup_maxPasses__C
0000360f   xdc_runtime_Startup_reset__I
000058d4   xdc_runtime_Startup_sfxnRts__A
00005a2c   xdc_runtime_Startup_sfxnRts__C
00005804   xdc_runtime_Startup_sfxnTab__A
00005a30   xdc_runtime_Startup_sfxnTab__C
00001a69   xdc_runtime_Startup_startMods__I
20001de0   xdc_runtime_SysMin_Module_State_0_outbuf__A
200020dc   xdc_runtime_SysMin_Module__state__V
00004be9   xdc_runtime_SysMin_Module_startup__E
[...]
00003fd9   ti_sysbios_hal_Hwi_HwiProxy_enableInterrupt__E
00003fd9   ti_sysbios_hal_Hwi_enableInterrupt__E
0000401d   ti_sysbios_knl_Task_allBlockedFunction__I
00004061   ti_sysbios_utils_Load_removeTask__E
000040a5   xdc_runtime_Error_setX__E
000040e9   xdc_runtime_SysMin_flush__E
000040e9   xdc_runtime_System_SupportProxy_flush__E
000040e9   xdc_runtime_System_flush__E
0000412d   __aeabi_uidivmod
00004171   ti_sysbios_family_arm_lm4_Timer_startup__E
00004171   ti_sysbios_knl_Clock_TimerProxy_startup__E
000041b1   GPIO_toggle
000041ed   ti_sysbios_family_arm_m3_Hwi_excSvCall__I
00004229   ti_sysbios_family_arm_m3_Hwi_getStackInfo__E
00004229   ti_sysbios_hal_Hwi_HwiProxy_getStackInfo__E
00004229   ti_sysbios_hal_Hwi_getStackInfo__E
00004265   xdc_runtime_Text_xprintf__I
000042dd   I2C_init
00004315   ti_sysbios_family_arm_m3_Hwi_excNoIsr__I
0000434d   ti_sysbios_family_arm_m3_TaskSupport_start__E
0000434d   ti_sysbios_knl_Task_SupportProxy_start__E
00004385   ti_sysbios_knl_Task_processVitalTaskFlag__I
000043bd   xdc_runtime_SysMin_putch__E
000043bd   xdc_runtime_System_SupportProxy_putch__E
000043f5   xdc_runtime_System_atexit__E
0000442d   SysCtlPeripheralEnable
00004461   ti_sysbios_family_arm_m3_Hwi_excNmi__I
00004495   xdc_runtime_Core_assignLabel__I
000044c9   xdc_runtime_Text_printVisFxn__I
000044fd   ti_sysbios_knl_Semaphore_pendTimeout__I
0000452f   I2CTiva_close
00004561   ti_sysbios_family_arm_lm4_Timer_stop__E
00004591   ti_sysbios_gates_GateHwi_Object__create__S
000045c1   ti_sysbios_gates_GateMutex_Object__create__S
000045f1   ti_sysbios_gates_GateMutex_enter__E
00004621   ti_sysbios_knl_Semaphore_construct
00004651   ti_sysbios_utils_Load_getGlobalHwiLoad__E
00004681   ti_sysbios_utils_Load_getTaskLoad__E
000046b1   xdc_runtime_SysMin_abort__E
000046b1   xdc_runtime_System_SupportProxy_abort__E
000046e1   xdc_runtime_System_processAtExit__E
00004711   EK_TM4C1294XL_initGPIO
00004769   ti_sysbios_BIOS_atExitFunc__I
00004795   ti_sysbios_hal_Hwi_initStack
000047c1   ti_sysbios_knl_Clock_doTick__I
000047ed   ti_sysbios_knl_Queue_construct
00004819   xdc_runtime_Text_cordText__E
00004845   GPIODirModeSet
0000486f   xdc_runtime_System_putchar__I
00004899   GPIO_write
000048c1   ti_sysbios_family_arm_m3_Hwi_Instance_finalize__E
000048e9   ti_sysbios_knl_Clock_addI__E
00004911   ti_sysbios_knl_Task_restore__E
00004939   ti_sysbios_family_arm_m3_Hwi_pendSV__I
0000495d   ti_sysbios_family_arm_m3_Hwi_return
0000495f   xdc_runtime_System_avprintf__E
00004985   GPIO_init
000049a9   ti_sysbios_BIOS_errorRaiseHook__I
000049cd   ti_sysbios_BIOS_registerRTSLock__I
000049f1   ti_sysbios_BIOS_removeRTSLock__I
00004a15   ti_sysbios_gates_GateMutex_Object__delete__S
00004a39   ti_sysbios_knl_Clock_Module_startup__E
00004a5d   ti_sysbios_knl_Semaphore_Instance_init__E
00004a81   xdc_runtime_System_vprintf__E
00004aa5   ti_sysbios_family_arm_lm4_Timer_write__I
00004ac7   xdc_runtime_SysMin_output__I
00004ae9   ti_sysbios_BIOS_startFunc__I
00004b09   ti_sysbios_family_arm_m3_Hwi_excHandlerAsm__I
00004b29   ti_sysbios_family_arm_m3_Hwi_excHandler__I
00004b49   ti_sysbios_gates_GateHwi_Object__delete__S
00004b69   ti_sysbios_knl_Idle_run__E
00004b89   ti_sysbios_knl_Semaphore_Object__destruct__S
00004ba9   ti_sysbios_knl_Task_enter__I
00004bc9   xdc_runtime_Registry_findById__E
00004be9   xdc_runtime_SysMin_Module_startup__E
00004c09   ti_sysbios_BIOS_rtsLock__I
00004c25   ti_sysbios_family_arm_m3_Hwi_Object__destruct__S
00004c41   ti_sysbios_gates_GateMutex_Instance_init__E
00004c5d   ti_sysbios_knl_Queue_Object__destruct__S
00004c79   ti_sysbios_knl_Queue_put__E
00004c95   ti_sysbios_knl_Task_restoreHwi__E
00004cb1   xdc_runtime_Error_raiseX__E
00004ccd   xdc_runtime_HeapStd_Object__delete__S
00004ce9   xdc_runtime_Memory_valloc__E
00004d05   xdc_runtime_SysMin_exit__E
00004d05   xdc_runtime_System_SupportProxy_exit__E
00004d21   xdc_runtime_System_abort__E
00004d3d   xdc_runtime_System_sprintf__E
00004d59   ti_sysbios_knl_Task_sleepTimeout__I
00004d73   xdc_runtime_System_aprintf__E
00004d8d   xdc_runtime_System_printf__E
00004da7   GPIOPinTypeGPIOOutput
00004dc1   I2C_open
00004dd9   _args_main
00004df1   ti_sysbios_BIOS_rtsUnlock__I
00004e09   ti_sysbios_family_arm_lm4_Timer_Module__startupDone__F
00004e09   ti_sysbios_family_arm_lm4_Timer_Module__startupDone__S
00004e21   ti_sysbios_family_arm_m3_Hwi_Handle__label__S
00004e39   ti_sysbios_family_arm_m3_Hwi_Module__startupDone__F
00004e39   ti_sysbios_family_arm_m3_Hwi_Module__startupDone__S
00004e51   ti_sysbios_family_arm_m3_TaskSupport_swap__E
00004e51   ti_sysbios_knl_Task_SupportProxy_swap__E
00004e5d   ti_sysbios_knl_Task_swapReturn
00004e69   ti_sysbios_gates_GateHwi_Handle__label__S
00004e81   ti_sysbios_gates_GateMutex_Handle__label__S
00004e99   ti_sysbios_gates_GateMutex_leave__E
00004eb1   ti_sysbios_knl_Task_Handle__label__S
00004ec9   xdc_runtime_Error_check__E
00004ee1   xdc_runtime_HeapStd_Handle__label__S
00004ef9   xdc_runtime_System_exit__E
00004f11   xdc_runtime_Text_ropeText__E
00004f29   I2CMasterErr
00004f3f   ti_sysbios_BIOS_exitFunc__I
00004f55   xdc_runtime_System_vsprintf__E
00004f6d   _register_unlock
00004f73   _register_lock
00004f7b   _nop
00004f81   strlen
00004f95   ti_sysbios_family_arm_m3_Hwi_Object__get__S
00004fa9   ti_sysbios_family_arm_m3_Hwi_switchFromBootStack__E
00004fa9   ti_sysbios_hal_Hwi_HwiProxy_switchFromBootStack__E
00004fbd   GPIOPinTypeGPIOInput
00004fcf   GPIOPinTypeI2C
00004fe1   GPIOPinTypeI2CSCL
00004ff3   __TI_zero_init
00005005   ti_sysbios_hal_Hwi_Module_startup__E
00005017   xdc_runtime_Startup_exec__I
00005029   ti_catalog_arm_cortexm4_tiva_ce_Boot_init__I
00005039   I2C_Params_init
00005049   strcpy
00005059   ti_sysbios_BIOS_getCpuFreq__E
00005059   ti_sysbios_family_arm_lm4_TimestampProvider_getFreq__E
00005059   xdc_runtime_Timestamp_SupportProxy_getFreq__E
00005059   xdc_runtime_Timestamp_getFreq__E
00005069   ti_sysbios_BIOS_setThreadType__E
00005079   ti_sysbios_BIOS_start__E
00005089   ti_sysbios_family_arm_lm4_TimestampProvider_rolloverFunc__E
00005099   ti_sysbios_family_arm_m3_TaskSupport_glue
000050a9   ti_sysbios_gates_GateMutex_Instance_finalize__E
000050b9   ti_sysbios_knl_Semaphore_Instance_finalize__E
000050c9   ti_sysbios_knl_Task_Object__get__S
000050d9   ti_sysbios_knl_Task_disable__E
000050e9   xdc_runtime_Gate_leaveSystem__E
000050f9   xdc_runtime_Memory_free__E
00005109   xdc_runtime_SysMin_ready__E
00005109   xdc_runtime_System_SupportProxy_ready__E
00005119   xdc_runtime_System_vsnprintf__E
00005129   __TI_decompress_none
00005137   ti_sysbios_knl_Queue_empty__E
00005145   xdc_runtime_HeapStd_getStats__E
00005153   ti_sysbios_family_arm_lm4_Timer_getMaxTicks__E
00005161   ti_sysbios_family_arm_lm4_TimestampProvider_startTimer__E
0000516d   ti_sysbios_family_arm_m3_Hwi_Params__init__S
00005179   ti_sysbios_family_arm_m3_Hwi_disableFxn__E
00005179   ti_sysbios_hal_Hwi_HwiProxy_disable__E
00005179   ti_sysbios_hal_Hwi_disable__E
00005185   ti_sysbios_gates_GateHwi_enter__E
00005191   ti_sysbios_knl_Queue_Object__get__S
0000519d   ti_sysbios_knl_Semaphore_Params__init__S
000051a9   ti_sysbios_utils_Load_getCPULoad__E
000051b5   ti_sysbios_utils_Load_taskRegHook__E
000051c1   xdc_runtime_Error_init__E
000051cd   xdc_runtime_Gate_enterSystem__E
000051d9   xdc_runtime_Memory_calloc__E
000051e5   xdc_runtime_Memory_getMaxDefaultTypeAlign__E
000051f1   I2CMasterDisable
000051fb   I2CMasterEnable
00005205   I2CTiva_init
0000520f   I2C_transfer
0000522d   I2CMasterIntClear
00005235   I2CMasterSlaveAddrSet
00005245   ti_sysbios_family_arm_lm4_Timer_masterDisable__I
0000524d   ti_sysbios_family_arm_m3_Hwi_startup__E
0000524d   ti_sysbios_hal_Hwi_HwiProxy_startup__E
0000524d   ti_sysbios_hal_Hwi_startup__E
00005255   ti_sysbios_knl_Idle_loop__E
0000525d   xdc_runtime_Text_visitRope__I
00005265   GPIOPinRead
0000526b   GPIOPinWrite
00005271   I2CMasterIntDisable
00005277   I2CMasterIntEnable
0000527d   __xdc__init
00005283   __TI_decompress_rle24
00005289   ti_sysbios_family_arm_lm4_TimestampProvider_Module_startup__E
0000528f   ti_sysbios_family_arm_m3_Hwi_doTaskRestore__I
00005295   ti_sysbios_family_arm_m3_Hwi_restoreFxn__E
00005295   ti_sysbios_hal_Hwi_HwiProxy_restore__E
00005295   ti_sysbios_hal_Hwi_restore__E
0000529b   ti_sysbios_gates_GateHwi_leave__E
000052a1   ti_sysbios_knl_Queue_Instance_init__E
000052a7   xdc_runtime_System_Module_startup__E
000052ad   I2CMasterControl
000052b1   I2CMasterDataGet
000052b5   I2CMasterDataPut
000052b9   malloc
000052bd   ti_sysbios_BIOS_RtsGateProxy_enter__E
000052c1   ti_sysbios_BIOS_RtsGateProxy_leave__E
000052c5   ti_sysbios_family_arm_lm4_Timer_getPeriod__E
000052c9   ti_sysbios_family_arm_lm4_Timer_masterEnable__I
000052cd   ti_sysbios_family_arm_m3_Hwi_destruct
000052d1   ti_sysbios_family_arm_m3_TaskSupport_Module__startupDone__S
000052d5   ti_sysbios_gates_GateHwi_query__E
000052d5   xdc_runtime_Main_Module_GateProxy_query__E
000052d5   xdc_runtime_System_Module_GateProxy_query__E
000052d9   ti_sysbios_BIOS_RtsGateProxy_query__E
000052d9   ti_sysbios_gates_GateMutex_query__E
000052dd   ti_sysbios_hal_Hwi_HwiProxy_Module__startupDone__S
000052e1   ti_sysbios_knl_Clock_TimerProxy_Module__startupDone__S
000052e5   ti_sysbios_knl_Clock_TimerProxy_getMaxTicks__E
000052e9   ti_sysbios_knl_Clock_TimerProxy_getPeriod__E
000052ed   ti_sysbios_knl_Queue_destruct
000052f1   ti_sysbios_knl_Semaphore_destruct
000052f5   ti_sysbios_knl_Task_SupportProxy_Module__startupDone__S
000052f9   ti_sysbios_knl_Task_startup__E
000052fd   xdc_runtime_Error_getSite__E
00005301   xdc_runtime_HeapStd_isBlocking__E
00005305   xdc_runtime_Memory_HeapProxy_alloc__E
00005309   xdc_runtime_Memory_HeapProxy_free__E
0000530d   xdc_runtime_System_Module_GateProxy_enter__E
00005311   xdc_runtime_System_Module_GateProxy_leave__E
00005315   xdc_runtime_System_aprintf_va__F
00005319   xdc_runtime_System_printf_va__F
0000531d   xdc_runtime_System_sprintf_va__F
00005584   I2C_config
000055f8   GPIO_config
0000560c   i2cTivaHWAttrs
0000562c   gpioHWAttrs
0000565c   ti_sysbios_family_arm_m3_Hwi_Object__PARAMS__C
0000568c   xdc_runtime_HeapStd_Module__FXNS__C
000056b4   dummyCfg
000056d8   ti_sysbios_gates_GateHwi_Module__FXNS__C
000056fc   ti_sysbios_gates_GateMutex_Module__FXNS__C
00005720   ti_sysbios_knl_Semaphore_Object__PARAMS__C
00005744   ti_sysbios_family_arm_m3_Hwi_Object__DESC__C
00005764   ti_sysbios_gates_GateHwi_Object__DESC__C
00005784   ti_sysbios_gates_GateMutex_Object__DESC__C
000057a4   ti_sysbios_knl_Queue_Object__DESC__C
000057c4   ti_sysbios_knl_Semaphore_Object__DESC__C
000057e4   xdc_runtime_HeapStd_Object__DESC__C
00005804   xdc_runtime_Startup_sfxnTab__A
00005824   xdc_runtime_HeapStd_Object__PARAMS__C
00005840   ti_sysbios_gates_GateHwi_Object__PARAMS__C
00005858   ti_sysbios_gates_GateMutex_Object__PARAMS__C
00005870   ti_sysbios_knl_Queue_Object__PARAMS__C
00005888   ti_sysbios_knl_Task_hooks__A
000058b1   xdc_runtime_Error_policy__C
000058b2   ti_catalog_arm_cortexm4_tiva_ce_Boot_Module__id__C
000058b4   I2CTiva_fxnTable
000058c4   xdc_runtime_Startup_firstFxns__A
000058d4   xdc_runtime_Startup_sfxnRts__A
000058e4   I2C_defaultParams
000058f8   ti_sysbios_family_arm_m3_Hwi_excHookFuncs__A
00005900   ti_sysbios_knl_Idle_funcList__C
00005908   ti_sysbios_knl_Task_hooks__C
00005910   xdc_runtime_Startup_firstFxns__C
00005918   xdc_runtime_Startup_lastFxns__C
00005920   ti_catalog_arm_cortexm4_tiva_ce_Boot_A_mustNotUseEnhancedClockMode__C
00005924   ti_catalog_arm_cortexm4_tiva_ce_Boot_Module__diagsEnabled__C
00005928   ti_catalog_arm_cortexm4_tiva_ce_Boot_Module__diagsIncluded__C
0000592c   ti_catalog_arm_cortexm4_tiva_ce_Boot_Module__diagsMask__C
00005930   ti_sysbios_family_arm_lm4_Timer_enableFunc__C
00005934   ti_sysbios_family_arm_lm4_Timer_numTimerDevices__C
00005938   ti_sysbios_family_arm_lm4_Timer_startupNeeded__C
0000593c   ti_sysbios_family_arm_m3_Hwi_E_NMI__C
00005940   ti_sysbios_family_arm_m3_Hwi_E_alreadyDefined__C
00005944   ti_sysbios_family_arm_m3_Hwi_E_busFault__C
00005948   ti_sysbios_family_arm_m3_Hwi_E_debugMon__C
0000594c   ti_sysbios_family_arm_m3_Hwi_E_hardFault__C
00005950   ti_sysbios_family_arm_m3_Hwi_E_memFault__C
00005954   ti_sysbios_family_arm_m3_Hwi_E_noIsr__C
00005958   ti_sysbios_family_arm_m3_Hwi_E_reserved__C
0000595c   ti_sysbios_family_arm_m3_Hwi_E_svCall__C
00005960   ti_sysbios_family_arm_m3_Hwi_E_usageFault__C
00005964   ti_sysbios_family_arm_m3_Hwi_NUM_INTERRUPTS__C
00005968   ti_sysbios_family_arm_m3_Hwi_Object__count__C
0000596c   ti_sysbios_family_arm_m3_Hwi_ccr__C
00005970   ti_sysbios_family_arm_m3_Hwi_excHandlerFunc__C
00005974   ti_sysbios_family_arm_m3_Hwi_excHookFuncs__C
00005978   ti_sysbios_family_arm_m3_Hwi_nullIsrFunc__C
0000597c   ti_sysbios_family_arm_m3_Hwi_priGroup__C
00005980   ti_sysbios_gates_GateMutex_Instance_State_sem__O
00005984   ti_sysbios_knl_Clock_Module_State_clockQ__O
00005988   ti_sysbios_knl_Idle_funcList__A
0000598c   ti_sysbios_knl_Semaphore_Instance_State_pendQ__O
00005990   ti_sysbios_knl_Task_Module_State_inactiveQ__O
00005994   ti_sysbios_knl_Task_Object__count__C
00005998   ti_sysbios_knl_Task_Object__heap__C
0000599c   ti_sysbios_knl_Task_allBlockedFunc__C
000059a0   ti_sysbios_knl_Task_numConstructedTasks__C
000059a4   ti_sysbios_utils_Load_Module_State_taskList__O
000059a8   ti_sysbios_utils_Load_Module__diagsEnabled__C
000059ac   ti_sysbios_utils_Load_Module__diagsIncluded__C
000059b0   ti_sysbios_utils_Load_Module__diagsMask__C
000059b4   ti_sysbios_utils_Load_postUpdate__C
000059b8   ti_sysbios_utils_Load_windowInMs__C
000059bc   xdc_runtime_Assert_E_assertFailed__C
000059c0   xdc_runtime_Core_A_initializedParams__C
000059c4   xdc_runtime_Core_Module__diagsEnabled__C
000059c8   xdc_runtime_Core_Module__diagsIncluded__C
000059cc   xdc_runtime_Core_Module__diagsMask__C
000059d0   xdc_runtime_Error_E_memory__C
000059d4   xdc_runtime_Error_Module__diagsEnabled__C
000059d8   xdc_runtime_Error_Module__diagsIncluded__C
000059dc   xdc_runtime_Error_Module__diagsMask__C
000059e0   xdc_runtime_Error_Module__loggerFxn8__C
000059e4   xdc_runtime_Error_Module__loggerObj__C
000059e8   xdc_runtime_Error_policyFxn__C
000059ec   xdc_runtime_Error_raiseHook__C
000059f0   xdc_runtime_HeapStd_A_align__C
000059f4   xdc_runtime_HeapStd_A_invalidTotalFreeSize__C
000059f8   xdc_runtime_HeapStd_A_zeroSize__C
000059fc   xdc_runtime_HeapStd_E_noRTSMemory__C
00005a00   xdc_runtime_HeapStd_Module__diagsEnabled__C
00005a04   xdc_runtime_HeapStd_Module__diagsIncluded__C
00005a08   xdc_runtime_HeapStd_Module__diagsMask__C
00005a0c   xdc_runtime_IGateProvider_Interface__BASE__C
00005a10   xdc_runtime_IHeap_Interface__BASE__C
00005a14   xdc_runtime_IModule_Interface__BASE__C
00005a18   xdc_runtime_Log_L_error__C
00005a1c   xdc_runtime_Memory_defaultHeapInstance__C
00005a20   xdc_runtime_Startup_execImpl__C
00005a24   xdc_runtime_Startup_lastFxns__A
00005a28   xdc_runtime_Startup_maxPasses__C
00005a2c   xdc_runtime_Startup_sfxnRts__C
00005a30   xdc_runtime_Startup_sfxnTab__C
00005a34   xdc_runtime_SysMin_bufSize__C
00005a38   xdc_runtime_SysMin_outputFunc__C
00005a3c   xdc_runtime_System_Module__gateObj__C
00005a40   xdc_runtime_System_abortFxn__C
00005a44   xdc_runtime_System_exitFxn__C
00005a48   xdc_runtime_System_extendFxn__C
00005a4c   xdc_runtime_System_maxAtexitHandlers__C
00005a50   xdc_runtime_Text_charTab__C
00005a54   xdc_runtime_Text_nameEmpty__C
00005a58   xdc_runtime_Text_nameStatic__C
00005a5c   xdc_runtime_Text_nameUnknown__C
00005a60   xdc_runtime_Text_visitRopeFxn__C
00005a64   ti_sysbios_family_arm_lm4_TimestampProvider_useClockTimer__C
00005a66   ti_sysbios_family_arm_m3_Hwi_Module__id__C
00005a68   ti_sysbios_knl_Task_initStackFlag__C
00005a6a   ti_sysbios_utils_Load_autoAddTasks__C
00005a6c   ti_sysbios_utils_Load_hwiEnabled__C
00005a6e   ti_sysbios_utils_Load_updateInIdle__C
00005a70   xdc_runtime_Core_Module__id__C
00005a72   xdc_runtime_Error_Module__loggerDefined__C
00005a74   xdc_runtime_Error_maxDepth__C
00005a76   xdc_runtime_HeapStd_Module__id__C
00005a78   xdc_runtime_Memory_Module__id__C
00005a7a   xdc_runtime_SysMin_flushAtExit__C
00005a7c   xdc_runtime_Text_charCnt__C
00005a7e   xdc_runtime_Text_isLoaded__C
00005a80   xdc_runtime_Text_registryModsLastId__C
00005a82   xdc_runtime_Text_unnamedModsLastId__C
00005e40   __TI_Handler_Table_Base
00005e4c   __TI_Handler_Table_Limit
00005e60   __TI_CINIT_Base
00005e78   __TI_CINIT_Limit
20000000   ti_sysbios_family_arm_m3_Hwi_ramVectors
20000360   ti_sysbios_knl_Task_Instance_State_0_stack__A
20000660   ti_sysbios_knl_Task_Instance_State_1_stack__A
20000960   ti_sysbios_knl_Task_Instance_State_2_stack__A
20000c60   ti_sysbios_knl_Task_Instance_State_3_stack__A
20000f60   ti_sysbios_knl_Task_Instance_State_4_stack__A
20001760   ti_sysbios_family_arm_m3_Hwi_dispatchTable
20001ac0   i2cTivaObjects
20001cc0   __CIOBUF_
20001de0   xdc_runtime_SysMin_Module_State_0_outbuf__A
20001e68   ti_sysbios_knl_Task_Instance_State_0_hookEnv__A
20001e6c   ti_sysbios_knl_Task_Instance_State_1_hookEnv__A
20001e70   ti_sysbios_knl_Task_Instance_State_2_hookEnv__A
20001e74   ti_sysbios_knl_Task_Instance_State_3_hookEnv__A
20001e78   ti_sysbios_knl_Task_Instance_State_4_hookEnv__A
20001e7c   ti_sysbios_knl_Task_Object__table__V
20001fac   TSK_idle
20001ff8   ti_sysbios_family_arm_lm4_Timer_Module__root__V
20002000   ti_sysbios_family_arm_lm4_Timer_Module_State_0_handles__A
20002020   ti_sysbios_family_arm_lm4_Timer_Module__state__V
2000202c   ti_sysbios_family_arm_lm4_TimestampProvider_Module__state__V
20002034   ti_sysbios_family_arm_m3_Hwi_Module__root__V
2000203c   ti_sysbios_family_arm_m3_Hwi_Module_State_0_excActive__A
20002040   ti_sysbios_family_arm_m3_Hwi_Module_State_0_excContext__A
20002044   ti_sysbios_family_arm_m3_Hwi_Module_State_0_excStack__A
20002048   ti_sysbios_gates_GateHwi_Module__root__V
20002050   ti_sysbios_gates_GateHwi_Object__table__V
20002054   ti_sysbios_gates_GateMutex_Module__root__V
2000205c   ti_sysbios_gates_GateMutex_Object__table__V
20002078   ti_sysbios_hal_Hwi_Module__root__V
20002080   ti_sysbios_knl_Clock_Module__root__V
20002088   ti_sysbios_knl_Queue_Module__root__V
20002090   ti_sysbios_knl_Semaphore_Module__root__V
20002098   ti_sysbios_knl_Task_Module__root__V
200020a0   ti_sysbios_knl_Task_Module_State_0_idleTask__A
200020a4   ti_sysbios_utils_Load_Module_State_0_taskStartTime__A
200020a8   ti_sysbios_utils_Load_Module_State_0_runningTask__A
200020ac   xdc_runtime_Error_Module__state__V
200020b0   xdc_runtime_HeapStd_Module__root__V
200020b8   xdc_runtime_HeapStd_Object__table__V
200020c4   xdc_runtime_HeapStd_Module__state__V
200020c8   xdc_runtime_Memory_Module__state__V
200020cc   xdc_runtime_Registry_Module__state__V
200020d4   xdc_runtime_Startup_Module__state__V
200020dc   xdc_runtime_SysMin_Module__state__V
200020e8   xdc_runtime_System_Module_State_0_atexitHandlers__A
200020f0   xdc_runtime_System_Module__state__V
200020f8   xdc_runtime_Text_Module__state__V
20002100   __xdc__init__addr
20002104   ti_sysbios_utils_Load_Module__state__V
2000219c   ti_sysbios_utils_Load_Module_State_0_taskEnv__A
200022ac   ti_sysbios_family_arm_lm4_Timer_Object__table__V
2000232c   ti_sysbios_knl_Task_Module__state__V
20002370   ti_sysbios_family_arm_lm4_Timer_Module_State_0_device__A
200023b0   ti_sysbios_knl_Task_Module_State_0_readyQ__A
200023f0   ti_sysbios_family_arm_m3_Hwi_Module__state__V
20002424   ti_sysbios_family_arm_m3_Hwi_Object__table__V
20002454   ti_sysbios_knl_Clock_Module__state__V
20002480   ti_sysbios_BIOS_Module__state__V
200024ac   _lock
200024b0   _unlock
200024b4   __TI_cleanup_ptr
200024b8   __TI_dtors_ptr
200024c4   main_func_sp
200024c8   __stack
200026c8   __STACK_TOP
200027c8   __STACK_END
e000e000   ti_sysbios_family_arm_m3_Hwi_nvic
ffffffff   __binit__
ffffffff   __c_args__
ffffffff   binit
UNDEFED    SHT$$INIT_ARRAY$$Base
UNDEFED    SHT$$INIT_ARRAY$$Limit

[567 symbols]
