******************************************************************************
                  TI ARM Linker PC v5.1.7                      
******************************************************************************
>> Linked Mon Aug 18 12:06:19 2014

OUTPUT FILE NAME:   <central_Estufa.out>
ENTRY POINT SYMBOL: "_c_int00"  address: 0000ab89


MEMORY CONFIGURATION

         name            origin    length      used     unused   attr    fill
----------------------  --------  ---------  --------  --------  ----  --------
  FLASH                 00000000   00100000  0000fcf2  000f030e  R  X
  SRAM                  20000000   00040000  000056e4  0003a91c  RW X


SEGMENT ALLOCATION MAP

run origin  load origin   length   init length attrs members
----------  ----------- ---------- ----------- ----- -------
00000000    00000000    0000fcf8   0000fcf8    r-x
  00000000    00000000    0000003c   0000003c    r-- .resetVecs
  0000003c    0000003c    0000cc40   0000cc40    r-x .text
  0000cc80    0000cc80    00002b6e   00002b6e    r-- .const
  0000f7f0    0000f7f0    00000508   00000508    r-- .cinit
20000000    20000000    00000360   00000000    rw-
  20000000    20000000    00000360   00000000    rw- .vecs
20000380    20000380    00005384   00000000    rw-
  20000380    20000380    00003ab0   00000000    rw- .bss
  20003e30    20003e30    00001000   00000000    rw- .stack
  20004e30    20004e30    000008d4   00000000    rw- .data


SECTION ALLOCATION MAP

 output                                  attributes/
section   page    origin      length       input sections
--------  ----  ----------  ----------   ----------------
.bootVecs 
*          0    00000000    00000008     DSECT
                  00000000    00000008     boot.aem4f : boot.oem4f (.bootVecs)

.resetVecs 
*          0    00000000    0000003c     
                  00000000    0000003c     principal_pem4f.oem4f (.resetVecs)

xdc.meta   0    00000000    00000109     COPY SECTION
                  00000000    00000109     principal_pem4f.oem4f (xdc.meta)

.init_array 
*          0    00000000    00000000     UNINITIALIZED

.text      0    0000003c    0000cc40     
                  0000003c    00000ec0     rtsv7M4_T_le_v4SPD16_eabi.lib : _printfi.obj (.text)
                  00000efc    00000950                                   : _scanfi.obj (.text)
                  0000184c    000005f7     i2c_tivaware.aem4f : I2CTiva.oem4f (.text:I2CTiva_hwiFxn)
                  00001e43    00000001     --HOLE-- [fill = 0]
                  00001e44    00000424     sysbios.aem4f : BIOS.obj (.text:ti_sysbios_family_arm_m3_Hwi_excDumpRegs__I)
                  00002268    0000033c     ti.targets.arm.rtsarm.aem4f : System.oem4f (.text:xdc_runtime_System_doPrint__I)
                  000025a4    00000310     rtsv7M4_T_le_v4SPD16_eabi.lib : lowlev.obj (.text)
                  000028b4    00000304     sysbios.aem4f : BIOS.obj (.text:ti_sysbios_knl_Semaphore_pend__E)
                  00002bb8    000002d4     rtsv7M4_T_le_v4SPD16_eabi.lib : trgdrv.obj (.text)
                  00002e8c    000002cc     i2c_tivaware.aem4f : I2CTiva.oem4f (.text:I2CTiva_primeTransfer)
                  00003158    000002a4     uart_tivaware.aem4f : UARTTiva.oem4f (.text:UARTTiva_open)
                  000033fc    00000248     sysbios.aem4f : BIOS.obj (.text:ti_sysbios_heaps_HeapMem_free__E)
                  00003644    0000023c     rtsv7M4_T_le_v4SPD16_eabi.lib : strtod.obj (.text)
                  00003880    00000234                                   : strtold.obj (.text)
                  00003ab4    00000234     sysbios.aem4f : BIOS.obj (.text:ti_sysbios_heaps_HeapMem_alloc__E)
                  00003ce8    00000214     uart_tivaware.aem4f : UARTTiva.oem4f (.text:UARTTiva_write)
                  00003efc    00000208     sysbios.aem4f : BIOS.obj (.text:ti_sysbios_knl_Task_sleep__E)
                  00004104    000001fc     Boot.aem4f : Boot_sysctl.oem4f (.text:ti_catalog_arm_cortexm4_tiva_ce_Boot_sysCtlClockFreqSetI__I)
                  00004300    000001f8     uart_tivaware.aem4f : UARTTiva.oem4f (.text:UARTTiva_read)
                  000044f8    000001f8     sysbios.aem4f : BIOS.obj (.text:ti_sysbios_family_arm_m3_Hwi_excHandlerMax__I)
                  000046f0    000001f4     rtsv7M4_T_le_v4SPD16_eabi.lib : ull_div_t2.obj (.text)
                  000048e4    000001e4                                   : strtoll.obj (.text)
                  00004ac8    000001d4     principal.obj (.text:lerRTC)
                  00004c9c    000001d0     rtsv7M4_T_le_v4SPD16_eabi.lib : fscanf.obj (.text)
                  00004e6c    000001cc     uart_tivaware.aem4f : UARTTiva.oem4f (.text:UARTTiva_hwiIntFxn)
                  00005038    000001c4     i2c_tivaware.aem4f : I2CTiva.oem4f (.text:I2CTiva_transfer)
                  000051fc    000001c0     rtsv7M4_T_le_v4SPD16_eabi.lib : fopen.obj (.text)
                  000053bc    000001b6                                   : fd_add_t2.obj (.text)
                  00005572    00000002     principal_pem4f.oem4f (.text:ti_sysbios_BIOS_nullFunc__I)
                  00005574    000001b4     i2c_tivaware.aem4f : I2CTiva.oem4f (.text:I2CTiva_completeTransfer)
                  00005728    0000018c     sysbios.aem4f : BIOS.obj (.text:ti_sysbios_knl_Task_Module_startup__E)
                  000058b4    00000180                   : BIOS.obj (.text:ti_sysbios_family_arm_lm4_Timer_start__E)
                  00005a34    00000178     uart_tivaware.aem4f : UARTTiva.oem4f (.text:writeData)
                  00005bac    00000174     i2c_tivaware.aem4f : I2CTiva.oem4f (.text:I2CTiva_open)
                  00005d20    0000016c     rtsv7M4_T_le_v4SPD16_eabi.lib : strtoull.obj (.text)
                  00005e8c    00000168     uart_tivaware.aem4f : UARTTiva.oem4f (.text:UARTTiva_readPolling)
                  00005ff4    00000168                         : UARTTiva.oem4f (.text:readData)
                  0000615c    00000168     sysbios.aem4f : BIOS.obj (.text:ti_sysbios_family_arm_m3_Hwi_excBusFault__I)
                  000062c4    0000015c     uart_tivaware.aem4f : UARTTiva.oem4f (.text:UARTTiva_writePolling)
                  00006420    00000154     sysbios.aem4f : BIOS.obj (.text:ti_sysbios_family_arm_m3_Hwi_excUsageFault__I)
                  00006574    00000148     principal.obj (.text:consoleFxn)
                  000066bc    00000140     sysbios.aem4f : BIOS.obj (.text:ti_sysbios_family_arm_lm4_TimestampProvider_get64__E)
                  000067fc    00000140                   : BIOS.obj (.text:ti_sysbios_family_arm_m3_Hwi_excMemFault__I)
                  0000693c    0000013c     principal.obj (.text:main)
                  00006a78    0000013c     sysbios.aem4f : BIOS.obj (.text:ti_sysbios_family_arm_m3_Hwi_dispatchC__I)
                  00006bb4    00000138                   : BIOS.obj (.text:ti_sysbios_heaps_HeapMem_Instance_init__E)
                  00006cec    00000138                   : BIOS.obj (.text:ti_sysbios_knl_Semaphore_post__E)
                  00006e24    00000136     rtsv7M4_T_le_v4SPD16_eabi.lib : fd_div_t2.obj (.text)
                  00006f5a    00000002     sysbios.aem4f : BIOS.obj (.text:ti_sysbios_gates_GateHwi_Instance_init__E)
                  00006f5c    00000134     rtsv7M4_T_le_v4SPD16_eabi.lib : fputs.obj (.text)
                  00007090    00000130     driverlib.lib : gpio.obj (.text:GPIOPadConfigSet)
                  000071c0    00000130     rtsv7M4_T_le_v4SPD16_eabi.lib : strtol.obj (.text)
                  000072f0    00000130     principal_pem4f.oem4f (.text:ti_uia_loggers_LoggerStopMode_writeMemoryRange__E)
                  00007420    0000012c     sysbios.aem4f : BIOS.obj (.text:ti_sysbios_knl_Clock_workFunc__E)
                  0000754c    00000120                   : BIOS.obj (.text:ti_sysbios_knl_Swi_run__I)
                  0000766c    00000120     ti.targets.arm.rtsarm.aem4f : Error.oem4f (.text:xdc_runtime_Error_policyDefault__E)
                  0000778c    0000011c     principal_pem4f.oem4f (.text:ti_uia_loggers_LoggerStopMode_write8__E)
                  000078a8    00000110     rtsv7M4_T_le_v4SPD16_eabi.lib : strtoul.obj (.text)
                  000079b8    00000104     UARTUtils.obj (.text:openHandle)
                  00007abc    00000104     principal_pem4f.oem4f (.text:ti_uia_loggers_LoggerStopMode_write4__E)
                  00007bc0    00000104     ti.targets.arm.rtsarm.aem4f : Core-mem.oem4f (.text:xdc_runtime_Core_createObject__I)
                  00007cc4    00000104     principal_pem4f.oem4f (.text:xdc_runtime_System_printfExtend__I)
                  00007dc8    000000fc     rtsv7M4_T_le_v4SPD16_eabi.lib : fd_mul_t2.obj (.text)
                  00007ec4    000000fc     ti.targets.arm.rtsarm.aem4f : Startup.oem4f (.text:xdc_runtime_Startup_startMods__I)
                  00007fc0    000000f8     principal_pem4f.oem4f (.text:ti_uia_loggers_LoggerStopMode_write2__E)
                  000080b8    000000f4     gpio_tivaware.aem4f : GPIO.oem4f (.text:GPIO_toggle)
                  000081ac    000000f4     sysbios.aem4f : m3_Hwi_asm.obj (.text:ti_sysbios_family_arm_m3_Hwi_dispatch__I)
                  000082a0    000000f4     principal_pem4f.oem4f (.text:ti_uia_loggers_LoggerStopMode_write1__E)
                  00008394    000000e8     gpio_tivaware.aem4f : GPIO.oem4f (.text:GPIO_write)
                  0000847c    000000e8     principal_pem4f.oem4f (.text:ti_uia_loggers_LoggerStopMode_write0__E)
                  00008564    000000dc     rtsv7M4_T_le_v4SPD16_eabi.lib : setvbuf.obj (.text)
                  00008640    000000cc     EK_TM4C1294XL.obj (.text:EK_TM4C1294XL_initI2C)
                  0000870c    000000cc     ti.targets.arm.rtsarm.aem4f : Core-smem.oem4f (.text:xdc_runtime_Core_constructObject__I)
                  000087d8    000000c8     sysbios.aem4f : BIOS.obj (.text:ti_sysbios_knl_Task_schedule__I)
                  000088a0    000000c4                   : BIOS.obj (.text:ti_sysbios_family_arm_m3_Hwi_Module_startup__E)
                  00008964    000000c0     i2c_tivaware.aem4f : I2CTiva.oem4f (.text:I2CTiva_close)
                  00008a24    000000c0     uart_tivaware.aem4f : UARTTiva.oem4f (.text:UARTTiva_writeCancel)
                  00008ae4    000000c0     rtsv7M4_T_le_v4SPD16_eabi.lib : fflush.obj (.text)
                  00008ba4    000000c0     sysbios.aem4f : BIOS.obj (.text:ti_sysbios_family_arm_lm4_TimestampProvider_get32__E)
                  00008c64    000000bc     uart_tivaware.aem4f : UARTTiva.oem4f (.text:UARTTiva_readCancel)
                  00008d20    000000bc     sysbios.aem4f : BIOS.obj (.text:ti_sysbios_knl_Task_startCore__E)
                  00008ddc    000000b8     EK_TM4C1294XL.obj (.text:EK_TM4C1294XL_initGeneral)
                  00008e94    000000b4     sysbios.aem4f : BIOS.obj (.text:ti_sysbios_family_arm_m3_Hwi_excHardFault__I)
                  00008f48    000000b4                   : BIOS.obj (.text:ti_sysbios_gates_GateMutex_enter__E)
                  00008ffc    000000b4                   : BIOS.obj (.text:ti_sysbios_knl_Task_checkStacks__E)
                  000090b0    000000b0                   : BIOS.obj (.text:ti_sysbios_family_arm_m3_Hwi_excDebugMon__I)
                  00009160    000000b0                   : BIOS.obj (.text:ti_sysbios_utils_Load_idleFxn__E)
                  00009210    000000ac     rtsv7M4_T_le_v4SPD16_eabi.lib : _io_perm.obj (.text)
                  000092bc    000000ac     sysbios.aem4f : BIOS.obj (.text:ti_sysbios_family_arm_lm4_Timer_enableTiva__I)
                  00009368    000000a8     EK_TM4C1294XL.obj (.text:EK_TM4C1294XL_initUART)
                  00009410    000000a8     sysbios.aem4f : BIOS.obj (.text:ti_sysbios_family_arm_lm4_Timer_enableTimers__I)
                  000094b8    000000a8                   : BIOS.obj (.text:ti_sysbios_knl_Swi_post__E)
                  00009560    000000a8                   : BIOS.obj (.text:ti_sysbios_knl_Task_blockI__E)
                  00009608    000000a8                   : BIOS.obj (.text:ti_sysbios_utils_Load_updateLoads__E)
                  000096b0    000000a0     uart_tivaware.aem4f : UARTTiva.oem4f (.text:UARTTiva_close)
                  00009750    000000a0     auto_init.aem4f : auto_init.oem4f (.text)
                  000097f0    000000a0     sysbios.aem4f : BIOS.obj (.text:ti_sysbios_family_arm_m3_Hwi_Instance_init__E)
                  00009890    0000009c     rtsv7M4_T_le_v4SPD16_eabi.lib : _bufread.obj (.text)
                  0000992c    0000009c                                   : fputc.obj (.text)
                  000099c8    0000009c                                   : memcpy_t2.obj (.text)
                  00009a64    0000009c     sysbios.aem4f : BIOS.obj (.text:ti_sysbios_knl_Semaphore_Instance_init__E)
                  00009b00    0000009a     ti.targets.arm.rtsarm.aem4f : Text.oem4f (.text:xdc_runtime_Text_putSite__E)
                  00009b9a    00000002     principal_pem4f.oem4f (.text:ti_uia_loggers_LoggerStopMode_setFilterLevel__E)
                  00009b9c    00000098     rtsv7M4_T_le_v4SPD16_eabi.lib : fclose.obj (.text)
                  00009c34    00000098     sysbios.aem4f : BIOS.obj (.text:ti_sysbios_knl_Task_exit__E)
                  00009ccc    00000094     i2c_tivaware.aem4f : I2CTiva.oem4f (.text:I2CTiva_blockingCallback)
                  00009d60    00000094     rtsv7M4_T_le_v4SPD16_eabi.lib : fgetc.obj (.text)
                  00009df4    00000094     Boot.aem4f : Boot.oem4f (.text:ti_catalog_arm_cortexm4_tiva_ce_Boot_sysCtlClockFreqSet__E)
                  00009e88    00000094     sysbios.aem4f : BIOS.obj (.text:ti_sysbios_knl_Task_unblockI__E)
                  00009f1c    00000094     ti.targets.arm.rtsarm.aem4f : Text.oem4f (.text:xdc_runtime_Text_putMod__E)
                  00009fb0    00000090     ti.uia.loggers.aem4f : LoggerStopMode.oem4f (.text:ti_uia_loggers_LoggerStopMode_initQueueDescriptor__E)
                  0000a040    0000008c     UARTUtils.obj (.text:UARTUtils_systemInit)
                  0000a0cc    0000008c     sysbios.aem4f : BIOS.obj (.text:ti_sysbios_family_arm_m3_Hwi_initNVIC__E)
                  0000a158    0000008c                   : m3_TaskSupport_asm.obj (.text:ti_sysbios_family_arm_m3_TaskSupport_buildTaskStack)
                  0000a1e4    00000086     rtsv7M4_T_le_v4SPD16_eabi.lib : fd_cmp_t2.obj (.text:__aeabi_cdcmple)
                  0000a26a    00000086                                   : fd_cmp_t2.obj (.text:__aeabi_cdrcmple)
                  0000a2f0    00000080                                   : ungetc.obj (.text)
                  0000a370    0000007c     sysbios.aem4f : BIOS.obj (.text:ti_sysbios_utils_Load_logLoads__I)
                  0000a3ec    00000078     rtsv7M4_T_le_v4SPD16_eabi.lib : memset_t2.obj (.text)
                  0000a464    00000070                                   : printf.obj (.text)
                  0000a4d4    00000070     sysbios.aem4f : BIOS.obj (.text:ti_sysbios_family_arm_m3_Hwi_postInit__I)
                  0000a544    00000070     ti.uia.runtime.aem4f : QueueDescriptor.oem4f (.text:ti_uia_runtime_QueueDescriptor_addToList__E)
                  0000a5b4    00000070     ti.targets.arm.rtsarm.aem4f : Memory.oem4f (.text:xdc_runtime_Memory_alloc__E)
                  0000a624    0000006c     sysbios.aem4f : BIOS.obj (.text:ti_sysbios_utils_Load_updateThreadContexts__E)
                  0000a690    0000006c     ti.targets.arm.rtsarm.aem4f : Error.oem4f (.text:xdc_runtime_Error_print__E)
                  0000a6fc    0000006a     ti.uia.loggers.aem4f : LoggerStopMode.oem4f (.text:ti_uia_loggers_LoggerStopMode_flush__E)
                  0000a766    00000066     ti.targets.arm.rtsarm.aem4f : Core-mem.oem4f (.text:xdc_runtime_Core_deleteObject__I)
                  0000a7cc    00000064     rtsv7M4_T_le_v4SPD16_eabi.lib : fseek.obj (.text)
                  0000a830    00000064     sysbios.aem4f : BIOS.obj (.text:ti_sysbios_utils_Load_logCPULoad__I)
                  0000a894    00000060     rtsv7M4_T_le_v4SPD16_eabi.lib : trgmsg.obj (.text)
                  0000a8f4    00000060     sysbios.aem4f : BIOS.obj (.text:ti_sysbios_family_arm_lm4_Timer_isrStub__E)
                  0000a954    00000060                   : BIOS.obj (.text:ti_sysbios_knl_Clock_logTick__E)
                  0000a9b4    00000060     ti.targets.arm.rtsarm.aem4f : System.oem4f (.text:xdc_runtime_System_formatNum__I)
                  0000aa14    0000005e     rtsv7M4_T_le_v4SPD16_eabi.lib : copy_decompress_rle.obj (.text)
                  0000aa72    00000002     ti.uia.loggers.aem4f : LoggerStopMode.oem4f (.text:ti_uia_loggers_LoggerStopMode_setPriority__E)
                  0000aa74    0000005c     sysbios.aem4f : BIOS.obj (.text:ti_sysbios_family_arm_lm4_Timer_Module_startup__E)
                  0000aad0    0000005b     ti.targets.arm.rtsarm.aem4f : Text.oem4f (.text:xdc_runtime_Text_putLab__E)
                  0000ab2b    00000001     --HOLE-- [fill = 0]
                  0000ab2c    0000005a     rtsv7M4_T_le_v4SPD16_eabi.lib : ltoa.obj (.text)
                  0000ab86    00000002     principal_pem4f.oem4f (.text:xdc_runtime_Startup_reset__I)
                  0000ab88    00000058     boot.aem4f : boot.oem4f (.text)
                  0000abe0    00000058     principal_pem4f.oem4f (.text:ti_sysbios_family_arm_m3_Hwi_construct)
                  0000ac38    00000058     sysbios.aem4f : m3_Hwi_asm_switch.obj (.text:ti_sysbios_family_arm_m3_Hwi_initStacks__E)
                  0000ac90    00000058                   : BIOS.obj (.text:ti_sysbios_knl_Swi_restoreHwi__E)
                  0000ace8    00000058                   : BIOS.obj (.text:ti_sysbios_knl_Swi_schedule__I)
                  0000ad40    00000050     Boot.aem4f : Boot_sysctl.oem4f (.text:_SysCtlFrequencyGet)
                  0000ad90    00000050     sysbios.aem4f : BIOS.obj (.text:ti_sysbios_utils_Load_updateCurrentThreadTime__E)
                  0000ade0    00000050     ti.targets.arm.rtsarm.aem4f : Startup.oem4f (.text:xdc_runtime_Startup_exec__E)
                  0000ae30    00000050                                 : Text.oem4f (.text:xdc_runtime_Text_visitRope2__I)
                  0000ae80    0000004c     rtsv7M4_T_le_v4SPD16_eabi.lib : atoi.obj (.text)
                  0000aecc    0000004c     sysbios.aem4f : BIOS.obj (.text:ti_sysbios_knl_Swi_runLoop__I)
                  0000af18    0000004c     ti.uia.loggers.aem4f : LoggerStopMode.oem4f (.text:ti_uia_loggers_LoggerStopMode_Module_startup__E)
                  0000af64    0000004a     rtsv7M4_T_le_v4SPD16_eabi.lib : fd_tos_t2.obj (.text)
                  0000afae    00000002     --HOLE-- [fill = 0]
                  0000afb0    00000048     driverlib.lib : gpio.obj (.text:GPIOPinConfigure)
                  0000aff8    00000048                   : i2c.obj (.text:I2CMasterInitExpClk)
                  0000b040    00000048     i2c_tivaware.aem4f : I2C.oem4f (.text:I2C_open)
                  0000b088    00000048     uart_tivaware.aem4f : UART.oem4f (.text:UART_open)
                  0000b0d0    00000048     rtsv7M4_T_le_v4SPD16_eabi.lib : fd_toi_t2.obj (.text)
                  0000b118    00000048     sysbios.aem4f : BIOS.obj (.text:ti_sysbios_family_arm_m3_Hwi_excReserved__I)
                  0000b160    00000048                   : BIOS.obj (.text:ti_sysbios_heaps_HeapMem_getStats__E)
                  0000b1a8    00000048     ti.uia.loggers.aem4f : LoggerStopMode.oem4f (.text:ti_uia_loggers_LoggerStopMode_initBuffer__I)
                  0000b1f0    00000048     ti.targets.arm.rtsarm.aem4f : Assert.oem4f (.text:xdc_runtime_Assert_raise__I)
                  0000b238    00000046                                 : Core-params.oem4f (.text:xdc_runtime_Core_assignParams__I)
                  0000b27e    00000002     --HOLE-- [fill = 0]
                  0000b280    00000044     rtsv7M4_T_le_v4SPD16_eabi.lib : cpy_tbl.obj (.text)
                  0000b2c4    00000044                                   : exit.obj (.text)
                  0000b308    00000044                                   : xdtest.obj (.text)
                  0000b34c    00000044     sysbios.aem4f : BIOS.obj (.text:ti_sysbios_family_arm_lm4_Timer_stop__E)
                  0000b390    00000044                   : BIOS.obj (.text:ti_sysbios_family_arm_m3_Hwi_disableInterrupt__E)
                  0000b3d4    00000044                   : BIOS.obj (.text:ti_sysbios_family_arm_m3_Hwi_enableInterrupt__E)
                  0000b418    00000044                   : BIOS.obj (.text:ti_sysbios_knl_Task_allBlockedFunction__I)
                  0000b45c    00000044     ti.targets.arm.rtsarm.aem4f : Error.oem4f (.text:xdc_runtime_Error_setX__E)
                  0000b4a0    00000044                                 : SysMin.oem4f (.text:xdc_runtime_SysMin_flush__E)
                  0000b4e4    00000042     driverlib.lib : uart.obj (.text:UARTConfigSetExpClk)
                  0000b526    00000042     rtsv7M4_T_le_v4SPD16_eabi.lib : u_divt2.obj (.text)
                  0000b568    00000040     sysbios.aem4f : BIOS.obj (.text:ti_sysbios_family_arm_lm4_Timer_startup__E)
                  0000b5a8    0000003c     i2c_tivaware.aem4f : I2C.oem4f (.text:I2C_close)
                  0000b5e4    0000003c     uart_tivaware.aem4f : UART.oem4f (.text:UART_close)
                  0000b620    0000003c     sysbios.aem4f : BIOS.obj (.text:ti_sysbios_family_arm_m3_Hwi_excSvCall__I)
                  0000b65c    0000003c                   : BIOS.obj (.text:ti_sysbios_family_arm_m3_Hwi_getStackInfo__E)
                  0000b698    0000003c                   : BIOS.obj (.text:ti_sysbios_heaps_HeapMem_init__I)
                  0000b6d4    0000003c                   : BIOS.obj (.text:ti_sysbios_knl_Swi_startup__E)
                  0000b710    0000003c     ti.targets.arm.rtsarm.aem4f : Text.oem4f (.text:xdc_runtime_Text_xprintf__I)
                  0000b74c    00000038     i2c_tivaware.aem4f : I2C.oem4f (.text:I2C_init)
                  0000b784    00000038                        : I2C.oem4f (.text:I2C_transfer)
                  0000b7bc    00000038     uart_tivaware.aem4f : UART.oem4f (.text:UART_init)
                  0000b7f4    00000038     sysbios.aem4f : BIOS.obj (.text:ti_sysbios_family_arm_m3_Hwi_excNoIsr__I)
                  0000b82c    00000038                   : BIOS.obj (.text:ti_sysbios_family_arm_m3_TaskSupport_start__E)
                  0000b864    00000038                   : BIOS.obj (.text:ti_sysbios_knl_Task_processVitalTaskFlag__I)
                  0000b89c    00000038     ti.targets.arm.rtsarm.aem4f : SysMin.oem4f (.text:xdc_runtime_SysMin_putch__E)
                  0000b8d4    00000038                                 : System.oem4f (.text:xdc_runtime_System_atexit__E)
                  0000b90c    00000034     driverlib.lib : sysctl.obj (.text:SysCtlPeripheralEnable)
                  0000b940    00000034     UARTUtils.obj (.text:UARTUtils_deviceread)
                  0000b974    00000034     UARTUtils.obj (.text:UARTUtils_devicewrite)
                  0000b9a8    00000034     uart_tivaware.aem4f : UART.oem4f (.text:UART_Params_init)
                  0000b9dc    00000034                         : UART.oem4f (.text:UART_read)
                  0000ba10    00000034                         : UART.oem4f (.text:UART_write)
                  0000ba44    00000034     UARTUtils.obj (.text:closeHandle)
                  0000ba78    00000034     sysbios.aem4f : BIOS.obj (.text:ti_sysbios_family_arm_m3_Hwi_excNmi__I)
                  0000baac    00000034                   : BIOS.obj (.text:ti_sysbios_hal_Hwi_checkStack)
                  0000bae0    00000034     ti.uia.loggers.aem4f : LoggerStopMode.oem4f (.text:ti_uia_loggers_LoggerStopMode_reset__E)
                  0000bb14    00000034     ti.targets.arm.rtsarm.aem4f : Core-label.oem4f (.text:xdc_runtime_Core_assignLabel__I)
                  0000bb48    00000033                                 : Text.oem4f (.text:xdc_runtime_Text_printVisFxn__I)
                  0000bb7b    00000001     --HOLE-- [fill = 0]
                  0000bb7c    00000032     principal.obj (.text:bcd2dec)
                  0000bbae    00000032     sysbios.aem4f : BIOS.obj (.text:ti_sysbios_knl_Semaphore_pendTimeout__I)
                  0000bbe0    00000030     i2c_tivaware.aem4f : I2C.oem4f (.text:I2C_Params_init)
                  0000bc10    00000030     rtsv7M4_T_le_v4SPD16_eabi.lib : strncpy.obj (.text)
                  0000bc40    00000030     principal_pem4f.oem4f (.text:ti_sysbios_BIOS_atExitFunc__I)
                  0000bc70    00000030     principal_pem4f.oem4f (.text:ti_sysbios_gates_GateHwi_Object__create__S)
                  0000bca0    00000030     principal_pem4f.oem4f (.text:ti_sysbios_gates_GateMutex_Object__create__S)
                  0000bcd0    00000030     principal_pem4f.oem4f (.text:ti_sysbios_heaps_HeapMem_Object__create__S)
                  0000bd00    00000030     principal_pem4f.oem4f (.text:ti_sysbios_knl_Semaphore_construct)
                  0000bd30    00000030     principal_pem4f.oem4f (.text:ti_uia_loggers_LoggerStopMode_Object__create__S)
                  0000bd60    00000030     ti.targets.arm.rtsarm.aem4f : SysMin.oem4f (.text:xdc_runtime_SysMin_abort__E)
                  0000bd90    00000030                                 : System.oem4f (.text:xdc_runtime_System_processAtExit__E)
                  0000bdc0    0000002e     UARTUtils.obj (.text:UARTUtils_deviceopen)
                  0000bdee    0000002e     principal_pem4f.oem4f (.text:malloc)
                  0000be1c    0000002e     rtsv7M4_T_le_v4SPD16_eabi.lib : i_tofd_t2.obj (.text)
                  0000be4a    00000002     --HOLE-- [fill = 0]
                  0000be4c    0000002c     EK_TM4C1294XL.obj (.text:EK_TM4C1294XL_initGPIO)
                  0000be78    0000002c     Boot.aem4f : Boot_sysctl.oem4f (.text:_SysCtlMemTimingGet)
                  0000bea4    0000002c     sysbios.aem4f : BIOS.obj (.text:ti_sysbios_hal_Hwi_initStack)
                  0000bed0    0000002c     principal_pem4f.oem4f (.text:ti_sysbios_knl_Clock_doTick__I)
                  0000befc    0000002c     principal_pem4f.oem4f (.text:ti_sysbios_knl_Queue_construct)
                  0000bf28    0000002c     sysbios.aem4f : BIOS.obj (.text:ti_sysbios_knl_Task_restore__E)
                  0000bf54    0000002c     ti.targets.arm.rtsarm.aem4f : Text.oem4f (.text:xdc_runtime_Text_cordText__E)
                  0000bf80    0000002a     driverlib.lib : gpio.obj (.text:GPIODirModeSet)
                  0000bfaa    0000002a     ti.targets.arm.rtsarm.aem4f : System.oem4f (.text:xdc_runtime_System_putchar__I)
                  0000bfd4    00000028     sysbios.aem4f : BIOS.obj (.text:ti_sysbios_family_arm_m3_Hwi_Instance_finalize__E)
                  0000bffc    00000026                   : m3_Hwi_asm.obj (.text:ti_sysbios_family_arm_m3_Hwi_pendSV__I)
                  0000c022    00000026     ti.targets.arm.rtsarm.aem4f : System.oem4f (.text:xdc_runtime_System_avprintf__E)
                  0000c048    00000024     gpio_tivaware.aem4f : GPIO.oem4f (.text:GPIO_init)
                  0000c06c    00000024     principal.obj (.text:bin2bcd)
                  0000c090    00000024     principal_pem4f.oem4f (.text:ti_sysbios_BIOS_errorRaiseHook__I)
                  0000c0b4    00000024     principal_pem4f.oem4f (.text:ti_sysbios_BIOS_registerRTSLock__I)
                  0000c0d8    00000024     principal_pem4f.oem4f (.text:ti_sysbios_BIOS_removeRTSLock__I)
                  0000c0fc    00000024     principal_pem4f.oem4f (.text:ti_sysbios_BIOS_startFunc__I)
                  0000c120    00000024     sysbios.aem4f : BIOS.obj (.text:ti_sysbios_family_arm_m3_Hwi_doTaskRestore__I)
                  0000c144    00000024     principal_pem4f.oem4f (.text:ti_sysbios_gates_GateMutex_Object__delete__S)
                  0000c168    00000024     sysbios.aem4f : BIOS.obj (.text:ti_sysbios_knl_Clock_Module_startup__E)
                  0000c18c    00000024                   : BIOS.obj (.text:ti_sysbios_knl_Swi_Module_startup__E)
                  0000c1b0    00000024     ti.targets.arm.rtsarm.aem4f : System.oem4f (.text:xdc_runtime_System_vprintf__E)
                  0000c1d4    00000022     sysbios.aem4f : BIOS.obj (.text:ti_sysbios_family_arm_lm4_Timer_write__I)
                  0000c1f6    00000022     principal_pem4f.oem4f (.text:xdc_runtime_SysMin_output__I)
                  0000c218    00000020     sysbios.aem4f : m3_Hwi_asm.obj (.text:ti_sysbios_family_arm_m3_Hwi_excHandlerAsm__I)
                  0000c238    00000020                   : BIOS.obj (.text:ti_sysbios_family_arm_m3_Hwi_excHandler__I)
                  0000c258    00000020     principal_pem4f.oem4f (.text:ti_sysbios_gates_GateHwi_Object__delete__S)
                  0000c278    00000020     principal_pem4f.oem4f (.text:ti_sysbios_heaps_HeapMem_Object__delete__S)
                  0000c298    00000020     sysbios.aem4f : BIOS.obj (.text:ti_sysbios_knl_Idle_run__E)
                  0000c2b8    00000020     principal_pem4f.oem4f (.text:ti_sysbios_knl_Semaphore_Object__destruct__S)
                  0000c2d8    00000020     sysbios.aem4f : BIOS.obj (.text:ti_sysbios_knl_Task_enter__I)
                  0000c2f8    00000020     principal_pem4f.oem4f (.text:ti_uia_loggers_LoggerStopMode_Object__delete__S)
                  0000c318    00000020     ti.targets.arm.rtsarm.aem4f : Registry.oem4f (.text:xdc_runtime_Registry_findById__E)
                  0000c338    00000020                                 : SysMin.oem4f (.text:xdc_runtime_SysMin_Module_startup__E)
                  0000c358    0000001e     sysbios.aem4f : m3_Hwi_asm_switch.obj (.text:ti_sysbios_family_xxx_Hwi_switchAndRunFunc)
                  0000c376    00000002     --HOLE-- [fill = 0]
                  0000c378    0000001c     driverlib.lib : uart.obj (.text:UARTDisable)
                  0000c394    0000001c     rtsv7M4_T_le_v4SPD16_eabi.lib : memccpy.obj (.text)
                  0000c3b0    0000001c     principal_pem4f.oem4f (.text:ti_sysbios_BIOS_rtsLock__I)
                  0000c3cc    0000001c     principal_pem4f.oem4f (.text:ti_sysbios_family_arm_m3_Hwi_Object__destruct__S)
                  0000c3e8    0000001c     sysbios.aem4f : BIOS.obj (.text:ti_sysbios_gates_GateMutex_Instance_init__E)
                  0000c404    0000001c     principal_pem4f.oem4f (.text:ti_sysbios_knl_Queue_Object__destruct__S)
                  0000c420    0000001c     ti.targets.arm.rtsarm.aem4f : Error.oem4f (.text:xdc_runtime_Error_raiseX__E)
                  0000c43c    0000001c                                 : Memory.oem4f (.text:xdc_runtime_Memory_valloc__E)
                  0000c458    0000001c                                 : SysMin.oem4f (.text:xdc_runtime_SysMin_exit__E)
                  0000c474    0000001c                                 : System.oem4f (.text:xdc_runtime_System_abort__E)
                  0000c490    0000001a     principal_pem4f.oem4f (.text:ti_sysbios_family_arm_m3_Hwi_Handle__label__S)
                  0000c4aa    0000001a     principal_pem4f.oem4f (.text:ti_sysbios_gates_GateHwi_Handle__label__S)
                  0000c4c4    0000001a     principal_pem4f.oem4f (.text:ti_sysbios_gates_GateMutex_Handle__label__S)
                  0000c4de    0000001a     principal_pem4f.oem4f (.text:ti_sysbios_heaps_HeapMem_Handle__label__S)
                  0000c4f8    0000001a     principal_pem4f.oem4f (.text:ti_sysbios_knl_Swi_Handle__label__S)
                  0000c512    0000001a     principal_pem4f.oem4f (.text:ti_sysbios_knl_Task_Handle__label__S)
                  0000c52c    0000001a     sysbios.aem4f : BIOS.obj (.text:ti_sysbios_knl_Task_sleepTimeout__I)
                  0000c546    0000001a     principal_pem4f.oem4f (.text:ti_uia_loggers_LoggerStopMode_Handle__label__S)
                  0000c560    0000001a     ti.uia.loggers.aem4f : LoggerStopMode.oem4f (.text:ti_uia_loggers_LoggerStopMode_Instance_init__E)
                  0000c57a    0000001a     principal_pem4f.oem4f (.text:xdc_runtime_System_aprintf__E)
                  0000c594    0000001a     principal_pem4f.oem4f (.text:xdc_runtime_System_printf__E)
                  0000c5ae    00000018     driverlib.lib : gpio.obj (.text:GPIOPinTypeGPIOOutput)
                  0000c5c6    00000018     UARTUtils.obj (.text:UARTUtils_deviceclose)
                  0000c5de    00000018     principal_pem4f.oem4f (.text:free)
                  0000c5f6    00000002     --HOLE-- [fill = 0]
                  0000c5f8    00000018     rtsv7M4_T_le_v4SPD16_eabi.lib : args_main.obj (.text)
                  0000c610    00000018                                   : ll_mul_t2.obj (.text)
                  0000c628    00000018                                   : strcmp.obj (.text)
                  0000c640    00000018                                   : strrchr.obj (.text)
                  0000c658    00000018     principal_pem4f.oem4f (.text:ti_sysbios_BIOS_rtsUnlock__I)
                  0000c670    00000018     principal_pem4f.oem4f (.text:ti_sysbios_family_arm_lm4_Timer_Module__startupDone__F)
                  0000c688    00000018     principal_pem4f.oem4f (.text:ti_sysbios_family_arm_m3_Hwi_Module__startupDone__F)
                  0000c6a0    00000018     sysbios.aem4f : m3_TaskSupport_asm.obj (.text:ti_sysbios_family_arm_m3_TaskSupport_swap__E)
                  0000c6b8    00000018                   : BIOS.obj (.text:ti_sysbios_gates_GateMutex_leave__E)
                  0000c6d0    00000018     ti.targets.arm.rtsarm.aem4f : Error.oem4f (.text:xdc_runtime_Error_check__E)
                  0000c6e8    00000018                                 : System.oem4f (.text:xdc_runtime_System_exit__E)
                  0000c700    00000018                                 : Text.oem4f (.text:xdc_runtime_Text_ropeText__E)
                  0000c718    00000016     driverlib.lib : i2c.obj (.text:I2CMasterErr)
                  0000c72e    00000016     rtsv7M4_T_le_v4SPD16_eabi.lib : memchr.obj (.text)
                  0000c744    00000016                                   : strchr.obj (.text)
                  0000c75a    00000016     principal_pem4f.oem4f (.text:ti_sysbios_BIOS_exitFunc__I)
                  0000c770    00000016     ti.uia.loggers.aem4f : LoggerStopMode.oem4f (.text:ti_uia_loggers_LoggerStopMode_disable__E)
                  0000c786    00000016                          : LoggerStopMode.oem4f (.text:ti_uia_loggers_LoggerStopMode_enable__E)
                  0000c79c    00000014     driverlib.lib : uart.obj (.text:UARTEnable)
                  0000c7b0    00000014     principal.obj (.text:heartBeatFxn)
                  0000c7c4    00000014     rtsv7M4_T_le_v4SPD16_eabi.lib : _lock.obj (.text)
                  0000c7d8    00000014                                   : strlen.obj (.text)
                  0000c7ec    00000014     principal_pem4f.oem4f (.text:ti_sysbios_family_arm_m3_Hwi_Object__get__S)
                  0000c800    00000014     sysbios.aem4f : BIOS.obj (.text:ti_sysbios_family_arm_m3_Hwi_switchFromBootStack__E)
                  0000c814    00000014     principal_pem4f.oem4f (.text:ti_sysbios_heaps_HeapMem_Object__get__S)
                  0000c828    00000014     principal_pem4f.oem4f (.text:ti_sysbios_knl_Swi_Object__get__S)
                  0000c83c    00000012     driverlib.lib : gpio.obj (.text:GPIOPinTypeGPIOInput)
                  0000c84e    00000012                   : gpio.obj (.text:GPIOPinTypeI2C)
                  0000c860    00000012                   : gpio.obj (.text:GPIOPinTypeI2CSCL)
                  0000c872    00000012                   : gpio.obj (.text:GPIOPinTypeUART)
                  0000c884    00000012     UARTUtils.obj (.text:UARTUtils_devicelseek)
                  0000c896    00000012     rtsv7M4_T_le_v4SPD16_eabi.lib : copy_zero_init.obj (.text:decompress:ZI)
                  0000c8a8    00000012                                   : xdclass.obj (.text)
                  0000c8ba    00000012     sysbios.aem4f : BIOS.obj (.text:ti_sysbios_hal_Hwi_Module_startup__E)
                  0000c8cc    00000012     principal_pem4f.oem4f (.text:xdc_runtime_Startup_exec__I)
                  0000c8de    00000002     --HOLE-- [fill = 0]
                  0000c8e0    00000010     principal_pem4f.oem4f (.text:.bootCodeSection:ti_catalog_arm_cortexm4_tiva_ce_Boot_init__I)
                  0000c8f0    00000010     UARTUtils.obj (.text:UARTUtils_devicerename)
                  0000c900    00000010     rtsv7M4_T_le_v4SPD16_eabi.lib : strcpy.obj (.text)
                  0000c910    00000010     sysbios.aem4f : BIOS.obj (.text:ti_sysbios_BIOS_getCpuFreq__E)
                  0000c920    00000010                   : BIOS.obj (.text:ti_sysbios_BIOS_setThreadType__E)
                  0000c930    00000010                   : BIOS.obj (.text:ti_sysbios_BIOS_start__E)
                  0000c940    00000010                   : BIOS.obj (.text:ti_sysbios_family_arm_lm4_TimestampProvider_rolloverFunc__E)
                  0000c950    00000010                   : m3_TaskSupport_asm.obj (.text:ti_sysbios_family_arm_m3_TaskSupport_glue)
                  0000c960    00000010                   : BIOS.obj (.text:ti_sysbios_gates_GateMutex_Instance_finalize__E)
                  0000c970    00000010                   : BIOS.obj (.text:ti_sysbios_knl_Semaphore_Instance_finalize__E)
                  0000c980    00000010                   : BIOS.obj (.text:ti_sysbios_knl_Swi_disable__E)
                  0000c990    00000010     principal_pem4f.oem4f (.text:ti_sysbios_knl_Task_Object__get__S)
                  0000c9a0    00000010     sysbios.aem4f : BIOS.obj (.text:ti_sysbios_knl_Task_disable__E)
                  0000c9b0    00000010     principal_pem4f.oem4f (.text:ti_uia_loggers_LoggerStopMode_Object__get__S)
                  0000c9c0    00000010     ti.uia.loggers.aem4f : LoggerStopMode.oem4f (.text:ti_uia_loggers_LoggerStopMode_isEmpty__E)
                  0000c9d0    00000010     ti.targets.arm.rtsarm.aem4f : Gate.oem4f (.text:xdc_runtime_Gate_leaveSystem__E)
                  0000c9e0    00000010                                 : Memory.oem4f (.text:xdc_runtime_Memory_free__E)
                  0000c9f0    00000010                                 : SysMin.oem4f (.text:xdc_runtime_SysMin_ready__E)
                  0000ca00    00000010                                 : System.oem4f (.text:xdc_runtime_System_vsnprintf__E)
                  0000ca10    00000010     principal_pem4f.oem4f (.text:xdc_runtime_Text_visitRope__I)
                  0000ca20    0000000e     driverlib.lib : uart.obj (.text:UARTCharGetNonBlocking)
                  0000ca2e    0000000e                   : uart.obj (.text:UARTCharPutNonBlocking)
                  0000ca3c    0000000e     UARTUtils.obj (.text:UARTUtils_deviceunlink)
                  0000ca4a    0000000e     rtsv7M4_T_le_v4SPD16_eabi.lib : copy_decompress_none.obj (.text:decompress:none)
                  0000ca58    0000000e     sysbios.aem4f : BIOS.obj (.text:ti_sysbios_knl_Queue_empty__E)
                  0000ca66    0000000c                   : BIOS.obj (.text:ti_sysbios_family_arm_lm4_Timer_getMaxTicks__E)
                  0000ca72    00000002     --HOLE-- [fill = 0]
                  0000ca74    0000000c                   : BIOS.obj (.text:ti_sysbios_family_arm_lm4_TimestampProvider_startTimer__E)
                  0000ca80    0000000c     principal_pem4f.oem4f (.text:ti_sysbios_family_arm_m3_Hwi_Params__init__S)
                  0000ca8c    0000000c     sysbios.aem4f : BIOS.obj (.text:ti_sysbios_family_arm_m3_Hwi_disableFxn__E)
                  0000ca98    0000000c                   : BIOS.obj (.text:ti_sysbios_family_arm_m3_TaskSupport_checkStack__E)
                  0000caa4    0000000c                   : BIOS.obj (.text:ti_sysbios_gates_GateHwi_enter__E)
                  0000cab0    0000000c     principal_pem4f.oem4f (.text:ti_sysbios_knl_Queue_Object__get__S)
                  0000cabc    0000000c     principal_pem4f.oem4f (.text:ti_sysbios_knl_Semaphore_Params__init__S)
                  0000cac8    0000000c     ti.targets.arm.rtsarm.aem4f : Error.oem4f (.text:xdc_runtime_Error_init__E)
                  0000cad4    0000000c                                 : Gate.oem4f (.text:xdc_runtime_Gate_enterSystem__E)
                  0000cae0    0000000c                                 : Memory.oem4f (.text:xdc_runtime_Memory_calloc__E)
                  0000caec    0000000c                                 : Memory.oem4f (.text:xdc_runtime_Memory_getMaxDefaultTypeAlign__E)
                  0000caf8    0000000a     driverlib.lib : i2c.obj (.text:I2CMasterDisable)
                  0000cb02    0000000a                   : i2c.obj (.text:I2CMasterEnable)
                  0000cb0c    0000000a     i2c_tivaware.aem4f : I2CTiva.oem4f (.text:I2CTiva_init)
                  0000cb16    0000000a     driverlib.lib : uart.obj (.text:UARTCharGet)
                  0000cb20    0000000a                   : uart.obj (.text:UARTCharPut)
                  0000cb2a    0000000a                   : uart.obj (.text:UARTIntDisable)
                  0000cb34    0000000a                   : uart.obj (.text:UARTIntStatus)
                  0000cb3e    0000000a     principal_pem4f.oem4f (.text:xdc_runtime_IHeap_alloc)
                  0000cb48    0000000a     principal_pem4f.oem4f (.text:xdc_runtime_IHeap_free)
                  0000cb52    00000008     driverlib.lib : i2c.obj (.text:I2CMasterIntClear)
                  0000cb5a    00000008                   : i2c.obj (.text:I2CMasterSlaveAddrSet)
                  0000cb62    00000008                   : uart.obj (.text:UARTIntEnable)
                  0000cb6a    00000008     uart_tivaware.aem4f : UARTTiva.oem4f (.text:UARTTiva_init)
                  0000cb72    00000008                         : UARTTiva.oem4f (.text:readSemCallback)
                  0000cb7a    00000008     sysbios.aem4f : BIOS.obj (.text:ti_sysbios_family_arm_lm4_Timer_masterDisable__I)
                  0000cb82    00000008                   : BIOS.obj (.text:ti_sysbios_family_arm_m3_Hwi_doSwiRestore__I)
                  0000cb8a    00000008                   : BIOS.obj (.text:ti_sysbios_family_arm_m3_Hwi_startup__E)
                  0000cb92    00000008                   : BIOS.obj (.text:ti_sysbios_knl_Idle_loop__E)
                  0000cb9a    00000008     uart_tivaware.aem4f : UARTTiva.oem4f (.text:writeSemCallback)
                  0000cba2    00000006     driverlib.lib : gpio.obj (.text:GPIOPinRead)
                  0000cba8    00000006                   : gpio.obj (.text:GPIOPinWrite)
                  0000cbae    00000006                   : i2c.obj (.text:I2CMasterIntDisable)
                  0000cbb4    00000006                   : i2c.obj (.text:I2CMasterIntEnable)
                  0000cbba    00000006                   : uart.obj (.text:UARTFIFOLevelSet)
                  0000cbc0    00000006     ti.targets.arm.rtsarm.aem4f : xdc_noinit.oem4f (.text:__xdc__init)
                  0000cbc6    00000006     rtsv7M4_T_le_v4SPD16_eabi.lib : copy_decompress_rle.obj (.text:decompress:rle24)
                  0000cbcc    00000006     sysbios.aem4f : BIOS.obj (.text:ti_sysbios_family_arm_lm4_TimestampProvider_Module_startup__E)
                  0000cbd2    00000006                   : BIOS.obj (.text:ti_sysbios_family_arm_m3_Hwi_restoreFxn__E)
                  0000cbd8    00000006                   : BIOS.obj (.text:ti_sysbios_gates_GateHwi_leave__E)
                  0000cbde    00000006                   : BIOS.obj (.text:ti_sysbios_heaps_HeapMem_isBlocking__E)
                  0000cbe4    00000006                   : BIOS.obj (.text:ti_sysbios_knl_Queue_Instance_init__E)
                  0000cbea    00000006     ti.targets.arm.rtsarm.aem4f : System.oem4f (.text:xdc_runtime_System_Module_startup__E)
                  0000cbf0    00000004     driverlib.lib : i2c.obj (.text:I2CMasterControl)
                  0000cbf4    00000004                   : i2c.obj (.text:I2CMasterDataGet)
                  0000cbf8    00000004                   : i2c.obj (.text:I2CMasterDataPut)
                  0000cbfc    00000004                   : uart.obj (.text:UARTIntClear)
                  0000cc00    00000004     principal_pem4f.oem4f (.text:ti_sysbios_BIOS_RtsGateProxy_enter__E)
                  0000cc04    00000004     principal_pem4f.oem4f (.text:ti_sysbios_BIOS_RtsGateProxy_leave__E)
                  0000cc08    00000004     sysbios.aem4f : BIOS.obj (.text:ti_sysbios_family_arm_lm4_Timer_getPeriod__E)
                  0000cc0c    00000004                   : BIOS.obj (.text:ti_sysbios_family_arm_lm4_Timer_masterEnable__I)
                  0000cc10    00000004     principal_pem4f.oem4f (.text:ti_sysbios_family_arm_m3_Hwi_destruct)
                  0000cc14    00000004     principal_pem4f.oem4f (.text:ti_sysbios_family_arm_m3_TaskSupport_Module__startupDone__S)
                  0000cc18    00000004     sysbios.aem4f : BIOS.obj (.text:ti_sysbios_gates_GateHwi_query__E)
                  0000cc1c    00000004                   : BIOS.obj (.text:ti_sysbios_gates_GateMutex_query__E)
                  0000cc20    00000004     principal_pem4f.oem4f (.text:ti_sysbios_hal_Hwi_HwiProxy_Module__startupDone__S)
                  0000cc24    00000004     principal_pem4f.oem4f (.text:ti_sysbios_heaps_HeapMem_Module_GateProxy_enter__E)
                  0000cc28    00000004     principal_pem4f.oem4f (.text:ti_sysbios_heaps_HeapMem_Module_GateProxy_leave__E)
                  0000cc2c    00000004     principal_pem4f.oem4f (.text:ti_sysbios_knl_Clock_TimerProxy_Module__startupDone__S)
                  0000cc30    00000004     principal_pem4f.oem4f (.text:ti_sysbios_knl_Clock_TimerProxy_getMaxTicks__E)
                  0000cc34    00000004     principal_pem4f.oem4f (.text:ti_sysbios_knl_Clock_TimerProxy_getPeriod__E)
                  0000cc38    00000004     principal_pem4f.oem4f (.text:ti_sysbios_knl_Queue_destruct)
                  0000cc3c    00000004     principal_pem4f.oem4f (.text:ti_sysbios_knl_Semaphore_destruct)
                  0000cc40    00000004     principal_pem4f.oem4f (.text:ti_sysbios_knl_Task_SupportProxy_Module__startupDone__S)
                  0000cc44    00000004     sysbios.aem4f : BIOS.obj (.text:ti_sysbios_knl_Task_startup__E)
                  0000cc48    00000004     ti.uia.loggers.aem4f : LoggerStopMode.oem4f (.text:ti_uia_loggers_LoggerStopMode_getContents__E)
                  0000cc4c    00000004     principal_pem4f.oem4f (.text:ti_uia_loggers_LoggerStopMode_getFilterLevel__E)
                  0000cc50    00000004     ti.uia.loggers.aem4f : LoggerStopMode.oem4f (.text:ti_uia_loggers_LoggerStopMode_getInstanceId__E)
                  0000cc54    00000004                          : LoggerStopMode.oem4f (.text:ti_uia_loggers_LoggerStopMode_getMaxLength__E)
                  0000cc58    00000004                          : LoggerStopMode.oem4f (.text:ti_uia_loggers_LoggerStopMode_getPriority__E)
                  0000cc5c    00000004                          : LoggerStopMode.oem4f (.text:ti_uia_loggers_LoggerStopMode_getTransferType__E)
                  0000cc60    00000004     ti.targets.arm.rtsarm.aem4f : Error.oem4f (.text:xdc_runtime_Error_getSite__E)
                  0000cc64    00000004     principal_pem4f.oem4f (.text:xdc_runtime_Memory_HeapProxy_alloc__E)
                  0000cc68    00000004     principal_pem4f.oem4f (.text:xdc_runtime_Memory_HeapProxy_free__E)
                  0000cc6c    00000004     principal_pem4f.oem4f (.text:xdc_runtime_System_Module_GateProxy_enter__E)
                  0000cc70    00000004     principal_pem4f.oem4f (.text:xdc_runtime_System_Module_GateProxy_leave__E)
                  0000cc74    00000004     ti.targets.arm.rtsarm.aem4f : System.oem4f (.text:xdc_runtime_System_aprintf_va__F)
                  0000cc78    00000004                                 : System.oem4f (.text:xdc_runtime_System_printf_va__F)

.const     0    0000cc80    00002b6e     
                  0000cc80    00001e40     principal_pem4f.oem4f (.const:xdc_runtime_Text_charTab__A)
                  0000eac0    00000120     Boot.aem4f : Boot_sysctl.oem4f (.const:g_pppui32XTALtoVCO)
                  0000ebe0    00000102     rtsv7M4_T_le_v4SPD16_eabi.lib : ctype.obj (.const:.string:_ctypes_)
                  0000ece2    00000100     principal_pem4f.oem4f (.const:xdc_runtime_Text_nodeTab__A)
                  0000ede2    00000002     principal_pem4f.oem4f (.const:ti_catalog_arm_cortexm4_tiva_ce_Boot_Module__id__C)
                  0000ede4    00000004     principal_pem4f.oem4f (.const:ti_catalog_arm_cortexm4_tiva_ce_Boot_A_mustNotUseEnhancedClockMode__C)
                  0000ede8    00000098     rtsv7M4_T_le_v4SPD16_eabi.lib : strtod.obj (.const)
                  0000ee80    00000098                                   : strtold.obj (.const)
                  0000ef18    00000090     driverlib.lib : gpio.obj (.const:g_pui32GPIOBaseAddrs)
                  0000efa8    0000006c     Boot.aem4f : Boot_sysctl.oem4f (.const:g_pui32Xtals)
                  0000f014    00000060     principal_pem4f.oem4f (.const:ti_uia_loggers_LoggerStopMode_Module__FXNS__C)
                  0000f074    00000054     EK_TM4C1294XL.obj (.const)
                  0000f0c8    00000048     principal_pem4f.oem4f (.const:.string)
                  0000f110    0000003c     EK_TM4C1294XL.obj (.const:I2C_config)
                  0000f14c    0000003c     EK_TM4C1294XL.obj (.const:UART_config)
                  0000f188    00000038     Boot.aem4f : Boot_sysctl.oem4f (.const:g_sXTALtoMEMTIM)
                  0000f1c0    00000030     EK_TM4C1294XL.obj (.const:gpioHWAttrs)
                  0000f1f0    00000030     principal_pem4f.oem4f (.const:ti_sysbios_family_arm_m3_Hwi_Object__PARAMS__C)
                  0000f220    00000028     principal_pem4f.oem4f (.const:ti_sysbios_heaps_HeapMem_Module__FXNS__C)
                  0000f248    00000028     principal_pem4f.oem4f (.const:ti_uia_loggers_LoggerStopMode_Object__PARAMS__C)
                  0000f270    00000028     principal_pem4f.oem4f (.const:xdc_runtime_Startup_sfxnTab__A)
                  0000f298    00000024     uart_tivaware.aem4f : UARTTiva.oem4f (.const:UARTTiva_fxnTable)
                  0000f2bc    00000024     principal_pem4f.oem4f (.const:ti_sysbios_gates_GateHwi_Module__FXNS__C)
                  0000f2e0    00000024     principal_pem4f.oem4f (.const:ti_sysbios_gates_GateMutex_Module__FXNS__C)
                  0000f304    00000024     principal_pem4f.oem4f (.const:ti_sysbios_heaps_HeapMem_Object__PARAMS__C)
                  0000f328    00000024     principal_pem4f.oem4f (.const:ti_sysbios_knl_Semaphore_Object__PARAMS__C)
                  0000f34c    00000020     principal_pem4f.oem4f (.const:ti_sysbios_family_arm_m3_Hwi_Object__DESC__C)
                  0000f36c    00000020     principal_pem4f.oem4f (.const:ti_sysbios_gates_GateHwi_Object__DESC__C)
                  0000f38c    00000020     principal_pem4f.oem4f (.const:ti_sysbios_gates_GateMutex_Object__DESC__C)
                  0000f3ac    00000020     principal_pem4f.oem4f (.const:ti_sysbios_heaps_HeapMem_Object__DESC__C)
                  0000f3cc    00000020     principal_pem4f.oem4f (.const:ti_sysbios_knl_Queue_Object__DESC__C)
                  0000f3ec    00000020     principal_pem4f.oem4f (.const:ti_sysbios_knl_Semaphore_Object__DESC__C)
                  0000f40c    00000020     principal_pem4f.oem4f (.const:ti_uia_loggers_LoggerStopMode_Object__DESC__C)
                  0000f42c    00000020     uart_tivaware.aem4f : UART.oem4f (.const)
                  0000f44c    00000018     principal_pem4f.oem4f (.const:ti_sysbios_gates_GateHwi_Object__PARAMS__C)
                  0000f464    00000018     principal_pem4f.oem4f (.const:ti_sysbios_gates_GateMutex_Object__PARAMS__C)
                  0000f47c    00000018     principal_pem4f.oem4f (.const:ti_sysbios_knl_Queue_Object__PARAMS__C)
                  0000f494    00000014     principal_pem4f.oem4f (.const:xdc_runtime_Startup_firstFxns__A)
                  0000f4a8    00000014     principal_pem4f.oem4f (.const:xdc_runtime_Startup_sfxnRts__A)
                  0000f4bc    00000011     ti.targets.arm.rtsarm.aem4f : System.oem4f (.const:.string)
                  0000f4cd    00000001     principal_pem4f.oem4f (.const:xdc_runtime_Error_policy__C)
                  0000f4ce    00000002     principal_pem4f.oem4f (.const:ti_sysbios_family_arm_lm4_TimestampProvider_useClockTimer__C)
                  0000f4d0    00000010     i2c_tivaware.aem4f : I2CTiva.oem4f (.const)
                  0000f4e0    00000010     rtsv7M4_T_le_v4SPD16_eabi.lib : _scanfi.obj (.const)
                  0000f4f0    0000000c     i2c_tivaware.aem4f : I2C.oem4f (.const)
                  0000f4fc    00000008     Boot.aem4f : Boot_sysctl.oem4f (.const)
                  0000f504    00000008     principal_pem4f.oem4f (.const:ti_sysbios_family_arm_m3_Hwi_excHookFuncs__A)
                  0000f50c    00000008     principal_pem4f.oem4f (.const:ti_sysbios_knl_Idle_funcList__A)
                  0000f514    00000008     principal_pem4f.oem4f (.const:ti_sysbios_knl_Idle_funcList__C)
                  0000f51c    00000008     principal_pem4f.oem4f (.const:xdc_runtime_Startup_firstFxns__C)
                  0000f524    00000008     principal_pem4f.oem4f (.const:xdc_runtime_Startup_lastFxns__C)
                  0000f52c    00000004     principal_pem4f.oem4f (.const:ti_catalog_arm_cortexm4_tiva_ce_Boot_Module__diagsEnabled__C)
                  0000f530    00000004     principal_pem4f.oem4f (.const:ti_catalog_arm_cortexm4_tiva_ce_Boot_Module__diagsIncluded__C)
                  0000f534    00000004     principal_pem4f.oem4f (.const:ti_catalog_arm_cortexm4_tiva_ce_Boot_Module__diagsMask__C)
                  0000f538    00000004     principal_pem4f.oem4f (.const:ti_sysbios_family_arm_lm4_Timer_enableFunc__C)
                  0000f53c    00000004     principal_pem4f.oem4f (.const:ti_sysbios_family_arm_lm4_Timer_numTimerDevices__C)
                  0000f540    00000004     principal_pem4f.oem4f (.const:ti_sysbios_family_arm_lm4_Timer_startupNeeded__C)
                  0000f544    00000004     principal_pem4f.oem4f (.const:ti_sysbios_family_arm_m3_Hwi_E_NMI__C)
                  0000f548    00000004     principal_pem4f.oem4f (.const:ti_sysbios_family_arm_m3_Hwi_E_alreadyDefined__C)
                  0000f54c    00000004     principal_pem4f.oem4f (.const:ti_sysbios_family_arm_m3_Hwi_E_busFault__C)
                  0000f550    00000004     principal_pem4f.oem4f (.const:ti_sysbios_family_arm_m3_Hwi_E_debugMon__C)
                  0000f554    00000004     principal_pem4f.oem4f (.const:ti_sysbios_family_arm_m3_Hwi_E_hardFault__C)
                  0000f558    00000004     principal_pem4f.oem4f (.const:ti_sysbios_family_arm_m3_Hwi_E_memFault__C)
                  0000f55c    00000004     principal_pem4f.oem4f (.const:ti_sysbios_family_arm_m3_Hwi_E_noIsr__C)
                  0000f560    00000004     principal_pem4f.oem4f (.const:ti_sysbios_family_arm_m3_Hwi_E_reserved__C)
                  0000f564    00000004     principal_pem4f.oem4f (.const:ti_sysbios_family_arm_m3_Hwi_E_svCall__C)
                  0000f568    00000004     principal_pem4f.oem4f (.const:ti_sysbios_family_arm_m3_Hwi_E_usageFault__C)
                  0000f56c    00000004     principal_pem4f.oem4f (.const:ti_sysbios_family_arm_m3_Hwi_LD_end__C)
                  0000f570    00000004     principal_pem4f.oem4f (.const:ti_sysbios_family_arm_m3_Hwi_LM_begin__C)
                  0000f574    00000004     principal_pem4f.oem4f (.const:ti_sysbios_family_arm_m3_Hwi_Module__diagsEnabled__C)
                  0000f578    00000004     principal_pem4f.oem4f (.const:ti_sysbios_family_arm_m3_Hwi_Module__diagsIncluded__C)
                  0000f57c    00000004     principal_pem4f.oem4f (.const:ti_sysbios_family_arm_m3_Hwi_Module__diagsMask__C)
                  0000f580    00000004     principal_pem4f.oem4f (.const:ti_sysbios_family_arm_m3_Hwi_Module__loggerFxn1__C)
                  0000f584    00000004     principal_pem4f.oem4f (.const:ti_sysbios_family_arm_m3_Hwi_Module__loggerFxn8__C)
                  0000f588    00000004     principal_pem4f.oem4f (.const:ti_sysbios_family_arm_m3_Hwi_Module__loggerObj__C)
                  0000f58c    00000004     principal_pem4f.oem4f (.const:ti_sysbios_family_arm_m3_Hwi_NUM_INTERRUPTS__C)
                  0000f590    00000004     principal_pem4f.oem4f (.const:ti_sysbios_family_arm_m3_Hwi_Object__count__C)
                  0000f594    00000004     principal_pem4f.oem4f (.const:ti_sysbios_family_arm_m3_Hwi_ccr__C)
                  0000f598    00000004     principal_pem4f.oem4f (.const:ti_sysbios_family_arm_m3_Hwi_excHandlerFunc__C)
                  0000f59c    00000004     principal_pem4f.oem4f (.const:ti_sysbios_family_arm_m3_Hwi_excHookFuncs__C)
                  0000f5a0    00000004     principal_pem4f.oem4f (.const:ti_sysbios_family_arm_m3_Hwi_nullIsrFunc__C)
                  0000f5a4    00000004     principal_pem4f.oem4f (.const:ti_sysbios_family_arm_m3_Hwi_priGroup__C)
                  0000f5a8    00000004     principal_pem4f.oem4f (.const:ti_sysbios_gates_GateMutex_A_badContext__C)
                  0000f5ac    00000004     principal_pem4f.oem4f (.const:ti_sysbios_gates_GateMutex_Instance_State_sem__O)
                  0000f5b0    00000004     principal_pem4f.oem4f (.const:ti_sysbios_gates_GateMutex_Module__diagsEnabled__C)
                  0000f5b4    00000004     principal_pem4f.oem4f (.const:ti_sysbios_gates_GateMutex_Module__diagsIncluded__C)
                  0000f5b8    00000004     principal_pem4f.oem4f (.const:ti_sysbios_gates_GateMutex_Module__diagsMask__C)
                  0000f5bc    00000004     principal_pem4f.oem4f (.const:ti_sysbios_hal_Hwi_E_stackOverflow__C)
                  0000f5c0    00000004     principal_pem4f.oem4f (.const:ti_sysbios_heaps_HeapMem_A_align__C)
                  0000f5c4    00000004     principal_pem4f.oem4f (.const:ti_sysbios_heaps_HeapMem_A_heapSize__C)
                  0000f5c8    00000004     principal_pem4f.oem4f (.const:ti_sysbios_heaps_HeapMem_A_invalidFree__C)
                  0000f5cc    00000004     principal_pem4f.oem4f (.const:ti_sysbios_heaps_HeapMem_A_zeroBlock__C)
                  0000f5d0    00000004     principal_pem4f.oem4f (.const:ti_sysbios_heaps_HeapMem_E_memory__C)
                  0000f5d4    00000004     principal_pem4f.oem4f (.const:ti_sysbios_heaps_HeapMem_Module__diagsEnabled__C)
                  0000f5d8    00000004     principal_pem4f.oem4f (.const:ti_sysbios_heaps_HeapMem_Module__diagsIncluded__C)
                  0000f5dc    00000004     principal_pem4f.oem4f (.const:ti_sysbios_heaps_HeapMem_Module__diagsMask__C)
                  0000f5e0    00000004     principal_pem4f.oem4f (.const:ti_sysbios_heaps_HeapMem_Module__gateObj__C)
                  0000f5e4    00000004     principal_pem4f.oem4f (.const:ti_sysbios_heaps_HeapMem_Object__count__C)
                  0000f5e8    00000004     principal_pem4f.oem4f (.const:ti_sysbios_heaps_HeapMem_reqAlign__C)
                  0000f5ec    00000004     principal_pem4f.oem4f (.const:ti_sysbios_knl_Clock_LM_begin__C)
                  0000f5f0    00000004     principal_pem4f.oem4f (.const:ti_sysbios_knl_Clock_LM_tick__C)
                  0000f5f4    00000004     principal_pem4f.oem4f (.const:ti_sysbios_knl_Clock_LW_delayed__C)
                  0000f5f8    00000004     principal_pem4f.oem4f (.const:ti_sysbios_knl_Clock_Module_State_clockQ__O)
                  0000f5fc    00000004     principal_pem4f.oem4f (.const:ti_sysbios_knl_Clock_Module__diagsEnabled__C)
                  0000f600    00000004     principal_pem4f.oem4f (.const:ti_sysbios_knl_Clock_Module__diagsIncluded__C)
                  0000f604    00000004     principal_pem4f.oem4f (.const:ti_sysbios_knl_Clock_Module__diagsMask__C)
                  0000f608    00000004     principal_pem4f.oem4f (.const:ti_sysbios_knl_Clock_Module__loggerFxn1__C)
                  0000f60c    00000004     principal_pem4f.oem4f (.const:ti_sysbios_knl_Clock_Module__loggerFxn2__C)
                  0000f610    00000004     principal_pem4f.oem4f (.const:ti_sysbios_knl_Clock_Module__loggerObj__C)
                  0000f614    00000004     principal_pem4f.oem4f (.const:ti_sysbios_knl_Semaphore_A_badContext__C)
                  0000f618    00000004     principal_pem4f.oem4f (.const:ti_sysbios_knl_Semaphore_A_noEvents__C)
                  0000f61c    00000004     principal_pem4f.oem4f (.const:ti_sysbios_knl_Semaphore_A_overflow__C)
                  0000f620    00000004     principal_pem4f.oem4f (.const:ti_sysbios_knl_Semaphore_A_pendTaskDisabled__C)
                  0000f624    00000004     principal_pem4f.oem4f (.const:ti_sysbios_knl_Semaphore_Instance_State_pendQ__O)
                  0000f628    00000004     principal_pem4f.oem4f (.const:ti_sysbios_knl_Semaphore_LM_pend__C)
                  0000f62c    00000004     principal_pem4f.oem4f (.const:ti_sysbios_knl_Semaphore_LM_post__C)
                  0000f630    00000004     principal_pem4f.oem4f (.const:ti_sysbios_knl_Semaphore_Module__diagsEnabled__C)
                  0000f634    00000004     principal_pem4f.oem4f (.const:ti_sysbios_knl_Semaphore_Module__diagsIncluded__C)
                  0000f638    00000004     principal_pem4f.oem4f (.const:ti_sysbios_knl_Semaphore_Module__diagsMask__C)
                  0000f63c    00000004     principal_pem4f.oem4f (.const:ti_sysbios_knl_Semaphore_Module__loggerFxn2__C)
                  0000f640    00000004     principal_pem4f.oem4f (.const:ti_sysbios_knl_Semaphore_Module__loggerFxn4__C)
                  0000f644    00000004     principal_pem4f.oem4f (.const:ti_sysbios_knl_Semaphore_Module__loggerObj__C)
                  0000f648    00000004     principal_pem4f.oem4f (.const:ti_sysbios_knl_Swi_LD_end__C)
                  0000f64c    00000004     principal_pem4f.oem4f (.const:ti_sysbios_knl_Swi_LM_begin__C)
                  0000f650    00000004     principal_pem4f.oem4f (.const:ti_sysbios_knl_Swi_LM_post__C)
                  0000f654    00000004     principal_pem4f.oem4f (.const:ti_sysbios_knl_Swi_Module__diagsEnabled__C)
                  0000f658    00000004     principal_pem4f.oem4f (.const:ti_sysbios_knl_Swi_Module__diagsIncluded__C)
                  0000f65c    00000004     principal_pem4f.oem4f (.const:ti_sysbios_knl_Swi_Module__diagsMask__C)
                  0000f660    00000004     principal_pem4f.oem4f (.const:ti_sysbios_knl_Swi_Module__loggerFxn1__C)
                  0000f664    00000004     principal_pem4f.oem4f (.const:ti_sysbios_knl_Swi_Module__loggerFxn4__C)
                  0000f668    00000004     principal_pem4f.oem4f (.const:ti_sysbios_knl_Swi_Module__loggerObj__C)
                  0000f66c    00000004     principal_pem4f.oem4f (.const:ti_sysbios_knl_Swi_Object__count__C)
                  0000f670    00000004     principal_pem4f.oem4f (.const:ti_sysbios_knl_Task_A_badTimeout__C)
                  0000f674    00000004     principal_pem4f.oem4f (.const:ti_sysbios_knl_Task_A_sleepTaskDisabled__C)
                  0000f678    00000004     principal_pem4f.oem4f (.const:ti_sysbios_knl_Task_E_spOutOfBounds__C)
                  0000f67c    00000004     principal_pem4f.oem4f (.const:ti_sysbios_knl_Task_E_stackOverflow__C)
                  0000f680    00000004     principal_pem4f.oem4f (.const:ti_sysbios_knl_Task_LD_block__C)
                  0000f684    00000004     principal_pem4f.oem4f (.const:ti_sysbios_knl_Task_LD_exit__C)
                  0000f688    00000004     principal_pem4f.oem4f (.const:ti_sysbios_knl_Task_LD_ready__C)
                  0000f68c    00000004     principal_pem4f.oem4f (.const:ti_sysbios_knl_Task_LM_sleep__C)
                  0000f690    00000004     principal_pem4f.oem4f (.const:ti_sysbios_knl_Task_LM_switch__C)
                  0000f694    00000004     principal_pem4f.oem4f (.const:ti_sysbios_knl_Task_Module_State_inactiveQ__O)
                  0000f698    00000004     principal_pem4f.oem4f (.const:ti_sysbios_knl_Task_Module__diagsEnabled__C)
                  0000f69c    00000004     principal_pem4f.oem4f (.const:ti_sysbios_knl_Task_Module__diagsIncluded__C)
                  0000f6a0    00000004     principal_pem4f.oem4f (.const:ti_sysbios_knl_Task_Module__diagsMask__C)
                  0000f6a4    00000004     principal_pem4f.oem4f (.const:ti_sysbios_knl_Task_Module__loggerFxn2__C)
                  0000f6a8    00000004     principal_pem4f.oem4f (.const:ti_sysbios_knl_Task_Module__loggerFxn4__C)
                  0000f6ac    00000004     principal_pem4f.oem4f (.const:ti_sysbios_knl_Task_Module__loggerObj__C)
                  0000f6b0    00000004     principal_pem4f.oem4f (.const:ti_sysbios_knl_Task_Object__count__C)
                  0000f6b4    00000004     principal_pem4f.oem4f (.const:ti_sysbios_knl_Task_allBlockedFunc__C)
                  0000f6b8    00000004     principal_pem4f.oem4f (.const:ti_sysbios_knl_Task_numConstructedTasks__C)
                  0000f6bc    00000004     principal_pem4f.oem4f (.const:ti_sysbios_utils_Load_LS_cpuLoad__C)
                  0000f6c0    00000004     principal_pem4f.oem4f (.const:ti_sysbios_utils_Load_LS_hwiLoad__C)
                  0000f6c4    00000004     principal_pem4f.oem4f (.const:ti_sysbios_utils_Load_Module__diagsEnabled__C)
                  0000f6c8    00000004     principal_pem4f.oem4f (.const:ti_sysbios_utils_Load_Module__diagsIncluded__C)
                  0000f6cc    00000004     principal_pem4f.oem4f (.const:ti_sysbios_utils_Load_Module__diagsMask__C)
                  0000f6d0    00000004     principal_pem4f.oem4f (.const:ti_sysbios_utils_Load_Module__loggerFxn1__C)
                  0000f6d4    00000004     principal_pem4f.oem4f (.const:ti_sysbios_utils_Load_Module__loggerFxn2__C)
                  0000f6d8    00000004     principal_pem4f.oem4f (.const:ti_sysbios_utils_Load_Module__loggerObj__C)
                  0000f6dc    00000004     principal_pem4f.oem4f (.const:ti_sysbios_utils_Load_postUpdate__C)
                  0000f6e0    00000004     principal_pem4f.oem4f (.const:ti_sysbios_utils_Load_windowInMs__C)
                  0000f6e4    00000004     principal_pem4f.oem4f (.const:ti_uia_loggers_LoggerStopMode_Module__diagsEnabled__C)
                  0000f6e8    00000004     principal_pem4f.oem4f (.const:ti_uia_loggers_LoggerStopMode_Module__diagsIncluded__C)
                  0000f6ec    00000004     principal_pem4f.oem4f (.const:ti_uia_loggers_LoggerStopMode_Module__diagsMask__C)
                  0000f6f0    00000004     principal_pem4f.oem4f (.const:ti_uia_loggers_LoggerStopMode_Object__count__C)
                  0000f6f4    00000004     principal_pem4f.oem4f (.const:ti_uia_runtime_ILoggerSnapshot_Interface__BASE__C)
                  0000f6f8    00000004     principal_pem4f.oem4f (.const:ti_uia_runtime_IUIATransfer_Interface__BASE__C)
                  0000f6fc    00000004     principal_pem4f.oem4f (.const:xdc_runtime_Assert_E_assertFailed__C)
                  0000f700    00000004     principal_pem4f.oem4f (.const:xdc_runtime_Core_A_initializedParams__C)
                  0000f704    00000004     principal_pem4f.oem4f (.const:xdc_runtime_Core_Module__diagsEnabled__C)
                  0000f708    00000004     principal_pem4f.oem4f (.const:xdc_runtime_Core_Module__diagsIncluded__C)
                  0000f70c    00000004     principal_pem4f.oem4f (.const:xdc_runtime_Core_Module__diagsMask__C)
                  0000f710    00000004     principal_pem4f.oem4f (.const:xdc_runtime_Error_E_memory__C)
                  0000f714    00000004     principal_pem4f.oem4f (.const:xdc_runtime_Error_Module__diagsEnabled__C)
                  0000f718    00000004     principal_pem4f.oem4f (.const:xdc_runtime_Error_Module__diagsIncluded__C)
                  0000f71c    00000004     principal_pem4f.oem4f (.const:xdc_runtime_Error_Module__diagsMask__C)
                  0000f720    00000004     principal_pem4f.oem4f (.const:xdc_runtime_Error_Module__loggerFxn8__C)
                  0000f724    00000004     principal_pem4f.oem4f (.const:xdc_runtime_Error_Module__loggerObj__C)
                  0000f728    00000004     principal_pem4f.oem4f (.const:xdc_runtime_Error_policyFxn__C)
                  0000f72c    00000004     principal_pem4f.oem4f (.const:xdc_runtime_Error_raiseHook__C)
                  0000f730    00000004     principal_pem4f.oem4f (.const:xdc_runtime_IFilterLogger_Interface__BASE__C)
                  0000f734    00000004     principal_pem4f.oem4f (.const:xdc_runtime_IGateProvider_Interface__BASE__C)
                  0000f738    00000004     principal_pem4f.oem4f (.const:xdc_runtime_IHeap_Interface__BASE__C)
                  0000f73c    00000004     principal_pem4f.oem4f (.const:xdc_runtime_ILogger_Interface__BASE__C)
                  0000f740    00000004     principal_pem4f.oem4f (.const:xdc_runtime_IModule_Interface__BASE__C)
                  0000f744    00000004     principal_pem4f.oem4f (.const:xdc_runtime_Log_L_error__C)
                  0000f748    00000004     principal_pem4f.oem4f (.const:xdc_runtime_Log_L_warning__C)
                  0000f74c    00000004     principal_pem4f.oem4f (.const:xdc_runtime_Main_Module__diagsEnabled__C)
                  0000f750    00000004     principal_pem4f.oem4f (.const:xdc_runtime_Main_Module__diagsIncluded__C)
                  0000f754    00000004     principal_pem4f.oem4f (.const:xdc_runtime_Main_Module__diagsMask__C)
                  0000f758    00000004     principal_pem4f.oem4f (.const:xdc_runtime_Main_Module__loggerFxn2__C)
                  0000f75c    00000004     principal_pem4f.oem4f (.const:xdc_runtime_Main_Module__loggerFxn4__C)
                  0000f760    00000004     principal_pem4f.oem4f (.const:xdc_runtime_Main_Module__loggerObj__C)
                  0000f764    00000004     principal_pem4f.oem4f (.const:xdc_runtime_Memory_defaultHeapInstance__C)
                  0000f768    00000004     principal_pem4f.oem4f (.const:xdc_runtime_Startup_execImpl__C)
                  0000f76c    00000004     principal_pem4f.oem4f (.const:xdc_runtime_Startup_lastFxns__A)
                  0000f770    00000004     principal_pem4f.oem4f (.const:xdc_runtime_Startup_maxPasses__C)
                  0000f774    00000004     principal_pem4f.oem4f (.const:xdc_runtime_Startup_sfxnRts__C)
                  0000f778    00000004     principal_pem4f.oem4f (.const:xdc_runtime_Startup_sfxnTab__C)
                  0000f77c    00000004     principal_pem4f.oem4f (.const:xdc_runtime_SysMin_bufSize__C)
                  0000f780    00000004     principal_pem4f.oem4f (.const:xdc_runtime_SysMin_outputFunc__C)
                  0000f784    00000004     principal_pem4f.oem4f (.const:xdc_runtime_System_Module__gateObj__C)
                  0000f788    00000004     principal_pem4f.oem4f (.const:xdc_runtime_System_abortFxn__C)
                  0000f78c    00000004     principal_pem4f.oem4f (.const:xdc_runtime_System_exitFxn__C)
                  0000f790    00000004     principal_pem4f.oem4f (.const:xdc_runtime_System_extendFxn__C)
                  0000f794    00000004     principal_pem4f.oem4f (.const:xdc_runtime_System_maxAtexitHandlers__C)
                  0000f798    00000004     principal_pem4f.oem4f (.const:xdc_runtime_Text_charTab__C)
                  0000f79c    00000004     principal_pem4f.oem4f (.const:xdc_runtime_Text_nameEmpty__C)
                  0000f7a0    00000004     principal_pem4f.oem4f (.const:xdc_runtime_Text_nameStatic__C)
                  0000f7a4    00000004     principal_pem4f.oem4f (.const:xdc_runtime_Text_nameUnknown__C)
                  0000f7a8    00000004     principal_pem4f.oem4f (.const:xdc_runtime_Text_nodeTab__C)
                  0000f7ac    00000004     principal_pem4f.oem4f (.const:xdc_runtime_Text_visitRopeFxn__C)
                  0000f7b0    00000002     principal_pem4f.oem4f (.const:ti_sysbios_family_arm_m3_Hwi_Module__id__C)
                  0000f7b2    00000002     principal_pem4f.oem4f (.const:ti_sysbios_family_arm_m3_Hwi_Module__loggerDefined__C)
                  0000f7b4    00000002     principal_pem4f.oem4f (.const:ti_sysbios_gates_GateMutex_Module__id__C)
                  0000f7b6    00000002     principal_pem4f.oem4f (.const:ti_sysbios_hal_Hwi_Module__id__C)
                  0000f7b8    00000002     principal_pem4f.oem4f (.const:ti_sysbios_heaps_HeapMem_Module__id__C)
                  0000f7ba    00000002     principal_pem4f.oem4f (.const:ti_sysbios_knl_Clock_Module__id__C)
                  0000f7bc    00000002     principal_pem4f.oem4f (.const:ti_sysbios_knl_Clock_Module__loggerDefined__C)
                  0000f7be    00000002     principal_pem4f.oem4f (.const:ti_sysbios_knl_Semaphore_Module__id__C)
                  0000f7c0    00000002     principal_pem4f.oem4f (.const:ti_sysbios_knl_Semaphore_Module__loggerDefined__C)
                  0000f7c2    00000002     principal_pem4f.oem4f (.const:ti_sysbios_knl_Swi_Module__id__C)
                  0000f7c4    00000002     principal_pem4f.oem4f (.const:ti_sysbios_knl_Swi_Module__loggerDefined__C)
                  0000f7c6    00000002     principal_pem4f.oem4f (.const:ti_sysbios_knl_Task_Module__id__C)
                  0000f7c8    00000002     principal_pem4f.oem4f (.const:ti_sysbios_knl_Task_Module__loggerDefined__C)
                  0000f7ca    00000002     principal_pem4f.oem4f (.const:ti_sysbios_knl_Task_initStackFlag__C)
                  0000f7cc    00000002     principal_pem4f.oem4f (.const:ti_sysbios_utils_Load_Module__id__C)
                  0000f7ce    00000002     principal_pem4f.oem4f (.const:ti_sysbios_utils_Load_Module__loggerDefined__C)
                  0000f7d0    00000002     principal_pem4f.oem4f (.const:ti_sysbios_utils_Load_hwiEnabled__C)
                  0000f7d2    00000002     principal_pem4f.oem4f (.const:ti_sysbios_utils_Load_updateInIdle__C)
                  0000f7d4    00000002     principal_pem4f.oem4f (.const:ti_uia_loggers_LoggerStopMode_Module__id__C)
                  0000f7d6    00000002     principal_pem4f.oem4f (.const:ti_uia_loggers_LoggerStopMode_isTimestampEnabled__C)
                  0000f7d8    00000002     principal_pem4f.oem4f (.const:xdc_runtime_Core_Module__id__C)
                  0000f7da    00000002     principal_pem4f.oem4f (.const:xdc_runtime_Error_Module__loggerDefined__C)
                  0000f7dc    00000002     principal_pem4f.oem4f (.const:xdc_runtime_Error_maxDepth__C)
                  0000f7de    00000002     principal_pem4f.oem4f (.const:xdc_runtime_Main_Module__id__C)
                  0000f7e0    00000002     principal_pem4f.oem4f (.const:xdc_runtime_Main_Module__loggerDefined__C)
                  0000f7e2    00000002     principal_pem4f.oem4f (.const:xdc_runtime_Memory_Module__id__C)
                  0000f7e4    00000002     principal_pem4f.oem4f (.const:xdc_runtime_SysMin_flushAtExit__C)
                  0000f7e6    00000002     principal_pem4f.oem4f (.const:xdc_runtime_Text_charCnt__C)
                  0000f7e8    00000002     principal_pem4f.oem4f (.const:xdc_runtime_Text_isLoaded__C)
                  0000f7ea    00000002     principal_pem4f.oem4f (.const:xdc_runtime_Text_registryModsLastId__C)
                  0000f7ec    00000002     principal_pem4f.oem4f (.const:xdc_runtime_Text_unnamedModsLastId__C)

.cinit     0    0000f7f0    00000508     
                  0000f7f0    000004cf     (.cinit..data.load) [load image, compression = rle]
                  0000fcbf    00000001     --HOLE-- [fill = 0]
                  0000fcc0    0000000c     (__TI_handler_table)
                  0000fccc    00000004     --HOLE-- [fill = 0]
                  0000fcd0    00000008     (.cinit..bss.load) [load image, compression = zero_init]
                  0000fcd8    00000008     (.cinit..vecs.load) [load image, compression = zero_init]
                  0000fce0    00000018     (__TI_cinit_table)

.vecs      0    20000000    00000360     UNINITIALIZED
                  20000000    00000360     principal_pem4f.oem4f (.vecs)

.bss       0    20000380    00003ab0     UNINITIALIZED
                  20000380    00001200     principal_pem4f.oem4f (.bss:taskStackSection)
                  20001580    00001000     principal_pem4f.oem4f (.bss:ti_sysbios_heaps_HeapMem_Instance_State_0_buf__A)
                  20002580    00000400     principal_pem4f.oem4f (.bss:ti_uia_loggers_LoggerStopMode_Instance_State_1_packetArray__A)
                  20002980    00000400     principal_pem4f.oem4f (.bss:ti_uia_loggers_LoggerStopMode_Instance_State_2_packetArray__A)
                  20002d80    00000400     principal_pem4f.oem4f (.bss:xdc_runtime_SysMin_Module_State_0_outbuf__A)
                  20003180    00000360     principal_pem4f.oem4f (.bss:ti_sysbios_family_arm_m3_Hwi_dispatchTable)
                  200034e0    00000220     EK_TM4C1294XL.obj (.bss:uartTivaObjects)
                  20003700    00000200     EK_TM4C1294XL.obj (.bss:i2cTivaObjects)
                  20003900    00000200     principal_pem4f.oem4f (.bss:ti_uia_loggers_LoggerStopMode_Instance_State_0_packetArray__A)
                  20003b00    00000120     rtsv7M4_T_le_v4SPD16_eabi.lib : trgmsg.obj (.bss:__CIOBUF_)
                  20003c20    000000a0                                   : defs.obj (.bss:__TI_tmpnams)
                  20003cc0    00000008     (.common:parmbuf)
                  20003cc8    00000038     --HOLE--
                  20003d00    00000030     principal_pem4f.oem4f (.bss:ti_uia_loggers_LoggerStopMode_Instance_State_0_hdr__A)
                  20003d30    00000050     --HOLE--
                  20003d80    00000030     principal_pem4f.oem4f (.bss:ti_uia_loggers_LoggerStopMode_Instance_State_1_hdr__A)
                  20003db0    00000050     --HOLE--
                  20003e00    00000030     principal_pem4f.oem4f (.bss:ti_uia_loggers_LoggerStopMode_Instance_State_2_hdr__A)

.stack     0    20003e30    00001000     UNINITIALIZED
                  20003e30    00001000     --HOLE--

.data      0    20004e30    000008d4     UNINITIALIZED
                  20004e30    00000180     principal_pem4f.oem4f (.data)
                  20004fb0    000000f0     rtsv7M4_T_le_v4SPD16_eabi.lib : defs.obj (.data:_ftable)
                  200050a0    000000e4     principal_pem4f.oem4f (.data:ti_sysbios_knl_Task_Object__table__V)
                  20005184    000000d0     rtsv7M4_T_le_v4SPD16_eabi.lib : lowlev.obj (.data)
                  20005254    0000009c     principal_pem4f.oem4f (.data:ti_uia_loggers_LoggerStopMode_Object__table__V)
                  200052f0    00000098     principal_pem4f.oem4f (.data:ti_sysbios_utils_Load_Module__state__V)
                  20005388    00000080     principal_pem4f.oem4f (.data:ti_sysbios_family_arm_lm4_Timer_Object__table__V)
                  20005408    00000080     principal_pem4f.oem4f (.data:ti_sysbios_knl_Swi_Module_State_0_readyQ__A)
                  20005488    00000080     principal_pem4f.oem4f (.data:ti_sysbios_knl_Task_Module_State_0_readyQ__A)
                  20005508    00000044     principal_pem4f.oem4f (.data:ti_sysbios_knl_Task_Module__state__V)
                  2000554c    00000040     principal_pem4f.oem4f (.data:ti_sysbios_family_arm_lm4_Timer_Module_State_0_device__A)
                  2000558c    00000038     principal_pem4f.oem4f (.data:ti_sysbios_gates_GateMutex_Object__table__V)
                  200055c4    00000034     principal_pem4f.oem4f (.data:ti_sysbios_family_arm_m3_Hwi_Module__state__V)
[...]
0000ca8d   ti_sysbios_hal_Hwi_disable__E
0000ca99   ti_sysbios_family_arm_m3_TaskSupport_checkStack__E
0000ca99   ti_sysbios_knl_Task_SupportProxy_checkStack__E
0000caa5   ti_sysbios_gates_GateHwi_enter__E
0000cab1   ti_sysbios_knl_Queue_Object__get__S
0000cabd   ti_sysbios_knl_Semaphore_Params__init__S
0000cac9   xdc_runtime_Error_init__E
0000cad5   xdc_runtime_Gate_enterSystem__E
0000cae1   xdc_runtime_Memory_calloc__E
0000caed   xdc_runtime_Memory_getMaxDefaultTypeAlign__E
0000caf9   I2CMasterDisable
0000cb03   I2CMasterEnable
0000cb0d   I2CTiva_init
0000cb17   UARTCharGet
0000cb21   UARTCharPut
0000cb2b   UARTIntDisable
0000cb35   UARTIntStatus
0000cb53   I2CMasterIntClear
0000cb5b   I2CMasterSlaveAddrSet
0000cb63   UARTIntEnable
0000cb6b   UARTTiva_init
0000cb7b   ti_sysbios_family_arm_lm4_Timer_masterDisable__I
0000cb83   ti_sysbios_family_arm_m3_Hwi_doSwiRestore__I
0000cb8b   ti_sysbios_family_arm_m3_Hwi_startup__E
0000cb8b   ti_sysbios_hal_Hwi_HwiProxy_startup__E
0000cb8b   ti_sysbios_hal_Hwi_startup__E
0000cb93   ti_sysbios_knl_Idle_loop__E
0000cba3   GPIOPinRead
0000cba9   GPIOPinWrite
0000cbaf   I2CMasterIntDisable
0000cbb5   I2CMasterIntEnable
0000cbbb   UARTFIFOLevelSet
0000cbc1   __xdc__init
0000cbc7   __TI_decompress_rle24
0000cbcd   ti_sysbios_family_arm_lm4_TimestampProvider_Module_startup__E
0000cbd3   ti_sysbios_family_arm_m3_Hwi_restoreFxn__E
0000cbd3   ti_sysbios_hal_Hwi_HwiProxy_restore__E
0000cbd3   ti_sysbios_hal_Hwi_restore__E
0000cbd9   ti_sysbios_gates_GateHwi_leave__E
0000cbdf   ti_sysbios_heaps_HeapMem_isBlocking__E
0000cbe5   ti_sysbios_knl_Queue_Instance_init__E
0000cbeb   xdc_runtime_System_Module_startup__E
0000cbf1   I2CMasterControl
0000cbf5   I2CMasterDataGet
0000cbf9   I2CMasterDataPut
0000cbfd   UARTIntClear
0000cc01   ti_sysbios_BIOS_RtsGateProxy_enter__E
0000cc05   ti_sysbios_BIOS_RtsGateProxy_leave__E
0000cc09   ti_sysbios_family_arm_lm4_Timer_getPeriod__E
0000cc0d   ti_sysbios_family_arm_lm4_Timer_masterEnable__I
0000cc11   ti_sysbios_family_arm_m3_Hwi_destruct
0000cc15   ti_sysbios_family_arm_m3_TaskSupport_Module__startupDone__S
0000cc19   ti_sysbios_gates_GateHwi_query__E
0000cc19   xdc_runtime_Main_Module_GateProxy_query__E
0000cc19   xdc_runtime_System_Module_GateProxy_query__E
0000cc1d   ti_sysbios_BIOS_RtsGateProxy_query__E
0000cc1d   ti_sysbios_gates_GateMutex_query__E
0000cc1d   ti_sysbios_heaps_HeapMem_Module_GateProxy_query__E
0000cc21   ti_sysbios_hal_Hwi_HwiProxy_Module__startupDone__S
0000cc25   ti_sysbios_heaps_HeapMem_Module_GateProxy_enter__E
0000cc29   ti_sysbios_heaps_HeapMem_Module_GateProxy_leave__E
0000cc2d   ti_sysbios_knl_Clock_TimerProxy_Module__startupDone__S
0000cc31   ti_sysbios_knl_Clock_TimerProxy_getMaxTicks__E
0000cc35   ti_sysbios_knl_Clock_TimerProxy_getPeriod__E
0000cc39   ti_sysbios_knl_Queue_destruct
0000cc3d   ti_sysbios_knl_Semaphore_destruct
0000cc41   ti_sysbios_knl_Task_SupportProxy_Module__startupDone__S
0000cc45   ti_sysbios_knl_Task_startup__E
0000cc49   ti_uia_loggers_LoggerStopMode_getContents__E
0000cc4d   ti_uia_loggers_LoggerStopMode_getFilterLevel__E
0000cc51   ti_uia_loggers_LoggerStopMode_getInstanceId__E
0000cc55   ti_uia_loggers_LoggerStopMode_getMaxLength__E
0000cc59   ti_uia_loggers_LoggerStopMode_getPriority__E
0000cc5d   ti_uia_loggers_LoggerStopMode_getTransferType__E
0000cc61   xdc_runtime_Error_getSite__E
0000cc65   xdc_runtime_Memory_HeapProxy_alloc__E
0000cc69   xdc_runtime_Memory_HeapProxy_free__E
0000cc6d   xdc_runtime_System_Module_GateProxy_enter__E
0000cc71   xdc_runtime_System_Module_GateProxy_leave__E
0000cc75   xdc_runtime_System_aprintf_va__F
0000cc79   xdc_runtime_System_printf_va__F
0000cc80   xdc_runtime_Text_charTab__A
0000ebe0   _ctypes_
0000ece2   xdc_runtime_Text_nodeTab__A
0000ede2   ti_catalog_arm_cortexm4_tiva_ce_Boot_Module__id__C
0000ede4   ti_catalog_arm_cortexm4_tiva_ce_Boot_A_mustNotUseEnhancedClockMode__C
0000f014   ti_uia_loggers_LoggerStopMode_Module__FXNS__C
0000f074   GPIO_config
0000f088   i2cTivaHWAttrs
0000f0a8   uartTivaHWAttrs
0000f110   I2C_config
0000f14c   UART_config
0000f1c0   gpioHWAttrs
0000f1f0   ti_sysbios_family_arm_m3_Hwi_Object__PARAMS__C
0000f220   ti_sysbios_heaps_HeapMem_Module__FXNS__C
0000f248   ti_uia_loggers_LoggerStopMode_Object__PARAMS__C
0000f270   xdc_runtime_Startup_sfxnTab__A
0000f298   UARTTiva_fxnTable
0000f2bc   ti_sysbios_gates_GateHwi_Module__FXNS__C
0000f2e0   ti_sysbios_gates_GateMutex_Module__FXNS__C
0000f304   ti_sysbios_heaps_HeapMem_Object__PARAMS__C
0000f328   ti_sysbios_knl_Semaphore_Object__PARAMS__C
0000f34c   ti_sysbios_family_arm_m3_Hwi_Object__DESC__C
0000f36c   ti_sysbios_gates_GateHwi_Object__DESC__C
0000f38c   ti_sysbios_gates_GateMutex_Object__DESC__C
0000f3ac   ti_sysbios_heaps_HeapMem_Object__DESC__C
0000f3cc   ti_sysbios_knl_Queue_Object__DESC__C
0000f3ec   ti_sysbios_knl_Semaphore_Object__DESC__C
0000f40c   ti_uia_loggers_LoggerStopMode_Object__DESC__C
0000f42c   UART_defaultParams
0000f44c   ti_sysbios_gates_GateHwi_Object__PARAMS__C
0000f464   ti_sysbios_gates_GateMutex_Object__PARAMS__C
0000f47c   ti_sysbios_knl_Queue_Object__PARAMS__C
0000f494   xdc_runtime_Startup_firstFxns__A
0000f4a8   xdc_runtime_Startup_sfxnRts__A
0000f4cd   xdc_runtime_Error_policy__C
0000f4ce   ti_sysbios_family_arm_lm4_TimestampProvider_useClockTimer__C
0000f4d0   I2CTiva_fxnTable
0000f4f0   I2C_defaultParams
0000f504   ti_sysbios_family_arm_m3_Hwi_excHookFuncs__A
0000f50c   ti_sysbios_knl_Idle_funcList__A
0000f514   ti_sysbios_knl_Idle_funcList__C
0000f51c   xdc_runtime_Startup_firstFxns__C
0000f524   xdc_runtime_Startup_lastFxns__C
0000f52c   ti_catalog_arm_cortexm4_tiva_ce_Boot_Module__diagsEnabled__C
0000f530   ti_catalog_arm_cortexm4_tiva_ce_Boot_Module__diagsIncluded__C
0000f534   ti_catalog_arm_cortexm4_tiva_ce_Boot_Module__diagsMask__C
0000f538   ti_sysbios_family_arm_lm4_Timer_enableFunc__C
0000f53c   ti_sysbios_family_arm_lm4_Timer_numTimerDevices__C
0000f540   ti_sysbios_family_arm_lm4_Timer_startupNeeded__C
0000f544   ti_sysbios_family_arm_m3_Hwi_E_NMI__C
0000f548   ti_sysbios_family_arm_m3_Hwi_E_alreadyDefined__C
0000f54c   ti_sysbios_family_arm_m3_Hwi_E_busFault__C
0000f550   ti_sysbios_family_arm_m3_Hwi_E_debugMon__C
0000f554   ti_sysbios_family_arm_m3_Hwi_E_hardFault__C
0000f558   ti_sysbios_family_arm_m3_Hwi_E_memFault__C
0000f55c   ti_sysbios_family_arm_m3_Hwi_E_noIsr__C
0000f560   ti_sysbios_family_arm_m3_Hwi_E_reserved__C
0000f564   ti_sysbios_family_arm_m3_Hwi_E_svCall__C
0000f568   ti_sysbios_family_arm_m3_Hwi_E_usageFault__C
0000f56c   ti_sysbios_family_arm_m3_Hwi_LD_end__C
0000f570   ti_sysbios_family_arm_m3_Hwi_LM_begin__C
0000f574   ti_sysbios_family_arm_m3_Hwi_Module__diagsEnabled__C
0000f578   ti_sysbios_family_arm_m3_Hwi_Module__diagsIncluded__C
0000f57c   ti_sysbios_family_arm_m3_Hwi_Module__diagsMask__C
0000f580   ti_sysbios_family_arm_m3_Hwi_Module__loggerFxn1__C
0000f584   ti_sysbios_family_arm_m3_Hwi_Module__loggerFxn8__C
0000f588   ti_sysbios_family_arm_m3_Hwi_Module__loggerObj__C
0000f58c   ti_sysbios_family_arm_m3_Hwi_NUM_INTERRUPTS__C
0000f590   ti_sysbios_family_arm_m3_Hwi_Object__count__C
0000f594   ti_sysbios_family_arm_m3_Hwi_ccr__C
0000f598   ti_sysbios_family_arm_m3_Hwi_excHandlerFunc__C
0000f59c   ti_sysbios_family_arm_m3_Hwi_excHookFuncs__C
0000f5a0   ti_sysbios_family_arm_m3_Hwi_nullIsrFunc__C
0000f5a4   ti_sysbios_family_arm_m3_Hwi_priGroup__C
0000f5a8   ti_sysbios_gates_GateMutex_A_badContext__C
0000f5ac   ti_sysbios_gates_GateMutex_Instance_State_sem__O
0000f5b0   ti_sysbios_gates_GateMutex_Module__diagsEnabled__C
0000f5b4   ti_sysbios_gates_GateMutex_Module__diagsIncluded__C
0000f5b8   ti_sysbios_gates_GateMutex_Module__diagsMask__C
0000f5bc   ti_sysbios_hal_Hwi_E_stackOverflow__C
0000f5c0   ti_sysbios_heaps_HeapMem_A_align__C
0000f5c4   ti_sysbios_heaps_HeapMem_A_heapSize__C
0000f5c8   ti_sysbios_heaps_HeapMem_A_invalidFree__C
0000f5cc   ti_sysbios_heaps_HeapMem_A_zeroBlock__C
0000f5d0   ti_sysbios_heaps_HeapMem_E_memory__C
0000f5d4   ti_sysbios_heaps_HeapMem_Module__diagsEnabled__C
0000f5d8   ti_sysbios_heaps_HeapMem_Module__diagsIncluded__C
0000f5dc   ti_sysbios_heaps_HeapMem_Module__diagsMask__C
0000f5e0   ti_sysbios_heaps_HeapMem_Module__gateObj__C
0000f5e4   ti_sysbios_heaps_HeapMem_Object__count__C
0000f5e8   ti_sysbios_heaps_HeapMem_reqAlign__C
0000f5ec   ti_sysbios_knl_Clock_LM_begin__C
0000f5f0   ti_sysbios_knl_Clock_LM_tick__C
0000f5f4   ti_sysbios_knl_Clock_LW_delayed__C
0000f5f8   ti_sysbios_knl_Clock_Module_State_clockQ__O
0000f5fc   ti_sysbios_knl_Clock_Module__diagsEnabled__C
0000f600   ti_sysbios_knl_Clock_Module__diagsIncluded__C
0000f604   ti_sysbios_knl_Clock_Module__diagsMask__C
0000f608   ti_sysbios_knl_Clock_Module__loggerFxn1__C
0000f60c   ti_sysbios_knl_Clock_Module__loggerFxn2__C
0000f610   ti_sysbios_knl_Clock_Module__loggerObj__C
0000f614   ti_sysbios_knl_Semaphore_A_badContext__C
0000f618   ti_sysbios_knl_Semaphore_A_noEvents__C
0000f61c   ti_sysbios_knl_Semaphore_A_overflow__C
0000f620   ti_sysbios_knl_Semaphore_A_pendTaskDisabled__C
0000f624   ti_sysbios_knl_Semaphore_Instance_State_pendQ__O
0000f628   ti_sysbios_knl_Semaphore_LM_pend__C
0000f62c   ti_sysbios_knl_Semaphore_LM_post__C
0000f630   ti_sysbios_knl_Semaphore_Module__diagsEnabled__C
0000f634   ti_sysbios_knl_Semaphore_Module__diagsIncluded__C
0000f638   ti_sysbios_knl_Semaphore_Module__diagsMask__C
0000f63c   ti_sysbios_knl_Semaphore_Module__loggerFxn2__C
0000f640   ti_sysbios_knl_Semaphore_Module__loggerFxn4__C
0000f644   ti_sysbios_knl_Semaphore_Module__loggerObj__C
0000f648   ti_sysbios_knl_Swi_LD_end__C
0000f64c   ti_sysbios_knl_Swi_LM_begin__C
0000f650   ti_sysbios_knl_Swi_LM_post__C
0000f654   ti_sysbios_knl_Swi_Module__diagsEnabled__C
0000f658   ti_sysbios_knl_Swi_Module__diagsIncluded__C
0000f65c   ti_sysbios_knl_Swi_Module__diagsMask__C
0000f660   ti_sysbios_knl_Swi_Module__loggerFxn1__C
0000f664   ti_sysbios_knl_Swi_Module__loggerFxn4__C
0000f668   ti_sysbios_knl_Swi_Module__loggerObj__C
0000f66c   ti_sysbios_knl_Swi_Object__count__C
0000f670   ti_sysbios_knl_Task_A_badTimeout__C
0000f674   ti_sysbios_knl_Task_A_sleepTaskDisabled__C
0000f678   ti_sysbios_knl_Task_E_spOutOfBounds__C
0000f67c   ti_sysbios_knl_Task_E_stackOverflow__C
0000f680   ti_sysbios_knl_Task_LD_block__C
0000f684   ti_sysbios_knl_Task_LD_exit__C
0000f688   ti_sysbios_knl_Task_LD_ready__C
0000f68c   ti_sysbios_knl_Task_LM_sleep__C
0000f690   ti_sysbios_knl_Task_LM_switch__C
0000f694   ti_sysbios_knl_Task_Module_State_inactiveQ__O
0000f698   ti_sysbios_knl_Task_Module__diagsEnabled__C
0000f69c   ti_sysbios_knl_Task_Module__diagsIncluded__C
0000f6a0   ti_sysbios_knl_Task_Module__diagsMask__C
0000f6a4   ti_sysbios_knl_Task_Module__loggerFxn2__C
0000f6a8   ti_sysbios_knl_Task_Module__loggerFxn4__C
0000f6ac   ti_sysbios_knl_Task_Module__loggerObj__C
0000f6b0   ti_sysbios_knl_Task_Object__count__C
0000f6b4   ti_sysbios_knl_Task_allBlockedFunc__C
0000f6b8   ti_sysbios_knl_Task_numConstructedTasks__C
0000f6bc   ti_sysbios_utils_Load_LS_cpuLoad__C
0000f6c0   ti_sysbios_utils_Load_LS_hwiLoad__C
0000f6c4   ti_sysbios_utils_Load_Module__diagsEnabled__C
0000f6c8   ti_sysbios_utils_Load_Module__diagsIncluded__C
0000f6cc   ti_sysbios_utils_Load_Module__diagsMask__C
0000f6d0   ti_sysbios_utils_Load_Module__loggerFxn1__C
0000f6d4   ti_sysbios_utils_Load_Module__loggerFxn2__C
0000f6d8   ti_sysbios_utils_Load_Module__loggerObj__C
0000f6dc   ti_sysbios_utils_Load_postUpdate__C
0000f6e0   ti_sysbios_utils_Load_windowInMs__C
0000f6e4   ti_uia_loggers_LoggerStopMode_Module__diagsEnabled__C
0000f6e8   ti_uia_loggers_LoggerStopMode_Module__diagsIncluded__C
0000f6ec   ti_uia_loggers_LoggerStopMode_Module__diagsMask__C
0000f6f0   ti_uia_loggers_LoggerStopMode_Object__count__C
0000f6f4   ti_uia_runtime_ILoggerSnapshot_Interface__BASE__C
0000f6f8   ti_uia_runtime_IUIATransfer_Interface__BASE__C
0000f6fc   xdc_runtime_Assert_E_assertFailed__C
0000f700   xdc_runtime_Core_A_initializedParams__C
0000f704   xdc_runtime_Core_Module__diagsEnabled__C
0000f708   xdc_runtime_Core_Module__diagsIncluded__C
0000f70c   xdc_runtime_Core_Module__diagsMask__C
0000f710   xdc_runtime_Error_E_memory__C
0000f714   xdc_runtime_Error_Module__diagsEnabled__C
0000f718   xdc_runtime_Error_Module__diagsIncluded__C
0000f71c   xdc_runtime_Error_Module__diagsMask__C
0000f720   xdc_runtime_Error_Module__loggerFxn8__C
0000f724   xdc_runtime_Error_Module__loggerObj__C
0000f728   xdc_runtime_Error_policyFxn__C
0000f72c   xdc_runtime_Error_raiseHook__C
0000f730   xdc_runtime_IFilterLogger_Interface__BASE__C
0000f734   xdc_runtime_IGateProvider_Interface__BASE__C
0000f738   xdc_runtime_IHeap_Interface__BASE__C
0000f73c   xdc_runtime_ILogger_Interface__BASE__C
0000f740   xdc_runtime_IModule_Interface__BASE__C
0000f744   xdc_runtime_Log_L_error__C
0000f748   xdc_runtime_Log_L_warning__C
0000f74c   xdc_runtime_Main_Module__diagsEnabled__C
0000f750   xdc_runtime_Main_Module__diagsIncluded__C
0000f754   xdc_runtime_Main_Module__diagsMask__C
0000f758   xdc_runtime_Main_Module__loggerFxn2__C
0000f75c   xdc_runtime_Main_Module__loggerFxn4__C
0000f760   xdc_runtime_Main_Module__loggerObj__C
0000f764   xdc_runtime_Memory_defaultHeapInstance__C
0000f768   xdc_runtime_Startup_execImpl__C
0000f76c   xdc_runtime_Startup_lastFxns__A
0000f770   xdc_runtime_Startup_maxPasses__C
0000f774   xdc_runtime_Startup_sfxnRts__C
0000f778   xdc_runtime_Startup_sfxnTab__C
0000f77c   xdc_runtime_SysMin_bufSize__C
0000f780   xdc_runtime_SysMin_outputFunc__C
0000f784   xdc_runtime_System_Module__gateObj__C
0000f788   xdc_runtime_System_abortFxn__C
0000f78c   xdc_runtime_System_exitFxn__C
0000f790   xdc_runtime_System_extendFxn__C
0000f794   xdc_runtime_System_maxAtexitHandlers__C
0000f798   xdc_runtime_Text_charTab__C
0000f79c   xdc_runtime_Text_nameEmpty__C
0000f7a0   xdc_runtime_Text_nameStatic__C
0000f7a4   xdc_runtime_Text_nameUnknown__C
0000f7a8   xdc_runtime_Text_nodeTab__C
0000f7ac   xdc_runtime_Text_visitRopeFxn__C
0000f7b0   ti_sysbios_family_arm_m3_Hwi_Module__id__C
0000f7b2   ti_sysbios_family_arm_m3_Hwi_Module__loggerDefined__C
0000f7b4   ti_sysbios_gates_GateMutex_Module__id__C
0000f7b6   ti_sysbios_hal_Hwi_Module__id__C
0000f7b8   ti_sysbios_heaps_HeapMem_Module__id__C
0000f7ba   ti_sysbios_knl_Clock_Module__id__C
0000f7bc   ti_sysbios_knl_Clock_Module__loggerDefined__C
0000f7be   ti_sysbios_knl_Semaphore_Module__id__C
0000f7c0   ti_sysbios_knl_Semaphore_Module__loggerDefined__C
0000f7c2   ti_sysbios_knl_Swi_Module__id__C
0000f7c4   ti_sysbios_knl_Swi_Module__loggerDefined__C
0000f7c6   ti_sysbios_knl_Task_Module__id__C
0000f7c8   ti_sysbios_knl_Task_Module__loggerDefined__C
0000f7ca   ti_sysbios_knl_Task_initStackFlag__C
0000f7cc   ti_sysbios_utils_Load_Module__id__C
0000f7ce   ti_sysbios_utils_Load_Module__loggerDefined__C
0000f7d0   ti_sysbios_utils_Load_hwiEnabled__C
0000f7d2   ti_sysbios_utils_Load_updateInIdle__C
0000f7d4   ti_uia_loggers_LoggerStopMode_Module__id__C
0000f7d6   ti_uia_loggers_LoggerStopMode_isTimestampEnabled__C
0000f7d8   xdc_runtime_Core_Module__id__C
0000f7da   xdc_runtime_Error_Module__loggerDefined__C
0000f7dc   xdc_runtime_Error_maxDepth__C
0000f7de   xdc_runtime_Main_Module__id__C
0000f7e0   xdc_runtime_Main_Module__loggerDefined__C
0000f7e2   xdc_runtime_Memory_Module__id__C
0000f7e4   xdc_runtime_SysMin_flushAtExit__C
0000f7e6   xdc_runtime_Text_charCnt__C
0000f7e8   xdc_runtime_Text_isLoaded__C
0000f7ea   xdc_runtime_Text_registryModsLastId__C
0000f7ec   xdc_runtime_Text_unnamedModsLastId__C
0000fcc0   __TI_Handler_Table_Base
0000fccc   __TI_Handler_Table_Limit
0000fce0   __TI_CINIT_Base
0000fcf8   __TI_CINIT_Limit
20000000   ti_sysbios_family_arm_m3_Hwi_ramVectors
20000380   ti_sysbios_knl_Task_Instance_State_0_stack__A
20000580   ti_sysbios_knl_Task_Instance_State_1_stack__A
20000d80   ti_sysbios_knl_Task_Instance_State_2_stack__A
20001580   ti_sysbios_heaps_HeapMem_Instance_State_0_buf__A
20002580   ti_uia_loggers_LoggerStopMode_Instance_State_1_packetArray__A
20002980   ti_uia_loggers_LoggerStopMode_Instance_State_2_packetArray__A
20002d80   xdc_runtime_SysMin_Module_State_0_outbuf__A
20003180   ti_sysbios_family_arm_m3_Hwi_dispatchTable
200034e0   uartTivaObjects
20003700   i2cTivaObjects
20003900   ti_uia_loggers_LoggerStopMode_Instance_State_0_packetArray__A
20003b00   __CIOBUF_
20003c20   __TI_tmpnams
20003d00   ti_uia_loggers_LoggerStopMode_Instance_State_0_hdr__A
20003d80   ti_uia_loggers_LoggerStopMode_Instance_State_1_hdr__A
20003e00   ti_uia_loggers_LoggerStopMode_Instance_State_2_hdr__A
20003e30   __stack
20004030   __STACK_TOP
20004e30   __STACK_END
20004e30   xdc_runtime_Diags_dictElems
20004e50   ti_sysbios_family_arm_lm4_Timer_Module__root__V
20004e58   ti_sysbios_family_arm_lm4_Timer_Module_State_0_handles__A
20004e78   ti_sysbios_family_arm_lm4_Timer_Module__state__V
20004e84   ti_sysbios_family_arm_lm4_TimestampProvider_Module__state__V
20004e8c   ti_sysbios_family_arm_m3_Hwi_Module__root__V
20004e94   ti_sysbios_family_arm_m3_Hwi_Module_State_0_excActive__A
20004e98   ti_sysbios_family_arm_m3_Hwi_Module_State_0_excContext__A
20004e9c   ti_sysbios_family_arm_m3_Hwi_Module_State_0_excStack__A
20004ea0   ti_sysbios_gates_GateHwi_Module__root__V
20004ea8   ti_sysbios_gates_GateHwi_Object__table__V
20004eac   ti_sysbios_gates_GateMutex_Module__root__V
20004eb4   ti_sysbios_hal_Hwi_Module__root__V
20004ebc   ti_sysbios_heaps_HeapMem_Module__root__V
20004ec4   ti_sysbios_heaps_HeapMem_Object__table__V
20004edc   ti_sysbios_knl_Clock_Module__root__V
20004ee4   ti_sysbios_knl_Event_Module__root__V
20004ef0   ti_sysbios_knl_Queue_Module__root__V
20004ef8   ti_sysbios_knl_Semaphore_Module__root__V
20004f00   ti_sysbios_knl_Swi_Module__root__V
20004f08   ti_sysbios_knl_Swi_Module__state__V
20004f24   ti_sysbios_knl_Task_Module__root__V
20004f30   ti_sysbios_knl_Task_Module_State_0_idleTask__A
20004f34   ti_sysbios_utils_Load_Module_State_0_taskStartTime__A
20004f38   ti_sysbios_utils_Load_Module_State_0_runningTask__A
20004f3c   ti_uia_loggers_LoggerStopMode_Module__root__V
20004f44   ti_uia_loggers_LoggerStopMode_Module__state__V
20004f4c   ti_uia_runtime_QueueDescriptor_Module__state__V
20004f58   xdc_runtime_Error_Module__state__V
20004f5a   xdc_runtime_Main_Module__root__V
20004f5c   xdc_runtime_Memory_Module__state__V
20004f60   xdc_runtime_Registry_Module__state__V
20004f68   xdc_runtime_Startup_Module__state__V
20004f70   xdc_runtime_SysMin_Module__state__V
20004f7c   xdc_runtime_System_Module_State_0_atexitHandlers__A
20004f9c   xdc_runtime_System_Module__state__V
20004fa4   xdc_runtime_Text_Module__state__V
20004fac   __xdc__init__addr
20004fb0   _ftable
200050a0   ti_sysbios_knl_Task_Object__table__V
20005138   TSK_idle
20005254   ti_uia_loggers_LoggerStopMode_Object__table__V
200052f0   ti_sysbios_utils_Load_Module__state__V
20005388   ti_sysbios_family_arm_lm4_Timer_Object__table__V
20005408   ti_sysbios_knl_Swi_Module_State_0_readyQ__A
20005488   ti_sysbios_knl_Task_Module_State_0_readyQ__A
20005508   ti_sysbios_knl_Task_Module__state__V
2000554c   ti_sysbios_family_arm_lm4_Timer_Module_State_0_device__A
2000558c   ti_sysbios_gates_GateMutex_Object__table__V
200055c4   ti_sysbios_family_arm_m3_Hwi_Module__state__V
200055f8   ti_sysbios_family_arm_m3_Hwi_Object__table__V
20005628   ti_sysbios_knl_Swi_Object__table__V
20005658   ti_sysbios_knl_Clock_Module__state__V
20005684   ti_sysbios_BIOS_Module__state__V
200056c0   __TI_ft_end
200056c4   __aeabi_stdin
200056c8   __aeabi_stdout
200056cc   __aeabi_stderr
200056d8   _lock
200056dc   _unlock
200056e0   __TI_cleanup_ptr
200056e4   __TI_dtors_ptr
200056e8   ti_uia_runtime_QueueDescriptor_gPtrToFirstDescriptor
200056ec   ti_uia_runtime_QueueDescriptor_gUpdateCount
200056f4   _Errno
200056fc   main_func_sp
e000e000   ti_sysbios_family_arm_m3_Hwi_nvic
ffffffff   __binit__
ffffffff   __c_args__
ffffffff   binit
UNDEFED    SHT$$INIT_ARRAY$$Base
UNDEFED    SHT$$INIT_ARRAY$$Limit

[829 symbols]
