******************************************************************************
                  TI ARM Linker PC v5.1.7                      
******************************************************************************
>> Linked Tue Aug 12 22:11:33 2014

OUTPUT FILE NAME:   <central_Estufa.out>
ENTRY POINT SYMBOL: "_c_int00"  address: 000099b5


MEMORY CONFIGURATION

         name            origin    length      used     unused   attr    fill
----------------------  --------  ---------  --------  --------  ----  --------
  FLASH                 00000000   00100000  0000e860  000f17a0  R  X
  SRAM                  20000000   00040000  000054e0  0003ab20  RW X


SEGMENT ALLOCATION MAP

run origin  load origin   length   init length attrs members
----------  ----------- ---------- ----------- ----- -------
00000000    00000000    0000e868   0000e868    r-x
  00000000    00000000    0000003c   0000003c    r-- .resetVecs
  0000003c    0000003c    0000b82e   0000b82e    r-x .text
  0000b870    0000b870    00002af6   00002af6    r-- .const
  0000e368    0000e368    00000500   00000500    r-- .cinit
20000000    20000000    00000360   00000000    rw-
  20000000    20000000    00000360   00000000    rw- .vecs
20000380    20000380    00005180   00000000    rw-
  20000380    20000380    000038b0   00000000    rw- .bss
  20003c30    20003c30    00001000   00000000    rw- .stack
  20004c30    20004c30    000008d0   00000000    rw- .data


SECTION ALLOCATION MAP

 output                                  attributes/
section   page    origin      length       input sections
--------  ----  ----------  ----------   ----------------
.bootVecs 
*          0    00000000    00000008     DSECT
                  00000000    00000008     boot.aem4f : boot.oem4f (.bootVecs)

.resetVecs 
*          0    00000000    0000003c     
                  00000000    0000003c     principal_pem4f.oem4f (.resetVecs)

xdc.meta   0    00000000    00000109     COPY SECTION
                  00000000    00000109     principal_pem4f.oem4f (xdc.meta)

.init_array 
*          0    00000000    00000000     UNINITIALIZED

.text      0    0000003c    0000b82e     
                  0000003c    00000ec0     rtsv7M4_T_le_v4SPD16_eabi.lib : _printfi.obj (.text)
                  00000efc    00000950                                   : _scanfi.obj (.text)
                  0000184c    00000424     sysbios.aem4f : BIOS.obj (.text:ti_sysbios_family_arm_m3_Hwi_excDumpRegs__I)
                  00001c70    0000033c     ti.targets.arm.rtsarm.aem4f : System.oem4f (.text:xdc_runtime_System_doPrint__I)
                  00001fac    00000310     rtsv7M4_T_le_v4SPD16_eabi.lib : lowlev.obj (.text)
                  000022bc    00000304     sysbios.aem4f : BIOS.obj (.text:ti_sysbios_knl_Semaphore_pend__E)
                  000025c0    000002d4     rtsv7M4_T_le_v4SPD16_eabi.lib : trgdrv.obj (.text)
                  00002894    000002a4     uart_tivaware.aem4f : UARTTiva.oem4f (.text:UARTTiva_open)
                  00002b38    00000248     sysbios.aem4f : BIOS.obj (.text:ti_sysbios_heaps_HeapMem_free__E)
                  00002d80    0000023c     rtsv7M4_T_le_v4SPD16_eabi.lib : strtod.obj (.text)
                  00002fbc    00000234                                   : strtold.obj (.text)
                  000031f0    00000234     sysbios.aem4f : BIOS.obj (.text:ti_sysbios_heaps_HeapMem_alloc__E)
                  00003424    00000214     uart_tivaware.aem4f : UARTTiva.oem4f (.text:UARTTiva_write)
                  00003638    00000208     sysbios.aem4f : BIOS.obj (.text:ti_sysbios_knl_Task_sleep__E)
                  00003840    000001fc     Boot.aem4f : Boot_sysctl.oem4f (.text:ti_catalog_arm_cortexm4_tiva_ce_Boot_sysCtlClockFreqSetI__I)
                  00003a3c    000001f8     uart_tivaware.aem4f : UARTTiva.oem4f (.text:UARTTiva_read)
                  00003c34    000001f8     sysbios.aem4f : BIOS.obj (.text:ti_sysbios_family_arm_m3_Hwi_excHandlerMax__I)
                  00003e2c    000001f4     rtsv7M4_T_le_v4SPD16_eabi.lib : ull_div_t2.obj (.text)
                  00004020    000001e4                                   : strtoll.obj (.text)
                  00004204    000001d0                                   : fscanf.obj (.text)
                  000043d4    000001cc     uart_tivaware.aem4f : UARTTiva.oem4f (.text:UARTTiva_hwiIntFxn)
                  000045a0    000001c0     rtsv7M4_T_le_v4SPD16_eabi.lib : fopen.obj (.text)
                  00004760    000001b6                                   : fd_add_t2.obj (.text)
                  00004916    00000002     principal_pem4f.oem4f (.text:ti_sysbios_BIOS_nullFunc__I)
                  00004918    0000018c     sysbios.aem4f : BIOS.obj (.text:ti_sysbios_knl_Task_Module_startup__E)
                  00004aa4    00000180                   : BIOS.obj (.text:ti_sysbios_family_arm_lm4_Timer_start__E)
                  00004c24    00000178     uart_tivaware.aem4f : UARTTiva.oem4f (.text:writeData)
                  00004d9c    0000016c     rtsv7M4_T_le_v4SPD16_eabi.lib : strtoull.obj (.text)
                  00004f08    00000168     uart_tivaware.aem4f : UARTTiva.oem4f (.text:UARTTiva_readPolling)
                  00005070    00000168                         : UARTTiva.oem4f (.text:readData)
                  000051d8    00000168     sysbios.aem4f : BIOS.obj (.text:ti_sysbios_family_arm_m3_Hwi_excBusFault__I)
                  00005340    0000015c     uart_tivaware.aem4f : UARTTiva.oem4f (.text:UARTTiva_writePolling)
                  0000549c    00000154     sysbios.aem4f : BIOS.obj (.text:ti_sysbios_family_arm_m3_Hwi_excUsageFault__I)
                  000055f0    00000140                   : BIOS.obj (.text:ti_sysbios_family_arm_lm4_TimestampProvider_get64__E)
                  00005730    00000140                   : BIOS.obj (.text:ti_sysbios_family_arm_m3_Hwi_excMemFault__I)
                  00005870    0000013c                   : BIOS.obj (.text:ti_sysbios_family_arm_m3_Hwi_dispatchC__I)
                  000059ac    00000138                   : BIOS.obj (.text:ti_sysbios_heaps_HeapMem_Instance_init__E)
                  00005ae4    00000138                   : BIOS.obj (.text:ti_sysbios_knl_Semaphore_post__E)
                  00005c1c    00000136     rtsv7M4_T_le_v4SPD16_eabi.lib : fd_div_t2.obj (.text)
                  00005d52    00000002     sysbios.aem4f : BIOS.obj (.text:ti_sysbios_gates_GateHwi_Instance_init__E)
                  00005d54    00000134     rtsv7M4_T_le_v4SPD16_eabi.lib : fputs.obj (.text)
                  00005e88    00000130     driverlib.lib : gpio.obj (.text:GPIOPadConfigSet)
                  00005fb8    00000130     rtsv7M4_T_le_v4SPD16_eabi.lib : strtol.obj (.text)
                  000060e8    00000130     principal_pem4f.oem4f (.text:ti_uia_loggers_LoggerStopMode_writeMemoryRange__E)
                  00006218    0000012c     principal.obj (.text:main)
                  00006344    0000012c     sysbios.aem4f : BIOS.obj (.text:ti_sysbios_knl_Clock_workFunc__E)
                  00006470    00000128     principal.obj (.text:consoleFxn)
                  00006598    00000120     sysbios.aem4f : BIOS.obj (.text:ti_sysbios_knl_Swi_run__I)
                  000066b8    00000120     ti.targets.arm.rtsarm.aem4f : Error.oem4f (.text:xdc_runtime_Error_policyDefault__E)
                  000067d8    0000011c     principal_pem4f.oem4f (.text:ti_uia_loggers_LoggerStopMode_write8__E)
                  000068f4    00000110     rtsv7M4_T_le_v4SPD16_eabi.lib : strtoul.obj (.text)
                  00006a04    00000104     UARTUtils.obj (.text:openHandle)
                  00006b08    00000104     principal_pem4f.oem4f (.text:ti_uia_loggers_LoggerStopMode_write4__E)
                  00006c0c    00000104     ti.targets.arm.rtsarm.aem4f : Core-mem.oem4f (.text:xdc_runtime_Core_createObject__I)
                  00006d10    00000104     principal_pem4f.oem4f (.text:xdc_runtime_System_printfExtend__I)
                  00006e14    000000fc     rtsv7M4_T_le_v4SPD16_eabi.lib : fd_mul_t2.obj (.text)
                  00006f10    000000fc     ti.targets.arm.rtsarm.aem4f : Startup.oem4f (.text:xdc_runtime_Startup_startMods__I)
                  0000700c    000000f8     principal_pem4f.oem4f (.text:ti_uia_loggers_LoggerStopMode_write2__E)
                  00007104    000000f4     gpio_tivaware.aem4f : GPIO.oem4f (.text:GPIO_toggle)
                  000071f8    000000f4     sysbios.aem4f : m3_Hwi_asm.obj (.text:ti_sysbios_family_arm_m3_Hwi_dispatch__I)
                  000072ec    000000f4     principal_pem4f.oem4f (.text:ti_uia_loggers_LoggerStopMode_write1__E)
                  000073e0    000000e8     gpio_tivaware.aem4f : GPIO.oem4f (.text:GPIO_write)
                  000074c8    000000e8     principal_pem4f.oem4f (.text:ti_uia_loggers_LoggerStopMode_write0__E)
                  000075b0    000000dc     rtsv7M4_T_le_v4SPD16_eabi.lib : setvbuf.obj (.text)
                  0000768c    000000cc     ti.targets.arm.rtsarm.aem4f : Core-smem.oem4f (.text:xdc_runtime_Core_constructObject__I)
                  00007758    000000c8     sysbios.aem4f : BIOS.obj (.text:ti_sysbios_knl_Task_schedule__I)
                  00007820    000000c4                   : BIOS.obj (.text:ti_sysbios_family_arm_m3_Hwi_Module_startup__E)
                  000078e4    000000c0     uart_tivaware.aem4f : UARTTiva.oem4f (.text:UARTTiva_writeCancel)
                  000079a4    000000c0     rtsv7M4_T_le_v4SPD16_eabi.lib : fflush.obj (.text)
                  00007a64    000000c0     sysbios.aem4f : BIOS.obj (.text:ti_sysbios_family_arm_lm4_TimestampProvider_get32__E)
                  00007b24    000000bc     uart_tivaware.aem4f : UARTTiva.oem4f (.text:UARTTiva_readCancel)
                  00007be0    000000bc     sysbios.aem4f : BIOS.obj (.text:ti_sysbios_knl_Task_startCore__E)
                  00007c9c    000000b8     EK_TM4C1294XL.obj (.text:EK_TM4C1294XL_initGeneral)
                  00007d54    000000b4     sysbios.aem4f : BIOS.obj (.text:ti_sysbios_family_arm_m3_Hwi_excHardFault__I)
                  00007e08    000000b4                   : BIOS.obj (.text:ti_sysbios_gates_GateMutex_enter__E)
                  00007ebc    000000b4                   : BIOS.obj (.text:ti_sysbios_knl_Task_checkStacks__E)
                  00007f70    000000b0                   : BIOS.obj (.text:ti_sysbios_family_arm_m3_Hwi_excDebugMon__I)
                  00008020    000000b0                   : BIOS.obj (.text:ti_sysbios_utils_Load_idleFxn__E)
                  000080d0    000000ac     rtsv7M4_T_le_v4SPD16_eabi.lib : _io_perm.obj (.text)
                  0000817c    000000ac     sysbios.aem4f : BIOS.obj (.text:ti_sysbios_family_arm_lm4_Timer_enableTiva__I)
                  00008228    000000a8     EK_TM4C1294XL.obj (.text:EK_TM4C1294XL_initUART)
                  000082d0    000000a8     sysbios.aem4f : BIOS.obj (.text:ti_sysbios_family_arm_lm4_Timer_enableTimers__I)
                  00008378    000000a8                   : BIOS.obj (.text:ti_sysbios_knl_Swi_post__E)
                  00008420    000000a8                   : BIOS.obj (.text:ti_sysbios_knl_Task_blockI__E)
                  000084c8    000000a8                   : BIOS.obj (.text:ti_sysbios_utils_Load_updateLoads__E)
                  00008570    000000a0     uart_tivaware.aem4f : UARTTiva.oem4f (.text:UARTTiva_close)
                  00008610    000000a0     auto_init.aem4f : auto_init.oem4f (.text)
                  000086b0    000000a0     sysbios.aem4f : BIOS.obj (.text:ti_sysbios_family_arm_m3_Hwi_Instance_init__E)
                  00008750    0000009c     rtsv7M4_T_le_v4SPD16_eabi.lib : _bufread.obj (.text)
                  000087ec    0000009c                                   : fputc.obj (.text)
                  00008888    0000009c                                   : memcpy_t2.obj (.text)
                  00008924    0000009c     sysbios.aem4f : BIOS.obj (.text:ti_sysbios_knl_Semaphore_Instance_init__E)
                  000089c0    0000009a     ti.targets.arm.rtsarm.aem4f : Text.oem4f (.text:xdc_runtime_Text_putSite__E)
                  00008a5a    00000002     principal_pem4f.oem4f (.text:ti_uia_loggers_LoggerStopMode_setFilterLevel__E)
                  00008a5c    00000098     rtsv7M4_T_le_v4SPD16_eabi.lib : fclose.obj (.text)
                  00008af4    00000098     sysbios.aem4f : BIOS.obj (.text:ti_sysbios_knl_Task_exit__E)
                  00008b8c    00000094     rtsv7M4_T_le_v4SPD16_eabi.lib : fgetc.obj (.text)
                  00008c20    00000094     Boot.aem4f : Boot.oem4f (.text:ti_catalog_arm_cortexm4_tiva_ce_Boot_sysCtlClockFreqSet__E)
                  00008cb4    00000094     sysbios.aem4f : BIOS.obj (.text:ti_sysbios_knl_Task_unblockI__E)
                  00008d48    00000094     ti.targets.arm.rtsarm.aem4f : Text.oem4f (.text:xdc_runtime_Text_putMod__E)
                  00008ddc    00000090     ti.uia.loggers.aem4f : LoggerStopMode.oem4f (.text:ti_uia_loggers_LoggerStopMode_initQueueDescriptor__E)
                  00008e6c    0000008c     UARTUtils.obj (.text:UARTUtils_systemInit)
                  00008ef8    0000008c     sysbios.aem4f : BIOS.obj (.text:ti_sysbios_family_arm_m3_Hwi_initNVIC__E)
                  00008f84    0000008c                   : m3_TaskSupport_asm.obj (.text:ti_sysbios_family_arm_m3_TaskSupport_buildTaskStack)
                  00009010    00000086     rtsv7M4_T_le_v4SPD16_eabi.lib : fd_cmp_t2.obj (.text:__aeabi_cdcmple)
                  00009096    00000086                                   : fd_cmp_t2.obj (.text:__aeabi_cdrcmple)
                  0000911c    00000080                                   : ungetc.obj (.text)
                  0000919c    0000007c     sysbios.aem4f : BIOS.obj (.text:ti_sysbios_utils_Load_logLoads__I)
                  00009218    00000078     rtsv7M4_T_le_v4SPD16_eabi.lib : memset_t2.obj (.text)
                  00009290    00000070                                   : printf.obj (.text)
                  00009300    00000070     sysbios.aem4f : BIOS.obj (.text:ti_sysbios_family_arm_m3_Hwi_postInit__I)
                  00009370    00000070     ti.uia.runtime.aem4f : QueueDescriptor.oem4f (.text:ti_uia_runtime_QueueDescriptor_addToList__E)
                  000093e0    00000070     ti.targets.arm.rtsarm.aem4f : Memory.oem4f (.text:xdc_runtime_Memory_alloc__E)
                  00009450    0000006c     sysbios.aem4f : BIOS.obj (.text:ti_sysbios_utils_Load_updateThreadContexts__E)
                  000094bc    0000006c     ti.targets.arm.rtsarm.aem4f : Error.oem4f (.text:xdc_runtime_Error_print__E)
                  00009528    0000006a     ti.uia.loggers.aem4f : LoggerStopMode.oem4f (.text:ti_uia_loggers_LoggerStopMode_flush__E)
                  00009592    00000066     ti.targets.arm.rtsarm.aem4f : Core-mem.oem4f (.text:xdc_runtime_Core_deleteObject__I)
                  000095f8    00000064     rtsv7M4_T_le_v4SPD16_eabi.lib : fseek.obj (.text)
                  0000965c    00000064     sysbios.aem4f : BIOS.obj (.text:ti_sysbios_utils_Load_logCPULoad__I)
                  000096c0    00000060     rtsv7M4_T_le_v4SPD16_eabi.lib : trgmsg.obj (.text)
                  00009720    00000060     sysbios.aem4f : BIOS.obj (.text:ti_sysbios_family_arm_lm4_Timer_isrStub__E)
                  00009780    00000060                   : BIOS.obj (.text:ti_sysbios_knl_Clock_logTick__E)
                  000097e0    00000060     ti.targets.arm.rtsarm.aem4f : System.oem4f (.text:xdc_runtime_System_formatNum__I)
                  00009840    0000005e     rtsv7M4_T_le_v4SPD16_eabi.lib : copy_decompress_rle.obj (.text)
                  0000989e    00000002     ti.uia.loggers.aem4f : LoggerStopMode.oem4f (.text:ti_uia_loggers_LoggerStopMode_setPriority__E)
                  000098a0    0000005c     sysbios.aem4f : BIOS.obj (.text:ti_sysbios_family_arm_lm4_Timer_Module_startup__E)
                  000098fc    0000005b     ti.targets.arm.rtsarm.aem4f : Text.oem4f (.text:xdc_runtime_Text_putLab__E)
                  00009957    00000001     --HOLE-- [fill = 0]
                  00009958    0000005a     rtsv7M4_T_le_v4SPD16_eabi.lib : ltoa.obj (.text)
                  000099b2    00000002     principal_pem4f.oem4f (.text:xdc_runtime_Startup_reset__I)
                  000099b4    00000058     boot.aem4f : boot.oem4f (.text)
                  00009a0c    00000058     principal_pem4f.oem4f (.text:ti_sysbios_family_arm_m3_Hwi_construct)
                  00009a64    00000058     sysbios.aem4f : m3_Hwi_asm_switch.obj (.text:ti_sysbios_family_arm_m3_Hwi_initStacks__E)
                  00009abc    00000058                   : BIOS.obj (.text:ti_sysbios_knl_Swi_restoreHwi__E)
                  00009b14    00000058                   : BIOS.obj (.text:ti_sysbios_knl_Swi_schedule__I)
                  00009b6c    00000050     Boot.aem4f : Boot_sysctl.oem4f (.text:_SysCtlFrequencyGet)
                  00009bbc    00000050     sysbios.aem4f : BIOS.obj (.text:ti_sysbios_utils_Load_updateCurrentThreadTime__E)
                  00009c0c    00000050     ti.targets.arm.rtsarm.aem4f : Startup.oem4f (.text:xdc_runtime_Startup_exec__E)
                  00009c5c    00000050                                 : Text.oem4f (.text:xdc_runtime_Text_visitRope2__I)
                  00009cac    0000004c     rtsv7M4_T_le_v4SPD16_eabi.lib : atoi.obj (.text)
                  00009cf8    0000004c     sysbios.aem4f : BIOS.obj (.text:ti_sysbios_knl_Swi_runLoop__I)
                  00009d44    0000004c     ti.uia.loggers.aem4f : LoggerStopMode.oem4f (.text:ti_uia_loggers_LoggerStopMode_Module_startup__E)
                  00009d90    0000004a     rtsv7M4_T_le_v4SPD16_eabi.lib : fd_tos_t2.obj (.text)
                  00009dda    00000002     --HOLE-- [fill = 0]
                  00009ddc    00000048     driverlib.lib : gpio.obj (.text:GPIOPinConfigure)
                  00009e24    00000048     uart_tivaware.aem4f : UART.oem4f (.text:UART_open)
                  00009e6c    00000048     rtsv7M4_T_le_v4SPD16_eabi.lib : fd_toi_t2.obj (.text)
                  00009eb4    00000048     sysbios.aem4f : BIOS.obj (.text:ti_sysbios_family_arm_m3_Hwi_excReserved__I)
                  00009efc    00000048                   : BIOS.obj (.text:ti_sysbios_heaps_HeapMem_getStats__E)
                  00009f44    00000048     ti.uia.loggers.aem4f : LoggerStopMode.oem4f (.text:ti_uia_loggers_LoggerStopMode_initBuffer__I)
                  00009f8c    00000048     ti.targets.arm.rtsarm.aem4f : Assert.oem4f (.text:xdc_runtime_Assert_raise__I)
                  00009fd4    00000046                                 : Core-params.oem4f (.text:xdc_runtime_Core_assignParams__I)
                  0000a01a    00000002     --HOLE-- [fill = 0]
                  0000a01c    00000044     rtsv7M4_T_le_v4SPD16_eabi.lib : cpy_tbl.obj (.text)
                  0000a060    00000044                                   : exit.obj (.text)
                  0000a0a4    00000044                                   : xdtest.obj (.text)
                  0000a0e8    00000044     sysbios.aem4f : BIOS.obj (.text:ti_sysbios_family_arm_lm4_Timer_stop__E)
                  0000a12c    00000044                   : BIOS.obj (.text:ti_sysbios_family_arm_m3_Hwi_disableInterrupt__E)
                  0000a170    00000044                   : BIOS.obj (.text:ti_sysbios_family_arm_m3_Hwi_enableInterrupt__E)
                  0000a1b4    00000044                   : BIOS.obj (.text:ti_sysbios_knl_Task_allBlockedFunction__I)
                  0000a1f8    00000044     ti.targets.arm.rtsarm.aem4f : Error.oem4f (.text:xdc_runtime_Error_setX__E)
                  0000a23c    00000044                                 : SysMin.oem4f (.text:xdc_runtime_SysMin_flush__E)
                  0000a280    00000042     driverlib.lib : uart.obj (.text:UARTConfigSetExpClk)
                  0000a2c2    00000042     rtsv7M4_T_le_v4SPD16_eabi.lib : u_divt2.obj (.text)
                  0000a304    00000040     sysbios.aem4f : BIOS.obj (.text:ti_sysbios_family_arm_lm4_Timer_startup__E)
                  0000a344    0000003c     uart_tivaware.aem4f : UART.oem4f (.text:UART_close)
                  0000a380    0000003c     sysbios.aem4f : BIOS.obj (.text:ti_sysbios_family_arm_m3_Hwi_excSvCall__I)
                  0000a3bc    0000003c                   : BIOS.obj (.text:ti_sysbios_family_arm_m3_Hwi_getStackInfo__E)
                  0000a3f8    0000003c                   : BIOS.obj (.text:ti_sysbios_heaps_HeapMem_init__I)
                  0000a434    0000003c                   : BIOS.obj (.text:ti_sysbios_knl_Swi_startup__E)
                  0000a470    0000003c     ti.targets.arm.rtsarm.aem4f : Text.oem4f (.text:xdc_runtime_Text_xprintf__I)
                  0000a4ac    00000038     uart_tivaware.aem4f : UART.oem4f (.text:UART_init)
                  0000a4e4    00000038     sysbios.aem4f : BIOS.obj (.text:ti_sysbios_family_arm_m3_Hwi_excNoIsr__I)
                  0000a51c    00000038                   : BIOS.obj (.text:ti_sysbios_family_arm_m3_TaskSupport_start__E)
                  0000a554    00000038                   : BIOS.obj (.text:ti_sysbios_knl_Task_processVitalTaskFlag__I)
                  0000a58c    00000038     ti.targets.arm.rtsarm.aem4f : SysMin.oem4f (.text:xdc_runtime_SysMin_putch__E)
                  0000a5c4    00000038                                 : System.oem4f (.text:xdc_runtime_System_atexit__E)
                  0000a5fc    00000034     driverlib.lib : sysctl.obj (.text:SysCtlPeripheralEnable)
                  0000a630    00000034     UARTUtils.obj (.text:UARTUtils_deviceread)
                  0000a664    00000034     UARTUtils.obj (.text:UARTUtils_devicewrite)
                  0000a698    00000034     uart_tivaware.aem4f : UART.oem4f (.text:UART_Params_init)
                  0000a6cc    00000034                         : UART.oem4f (.text:UART_read)
                  0000a700    00000034                         : UART.oem4f (.text:UART_write)
                  0000a734    00000034     UARTUtils.obj (.text:closeHandle)
                  0000a768    00000034     sysbios.aem4f : BIOS.obj (.text:ti_sysbios_family_arm_m3_Hwi_excNmi__I)
                  0000a79c    00000034                   : BIOS.obj (.text:ti_sysbios_hal_Hwi_checkStack)
                  0000a7d0    00000034     ti.uia.loggers.aem4f : LoggerStopMode.oem4f (.text:ti_uia_loggers_LoggerStopMode_reset__E)
                  0000a804    00000034     ti.targets.arm.rtsarm.aem4f : Core-label.oem4f (.text:xdc_runtime_Core_assignLabel__I)
                  0000a838    00000033                                 : Text.oem4f (.text:xdc_runtime_Text_printVisFxn__I)
                  0000a86b    00000001     --HOLE-- [fill = 0]
                  0000a86c    00000032     sysbios.aem4f : BIOS.obj (.text:ti_sysbios_knl_Semaphore_pendTimeout__I)
                  0000a89e    00000030     rtsv7M4_T_le_v4SPD16_eabi.lib : strncpy.obj (.text)
                  0000a8ce    00000002     --HOLE-- [fill = 0]
                  0000a8d0    00000030     principal_pem4f.oem4f (.text:ti_sysbios_BIOS_atExitFunc__I)
                  0000a900    00000030     principal_pem4f.oem4f (.text:ti_sysbios_gates_GateHwi_Object__create__S)
                  0000a930    00000030     principal_pem4f.oem4f (.text:ti_sysbios_gates_GateMutex_Object__create__S)
                  0000a960    00000030     principal_pem4f.oem4f (.text:ti_sysbios_heaps_HeapMem_Object__create__S)
                  0000a990    00000030     principal_pem4f.oem4f (.text:ti_sysbios_knl_Semaphore_construct)
                  0000a9c0    00000030     principal_pem4f.oem4f (.text:ti_uia_loggers_LoggerStopMode_Object__create__S)
                  0000a9f0    00000030     ti.targets.arm.rtsarm.aem4f : SysMin.oem4f (.text:xdc_runtime_SysMin_abort__E)
                  0000aa20    00000030                                 : System.oem4f (.text:xdc_runtime_System_processAtExit__E)
                  0000aa50    0000002e     UARTUtils.obj (.text:UARTUtils_deviceopen)
                  0000aa7e    0000002e     principal_pem4f.oem4f (.text:malloc)
                  0000aaac    0000002e     rtsv7M4_T_le_v4SPD16_eabi.lib : i_tofd_t2.obj (.text)
                  0000aada    00000002     --HOLE-- [fill = 0]
                  0000aadc    0000002c     EK_TM4C1294XL.obj (.text:EK_TM4C1294XL_initGPIO)
                  0000ab08    0000002c     Boot.aem4f : Boot_sysctl.oem4f (.text:_SysCtlMemTimingGet)
                  0000ab34    0000002c     sysbios.aem4f : BIOS.obj (.text:ti_sysbios_hal_Hwi_initStack)
                  0000ab60    0000002c     principal_pem4f.oem4f (.text:ti_sysbios_knl_Clock_doTick__I)
                  0000ab8c    0000002c     principal_pem4f.oem4f (.text:ti_sysbios_knl_Queue_construct)
                  0000abb8    0000002c     sysbios.aem4f : BIOS.obj (.text:ti_sysbios_knl_Task_restore__E)
                  0000abe4    0000002c     ti.targets.arm.rtsarm.aem4f : Text.oem4f (.text:xdc_runtime_Text_cordText__E)
                  0000ac10    0000002a     driverlib.lib : gpio.obj (.text:GPIODirModeSet)
                  0000ac3a    0000002a     ti.targets.arm.rtsarm.aem4f : System.oem4f (.text:xdc_runtime_System_putchar__I)
                  0000ac64    00000028     sysbios.aem4f : BIOS.obj (.text:ti_sysbios_family_arm_m3_Hwi_Instance_finalize__E)
                  0000ac8c    00000026                   : m3_Hwi_asm.obj (.text:ti_sysbios_family_arm_m3_Hwi_pendSV__I)
                  0000acb2    00000026     ti.targets.arm.rtsarm.aem4f : System.oem4f (.text:xdc_runtime_System_avprintf__E)
                  0000acd8    00000024     gpio_tivaware.aem4f : GPIO.oem4f (.text:GPIO_init)
                  0000acfc    00000024     principal_pem4f.oem4f (.text:ti_sysbios_BIOS_errorRaiseHook__I)
                  0000ad20    00000024     principal_pem4f.oem4f (.text:ti_sysbios_BIOS_registerRTSLock__I)
                  0000ad44    00000024     principal_pem4f.oem4f (.text:ti_sysbios_BIOS_removeRTSLock__I)
                  0000ad68    00000024     principal_pem4f.oem4f (.text:ti_sysbios_BIOS_startFunc__I)
                  0000ad8c    00000024     sysbios.aem4f : BIOS.obj (.text:ti_sysbios_family_arm_m3_Hwi_doTaskRestore__I)
                  0000adb0    00000024     principal_pem4f.oem4f (.text:ti_sysbios_gates_GateMutex_Object__delete__S)
                  0000add4    00000024     sysbios.aem4f : BIOS.obj (.text:ti_sysbios_knl_Clock_Module_startup__E)
                  0000adf8    00000024                   : BIOS.obj (.text:ti_sysbios_knl_Swi_Module_startup__E)
                  0000ae1c    00000024     ti.targets.arm.rtsarm.aem4f : System.oem4f (.text:xdc_runtime_System_vprintf__E)
                  0000ae40    00000022     sysbios.aem4f : BIOS.obj (.text:ti_sysbios_family_arm_lm4_Timer_write__I)
                  0000ae62    00000022     principal_pem4f.oem4f (.text:xdc_runtime_SysMin_output__I)
                  0000ae84    00000020     sysbios.aem4f : m3_Hwi_asm.obj (.text:ti_sysbios_family_arm_m3_Hwi_excHandlerAsm__I)
                  0000aea4    00000020                   : BIOS.obj (.text:ti_sysbios_family_arm_m3_Hwi_excHandler__I)
                  0000aec4    00000020     principal_pem4f.oem4f (.text:ti_sysbios_gates_GateHwi_Object__delete__S)
                  0000aee4    00000020     principal_pem4f.oem4f (.text:ti_sysbios_heaps_HeapMem_Object__delete__S)
                  0000af04    00000020     sysbios.aem4f : BIOS.obj (.text:ti_sysbios_knl_Idle_run__E)
                  0000af24    00000020     principal_pem4f.oem4f (.text:ti_sysbios_knl_Semaphore_Object__destruct__S)
                  0000af44    00000020     sysbios.aem4f : BIOS.obj (.text:ti_sysbios_knl_Task_enter__I)
                  0000af64    00000020     principal_pem4f.oem4f (.text:ti_uia_loggers_LoggerStopMode_Object__delete__S)
                  0000af84    00000020     ti.targets.arm.rtsarm.aem4f : Registry.oem4f (.text:xdc_runtime_Registry_findById__E)
                  0000afa4    00000020                                 : SysMin.oem4f (.text:xdc_runtime_SysMin_Module_startup__E)
                  0000afc4    0000001e     sysbios.aem4f : m3_Hwi_asm_switch.obj (.text:ti_sysbios_family_xxx_Hwi_switchAndRunFunc)
                  0000afe2    00000002     --HOLE-- [fill = 0]
                  0000afe4    0000001c     driverlib.lib : uart.obj (.text:UARTDisable)
                  0000b000    0000001c     rtsv7M4_T_le_v4SPD16_eabi.lib : memccpy.obj (.text)
                  0000b01c    0000001c     principal_pem4f.oem4f (.text:ti_sysbios_BIOS_rtsLock__I)
                  0000b038    0000001c     principal_pem4f.oem4f (.text:ti_sysbios_family_arm_m3_Hwi_Object__destruct__S)
                  0000b054    0000001c     sysbios.aem4f : BIOS.obj (.text:ti_sysbios_gates_GateMutex_Instance_init__E)
                  0000b070    0000001c     principal_pem4f.oem4f (.text:ti_sysbios_knl_Queue_Object__destruct__S)
                  0000b08c    0000001c     ti.targets.arm.rtsarm.aem4f : Error.oem4f (.text:xdc_runtime_Error_raiseX__E)
                  0000b0a8    0000001c                                 : Memory.oem4f (.text:xdc_runtime_Memory_valloc__E)
                  0000b0c4    0000001c                                 : SysMin.oem4f (.text:xdc_runtime_SysMin_exit__E)
                  0000b0e0    0000001c                                 : System.oem4f (.text:xdc_runtime_System_abort__E)
                  0000b0fc    0000001a     principal_pem4f.oem4f (.text:ti_sysbios_family_arm_m3_Hwi_Handle__label__S)
                  0000b116    0000001a     principal_pem4f.oem4f (.text:ti_sysbios_gates_GateHwi_Handle__label__S)
                  0000b130    0000001a     principal_pem4f.oem4f (.text:ti_sysbios_gates_GateMutex_Handle__label__S)
                  0000b14a    0000001a     principal_pem4f.oem4f (.text:ti_sysbios_heaps_HeapMem_Handle__label__S)
                  0000b164    0000001a     principal_pem4f.oem4f (.text:ti_sysbios_knl_Swi_Handle__label__S)
                  0000b17e    0000001a     principal_pem4f.oem4f (.text:ti_sysbios_knl_Task_Handle__label__S)
                  0000b198    0000001a     sysbios.aem4f : BIOS.obj (.text:ti_sysbios_knl_Task_sleepTimeout__I)
                  0000b1b2    0000001a     principal_pem4f.oem4f (.text:ti_uia_loggers_LoggerStopMode_Handle__label__S)
                  0000b1cc    0000001a     ti.uia.loggers.aem4f : LoggerStopMode.oem4f (.text:ti_uia_loggers_LoggerStopMode_Instance_init__E)
                  0000b1e6    0000001a     principal_pem4f.oem4f (.text:xdc_runtime_System_aprintf__E)
                  0000b200    0000001a     principal_pem4f.oem4f (.text:xdc_runtime_System_printf__E)
                  0000b21a    00000018     driverlib.lib : gpio.obj (.text:GPIOPinTypeGPIOOutput)
                  0000b232    00000018     UARTUtils.obj (.text:UARTUtils_deviceclose)
                  0000b24a    00000018     principal_pem4f.oem4f (.text:free)
                  0000b262    00000002     --HOLE-- [fill = 0]
                  0000b264    00000018     rtsv7M4_T_le_v4SPD16_eabi.lib : args_main.obj (.text)
                  0000b27c    00000018                                   : ll_mul_t2.obj (.text)
                  0000b294    00000018                                   : strcmp.obj (.text)
                  0000b2ac    00000018                                   : strrchr.obj (.text)
                  0000b2c4    00000018     principal_pem4f.oem4f (.text:ti_sysbios_BIOS_rtsUnlock__I)
                  0000b2dc    00000018     principal_pem4f.oem4f (.text:ti_sysbios_family_arm_lm4_Timer_Module__startupDone__F)
                  0000b2f4    00000018     principal_pem4f.oem4f (.text:ti_sysbios_family_arm_m3_Hwi_Module__startupDone__F)
                  0000b30c    00000018     sysbios.aem4f : m3_TaskSupport_asm.obj (.text:ti_sysbios_family_arm_m3_TaskSupport_swap__E)
                  0000b324    00000018                   : BIOS.obj (.text:ti_sysbios_gates_GateMutex_leave__E)
                  0000b33c    00000018     ti.targets.arm.rtsarm.aem4f : Error.oem4f (.text:xdc_runtime_Error_check__E)
                  0000b354    00000018                                 : System.oem4f (.text:xdc_runtime_System_exit__E)
                  0000b36c    00000018                                 : Text.oem4f (.text:xdc_runtime_Text_ropeText__E)
                  0000b384    00000016     rtsv7M4_T_le_v4SPD16_eabi.lib : memchr.obj (.text)
                  0000b39a    00000016                                   : strchr.obj (.text)
                  0000b3b0    00000016     principal_pem4f.oem4f (.text:ti_sysbios_BIOS_exitFunc__I)
                  0000b3c6    00000016     ti.uia.loggers.aem4f : LoggerStopMode.oem4f (.text:ti_uia_loggers_LoggerStopMode_disable__E)
                  0000b3dc    00000016                          : LoggerStopMode.oem4f (.text:ti_uia_loggers_LoggerStopMode_enable__E)
                  0000b3f2    00000014     driverlib.lib : uart.obj (.text:UARTEnable)
                  0000b406    00000014     principal.obj (.text:heartBeatFxn)
                  0000b41a    00000002     --HOLE-- [fill = 0]
                  0000b41c    00000014     rtsv7M4_T_le_v4SPD16_eabi.lib : _lock.obj (.text)
                  0000b430    00000014                                   : strlen.obj (.text)
                  0000b444    00000014     principal_pem4f.oem4f (.text:ti_sysbios_family_arm_m3_Hwi_Object__get__S)
                  0000b458    00000014     sysbios.aem4f : BIOS.obj (.text:ti_sysbios_family_arm_m3_Hwi_switchFromBootStack__E)
                  0000b46c    00000014     principal_pem4f.oem4f (.text:ti_sysbios_heaps_HeapMem_Object__get__S)
                  0000b480    00000014     principal_pem4f.oem4f (.text:ti_sysbios_knl_Swi_Object__get__S)
                  0000b494    00000012     driverlib.lib : gpio.obj (.text:GPIOPinTypeGPIOInput)
                  0000b4a6    00000012                   : gpio.obj (.text:GPIOPinTypeUART)
                  0000b4b8    00000012     UARTUtils.obj (.text:UARTUtils_devicelseek)
                  0000b4ca    00000012     rtsv7M4_T_le_v4SPD16_eabi.lib : copy_zero_init.obj (.text:decompress:ZI)
                  0000b4dc    00000012                                   : xdclass.obj (.text)
                  0000b4ee    00000012     sysbios.aem4f : BIOS.obj (.text:ti_sysbios_hal_Hwi_Module_startup__E)
                  0000b500    00000012     principal_pem4f.oem4f (.text:xdc_runtime_Startup_exec__I)
                  0000b512    00000002     --HOLE-- [fill = 0]
                  0000b514    00000010     principal_pem4f.oem4f (.text:.bootCodeSection:ti_catalog_arm_cortexm4_tiva_ce_Boot_init__I)
                  0000b524    00000010     UARTUtils.obj (.text:UARTUtils_devicerename)
                  0000b534    00000010     rtsv7M4_T_le_v4SPD16_eabi.lib : strcpy.obj (.text)
                  0000b544    00000010     sysbios.aem4f : BIOS.obj (.text:ti_sysbios_BIOS_getCpuFreq__E)
                  0000b554    00000010                   : BIOS.obj (.text:ti_sysbios_BIOS_setThreadType__E)
                  0000b564    00000010                   : BIOS.obj (.text:ti_sysbios_BIOS_start__E)
                  0000b574    00000010                   : BIOS.obj (.text:ti_sysbios_family_arm_lm4_TimestampProvider_rolloverFunc__E)
                  0000b584    00000010                   : m3_TaskSupport_asm.obj (.text:ti_sysbios_family_arm_m3_TaskSupport_glue)
                  0000b594    00000010                   : BIOS.obj (.text:ti_sysbios_gates_GateMutex_Instance_finalize__E)
                  0000b5a4    00000010                   : BIOS.obj (.text:ti_sysbios_knl_Semaphore_Instance_finalize__E)
                  0000b5b4    00000010                   : BIOS.obj (.text:ti_sysbios_knl_Swi_disable__E)
                  0000b5c4    00000010     principal_pem4f.oem4f (.text:ti_sysbios_knl_Task_Object__get__S)
                  0000b5d4    00000010     sysbios.aem4f : BIOS.obj (.text:ti_sysbios_knl_Task_disable__E)
                  0000b5e4    00000010     principal_pem4f.oem4f (.text:ti_uia_loggers_LoggerStopMode_Object__get__S)
                  0000b5f4    00000010     ti.uia.loggers.aem4f : LoggerStopMode.oem4f (.text:ti_uia_loggers_LoggerStopMode_isEmpty__E)
                  0000b604    00000010     ti.targets.arm.rtsarm.aem4f : Gate.oem4f (.text:xdc_runtime_Gate_leaveSystem__E)
                  0000b614    00000010                                 : Memory.oem4f (.text:xdc_runtime_Memory_free__E)
                  0000b624    00000010                                 : SysMin.oem4f (.text:xdc_runtime_SysMin_ready__E)
                  0000b634    00000010                                 : System.oem4f (.text:xdc_runtime_System_vsnprintf__E)
                  0000b644    00000010     principal_pem4f.oem4f (.text:xdc_runtime_Text_visitRope__I)
                  0000b654    0000000e     driverlib.lib : uart.obj (.text:UARTCharGetNonBlocking)
                  0000b662    0000000e                   : uart.obj (.text:UARTCharPutNonBlocking)
                  0000b670    0000000e     UARTUtils.obj (.text:UARTUtils_deviceunlink)
                  0000b67e    0000000e     rtsv7M4_T_le_v4SPD16_eabi.lib : copy_decompress_none.obj (.text:decompress:none)
                  0000b68c    0000000e     sysbios.aem4f : BIOS.obj (.text:ti_sysbios_knl_Queue_empty__E)
                  0000b69a    0000000c                   : BIOS.obj (.text:ti_sysbios_family_arm_lm4_Timer_getMaxTicks__E)
                  0000b6a6    00000002     --HOLE-- [fill = 0]
                  0000b6a8    0000000c                   : BIOS.obj (.text:ti_sysbios_family_arm_lm4_TimestampProvider_startTimer__E)
                  0000b6b4    0000000c     principal_pem4f.oem4f (.text:ti_sysbios_family_arm_m3_Hwi_Params__init__S)
                  0000b6c0    0000000c     sysbios.aem4f : BIOS.obj (.text:ti_sysbios_family_arm_m3_Hwi_disableFxn__E)
                  0000b6cc    0000000c                   : BIOS.obj (.text:ti_sysbios_family_arm_m3_TaskSupport_checkStack__E)
                  0000b6d8    0000000c                   : BIOS.obj (.text:ti_sysbios_gates_GateHwi_enter__E)
                  0000b6e4    0000000c     principal_pem4f.oem4f (.text:ti_sysbios_knl_Queue_Object__get__S)
                  0000b6f0    0000000c     principal_pem4f.oem4f (.text:ti_sysbios_knl_Semaphore_Params__init__S)
                  0000b6fc    0000000c     ti.targets.arm.rtsarm.aem4f : Error.oem4f (.text:xdc_runtime_Error_init__E)
                  0000b708    0000000c                                 : Gate.oem4f (.text:xdc_runtime_Gate_enterSystem__E)
                  0000b714    0000000c                                 : Memory.oem4f (.text:xdc_runtime_Memory_calloc__E)
                  0000b720    0000000c                                 : Memory.oem4f (.text:xdc_runtime_Memory_getMaxDefaultTypeAlign__E)
                  0000b72c    0000000a     driverlib.lib : uart.obj (.text:UARTCharGet)
                  0000b736    0000000a                   : uart.obj (.text:UARTCharPut)
                  0000b740    0000000a                   : uart.obj (.text:UARTIntDisable)
                  0000b74a    0000000a                   : uart.obj (.text:UARTIntStatus)
                  0000b754    0000000a     principal_pem4f.oem4f (.text:xdc_runtime_IHeap_alloc)
                  0000b75e    0000000a     principal_pem4f.oem4f (.text:xdc_runtime_IHeap_free)
                  0000b768    00000008     driverlib.lib : uart.obj (.text:UARTIntEnable)
                  0000b770    00000008     uart_tivaware.aem4f : UARTTiva.oem4f (.text:UARTTiva_init)
                  0000b778    00000008                         : UARTTiva.oem4f (.text:readSemCallback)
                  0000b780    00000008     sysbios.aem4f : BIOS.obj (.text:ti_sysbios_family_arm_lm4_Timer_masterDisable__I)
                  0000b788    00000008                   : BIOS.obj (.text:ti_sysbios_family_arm_m3_Hwi_doSwiRestore__I)
                  0000b790    00000008                   : BIOS.obj (.text:ti_sysbios_family_arm_m3_Hwi_startup__E)
                  0000b798    00000008                   : BIOS.obj (.text:ti_sysbios_knl_Idle_loop__E)
                  0000b7a0    00000008     uart_tivaware.aem4f : UARTTiva.oem4f (.text:writeSemCallback)
                  0000b7a8    00000006     driverlib.lib : gpio.obj (.text:GPIOPinRead)
                  0000b7ae    00000006                   : gpio.obj (.text:GPIOPinWrite)
                  0000b7b4    00000006                   : uart.obj (.text:UARTFIFOLevelSet)
                  0000b7ba    00000006     ti.targets.arm.rtsarm.aem4f : xdc_noinit.oem4f (.text:__xdc__init)
                  0000b7c0    00000006     rtsv7M4_T_le_v4SPD16_eabi.lib : copy_decompress_rle.obj (.text:decompress:rle24)
                  0000b7c6    00000006     sysbios.aem4f : BIOS.obj (.text:ti_sysbios_family_arm_lm4_TimestampProvider_Module_startup__E)
                  0000b7cc    00000006                   : BIOS.obj (.text:ti_sysbios_family_arm_m3_Hwi_restoreFxn__E)
                  0000b7d2    00000006                   : BIOS.obj (.text:ti_sysbios_gates_GateHwi_leave__E)
                  0000b7d8    00000006                   : BIOS.obj (.text:ti_sysbios_heaps_HeapMem_isBlocking__E)
                  0000b7de    00000006                   : BIOS.obj (.text:ti_sysbios_knl_Queue_Instance_init__E)
                  0000b7e4    00000006     ti.targets.arm.rtsarm.aem4f : System.oem4f (.text:xdc_runtime_System_Module_startup__E)
                  0000b7ea    00000004     driverlib.lib : uart.obj (.text:UARTIntClear)
                  0000b7ee    00000004     principal_pem4f.oem4f (.text:ti_sysbios_BIOS_RtsGateProxy_enter__E)
                  0000b7f2    00000004     principal_pem4f.oem4f (.text:ti_sysbios_BIOS_RtsGateProxy_leave__E)
                  0000b7f6    00000004     sysbios.aem4f : BIOS.obj (.text:ti_sysbios_family_arm_lm4_Timer_getPeriod__E)
                  0000b7fa    00000004                   : BIOS.obj (.text:ti_sysbios_family_arm_lm4_Timer_masterEnable__I)
                  0000b7fe    00000004     principal_pem4f.oem4f (.text:ti_sysbios_family_arm_m3_Hwi_destruct)
                  0000b802    00000004     principal_pem4f.oem4f (.text:ti_sysbios_family_arm_m3_TaskSupport_Module__startupDone__S)
                  0000b806    00000004     sysbios.aem4f : BIOS.obj (.text:ti_sysbios_gates_GateHwi_query__E)
                  0000b80a    00000004                   : BIOS.obj (.text:ti_sysbios_gates_GateMutex_query__E)
                  0000b80e    00000004     principal_pem4f.oem4f (.text:ti_sysbios_hal_Hwi_HwiProxy_Module__startupDone__S)
                  0000b812    00000004     principal_pem4f.oem4f (.text:ti_sysbios_heaps_HeapMem_Module_GateProxy_enter__E)
                  0000b816    00000004     principal_pem4f.oem4f (.text:ti_sysbios_heaps_HeapMem_Module_GateProxy_leave__E)
                  0000b81a    00000004     principal_pem4f.oem4f (.text:ti_sysbios_knl_Clock_TimerProxy_Module__startupDone__S)
                  0000b81e    00000004     principal_pem4f.oem4f (.text:ti_sysbios_knl_Clock_TimerProxy_getMaxTicks__E)
                  0000b822    00000004     principal_pem4f.oem4f (.text:ti_sysbios_knl_Clock_TimerProxy_getPeriod__E)
                  0000b826    00000004     principal_pem4f.oem4f (.text:ti_sysbios_knl_Queue_destruct)
                  0000b82a    00000004     principal_pem4f.oem4f (.text:ti_sysbios_knl_Semaphore_destruct)
                  0000b82e    00000004     principal_pem4f.oem4f (.text:ti_sysbios_knl_Task_SupportProxy_Module__startupDone__S)
                  0000b832    00000004     sysbios.aem4f : BIOS.obj (.text:ti_sysbios_knl_Task_startup__E)
                  0000b836    00000004     ti.uia.loggers.aem4f : LoggerStopMode.oem4f (.text:ti_uia_loggers_LoggerStopMode_getContents__E)
                  0000b83a    00000004     principal_pem4f.oem4f (.text:ti_uia_loggers_LoggerStopMode_getFilterLevel__E)
                  0000b83e    00000004     ti.uia.loggers.aem4f : LoggerStopMode.oem4f (.text:ti_uia_loggers_LoggerStopMode_getInstanceId__E)
                  0000b842    00000004                          : LoggerStopMode.oem4f (.text:ti_uia_loggers_LoggerStopMode_getMaxLength__E)
                  0000b846    00000004                          : LoggerStopMode.oem4f (.text:ti_uia_loggers_LoggerStopMode_getPriority__E)
                  0000b84a    00000004                          : LoggerStopMode.oem4f (.text:ti_uia_loggers_LoggerStopMode_getTransferType__E)
                  0000b84e    00000004     ti.targets.arm.rtsarm.aem4f : Error.oem4f (.text:xdc_runtime_Error_getSite__E)
                  0000b852    00000004     principal_pem4f.oem4f (.text:xdc_runtime_Memory_HeapProxy_alloc__E)
                  0000b856    00000004     principal_pem4f.oem4f (.text:xdc_runtime_Memory_HeapProxy_free__E)
                  0000b85a    00000004     principal_pem4f.oem4f (.text:xdc_runtime_System_Module_GateProxy_enter__E)
                  0000b85e    00000004     principal_pem4f.oem4f (.text:xdc_runtime_System_Module_GateProxy_leave__E)
                  0000b862    00000004     ti.targets.arm.rtsarm.aem4f : System.oem4f (.text:xdc_runtime_System_aprintf_va__F)
                  0000b866    00000004                                 : System.oem4f (.text:xdc_runtime_System_printf_va__F)

.const     0    0000b870    00002af6     
                  0000b870    00001e40     principal_pem4f.oem4f (.const:xdc_runtime_Text_charTab__A)
                  0000d6b0    00000120     Boot.aem4f : Boot_sysctl.oem4f (.const:g_pppui32XTALtoVCO)
                  0000d7d0    00000102     rtsv7M4_T_le_v4SPD16_eabi.lib : ctype.obj (.const:.string:_ctypes_)
                  0000d8d2    00000100     principal_pem4f.oem4f (.const:xdc_runtime_Text_nodeTab__A)
                  0000d9d2    00000002     principal_pem4f.oem4f (.const:ti_catalog_arm_cortexm4_tiva_ce_Boot_Module__id__C)
                  0000d9d4    00000004     principal_pem4f.oem4f (.const:ti_catalog_arm_cortexm4_tiva_ce_Boot_A_mustNotUseEnhancedClockMode__C)
                  0000d9d8    00000098     rtsv7M4_T_le_v4SPD16_eabi.lib : strtod.obj (.const)
                  0000da70    00000098                                   : strtold.obj (.const)
                  0000db08    00000090     driverlib.lib : gpio.obj (.const:g_pui32GPIOBaseAddrs)
                  0000db98    0000006c     Boot.aem4f : Boot_sysctl.oem4f (.const:g_pui32Xtals)
                  0000dc04    00000060     principal_pem4f.oem4f (.const:ti_uia_loggers_LoggerStopMode_Module__FXNS__C)
                  0000dc64    00000048     principal_pem4f.oem4f (.const:.string)
                  0000dcac    0000003c     EK_TM4C1294XL.obj (.const:UART_config)
                  0000dce8    00000038     Boot.aem4f : Boot_sysctl.oem4f (.const:g_sXTALtoMEMTIM)
                  0000dd20    00000034     EK_TM4C1294XL.obj (.const)
                  0000dd54    00000030     EK_TM4C1294XL.obj (.const:gpioHWAttrs)
                  0000dd84    00000030     principal_pem4f.oem4f (.const:ti_sysbios_family_arm_m3_Hwi_Object__PARAMS__C)
                  0000ddb4    00000028     principal_pem4f.oem4f (.const:ti_sysbios_heaps_HeapMem_Module__FXNS__C)
                  0000dddc    00000028     principal_pem4f.oem4f (.const:ti_uia_loggers_LoggerStopMode_Object__PARAMS__C)
                  0000de04    00000028     principal_pem4f.oem4f (.const:xdc_runtime_Startup_sfxnTab__A)
                  0000de2c    00000024     uart_tivaware.aem4f : UARTTiva.oem4f (.const:UARTTiva_fxnTable)
                  0000de50    00000024     principal_pem4f.oem4f (.const:ti_sysbios_gates_GateHwi_Module__FXNS__C)
                  0000de74    00000024     principal_pem4f.oem4f (.const:ti_sysbios_gates_GateMutex_Module__FXNS__C)
                  0000de98    00000024     principal_pem4f.oem4f (.const:ti_sysbios_heaps_HeapMem_Object__PARAMS__C)
                  0000debc    00000024     principal_pem4f.oem4f (.const:ti_sysbios_knl_Semaphore_Object__PARAMS__C)
                  0000dee0    00000020     principal_pem4f.oem4f (.const:ti_sysbios_family_arm_m3_Hwi_Object__DESC__C)
                  0000df00    00000020     principal_pem4f.oem4f (.const:ti_sysbios_gates_GateHwi_Object__DESC__C)
                  0000df20    00000020     principal_pem4f.oem4f (.const:ti_sysbios_gates_GateMutex_Object__DESC__C)
                  0000df40    00000020     principal_pem4f.oem4f (.const:ti_sysbios_heaps_HeapMem_Object__DESC__C)
                  0000df60    00000020     principal_pem4f.oem4f (.const:ti_sysbios_knl_Queue_Object__DESC__C)
                  0000df80    00000020     principal_pem4f.oem4f (.const:ti_sysbios_knl_Semaphore_Object__DESC__C)
                  0000dfa0    00000020     principal_pem4f.oem4f (.const:ti_uia_loggers_LoggerStopMode_Object__DESC__C)
                  0000dfc0    00000020     uart_tivaware.aem4f : UART.oem4f (.const)
                  0000dfe0    00000018     principal_pem4f.oem4f (.const:ti_sysbios_gates_GateHwi_Object__PARAMS__C)
                  0000dff8    00000018     principal_pem4f.oem4f (.const:ti_sysbios_gates_GateMutex_Object__PARAMS__C)
                  0000e010    00000018     principal_pem4f.oem4f (.const:ti_sysbios_knl_Queue_Object__PARAMS__C)
                  0000e028    00000014     principal_pem4f.oem4f (.const:xdc_runtime_Startup_firstFxns__A)
                  0000e03c    00000014     principal_pem4f.oem4f (.const:xdc_runtime_Startup_sfxnRts__A)
                  0000e050    00000011     ti.targets.arm.rtsarm.aem4f : System.oem4f (.const:.string)
                  0000e061    00000001     principal_pem4f.oem4f (.const:xdc_runtime_Error_policy__C)
                  0000e062    00000002     principal_pem4f.oem4f (.const:ti_sysbios_family_arm_lm4_TimestampProvider_useClockTimer__C)
                  0000e064    00000010     rtsv7M4_T_le_v4SPD16_eabi.lib : _scanfi.obj (.const)
                  0000e074    00000008     Boot.aem4f : Boot_sysctl.oem4f (.const)
                  0000e07c    00000008     principal_pem4f.oem4f (.const:ti_sysbios_family_arm_m3_Hwi_excHookFuncs__A)
                  0000e084    00000008     principal_pem4f.oem4f (.const:ti_sysbios_knl_Idle_funcList__A)
                  0000e08c    00000008     principal_pem4f.oem4f (.const:ti_sysbios_knl_Idle_funcList__C)
                  0000e094    00000008     principal_pem4f.oem4f (.const:xdc_runtime_Startup_firstFxns__C)
                  0000e09c    00000008     principal_pem4f.oem4f (.const:xdc_runtime_Startup_lastFxns__C)
                  0000e0a4    00000004     principal_pem4f.oem4f (.const:ti_catalog_arm_cortexm4_tiva_ce_Boot_Module__diagsEnabled__C)
                  0000e0a8    00000004     principal_pem4f.oem4f (.const:ti_catalog_arm_cortexm4_tiva_ce_Boot_Module__diagsIncluded__C)
                  0000e0ac    00000004     principal_pem4f.oem4f (.const:ti_catalog_arm_cortexm4_tiva_ce_Boot_Module__diagsMask__C)
                  0000e0b0    00000004     principal_pem4f.oem4f (.const:ti_sysbios_family_arm_lm4_Timer_enableFunc__C)
                  0000e0b4    00000004     principal_pem4f.oem4f (.const:ti_sysbios_family_arm_lm4_Timer_numTimerDevices__C)
                  0000e0b8    00000004     principal_pem4f.oem4f (.const:ti_sysbios_family_arm_lm4_Timer_startupNeeded__C)
                  0000e0bc    00000004     principal_pem4f.oem4f (.const:ti_sysbios_family_arm_m3_Hwi_E_NMI__C)
                  0000e0c0    00000004     principal_pem4f.oem4f (.const:ti_sysbios_family_arm_m3_Hwi_E_alreadyDefined__C)
                  0000e0c4    00000004     principal_pem4f.oem4f (.const:ti_sysbios_family_arm_m3_Hwi_E_busFault__C)
                  0000e0c8    00000004     principal_pem4f.oem4f (.const:ti_sysbios_family_arm_m3_Hwi_E_debugMon__C)
                  0000e0cc    00000004     principal_pem4f.oem4f (.const:ti_sysbios_family_arm_m3_Hwi_E_hardFault__C)
                  0000e0d0    00000004     principal_pem4f.oem4f (.const:ti_sysbios_family_arm_m3_Hwi_E_memFault__C)
                  0000e0d4    00000004     principal_pem4f.oem4f (.const:ti_sysbios_family_arm_m3_Hwi_E_noIsr__C)
                  0000e0d8    00000004     principal_pem4f.oem4f (.const:ti_sysbios_family_arm_m3_Hwi_E_reserved__C)
                  0000e0dc    00000004     principal_pem4f.oem4f (.const:ti_sysbios_family_arm_m3_Hwi_E_svCall__C)
                  0000e0e0    00000004     principal_pem4f.oem4f (.const:ti_sysbios_family_arm_m3_Hwi_E_usageFault__C)
                  0000e0e4    00000004     principal_pem4f.oem4f (.const:ti_sysbios_family_arm_m3_Hwi_LD_end__C)
                  0000e0e8    00000004     principal_pem4f.oem4f (.const:ti_sysbios_family_arm_m3_Hwi_LM_begin__C)
                  0000e0ec    00000004     principal_pem4f.oem4f (.const:ti_sysbios_family_arm_m3_Hwi_Module__diagsEnabled__C)
                  0000e0f0    00000004     principal_pem4f.oem4f (.const:ti_sysbios_family_arm_m3_Hwi_Module__diagsIncluded__C)
                  0000e0f4    00000004     principal_pem4f.oem4f (.const:ti_sysbios_family_arm_m3_Hwi_Module__diagsMask__C)
                  0000e0f8    00000004     principal_pem4f.oem4f (.const:ti_sysbios_family_arm_m3_Hwi_Module__loggerFxn1__C)
                  0000e0fc    00000004     principal_pem4f.oem4f (.const:ti_sysbios_family_arm_m3_Hwi_Module__loggerFxn8__C)
                  0000e100    00000004     principal_pem4f.oem4f (.const:ti_sysbios_family_arm_m3_Hwi_Module__loggerObj__C)
                  0000e104    00000004     principal_pem4f.oem4f (.const:ti_sysbios_family_arm_m3_Hwi_NUM_INTERRUPTS__C)
                  0000e108    00000004     principal_pem4f.oem4f (.const:ti_sysbios_family_arm_m3_Hwi_Object__count__C)
                  0000e10c    00000004     principal_pem4f.oem4f (.const:ti_sysbios_family_arm_m3_Hwi_ccr__C)
                  0000e110    00000004     principal_pem4f.oem4f (.const:ti_sysbios_family_arm_m3_Hwi_excHandlerFunc__C)
                  0000e114    00000004     principal_pem4f.oem4f (.const:ti_sysbios_family_arm_m3_Hwi_excHookFuncs__C)
                  0000e118    00000004     principal_pem4f.oem4f (.const:ti_sysbios_family_arm_m3_Hwi_nullIsrFunc__C)
                  0000e11c    00000004     principal_pem4f.oem4f (.const:ti_sysbios_family_arm_m3_Hwi_priGroup__C)
                  0000e120    00000004     principal_pem4f.oem4f (.const:ti_sysbios_gates_GateMutex_A_badContext__C)
                  0000e124    00000004     principal_pem4f.oem4f (.const:ti_sysbios_gates_GateMutex_Instance_State_sem__O)
                  0000e128    00000004     principal_pem4f.oem4f (.const:ti_sysbios_gates_GateMutex_Module__diagsEnabled__C)
                  0000e12c    00000004     principal_pem4f.oem4f (.const:ti_sysbios_gates_GateMutex_Module__diagsIncluded__C)
                  0000e130    00000004     principal_pem4f.oem4f (.const:ti_sysbios_gates_GateMutex_Module__diagsMask__C)
                  0000e134    00000004     principal_pem4f.oem4f (.const:ti_sysbios_hal_Hwi_E_stackOverflow__C)
                  0000e138    00000004     principal_pem4f.oem4f (.const:ti_sysbios_heaps_HeapMem_A_align__C)
                  0000e13c    00000004     principal_pem4f.oem4f (.const:ti_sysbios_heaps_HeapMem_A_heapSize__C)
                  0000e140    00000004     principal_pem4f.oem4f (.const:ti_sysbios_heaps_HeapMem_A_invalidFree__C)
                  0000e144    00000004     principal_pem4f.oem4f (.const:ti_sysbios_heaps_HeapMem_A_zeroBlock__C)
                  0000e148    00000004     principal_pem4f.oem4f (.const:ti_sysbios_heaps_HeapMem_E_memory__C)
                  0000e14c    00000004     principal_pem4f.oem4f (.const:ti_sysbios_heaps_HeapMem_Module__diagsEnabled__C)
                  0000e150    00000004     principal_pem4f.oem4f (.const:ti_sysbios_heaps_HeapMem_Module__diagsIncluded__C)
                  0000e154    00000004     principal_pem4f.oem4f (.const:ti_sysbios_heaps_HeapMem_Module__diagsMask__C)
                  0000e158    00000004     principal_pem4f.oem4f (.const:ti_sysbios_heaps_HeapMem_Module__gateObj__C)
                  0000e15c    00000004     principal_pem4f.oem4f (.const:ti_sysbios_heaps_HeapMem_Object__count__C)
                  0000e160    00000004     principal_pem4f.oem4f (.const:ti_sysbios_heaps_HeapMem_reqAlign__C)
                  0000e164    00000004     principal_pem4f.oem4f (.const:ti_sysbios_knl_Clock_LM_begin__C)
                  0000e168    00000004     principal_pem4f.oem4f (.const:ti_sysbios_knl_Clock_LM_tick__C)
                  0000e16c    00000004     principal_pem4f.oem4f (.const:ti_sysbios_knl_Clock_LW_delayed__C)
                  0000e170    00000004     principal_pem4f.oem4f (.const:ti_sysbios_knl_Clock_Module_State_clockQ__O)
                  0000e174    00000004     principal_pem4f.oem4f (.const:ti_sysbios_knl_Clock_Module__diagsEnabled__C)
                  0000e178    00000004     principal_pem4f.oem4f (.const:ti_sysbios_knl_Clock_Module__diagsIncluded__C)
                  0000e17c    00000004     principal_pem4f.oem4f (.const:ti_sysbios_knl_Clock_Module__diagsMask__C)
                  0000e180    00000004     principal_pem4f.oem4f (.const:ti_sysbios_knl_Clock_Module__loggerFxn1__C)
                  0000e184    00000004     principal_pem4f.oem4f (.const:ti_sysbios_knl_Clock_Module__loggerFxn2__C)
                  0000e188    00000004     principal_pem4f.oem4f (.const:ti_sysbios_knl_Clock_Module__loggerObj__C)
                  0000e18c    00000004     principal_pem4f.oem4f (.const:ti_sysbios_knl_Semaphore_A_badContext__C)
                  0000e190    00000004     principal_pem4f.oem4f (.const:ti_sysbios_knl_Semaphore_A_noEvents__C)
                  0000e194    00000004     principal_pem4f.oem4f (.const:ti_sysbios_knl_Semaphore_A_overflow__C)
                  0000e198    00000004     principal_pem4f.oem4f (.const:ti_sysbios_knl_Semaphore_A_pendTaskDisabled__C)
                  0000e19c    00000004     principal_pem4f.oem4f (.const:ti_sysbios_knl_Semaphore_Instance_State_pendQ__O)
                  0000e1a0    00000004     principal_pem4f.oem4f (.const:ti_sysbios_knl_Semaphore_LM_pend__C)
                  0000e1a4    00000004     principal_pem4f.oem4f (.const:ti_sysbios_knl_Semaphore_LM_post__C)
                  0000e1a8    00000004     principal_pem4f.oem4f (.const:ti_sysbios_knl_Semaphore_Module__diagsEnabled__C)
                  0000e1ac    00000004     principal_pem4f.oem4f (.const:ti_sysbios_knl_Semaphore_Module__diagsIncluded__C)
                  0000e1b0    00000004     principal_pem4f.oem4f (.const:ti_sysbios_knl_Semaphore_Module__diagsMask__C)
                  0000e1b4    00000004     principal_pem4f.oem4f (.const:ti_sysbios_knl_Semaphore_Module__loggerFxn2__C)
                  0000e1b8    00000004     principal_pem4f.oem4f (.const:ti_sysbios_knl_Semaphore_Module__loggerFxn4__C)
                  0000e1bc    00000004     principal_pem4f.oem4f (.const:ti_sysbios_knl_Semaphore_Module__loggerObj__C)
                  0000e1c0    00000004     principal_pem4f.oem4f (.const:ti_sysbios_knl_Swi_LD_end__C)
                  0000e1c4    00000004     principal_pem4f.oem4f (.const:ti_sysbios_knl_Swi_LM_begin__C)
                  0000e1c8    00000004     principal_pem4f.oem4f (.const:ti_sysbios_knl_Swi_LM_post__C)
                  0000e1cc    00000004     principal_pem4f.oem4f (.const:ti_sysbios_knl_Swi_Module__diagsEnabled__C)
                  0000e1d0    00000004     principal_pem4f.oem4f (.const:ti_sysbios_knl_Swi_Module__diagsIncluded__C)
                  0000e1d4    00000004     principal_pem4f.oem4f (.const:ti_sysbios_knl_Swi_Module__diagsMask__C)
                  0000e1d8    00000004     principal_pem4f.oem4f (.const:ti_sysbios_knl_Swi_Module__loggerFxn1__C)
                  0000e1dc    00000004     principal_pem4f.oem4f (.const:ti_sysbios_knl_Swi_Module__loggerFxn4__C)
                  0000e1e0    00000004     principal_pem4f.oem4f (.const:ti_sysbios_knl_Swi_Module__loggerObj__C)
                  0000e1e4    00000004     principal_pem4f.oem4f (.const:ti_sysbios_knl_Swi_Object__count__C)
                  0000e1e8    00000004     principal_pem4f.oem4f (.const:ti_sysbios_knl_Task_A_badTimeout__C)
                  0000e1ec    00000004     principal_pem4f.oem4f (.const:ti_sysbios_knl_Task_A_sleepTaskDisabled__C)
                  0000e1f0    00000004     principal_pem4f.oem4f (.const:ti_sysbios_knl_Task_E_spOutOfBounds__C)
                  0000e1f4    00000004     principal_pem4f.oem4f (.const:ti_sysbios_knl_Task_E_stackOverflow__C)
                  0000e1f8    00000004     principal_pem4f.oem4f (.const:ti_sysbios_knl_Task_LD_block__C)
                  0000e1fc    00000004     principal_pem4f.oem4f (.const:ti_sysbios_knl_Task_LD_exit__C)
                  0000e200    00000004     principal_pem4f.oem4f (.const:ti_sysbios_knl_Task_LD_ready__C)
                  0000e204    00000004     principal_pem4f.oem4f (.const:ti_sysbios_knl_Task_LM_sleep__C)
                  0000e208    00000004     principal_pem4f.oem4f (.const:ti_sysbios_knl_Task_LM_switch__C)
                  0000e20c    00000004     principal_pem4f.oem4f (.const:ti_sysbios_knl_Task_Module_State_inactiveQ__O)
                  0000e210    00000004     principal_pem4f.oem4f (.const:ti_sysbios_knl_Task_Module__diagsEnabled__C)
                  0000e214    00000004     principal_pem4f.oem4f (.const:ti_sysbios_knl_Task_Module__diagsIncluded__C)
                  0000e218    00000004     principal_pem4f.oem4f (.const:ti_sysbios_knl_Task_Module__diagsMask__C)
                  0000e21c    00000004     principal_pem4f.oem4f (.const:ti_sysbios_knl_Task_Module__loggerFxn2__C)
                  0000e220    00000004     principal_pem4f.oem4f (.const:ti_sysbios_knl_Task_Module__loggerFxn4__C)
                  0000e224    00000004     principal_pem4f.oem4f (.const:ti_sysbios_knl_Task_Module__loggerObj__C)
                  0000e228    00000004     principal_pem4f.oem4f (.const:ti_sysbios_knl_Task_Object__count__C)
                  0000e22c    00000004     principal_pem4f.oem4f (.const:ti_sysbios_knl_Task_allBlockedFunc__C)
                  0000e230    00000004     principal_pem4f.oem4f (.const:ti_sysbios_knl_Task_numConstructedTasks__C)
                  0000e234    00000004     principal_pem4f.oem4f (.const:ti_sysbios_utils_Load_LS_cpuLoad__C)
                  0000e238    00000004     principal_pem4f.oem4f (.const:ti_sysbios_utils_Load_LS_hwiLoad__C)
                  0000e23c    00000004     principal_pem4f.oem4f (.const:ti_sysbios_utils_Load_Module__diagsEnabled__C)
                  0000e240    00000004     principal_pem4f.oem4f (.const:ti_sysbios_utils_Load_Module__diagsIncluded__C)
                  0000e244    00000004     principal_pem4f.oem4f (.const:ti_sysbios_utils_Load_Module__diagsMask__C)
                  0000e248    00000004     principal_pem4f.oem4f (.const:ti_sysbios_utils_Load_Module__loggerFxn1__C)
                  0000e24c    00000004     principal_pem4f.oem4f (.const:ti_sysbios_utils_Load_Module__loggerFxn2__C)
                  0000e250    00000004     principal_pem4f.oem4f (.const:ti_sysbios_utils_Load_Module__loggerObj__C)
                  0000e254    00000004     principal_pem4f.oem4f (.const:ti_sysbios_utils_Load_postUpdate__C)
                  0000e258    00000004     principal_pem4f.oem4f (.const:ti_sysbios_utils_Load_windowInMs__C)
                  0000e25c    00000004     principal_pem4f.oem4f (.const:ti_uia_loggers_LoggerStopMode_Module__diagsEnabled__C)
                  0000e260    00000004     principal_pem4f.oem4f (.const:ti_uia_loggers_LoggerStopMode_Module__diagsIncluded__C)
                  0000e264    00000004     principal_pem4f.oem4f (.const:ti_uia_loggers_LoggerStopMode_Module__diagsMask__C)
                  0000e268    00000004     principal_pem4f.oem4f (.const:ti_uia_loggers_LoggerStopMode_Object__count__C)
                  0000e26c    00000004     principal_pem4f.oem4f (.const:ti_uia_runtime_ILoggerSnapshot_Interface__BASE__C)
                  0000e270    00000004     principal_pem4f.oem4f (.const:ti_uia_runtime_IUIATransfer_Interface__BASE__C)
                  0000e274    00000004     principal_pem4f.oem4f (.const:xdc_runtime_Assert_E_assertFailed__C)
                  0000e278    00000004     principal_pem4f.oem4f (.const:xdc_runtime_Core_A_initializedParams__C)
                  0000e27c    00000004     principal_pem4f.oem4f (.const:xdc_runtime_Core_Module__diagsEnabled__C)
                  0000e280    00000004     principal_pem4f.oem4f (.const:xdc_runtime_Core_Module__diagsIncluded__C)
                  0000e284    00000004     principal_pem4f.oem4f (.const:xdc_runtime_Core_Module__diagsMask__C)
                  0000e288    00000004     principal_pem4f.oem4f (.const:xdc_runtime_Error_E_memory__C)
                  0000e28c    00000004     principal_pem4f.oem4f (.const:xdc_runtime_Error_Module__diagsEnabled__C)
                  0000e290    00000004     principal_pem4f.oem4f (.const:xdc_runtime_Error_Module__diagsIncluded__C)
                  0000e294    00000004     principal_pem4f.oem4f (.const:xdc_runtime_Error_Module__diagsMask__C)
                  0000e298    00000004     principal_pem4f.oem4f (.const:xdc_runtime_Error_Module__loggerFxn8__C)
                  0000e29c    00000004     principal_pem4f.oem4f (.const:xdc_runtime_Error_Module__loggerObj__C)
                  0000e2a0    00000004     principal_pem4f.oem4f (.const:xdc_runtime_Error_policyFxn__C)
                  0000e2a4    00000004     principal_pem4f.oem4f (.const:xdc_runtime_Error_raiseHook__C)
                  0000e2a8    00000004     principal_pem4f.oem4f (.const:xdc_runtime_IFilterLogger_Interface__BASE__C)
                  0000e2ac    00000004     principal_pem4f.oem4f (.const:xdc_runtime_IGateProvider_Interface__BASE__C)
                  0000e2b0    00000004     principal_pem4f.oem4f (.const:xdc_runtime_IHeap_Interface__BASE__C)
                  0000e2b4    00000004     principal_pem4f.oem4f (.const:xdc_runtime_ILogger_Interface__BASE__C)
                  0000e2b8    00000004     principal_pem4f.oem4f (.const:xdc_runtime_IModule_Interface__BASE__C)
                  0000e2bc    00000004     principal_pem4f.oem4f (.const:xdc_runtime_Log_L_error__C)
                  0000e2c0    00000004     principal_pem4f.oem4f (.const:xdc_runtime_Log_L_warning__C)
                  0000e2c4    00000004     principal_pem4f.oem4f (.const:xdc_runtime_Main_Module__diagsEnabled__C)
                  0000e2c8    00000004     principal_pem4f.oem4f (.const:xdc_runtime_Main_Module__diagsIncluded__C)
                  0000e2cc    00000004     principal_pem4f.oem4f (.const:xdc_runtime_Main_Module__diagsMask__C)
                  0000e2d0    00000004     principal_pem4f.oem4f (.const:xdc_runtime_Main_Module__loggerFxn2__C)
                  0000e2d4    00000004     principal_pem4f.oem4f (.const:xdc_runtime_Main_Module__loggerFxn4__C)
                  0000e2d8    00000004     principal_pem4f.oem4f (.const:xdc_runtime_Main_Module__loggerObj__C)
                  0000e2dc    00000004     principal_pem4f.oem4f (.const:xdc_runtime_Memory_defaultHeapInstance__C)
                  0000e2e0    00000004     principal_pem4f.oem4f (.const:xdc_runtime_Startup_execImpl__C)
                  0000e2e4    00000004     principal_pem4f.oem4f (.const:xdc_runtime_Startup_lastFxns__A)
                  0000e2e8    00000004     principal_pem4f.oem4f (.const:xdc_runtime_Startup_maxPasses__C)
                  0000e2ec    00000004     principal_pem4f.oem4f (.const:xdc_runtime_Startup_sfxnRts__C)
                  0000e2f0    00000004     principal_pem4f.oem4f (.const:xdc_runtime_Startup_sfxnTab__C)
                  0000e2f4    00000004     principal_pem4f.oem4f (.const:xdc_runtime_SysMin_bufSize__C)
                  0000e2f8    00000004     principal_pem4f.oem4f (.const:xdc_runtime_SysMin_outputFunc__C)
                  0000e2fc    00000004     principal_pem4f.oem4f (.const:xdc_runtime_System_Module__gateObj__C)
                  0000e300    00000004     principal_pem4f.oem4f (.const:xdc_runtime_System_abortFxn__C)
                  0000e304    00000004     principal_pem4f.oem4f (.const:xdc_runtime_System_exitFxn__C)
                  0000e308    00000004     principal_pem4f.oem4f (.const:xdc_runtime_System_extendFxn__C)
                  0000e30c    00000004     principal_pem4f.oem4f (.const:xdc_runtime_System_maxAtexitHandlers__C)
                  0000e310    00000004     principal_pem4f.oem4f (.const:xdc_runtime_Text_charTab__C)
                  0000e314    00000004     principal_pem4f.oem4f (.const:xdc_runtime_Text_nameEmpty__C)
                  0000e318    00000004     principal_pem4f.oem4f (.const:xdc_runtime_Text_nameStatic__C)
                  0000e31c    00000004     principal_pem4f.oem4f (.const:xdc_runtime_Text_nameUnknown__C)
                  0000e320    00000004     principal_pem4f.oem4f (.const:xdc_runtime_Text_nodeTab__C)
                  0000e324    00000004     principal_pem4f.oem4f (.const:xdc_runtime_Text_visitRopeFxn__C)
                  0000e328    00000002     principal_pem4f.oem4f (.const:ti_sysbios_family_arm_m3_Hwi_Module__id__C)
                  0000e32a    00000002     principal_pem4f.oem4f (.const:ti_sysbios_family_arm_m3_Hwi_Module__loggerDefined__C)
                  0000e32c    00000002     principal_pem4f.oem4f (.const:ti_sysbios_gates_GateMutex_Module__id__C)
                  0000e32e    00000002     principal_pem4f.oem4f (.const:ti_sysbios_hal_Hwi_Module__id__C)
                  0000e330    00000002     principal_pem4f.oem4f (.const:ti_sysbios_heaps_HeapMem_Module__id__C)
                  0000e332    00000002     principal_pem4f.oem4f (.const:ti_sysbios_knl_Clock_Module__id__C)
                  0000e334    00000002     principal_pem4f.oem4f (.const:ti_sysbios_knl_Clock_Module__loggerDefined__C)
                  0000e336    00000002     principal_pem4f.oem4f (.const:ti_sysbios_knl_Semaphore_Module__id__C)
                  0000e338    00000002     principal_pem4f.oem4f (.const:ti_sysbios_knl_Semaphore_Module__loggerDefined__C)
                  0000e33a    00000002     principal_pem4f.oem4f (.const:ti_sysbios_knl_Swi_Module__id__C)
                  0000e33c    00000002     principal_pem4f.oem4f (.const:ti_sysbios_knl_Swi_Module__loggerDefined__C)
                  0000e33e    00000002     principal_pem4f.oem4f (.const:ti_sysbios_knl_Task_Module__id__C)
                  0000e340    00000002     principal_pem4f.oem4f (.const:ti_sysbios_knl_Task_Module__loggerDefined__C)
                  0000e342    00000002     principal_pem4f.oem4f (.const:ti_sysbios_knl_Task_initStackFlag__C)
                  0000e344    00000002     principal_pem4f.oem4f (.const:ti_sysbios_utils_Load_Module__id__C)
                  0000e346    00000002     principal_pem4f.oem4f (.const:ti_sysbios_utils_Load_Module__loggerDefined__C)
                  0000e348    00000002     principal_pem4f.oem4f (.const:ti_sysbios_utils_Load_hwiEnabled__C)
                  0000e34a    00000002     principal_pem4f.oem4f (.const:ti_sysbios_utils_Load_updateInIdle__C)
                  0000e34c    00000002     principal_pem4f.oem4f (.const:ti_uia_loggers_LoggerStopMode_Module__id__C)
                  0000e34e    00000002     principal_pem4f.oem4f (.const:ti_uia_loggers_LoggerStopMode_isTimestampEnabled__C)
                  0000e350    00000002     principal_pem4f.oem4f (.const:xdc_runtime_Core_Module__id__C)
                  0000e352    00000002     principal_pem4f.oem4f (.const:xdc_runtime_Error_Module__loggerDefined__C)
                  0000e354    00000002     principal_pem4f.oem4f (.const:xdc_runtime_Error_maxDepth__C)
                  0000e356    00000002     principal_pem4f.oem4f (.const:xdc_runtime_Main_Module__id__C)
                  0000e358    00000002     principal_pem4f.oem4f (.const:xdc_runtime_Main_Module__loggerDefined__C)
                  0000e35a    00000002     principal_pem4f.oem4f (.const:xdc_runtime_Memory_Module__id__C)
                  0000e35c    00000002     principal_pem4f.oem4f (.const:xdc_runtime_SysMin_flushAtExit__C)
                  0000e35e    00000002     principal_pem4f.oem4f (.const:xdc_runtime_Text_charCnt__C)
                  0000e360    00000002     principal_pem4f.oem4f (.const:xdc_runtime_Text_isLoaded__C)
                  0000e362    00000002     principal_pem4f.oem4f (.const:xdc_runtime_Text_registryModsLastId__C)
                  0000e364    00000002     principal_pem4f.oem4f (.const:xdc_runtime_Text_unnamedModsLastId__C)

.cinit     0    0000e368    00000500     
                  0000e368    000004c9     (.cinit..data.load) [load image, compression = rle]
                  0000e831    00000003     --HOLE-- [fill = 0]
                  0000e834    0000000c     (__TI_handler_table)
                  0000e840    00000008     (.cinit..bss.load) [load image, compression = zero_init]
                  0000e848    00000008     (.cinit..vecs.load) [load image, compression = zero_init]
                  0000e850    00000018     (__TI_cinit_table)

.vecs      0    20000000    00000360     UNINITIALIZED
                  20000000    00000360     principal_pem4f.oem4f (.vecs)

.bss       0    20000380    000038b0     UNINITIALIZED
                  20000380    00001200     principal_pem4f.oem4f (.bss:taskStackSection)
                  20001580    00001000     principal_pem4f.oem4f (.bss:ti_sysbios_heaps_HeapMem_Instance_State_0_buf__A)
                  20002580    00000400     principal_pem4f.oem4f (.bss:ti_uia_loggers_LoggerStopMode_Instance_State_1_packetArray__A)
                  20002980    00000400     principal_pem4f.oem4f (.bss:ti_uia_loggers_LoggerStopMode_Instance_State_2_packetArray__A)
                  20002d80    00000400     principal_pem4f.oem4f (.bss:xdc_runtime_SysMin_Module_State_0_outbuf__A)
                  20003180    00000360     principal_pem4f.oem4f (.bss:ti_sysbios_family_arm_m3_Hwi_dispatchTable)
                  200034e0    00000220     EK_TM4C1294XL.obj (.bss:uartTivaObjects)
                  20003700    00000200     principal_pem4f.oem4f (.bss:ti_uia_loggers_LoggerStopMode_Instance_State_0_packetArray__A)
                  20003900    00000120     rtsv7M4_T_le_v4SPD16_eabi.lib : trgmsg.obj (.bss:__CIOBUF_)
                  20003a20    000000a0                                   : defs.obj (.bss:__TI_tmpnams)
                  20003ac0    00000008     (.common:parmbuf)
                  20003ac8    00000038     --HOLE--
                  20003b00    00000030     principal_pem4f.oem4f (.bss:ti_uia_loggers_LoggerStopMode_Instance_State_0_hdr__A)
                  20003b30    00000050     --HOLE--
                  20003b80    00000030     principal_pem4f.oem4f (.bss:ti_uia_loggers_LoggerStopMode_Instance_State_1_hdr__A)
                  20003bb0    00000050     --HOLE--
                  20003c00    00000030     principal_pem4f.oem4f (.bss:ti_uia_loggers_LoggerStopMode_Instance_State_2_hdr__A)

.stack     0    20003c30    00001000     UNINITIALIZED
                  20003c30    00001000     --HOLE--

.data      0    20004c30    000008d0     UNINITIALIZED
                  20004c30    00000180     principal_pem4f.oem4f (.data)
                  20004db0    000000f0     rtsv7M4_T_le_v4SPD16_eabi.lib : defs.obj (.data:_ftable)
                  20004ea0    000000e4     principal_pem4f.oem4f (.data:ti_sysbios_knl_Task_Object__table__V)
                  20004f84    000000d0     rtsv7M4_T_le_v4SPD16_eabi.lib : lowlev.obj (.data)
                  20005054    0000009c     principal_pem4f.oem4f (.data:ti_uia_loggers_LoggerStopMode_Object__table__V)
                  200050f0    00000098     principal_pem4f.oem4f (.data:ti_sysbios_utils_Load_Module__state__V)
                  20005188    00000080     principal_pem4f.oem4f (.data:ti_sysbios_family_arm_lm4_Timer_Object__table__V)
                  20005208    00000080     principal_pem4f.oem4f (.data:ti_sysbios_knl_Swi_Module_State_0_readyQ__A)
                  20005288    00000080     principal_pem4f.oem4f (.data:ti_sysbios_knl_Task_Module_State_0_readyQ__A)
                  20005308    00000044     principal_pem4f.oem4f (.data:ti_sysbios_knl_Task_Module__state__V)
                  2000534c    00000040     principal_pem4f.oem4f (.data:ti_sysbios_family_arm_lm4_Timer_Module_State_0_device__A)
                  2000538c    00000038     principal_pem4f.oem4f (.data:ti_sysbios_gates_GateMutex_Object__table__V)
                  200053c4    00000034     principal_pem4f.oem4f (.data:ti_sysbios_family_arm_m3_Hwi_Module__state__V)
                  200053f8    00000030     principal_pem4f.oem4f (.data:ti_sysbios_family_arm_m3_Hwi_Object__table__V)
                  20005428    00000030     principal_pem4f.oem4f (.data:ti_sysbios_knl_Swi_Object__table__V)
                  20005458    0000002c     principal_pem4f.oem4f (.data:ti_sysbios_knl_Clock_Module__state__V)
                  20005484    00000024     principal_pem4f.oem4f (.data:ti_sysbios_BIOS_Module__state__V)
                  200054a8    00000018     UARTUtils.obj (.data)
                  200054c0    00000010     rtsv7M4_T_le_v4SPD16_eabi.lib : defs.obj (.data)
                  200054d0    00000008     gpio_tivaware.aem4f : GPIO.oem4f (.data)
                  200054d8    00000008     rtsv7M4_T_le_v4SPD16_eabi.lib : _lock.obj (.data)
                  200054e0    00000008                                   : exit.obj (.data)
                  200054e8    00000008     ti.uia.runtime.aem4f : QueueDescriptor.oem4f (.data)
                  200054f0    00000004     rtsv7M4_T_le_v4SPD16_eabi.lib : errno.obj (.data)
                  200054f4    00000004                                   : fopen.obj (.data)
                  200054f8    00000004                                   : stkdepth_vars.obj (.data)
                  200054fc    00000004     uart_tivaware.aem4f : UART.oem4f (.data)


LINKER GENERATED COPY TABLES

__TI_cinit_table @ 0000e850 records: 3, size/record: 8, table size: 24
	.data: load addr=0000e368, load size=000004c9 bytes, run addr=20004c30, run size=000008d0 bytes, compression=rle
	.bss: load addr=0000e840, load size=00000008 bytes, run addr=20000380, run size=000038b0 bytes, compression=zero_init
	.vecs: load addr=0000e848, load size=00000008 bytes, run addr=20000000, run size=00000360 bytes, compression=zero_init


LINKER GENERATED HANDLER TABLE

__TI_handler_table @ 0000e834 records: 3, size/record: 4, table size: 12
	index: 0, handler: __TI_zero_init
	index: 1, handler: __TI_decompress_rle24
	index: 2, handler: __TI_decompress_none


GLOBAL SYMBOLS: SORTED ALPHABETICALLY BY Name 

address    name
--------   ----
0000a061   C$$EXIT
000096eb   C$$IO$$
0000aadd   EK_TM4C1294XL_initGPIO
00007c9d   EK_TM4C1294XL_initGeneral
00008229   EK_TM4C1294XL_initUART
0000ac11   GPIODirModeSet
00005e89   GPIOPadConfigSet
00009ddd   GPIOPinConfigure
0000b7a9   GPIOPinRead
0000b495   GPIOPinTypeGPIOInput
0000b21b   GPIOPinTypeGPIOOutput
0000b4a7   GPIOPinTypeUART
0000b7af   GPIOPinWrite
0000dd20   GPIO_config
0000acd9   GPIO_init
00007105   GPIO_toggle
000073e1   GPIO_write
0000284d   HOSTclock
00002815   HOSTclose
000027d7   HOSTgetenv
0000277b   HOSTlseek
00002729   HOSTopen
000026dd   HOSTread
0000267f   HOSTrename
00002645   HOSTtime
0000260d   HOSTunlink
000025c1   HOSTwrite
UNDEFED    SHT$$INIT_ARRAY$$Base
UNDEFED    SHT$$INIT_ARRAY$$Limit
0000a5fd   SysCtlPeripheralEnable
20004f38   TSK_idle
0000b72d   UARTCharGet
0000b655   UARTCharGetNonBlocking
0000b737   UARTCharPut
0000b663   UARTCharPutNonBlocking
0000a281   UARTConfigSetExpClk
0000afe5   UARTDisable
0000b3f3   UARTEnable
0000b7b5   UARTFIFOLevelSet
0000b7eb   UARTIntClear
0000b741   UARTIntDisable
0000b769   UARTIntEnable
0000b74b   UARTIntStatus
00008571   UARTTiva_close
0000de2c   UARTTiva_fxnTable
[...]
0000b663   UARTCharPutNonBlocking
0000b671   UARTUtils_deviceunlink
0000b67f   __TI_decompress_none
0000b68d   ti_sysbios_knl_Queue_empty__E
0000b69b   ti_sysbios_family_arm_lm4_Timer_getMaxTicks__E
0000b6a9   ti_sysbios_family_arm_lm4_TimestampProvider_startTimer__E
0000b6b5   ti_sysbios_family_arm_m3_Hwi_Params__init__S
0000b6c1   ti_sysbios_family_arm_m3_Hwi_disableFxn__E
0000b6c1   ti_sysbios_hal_Hwi_HwiProxy_disable__E
0000b6c1   ti_sysbios_hal_Hwi_disable__E
0000b6cd   ti_sysbios_family_arm_m3_TaskSupport_checkStack__E
0000b6cd   ti_sysbios_knl_Task_SupportProxy_checkStack__E
0000b6d9   ti_sysbios_gates_GateHwi_enter__E
0000b6e5   ti_sysbios_knl_Queue_Object__get__S
0000b6f1   ti_sysbios_knl_Semaphore_Params__init__S
0000b6fd   xdc_runtime_Error_init__E
0000b709   xdc_runtime_Gate_enterSystem__E
0000b715   xdc_runtime_Memory_calloc__E
0000b721   xdc_runtime_Memory_getMaxDefaultTypeAlign__E
0000b72d   UARTCharGet
0000b737   UARTCharPut
0000b741   UARTIntDisable
0000b74b   UARTIntStatus
0000b769   UARTIntEnable
0000b771   UARTTiva_init
0000b781   ti_sysbios_family_arm_lm4_Timer_masterDisable__I
0000b789   ti_sysbios_family_arm_m3_Hwi_doSwiRestore__I
0000b791   ti_sysbios_family_arm_m3_Hwi_startup__E
0000b791   ti_sysbios_hal_Hwi_HwiProxy_startup__E
0000b791   ti_sysbios_hal_Hwi_startup__E
0000b799   ti_sysbios_knl_Idle_loop__E
0000b7a9   GPIOPinRead
0000b7af   GPIOPinWrite
0000b7b5   UARTFIFOLevelSet
0000b7bb   __xdc__init
0000b7c1   __TI_decompress_rle24
0000b7c7   ti_sysbios_family_arm_lm4_TimestampProvider_Module_startup__E
0000b7cd   ti_sysbios_family_arm_m3_Hwi_restoreFxn__E
0000b7cd   ti_sysbios_hal_Hwi_HwiProxy_restore__E
0000b7cd   ti_sysbios_hal_Hwi_restore__E
0000b7d3   ti_sysbios_gates_GateHwi_leave__E
0000b7d9   ti_sysbios_heaps_HeapMem_isBlocking__E
0000b7df   ti_sysbios_knl_Queue_Instance_init__E
0000b7e5   xdc_runtime_System_Module_startup__E
0000b7eb   UARTIntClear
0000b7ef   ti_sysbios_BIOS_RtsGateProxy_enter__E
0000b7f3   ti_sysbios_BIOS_RtsGateProxy_leave__E
0000b7f7   ti_sysbios_family_arm_lm4_Timer_getPeriod__E
0000b7fb   ti_sysbios_family_arm_lm4_Timer_masterEnable__I
0000b7ff   ti_sysbios_family_arm_m3_Hwi_destruct
0000b803   ti_sysbios_family_arm_m3_TaskSupport_Module__startupDone__S
0000b807   ti_sysbios_gates_GateHwi_query__E
0000b807   xdc_runtime_Main_Module_GateProxy_query__E
0000b807   xdc_runtime_System_Module_GateProxy_query__E
0000b80b   ti_sysbios_BIOS_RtsGateProxy_query__E
0000b80b   ti_sysbios_gates_GateMutex_query__E
0000b80b   ti_sysbios_heaps_HeapMem_Module_GateProxy_query__E
0000b80f   ti_sysbios_hal_Hwi_HwiProxy_Module__startupDone__S
0000b813   ti_sysbios_heaps_HeapMem_Module_GateProxy_enter__E
0000b817   ti_sysbios_heaps_HeapMem_Module_GateProxy_leave__E
0000b81b   ti_sysbios_knl_Clock_TimerProxy_Module__startupDone__S
0000b81f   ti_sysbios_knl_Clock_TimerProxy_getMaxTicks__E
0000b823   ti_sysbios_knl_Clock_TimerProxy_getPeriod__E
0000b827   ti_sysbios_knl_Queue_destruct
0000b82b   ti_sysbios_knl_Semaphore_destruct
0000b82f   ti_sysbios_knl_Task_SupportProxy_Module__startupDone__S
0000b833   ti_sysbios_knl_Task_startup__E
0000b837   ti_uia_loggers_LoggerStopMode_getContents__E
0000b83b   ti_uia_loggers_LoggerStopMode_getFilterLevel__E
0000b83f   ti_uia_loggers_LoggerStopMode_getInstanceId__E
0000b843   ti_uia_loggers_LoggerStopMode_getMaxLength__E
0000b847   ti_uia_loggers_LoggerStopMode_getPriority__E
0000b84b   ti_uia_loggers_LoggerStopMode_getTransferType__E
0000b84f   xdc_runtime_Error_getSite__E
0000b853   xdc_runtime_Memory_HeapProxy_alloc__E
0000b857   xdc_runtime_Memory_HeapProxy_free__E
0000b85b   xdc_runtime_System_Module_GateProxy_enter__E
0000b85f   xdc_runtime_System_Module_GateProxy_leave__E
0000b863   xdc_runtime_System_aprintf_va__F
0000b867   xdc_runtime_System_printf_va__F
0000b870   xdc_runtime_Text_charTab__A
0000d7d0   _ctypes_
0000d8d2   xdc_runtime_Text_nodeTab__A
0000d9d2   ti_catalog_arm_cortexm4_tiva_ce_Boot_Module__id__C
0000d9d4   ti_catalog_arm_cortexm4_tiva_ce_Boot_A_mustNotUseEnhancedClockMode__C
0000dc04   ti_uia_loggers_LoggerStopMode_Module__FXNS__C
0000dcac   UART_config
0000dd20   GPIO_config
0000dd34   uartTivaHWAttrs
0000dd54   gpioHWAttrs
0000dd84   ti_sysbios_family_arm_m3_Hwi_Object__PARAMS__C
0000ddb4   ti_sysbios_heaps_HeapMem_Module__FXNS__C
0000dddc   ti_uia_loggers_LoggerStopMode_Object__PARAMS__C
0000de04   xdc_runtime_Startup_sfxnTab__A
0000de2c   UARTTiva_fxnTable
0000de50   ti_sysbios_gates_GateHwi_Module__FXNS__C
0000de74   ti_sysbios_gates_GateMutex_Module__FXNS__C
0000de98   ti_sysbios_heaps_HeapMem_Object__PARAMS__C
0000debc   ti_sysbios_knl_Semaphore_Object__PARAMS__C
0000dee0   ti_sysbios_family_arm_m3_Hwi_Object__DESC__C
0000df00   ti_sysbios_gates_GateHwi_Object__DESC__C
0000df20   ti_sysbios_gates_GateMutex_Object__DESC__C
0000df40   ti_sysbios_heaps_HeapMem_Object__DESC__C
0000df60   ti_sysbios_knl_Queue_Object__DESC__C
0000df80   ti_sysbios_knl_Semaphore_Object__DESC__C
0000dfa0   ti_uia_loggers_LoggerStopMode_Object__DESC__C
0000dfc0   UART_defaultParams
0000dfe0   ti_sysbios_gates_GateHwi_Object__PARAMS__C
0000dff8   ti_sysbios_gates_GateMutex_Object__PARAMS__C
0000e010   ti_sysbios_knl_Queue_Object__PARAMS__C
0000e028   xdc_runtime_Startup_firstFxns__A
0000e03c   xdc_runtime_Startup_sfxnRts__A
0000e061   xdc_runtime_Error_policy__C
0000e062   ti_sysbios_family_arm_lm4_TimestampProvider_useClockTimer__C
0000e07c   ti_sysbios_family_arm_m3_Hwi_excHookFuncs__A
0000e084   ti_sysbios_knl_Idle_funcList__A
0000e08c   ti_sysbios_knl_Idle_funcList__C
0000e094   xdc_runtime_Startup_firstFxns__C
0000e09c   xdc_runtime_Startup_lastFxns__C
0000e0a4   ti_catalog_arm_cortexm4_tiva_ce_Boot_Module__diagsEnabled__C
0000e0a8   ti_catalog_arm_cortexm4_tiva_ce_Boot_Module__diagsIncluded__C
0000e0ac   ti_catalog_arm_cortexm4_tiva_ce_Boot_Module__diagsMask__C
0000e0b0   ti_sysbios_family_arm_lm4_Timer_enableFunc__C
0000e0b4   ti_sysbios_family_arm_lm4_Timer_numTimerDevices__C
0000e0b8   ti_sysbios_family_arm_lm4_Timer_startupNeeded__C
0000e0bc   ti_sysbios_family_arm_m3_Hwi_E_NMI__C
0000e0c0   ti_sysbios_family_arm_m3_Hwi_E_alreadyDefined__C
0000e0c4   ti_sysbios_family_arm_m3_Hwi_E_busFault__C
0000e0c8   ti_sysbios_family_arm_m3_Hwi_E_debugMon__C
0000e0cc   ti_sysbios_family_arm_m3_Hwi_E_hardFault__C
0000e0d0   ti_sysbios_family_arm_m3_Hwi_E_memFault__C
0000e0d4   ti_sysbios_family_arm_m3_Hwi_E_noIsr__C
0000e0d8   ti_sysbios_family_arm_m3_Hwi_E_reserved__C
0000e0dc   ti_sysbios_family_arm_m3_Hwi_E_svCall__C
0000e0e0   ti_sysbios_family_arm_m3_Hwi_E_usageFault__C
0000e0e4   ti_sysbios_family_arm_m3_Hwi_LD_end__C
0000e0e8   ti_sysbios_family_arm_m3_Hwi_LM_begin__C
0000e0ec   ti_sysbios_family_arm_m3_Hwi_Module__diagsEnabled__C
0000e0f0   ti_sysbios_family_arm_m3_Hwi_Module__diagsIncluded__C
0000e0f4   ti_sysbios_family_arm_m3_Hwi_Module__diagsMask__C
0000e0f8   ti_sysbios_family_arm_m3_Hwi_Module__loggerFxn1__C
0000e0fc   ti_sysbios_family_arm_m3_Hwi_Module__loggerFxn8__C
0000e100   ti_sysbios_family_arm_m3_Hwi_Module__loggerObj__C
0000e104   ti_sysbios_family_arm_m3_Hwi_NUM_INTERRUPTS__C
0000e108   ti_sysbios_family_arm_m3_Hwi_Object__count__C
0000e10c   ti_sysbios_family_arm_m3_Hwi_ccr__C
0000e110   ti_sysbios_family_arm_m3_Hwi_excHandlerFunc__C
0000e114   ti_sysbios_family_arm_m3_Hwi_excHookFuncs__C
0000e118   ti_sysbios_family_arm_m3_Hwi_nullIsrFunc__C
0000e11c   ti_sysbios_family_arm_m3_Hwi_priGroup__C
0000e120   ti_sysbios_gates_GateMutex_A_badContext__C
0000e124   ti_sysbios_gates_GateMutex_Instance_State_sem__O
0000e128   ti_sysbios_gates_GateMutex_Module__diagsEnabled__C
0000e12c   ti_sysbios_gates_GateMutex_Module__diagsIncluded__C
0000e130   ti_sysbios_gates_GateMutex_Module__diagsMask__C
0000e134   ti_sysbios_hal_Hwi_E_stackOverflow__C
0000e138   ti_sysbios_heaps_HeapMem_A_align__C
0000e13c   ti_sysbios_heaps_HeapMem_A_heapSize__C
0000e140   ti_sysbios_heaps_HeapMem_A_invalidFree__C
0000e144   ti_sysbios_heaps_HeapMem_A_zeroBlock__C
0000e148   ti_sysbios_heaps_HeapMem_E_memory__C
0000e14c   ti_sysbios_heaps_HeapMem_Module__diagsEnabled__C
0000e150   ti_sysbios_heaps_HeapMem_Module__diagsIncluded__C
0000e154   ti_sysbios_heaps_HeapMem_Module__diagsMask__C
0000e158   ti_sysbios_heaps_HeapMem_Module__gateObj__C
0000e15c   ti_sysbios_heaps_HeapMem_Object__count__C
0000e160   ti_sysbios_heaps_HeapMem_reqAlign__C
0000e164   ti_sysbios_knl_Clock_LM_begin__C
0000e168   ti_sysbios_knl_Clock_LM_tick__C
0000e16c   ti_sysbios_knl_Clock_LW_delayed__C
0000e170   ti_sysbios_knl_Clock_Module_State_clockQ__O
0000e174   ti_sysbios_knl_Clock_Module__diagsEnabled__C
0000e178   ti_sysbios_knl_Clock_Module__diagsIncluded__C
0000e17c   ti_sysbios_knl_Clock_Module__diagsMask__C
0000e180   ti_sysbios_knl_Clock_Module__loggerFxn1__C
0000e184   ti_sysbios_knl_Clock_Module__loggerFxn2__C
0000e188   ti_sysbios_knl_Clock_Module__loggerObj__C
0000e18c   ti_sysbios_knl_Semaphore_A_badContext__C
0000e190   ti_sysbios_knl_Semaphore_A_noEvents__C
0000e194   ti_sysbios_knl_Semaphore_A_overflow__C
0000e198   ti_sysbios_knl_Semaphore_A_pendTaskDisabled__C
0000e19c   ti_sysbios_knl_Semaphore_Instance_State_pendQ__O
0000e1a0   ti_sysbios_knl_Semaphore_LM_pend__C
0000e1a4   ti_sysbios_knl_Semaphore_LM_post__C
0000e1a8   ti_sysbios_knl_Semaphore_Module__diagsEnabled__C
0000e1ac   ti_sysbios_knl_Semaphore_Module__diagsIncluded__C
0000e1b0   ti_sysbios_knl_Semaphore_Module__diagsMask__C
0000e1b4   ti_sysbios_knl_Semaphore_Module__loggerFxn2__C
0000e1b8   ti_sysbios_knl_Semaphore_Module__loggerFxn4__C
0000e1bc   ti_sysbios_knl_Semaphore_Module__loggerObj__C
0000e1c0   ti_sysbios_knl_Swi_LD_end__C
0000e1c4   ti_sysbios_knl_Swi_LM_begin__C
0000e1c8   ti_sysbios_knl_Swi_LM_post__C
0000e1cc   ti_sysbios_knl_Swi_Module__diagsEnabled__C
0000e1d0   ti_sysbios_knl_Swi_Module__diagsIncluded__C
0000e1d4   ti_sysbios_knl_Swi_Module__diagsMask__C
0000e1d8   ti_sysbios_knl_Swi_Module__loggerFxn1__C
0000e1dc   ti_sysbios_knl_Swi_Module__loggerFxn4__C
0000e1e0   ti_sysbios_knl_Swi_Module__loggerObj__C
0000e1e4   ti_sysbios_knl_Swi_Object__count__C
0000e1e8   ti_sysbios_knl_Task_A_badTimeout__C
0000e1ec   ti_sysbios_knl_Task_A_sleepTaskDisabled__C
0000e1f0   ti_sysbios_knl_Task_E_spOutOfBounds__C
0000e1f4   ti_sysbios_knl_Task_E_stackOverflow__C
0000e1f8   ti_sysbios_knl_Task_LD_block__C
0000e1fc   ti_sysbios_knl_Task_LD_exit__C
0000e200   ti_sysbios_knl_Task_LD_ready__C
0000e204   ti_sysbios_knl_Task_LM_sleep__C
0000e208   ti_sysbios_knl_Task_LM_switch__C
0000e20c   ti_sysbios_knl_Task_Module_State_inactiveQ__O
0000e210   ti_sysbios_knl_Task_Module__diagsEnabled__C
0000e214   ti_sysbios_knl_Task_Module__diagsIncluded__C
0000e218   ti_sysbios_knl_Task_Module__diagsMask__C
0000e21c   ti_sysbios_knl_Task_Module__loggerFxn2__C
0000e220   ti_sysbios_knl_Task_Module__loggerFxn4__C
0000e224   ti_sysbios_knl_Task_Module__loggerObj__C
0000e228   ti_sysbios_knl_Task_Object__count__C
0000e22c   ti_sysbios_knl_Task_allBlockedFunc__C
0000e230   ti_sysbios_knl_Task_numConstructedTasks__C
0000e234   ti_sysbios_utils_Load_LS_cpuLoad__C
0000e238   ti_sysbios_utils_Load_LS_hwiLoad__C
0000e23c   ti_sysbios_utils_Load_Module__diagsEnabled__C
0000e240   ti_sysbios_utils_Load_Module__diagsIncluded__C
0000e244   ti_sysbios_utils_Load_Module__diagsMask__C
0000e248   ti_sysbios_utils_Load_Module__loggerFxn1__C
0000e24c   ti_sysbios_utils_Load_Module__loggerFxn2__C
0000e250   ti_sysbios_utils_Load_Module__loggerObj__C
0000e254   ti_sysbios_utils_Load_postUpdate__C
0000e258   ti_sysbios_utils_Load_windowInMs__C
0000e25c   ti_uia_loggers_LoggerStopMode_Module__diagsEnabled__C
0000e260   ti_uia_loggers_LoggerStopMode_Module__diagsIncluded__C
0000e264   ti_uia_loggers_LoggerStopMode_Module__diagsMask__C
0000e268   ti_uia_loggers_LoggerStopMode_Object__count__C
0000e26c   ti_uia_runtime_ILoggerSnapshot_Interface__BASE__C
0000e270   ti_uia_runtime_IUIATransfer_Interface__BASE__C
0000e274   xdc_runtime_Assert_E_assertFailed__C
0000e278   xdc_runtime_Core_A_initializedParams__C
0000e27c   xdc_runtime_Core_Module__diagsEnabled__C
0000e280   xdc_runtime_Core_Module__diagsIncluded__C
0000e284   xdc_runtime_Core_Module__diagsMask__C
0000e288   xdc_runtime_Error_E_memory__C
0000e28c   xdc_runtime_Error_Module__diagsEnabled__C
0000e290   xdc_runtime_Error_Module__diagsIncluded__C
0000e294   xdc_runtime_Error_Module__diagsMask__C
0000e298   xdc_runtime_Error_Module__loggerFxn8__C
0000e29c   xdc_runtime_Error_Module__loggerObj__C
0000e2a0   xdc_runtime_Error_policyFxn__C
0000e2a4   xdc_runtime_Error_raiseHook__C
0000e2a8   xdc_runtime_IFilterLogger_Interface__BASE__C
0000e2ac   xdc_runtime_IGateProvider_Interface__BASE__C
0000e2b0   xdc_runtime_IHeap_Interface__BASE__C
0000e2b4   xdc_runtime_ILogger_Interface__BASE__C
0000e2b8   xdc_runtime_IModule_Interface__BASE__C
0000e2bc   xdc_runtime_Log_L_error__C
0000e2c0   xdc_runtime_Log_L_warning__C
0000e2c4   xdc_runtime_Main_Module__diagsEnabled__C
0000e2c8   xdc_runtime_Main_Module__diagsIncluded__C
0000e2cc   xdc_runtime_Main_Module__diagsMask__C
0000e2d0   xdc_runtime_Main_Module__loggerFxn2__C
0000e2d4   xdc_runtime_Main_Module__loggerFxn4__C
0000e2d8   xdc_runtime_Main_Module__loggerObj__C
0000e2dc   xdc_runtime_Memory_defaultHeapInstance__C
0000e2e0   xdc_runtime_Startup_execImpl__C
0000e2e4   xdc_runtime_Startup_lastFxns__A
0000e2e8   xdc_runtime_Startup_maxPasses__C
0000e2ec   xdc_runtime_Startup_sfxnRts__C
0000e2f0   xdc_runtime_Startup_sfxnTab__C
0000e2f4   xdc_runtime_SysMin_bufSize__C
0000e2f8   xdc_runtime_SysMin_outputFunc__C
0000e2fc   xdc_runtime_System_Module__gateObj__C
0000e300   xdc_runtime_System_abortFxn__C
0000e304   xdc_runtime_System_exitFxn__C
0000e308   xdc_runtime_System_extendFxn__C
0000e30c   xdc_runtime_System_maxAtexitHandlers__C
0000e310   xdc_runtime_Text_charTab__C
0000e314   xdc_runtime_Text_nameEmpty__C
0000e318   xdc_runtime_Text_nameStatic__C
0000e31c   xdc_runtime_Text_nameUnknown__C
0000e320   xdc_runtime_Text_nodeTab__C
0000e324   xdc_runtime_Text_visitRopeFxn__C
0000e328   ti_sysbios_family_arm_m3_Hwi_Module__id__C
0000e32a   ti_sysbios_family_arm_m3_Hwi_Module__loggerDefined__C
0000e32c   ti_sysbios_gates_GateMutex_Module__id__C
0000e32e   ti_sysbios_hal_Hwi_Module__id__C
0000e330   ti_sysbios_heaps_HeapMem_Module__id__C
0000e332   ti_sysbios_knl_Clock_Module__id__C
0000e334   ti_sysbios_knl_Clock_Module__loggerDefined__C
0000e336   ti_sysbios_knl_Semaphore_Module__id__C
0000e338   ti_sysbios_knl_Semaphore_Module__loggerDefined__C
0000e33a   ti_sysbios_knl_Swi_Module__id__C
0000e33c   ti_sysbios_knl_Swi_Module__loggerDefined__C
0000e33e   ti_sysbios_knl_Task_Module__id__C
0000e340   ti_sysbios_knl_Task_Module__loggerDefined__C
0000e342   ti_sysbios_knl_Task_initStackFlag__C
0000e344   ti_sysbios_utils_Load_Module__id__C
0000e346   ti_sysbios_utils_Load_Module__loggerDefined__C
0000e348   ti_sysbios_utils_Load_hwiEnabled__C
0000e34a   ti_sysbios_utils_Load_updateInIdle__C
0000e34c   ti_uia_loggers_LoggerStopMode_Module__id__C
0000e34e   ti_uia_loggers_LoggerStopMode_isTimestampEnabled__C
0000e350   xdc_runtime_Core_Module__id__C
0000e352   xdc_runtime_Error_Module__loggerDefined__C
0000e354   xdc_runtime_Error_maxDepth__C
0000e356   xdc_runtime_Main_Module__id__C
0000e358   xdc_runtime_Main_Module__loggerDefined__C
0000e35a   xdc_runtime_Memory_Module__id__C
0000e35c   xdc_runtime_SysMin_flushAtExit__C
0000e35e   xdc_runtime_Text_charCnt__C
0000e360   xdc_runtime_Text_isLoaded__C
0000e362   xdc_runtime_Text_registryModsLastId__C
0000e364   xdc_runtime_Text_unnamedModsLastId__C
0000e834   __TI_Handler_Table_Base
0000e840   __TI_Handler_Table_Limit
0000e850   __TI_CINIT_Base
0000e868   __TI_CINIT_Limit
20000000   ti_sysbios_family_arm_m3_Hwi_ramVectors
20000380   ti_sysbios_knl_Task_Instance_State_0_stack__A
20000580   ti_sysbios_knl_Task_Instance_State_1_stack__A
20000d80   ti_sysbios_knl_Task_Instance_State_2_stack__A
20001580   ti_sysbios_heaps_HeapMem_Instance_State_0_buf__A
20002580   ti_uia_loggers_LoggerStopMode_Instance_State_1_packetArray__A
20002980   ti_uia_loggers_LoggerStopMode_Instance_State_2_packetArray__A
20002d80   xdc_runtime_SysMin_Module_State_0_outbuf__A
20003180   ti_sysbios_family_arm_m3_Hwi_dispatchTable
200034e0   uartTivaObjects
20003700   ti_uia_loggers_LoggerStopMode_Instance_State_0_packetArray__A
20003900   __CIOBUF_
20003a20   __TI_tmpnams
20003b00   ti_uia_loggers_LoggerStopMode_Instance_State_0_hdr__A
20003b80   ti_uia_loggers_LoggerStopMode_Instance_State_1_hdr__A
20003c00   ti_uia_loggers_LoggerStopMode_Instance_State_2_hdr__A
20003c30   __stack
20003e30   __STACK_TOP
20004c30   __STACK_END
20004c30   xdc_runtime_Diags_dictElems
20004c50   ti_sysbios_family_arm_lm4_Timer_Module__root__V
20004c58   ti_sysbios_family_arm_lm4_Timer_Module_State_0_handles__A
20004c78   ti_sysbios_family_arm_lm4_Timer_Module__state__V
20004c84   ti_sysbios_family_arm_lm4_TimestampProvider_Module__state__V
20004c8c   ti_sysbios_family_arm_m3_Hwi_Module__root__V
20004c94   ti_sysbios_family_arm_m3_Hwi_Module_State_0_excActive__A
20004c98   ti_sysbios_family_arm_m3_Hwi_Module_State_0_excContext__A
20004c9c   ti_sysbios_family_arm_m3_Hwi_Module_State_0_excStack__A
20004ca0   ti_sysbios_gates_GateHwi_Module__root__V
20004ca8   ti_sysbios_gates_GateHwi_Object__table__V
20004cac   ti_sysbios_gates_GateMutex_Module__root__V
20004cb4   ti_sysbios_hal_Hwi_Module__root__V
20004cbc   ti_sysbios_heaps_HeapMem_Module__root__V
20004cc4   ti_sysbios_heaps_HeapMem_Object__table__V
20004cdc   ti_sysbios_knl_Clock_Module__root__V
20004ce4   ti_sysbios_knl_Event_Module__root__V
20004cf0   ti_sysbios_knl_Queue_Module__root__V
20004cf8   ti_sysbios_knl_Semaphore_Module__root__V
20004d00   ti_sysbios_knl_Swi_Module__root__V
20004d08   ti_sysbios_knl_Swi_Module__state__V
20004d24   ti_sysbios_knl_Task_Module__root__V
20004d30   ti_sysbios_knl_Task_Module_State_0_idleTask__A
20004d34   ti_sysbios_utils_Load_Module_State_0_taskStartTime__A
20004d38   ti_sysbios_utils_Load_Module_State_0_runningTask__A
20004d3c   ti_uia_loggers_LoggerStopMode_Module__root__V
20004d44   ti_uia_loggers_LoggerStopMode_Module__state__V
20004d4c   ti_uia_runtime_QueueDescriptor_Module__state__V
20004d58   xdc_runtime_Error_Module__state__V
20004d5a   xdc_runtime_Main_Module__root__V
20004d5c   xdc_runtime_Memory_Module__state__V
20004d60   xdc_runtime_Registry_Module__state__V
20004d68   xdc_runtime_Startup_Module__state__V
20004d70   xdc_runtime_SysMin_Module__state__V
20004d7c   xdc_runtime_System_Module_State_0_atexitHandlers__A
20004d9c   xdc_runtime_System_Module__state__V
20004da4   xdc_runtime_Text_Module__state__V
20004dac   __xdc__init__addr
20004db0   _ftable
20004ea0   ti_sysbios_knl_Task_Object__table__V
20004f38   TSK_idle
20005054   ti_uia_loggers_LoggerStopMode_Object__table__V
200050f0   ti_sysbios_utils_Load_Module__state__V
20005188   ti_sysbios_family_arm_lm4_Timer_Object__table__V
20005208   ti_sysbios_knl_Swi_Module_State_0_readyQ__A
20005288   ti_sysbios_knl_Task_Module_State_0_readyQ__A
20005308   ti_sysbios_knl_Task_Module__state__V
2000534c   ti_sysbios_family_arm_lm4_Timer_Module_State_0_device__A
2000538c   ti_sysbios_gates_GateMutex_Object__table__V
200053c4   ti_sysbios_family_arm_m3_Hwi_Module__state__V
200053f8   ti_sysbios_family_arm_m3_Hwi_Object__table__V
20005428   ti_sysbios_knl_Swi_Object__table__V
20005458   ti_sysbios_knl_Clock_Module__state__V
20005484   ti_sysbios_BIOS_Module__state__V
200054c0   __TI_ft_end
200054c4   __aeabi_stdin
200054c8   __aeabi_stdout
200054cc   __aeabi_stderr
200054d8   _lock
200054dc   _unlock
200054e0   __TI_cleanup_ptr
200054e4   __TI_dtors_ptr
200054e8   ti_uia_runtime_QueueDescriptor_gPtrToFirstDescriptor
200054ec   ti_uia_runtime_QueueDescriptor_gUpdateCount
200054f0   _Errno
200054f8   main_func_sp
e000e000   ti_sysbios_family_arm_m3_Hwi_nvic
ffffffff   __binit__
ffffffff   __c_args__
ffffffff   binit
UNDEFED    SHT$$INIT_ARRAY$$Base
UNDEFED    SHT$$INIT_ARRAY$$Limit

[798 symbols]
