******************************************************************************
                  TI ARM Linker PC v5.1.7                      
******************************************************************************
>> Linked Mon Aug 18 20:41:12 2014

OUTPUT FILE NAME:   <central_Estufa.out>
ENTRY POINT SYMBOL: "_c_int00"  address: 0000b325


MEMORY CONFIGURATION

         name            origin    length      used     unused   attr    fill
----------------------  --------  ---------  --------  --------  ----  --------
  FLASH                 00000000   00100000  0001048e  000efb72  R  X
  SRAM                  20000000   00040000  000056e4  0003a91c  RW X


SEGMENT ALLOCATION MAP

run origin  load origin   length   init length attrs members
----------  ----------- ---------- ----------- ----- -------
00000000    00000000    00010490   00010490    r-x
  00000000    00000000    0000003c   0000003c    r-- .resetVecs
  0000003c    0000003c    0000d3dc   0000d3dc    r-x .text
  0000d418    0000d418    00002b6e   00002b6e    r-- .const
  0000ff88    0000ff88    00000508   00000508    r-- .cinit
20000000    20000000    00000360   00000000    rw-
  20000000    20000000    00000360   00000000    rw- .vecs
20000380    20000380    00005384   00000000    rw-
  20000380    20000380    00003ab0   00000000    rw- .bss
  20003e30    20003e30    00001000   00000000    rw- .stack
  20004e30    20004e30    000008d4   00000000    rw- .data


SECTION ALLOCATION MAP

 output                                  attributes/
section   page    origin      length       input sections
--------  ----  ----------  ----------   ----------------
.bootVecs 
*          0    00000000    00000008     DSECT
                  00000000    00000008     boot.aem4f : boot.oem4f (.bootVecs)

.resetVecs 
*          0    00000000    0000003c     
                  00000000    0000003c     principal_pem4f.oem4f (.resetVecs)

xdc.meta   0    00000000    0000010b     COPY SECTION
                  00000000    0000010b     principal_pem4f.oem4f (xdc.meta)

.init_array 
*          0    00000000    00000000     UNINITIALIZED

.text      0    0000003c    0000d3dc     
                  0000003c    00000ec0     rtsv7M4_T_le_v4SPD16_eabi.lib : _printfi.obj (.text)
                  00000efc    00000950                                   : _scanfi.obj (.text)
                  0000184c    000006c4     rtc.obj (.text:ajustarRTC)
                  00001f10    000005f7     i2c_tivaware.aem4f : I2CTiva.oem4f (.text:I2CTiva_hwiFxn)
                  00002507    00000001     --HOLE-- [fill = 0]
                  00002508    00000424     sysbios.aem4f : BIOS.obj (.text:ti_sysbios_family_arm_m3_Hwi_excDumpRegs__I)
                  0000292c    0000033c     ti.targets.arm.rtsarm.aem4f : System.oem4f (.text:xdc_runtime_System_doPrint__I)
                  00002c68    00000310     rtsv7M4_T_le_v4SPD16_eabi.lib : lowlev.obj (.text)
                  00002f78    00000304     sysbios.aem4f : BIOS.obj (.text:ti_sysbios_knl_Semaphore_pend__E)
                  0000327c    000002d4     rtsv7M4_T_le_v4SPD16_eabi.lib : trgdrv.obj (.text)
                  00003550    000002cc     i2c_tivaware.aem4f : I2CTiva.oem4f (.text:I2CTiva_primeTransfer)
                  0000381c    000002ac     principal.obj (.text:consoleFxn)
                  00003ac8    000002a4     uart_tivaware.aem4f : UARTTiva.oem4f (.text:UARTTiva_open)
                  00003d6c    00000248     sysbios.aem4f : BIOS.obj (.text:ti_sysbios_heaps_HeapMem_free__E)
                  00003fb4    0000023c     rtsv7M4_T_le_v4SPD16_eabi.lib : strtod.obj (.text)
                  000041f0    00000234                                   : strtold.obj (.text)
                  00004424    00000234     sysbios.aem4f : BIOS.obj (.text:ti_sysbios_heaps_HeapMem_alloc__E)
                  00004658    00000214     uart_tivaware.aem4f : UARTTiva.oem4f (.text:UARTTiva_write)
                  0000486c    00000208     sysbios.aem4f : BIOS.obj (.text:ti_sysbios_knl_Task_sleep__E)
                  00004a74    000001fc     Boot.aem4f : Boot_sysctl.oem4f (.text:ti_catalog_arm_cortexm4_tiva_ce_Boot_sysCtlClockFreqSetI__I)
                  00004c70    000001f8     uart_tivaware.aem4f : UARTTiva.oem4f (.text:UARTTiva_read)
                  00004e68    000001f8     sysbios.aem4f : BIOS.obj (.text:ti_sysbios_family_arm_m3_Hwi_excHandlerMax__I)
                  00005060    000001f4     rtsv7M4_T_le_v4SPD16_eabi.lib : ull_div_t2.obj (.text)
                  00005254    000001e4                                   : strtoll.obj (.text)
                  00005438    000001d0                                   : fscanf.obj (.text)
                  00005608    000001cc     uart_tivaware.aem4f : UARTTiva.oem4f (.text:UARTTiva_hwiIntFxn)
                  000057d4    000001c4     i2c_tivaware.aem4f : I2CTiva.oem4f (.text:I2CTiva_transfer)
                  00005998    000001c0     rtsv7M4_T_le_v4SPD16_eabi.lib : fopen.obj (.text)
                  00005b58    000001b6                                   : fd_add_t2.obj (.text)
                  00005d0e    00000002     principal_pem4f.oem4f (.text:ti_sysbios_BIOS_nullFunc__I)
                  00005d10    000001b4     i2c_tivaware.aem4f : I2CTiva.oem4f (.text:I2CTiva_completeTransfer)
                  00005ec4    0000018c     sysbios.aem4f : BIOS.obj (.text:ti_sysbios_knl_Task_Module_startup__E)
                  00006050    00000180                   : BIOS.obj (.text:ti_sysbios_family_arm_lm4_Timer_start__E)
                  000061d0    00000178     uart_tivaware.aem4f : UARTTiva.oem4f (.text:writeData)
                  00006348    00000174     i2c_tivaware.aem4f : I2CTiva.oem4f (.text:I2CTiva_open)
                  000064bc    0000016c     rtsv7M4_T_le_v4SPD16_eabi.lib : strtoull.obj (.text)
                  00006628    00000168     uart_tivaware.aem4f : UARTTiva.oem4f (.text:UARTTiva_readPolling)
                  00006790    00000168                         : UARTTiva.oem4f (.text:readData)
                  000068f8    00000168     sysbios.aem4f : BIOS.obj (.text:ti_sysbios_family_arm_m3_Hwi_excBusFault__I)
                  00006a60    0000015c     uart_tivaware.aem4f : UARTTiva.oem4f (.text:UARTTiva_writePolling)
                  00006bbc    00000154     sysbios.aem4f : BIOS.obj (.text:ti_sysbios_family_arm_m3_Hwi_excUsageFault__I)
                  00006d10    00000148     rtc.obj (.text:lerRTC)
                  00006e58    00000140     sysbios.aem4f : BIOS.obj (.text:ti_sysbios_family_arm_lm4_TimestampProvider_get64__E)
                  00006f98    00000140                   : BIOS.obj (.text:ti_sysbios_family_arm_m3_Hwi_excMemFault__I)
                  000070d8    0000013c     principal.obj (.text:main)
                  00007214    0000013c     sysbios.aem4f : BIOS.obj (.text:ti_sysbios_family_arm_m3_Hwi_dispatchC__I)
                  00007350    00000138                   : BIOS.obj (.text:ti_sysbios_heaps_HeapMem_Instance_init__E)
                  00007488    00000138                   : BIOS.obj (.text:ti_sysbios_knl_Semaphore_post__E)
                  000075c0    00000136     rtsv7M4_T_le_v4SPD16_eabi.lib : fd_div_t2.obj (.text)
                  000076f6    00000002     sysbios.aem4f : BIOS.obj (.text:ti_sysbios_gates_GateHwi_Instance_init__E)
                  000076f8    00000134     rtsv7M4_T_le_v4SPD16_eabi.lib : fputs.obj (.text)
                  0000782c    00000130     driverlib.lib : gpio.obj (.text:GPIOPadConfigSet)
                  0000795c    00000130     rtsv7M4_T_le_v4SPD16_eabi.lib : strtol.obj (.text)
                  00007a8c    00000130     principal_pem4f.oem4f (.text:ti_uia_loggers_LoggerStopMode_writeMemoryRange__E)
                  00007bbc    0000012c     sysbios.aem4f : BIOS.obj (.text:ti_sysbios_knl_Clock_workFunc__E)
                  00007ce8    00000120                   : BIOS.obj (.text:ti_sysbios_knl_Swi_run__I)
                  00007e08    00000120     ti.targets.arm.rtsarm.aem4f : Error.oem4f (.text:xdc_runtime_Error_policyDefault__E)
                  00007f28    0000011c     principal_pem4f.oem4f (.text:ti_uia_loggers_LoggerStopMode_write8__E)
                  00008044    00000110     rtsv7M4_T_le_v4SPD16_eabi.lib : strtoul.obj (.text)
                  00008154    00000104     UARTUtils.obj (.text:openHandle)
                  00008258    00000104     principal_pem4f.oem4f (.text:ti_uia_loggers_LoggerStopMode_write4__E)
                  0000835c    00000104     ti.targets.arm.rtsarm.aem4f : Core-mem.oem4f (.text:xdc_runtime_Core_createObject__I)
                  00008460    00000104     principal_pem4f.oem4f (.text:xdc_runtime_System_printfExtend__I)
                  00008564    000000fc     rtsv7M4_T_le_v4SPD16_eabi.lib : fd_mul_t2.obj (.text)
                  00008660    000000fc     ti.targets.arm.rtsarm.aem4f : Startup.oem4f (.text:xdc_runtime_Startup_startMods__I)
                  0000875c    000000f8     principal_pem4f.oem4f (.text:ti_uia_loggers_LoggerStopMode_write2__E)
                  00008854    000000f4     gpio_tivaware.aem4f : GPIO.oem4f (.text:GPIO_toggle)
                  00008948    000000f4     sysbios.aem4f : m3_Hwi_asm.obj (.text:ti_sysbios_family_arm_m3_Hwi_dispatch__I)
                  00008a3c    000000f4     principal_pem4f.oem4f (.text:ti_uia_loggers_LoggerStopMode_write1__E)
                  00008b30    000000e8     gpio_tivaware.aem4f : GPIO.oem4f (.text:GPIO_write)
                  00008c18    000000e8     principal_pem4f.oem4f (.text:ti_uia_loggers_LoggerStopMode_write0__E)
                  00008d00    000000dc     rtsv7M4_T_le_v4SPD16_eabi.lib : setvbuf.obj (.text)
                  00008ddc    000000cc     EK_TM4C1294XL.obj (.text:EK_TM4C1294XL_initI2C)
                  00008ea8    000000cc     ti.targets.arm.rtsarm.aem4f : Core-smem.oem4f (.text:xdc_runtime_Core_constructObject__I)
                  00008f74    000000c8     sysbios.aem4f : BIOS.obj (.text:ti_sysbios_knl_Task_schedule__I)
                  0000903c    000000c4                   : BIOS.obj (.text:ti_sysbios_family_arm_m3_Hwi_Module_startup__E)
                  00009100    000000c0     i2c_tivaware.aem4f : I2CTiva.oem4f (.text:I2CTiva_close)
                  000091c0    000000c0     uart_tivaware.aem4f : UARTTiva.oem4f (.text:UARTTiva_writeCancel)
                  00009280    000000c0     rtsv7M4_T_le_v4SPD16_eabi.lib : fflush.obj (.text)
                  00009340    000000c0     sysbios.aem4f : BIOS.obj (.text:ti_sysbios_family_arm_lm4_TimestampProvider_get32__E)
                  00009400    000000bc     uart_tivaware.aem4f : UARTTiva.oem4f (.text:UARTTiva_readCancel)
                  000094bc    000000bc     sysbios.aem4f : BIOS.obj (.text:ti_sysbios_knl_Task_startCore__E)
                  00009578    000000b8     EK_TM4C1294XL.obj (.text:EK_TM4C1294XL_initGeneral)
                  00009630    000000b4     sysbios.aem4f : BIOS.obj (.text:ti_sysbios_family_arm_m3_Hwi_excHardFault__I)
                  000096e4    000000b4                   : BIOS.obj (.text:ti_sysbios_gates_GateMutex_enter__E)
                  00009798    000000b4                   : BIOS.obj (.text:ti_sysbios_knl_Task_checkStacks__E)
                  0000984c    000000b0                   : BIOS.obj (.text:ti_sysbios_family_arm_m3_Hwi_excDebugMon__I)
                  000098fc    000000b0                   : BIOS.obj (.text:ti_sysbios_utils_Load_idleFxn__E)
                  000099ac    000000ac     rtsv7M4_T_le_v4SPD16_eabi.lib : _io_perm.obj (.text)
                  00009a58    000000ac     sysbios.aem4f : BIOS.obj (.text:ti_sysbios_family_arm_lm4_Timer_enableTiva__I)
                  00009b04    000000a8     EK_TM4C1294XL.obj (.text:EK_TM4C1294XL_initUART)
                  00009bac    000000a8     sysbios.aem4f : BIOS.obj (.text:ti_sysbios_family_arm_lm4_Timer_enableTimers__I)
                  00009c54    000000a8                   : BIOS.obj (.text:ti_sysbios_knl_Swi_post__E)
                  00009cfc    000000a8                   : BIOS.obj (.text:ti_sysbios_knl_Task_blockI__E)
                  00009da4    000000a8                   : BIOS.obj (.text:ti_sysbios_utils_Load_updateLoads__E)
                  00009e4c    000000a0     uart_tivaware.aem4f : UARTTiva.oem4f (.text:UARTTiva_close)
                  00009eec    000000a0     auto_init.aem4f : auto_init.oem4f (.text)
                  00009f8c    000000a0     sysbios.aem4f : BIOS.obj (.text:ti_sysbios_family_arm_m3_Hwi_Instance_init__E)
                  0000a02c    0000009c     rtsv7M4_T_le_v4SPD16_eabi.lib : _bufread.obj (.text)
                  0000a0c8    0000009c                                   : fputc.obj (.text)
                  0000a164    0000009c                                   : memcpy_t2.obj (.text)
                  0000a200    0000009c     sysbios.aem4f : BIOS.obj (.text:ti_sysbios_knl_Semaphore_Instance_init__E)
                  0000a29c    0000009a     ti.targets.arm.rtsarm.aem4f : Text.oem4f (.text:xdc_runtime_Text_putSite__E)
                  0000a336    00000002     principal_pem4f.oem4f (.text:ti_uia_loggers_LoggerStopMode_setFilterLevel__E)
                  0000a338    00000098     rtsv7M4_T_le_v4SPD16_eabi.lib : fclose.obj (.text)
                  0000a3d0    00000098     sysbios.aem4f : BIOS.obj (.text:ti_sysbios_knl_Task_exit__E)
                  0000a468    00000094     i2c_tivaware.aem4f : I2CTiva.oem4f (.text:I2CTiva_blockingCallback)
                  0000a4fc    00000094     rtsv7M4_T_le_v4SPD16_eabi.lib : fgetc.obj (.text)
                  0000a590    00000094     Boot.aem4f : Boot.oem4f (.text:ti_catalog_arm_cortexm4_tiva_ce_Boot_sysCtlClockFreqSet__E)
                  0000a624    00000094     sysbios.aem4f : BIOS.obj (.text:ti_sysbios_knl_Task_unblockI__E)
                  0000a6b8    00000094     ti.targets.arm.rtsarm.aem4f : Text.oem4f (.text:xdc_runtime_Text_putMod__E)
                  0000a74c    00000090     ti.uia.loggers.aem4f : LoggerStopMode.oem4f (.text:ti_uia_loggers_LoggerStopMode_initQueueDescriptor__E)
                  0000a7dc    0000008c     UARTUtils.obj (.text:UARTUtils_systemInit)
                  0000a868    0000008c     sysbios.aem4f : BIOS.obj (.text:ti_sysbios_family_arm_m3_Hwi_initNVIC__E)
                  0000a8f4    0000008c                   : m3_TaskSupport_asm.obj (.text:ti_sysbios_family_arm_m3_TaskSupport_buildTaskStack)
                  0000a980    00000086     rtsv7M4_T_le_v4SPD16_eabi.lib : fd_cmp_t2.obj (.text:__aeabi_cdcmple)
                  0000aa06    00000086                                   : fd_cmp_t2.obj (.text:__aeabi_cdrcmple)
                  0000aa8c    00000080                                   : ungetc.obj (.text)
                  0000ab0c    0000007c     sysbios.aem4f : BIOS.obj (.text:ti_sysbios_utils_Load_logLoads__I)
                  0000ab88    00000078     rtsv7M4_T_le_v4SPD16_eabi.lib : memset_t2.obj (.text)
                  0000ac00    00000070                                   : printf.obj (.text)
                  0000ac70    00000070     sysbios.aem4f : BIOS.obj (.text:ti_sysbios_family_arm_m3_Hwi_postInit__I)
                  0000ace0    00000070     ti.uia.runtime.aem4f : QueueDescriptor.oem4f (.text:ti_uia_runtime_QueueDescriptor_addToList__E)
                  0000ad50    00000070     ti.targets.arm.rtsarm.aem4f : Memory.oem4f (.text:xdc_runtime_Memory_alloc__E)
                  0000adc0    0000006c     sysbios.aem4f : BIOS.obj (.text:ti_sysbios_utils_Load_updateThreadContexts__E)
                  0000ae2c    0000006c     ti.targets.arm.rtsarm.aem4f : Error.oem4f (.text:xdc_runtime_Error_print__E)
                  0000ae98    0000006a     ti.uia.loggers.aem4f : LoggerStopMode.oem4f (.text:ti_uia_loggers_LoggerStopMode_flush__E)
                  0000af02    00000066     ti.targets.arm.rtsarm.aem4f : Core-mem.oem4f (.text:xdc_runtime_Core_deleteObject__I)
                  0000af68    00000064     rtsv7M4_T_le_v4SPD16_eabi.lib : fseek.obj (.text)
                  0000afcc    00000064     sysbios.aem4f : BIOS.obj (.text:ti_sysbios_utils_Load_logCPULoad__I)
                  0000b030    00000060     rtsv7M4_T_le_v4SPD16_eabi.lib : trgmsg.obj (.text)
                  0000b090    00000060     sysbios.aem4f : BIOS.obj (.text:ti_sysbios_family_arm_lm4_Timer_isrStub__E)
                  0000b0f0    00000060                   : BIOS.obj (.text:ti_sysbios_knl_Clock_logTick__E)
                  0000b150    00000060     ti.targets.arm.rtsarm.aem4f : System.oem4f (.text:xdc_runtime_System_formatNum__I)
                  0000b1b0    0000005e     rtsv7M4_T_le_v4SPD16_eabi.lib : copy_decompress_rle.obj (.text)
                  0000b20e    00000002     ti.uia.loggers.aem4f : LoggerStopMode.oem4f (.text:ti_uia_loggers_LoggerStopMode_setPriority__E)
                  0000b210    0000005c     sysbios.aem4f : BIOS.obj (.text:ti_sysbios_family_arm_lm4_Timer_Module_startup__E)
                  0000b26c    0000005b     ti.targets.arm.rtsarm.aem4f : Text.oem4f (.text:xdc_runtime_Text_putLab__E)
                  0000b2c7    00000001     --HOLE-- [fill = 0]
                  0000b2c8    0000005a     rtsv7M4_T_le_v4SPD16_eabi.lib : ltoa.obj (.text)
                  0000b322    00000002     principal_pem4f.oem4f (.text:xdc_runtime_Startup_reset__I)
                  0000b324    00000058     boot.aem4f : boot.oem4f (.text)
                  0000b37c    00000058     principal_pem4f.oem4f (.text:ti_sysbios_family_arm_m3_Hwi_construct)
                  0000b3d4    00000058     sysbios.aem4f : m3_Hwi_asm_switch.obj (.text:ti_sysbios_family_arm_m3_Hwi_initStacks__E)
                  0000b42c    00000058                   : BIOS.obj (.text:ti_sysbios_knl_Swi_restoreHwi__E)
                  0000b484    00000058                   : BIOS.obj (.text:ti_sysbios_knl_Swi_schedule__I)
                  0000b4dc    00000050     Boot.aem4f : Boot_sysctl.oem4f (.text:_SysCtlFrequencyGet)
                  0000b52c    00000050     sysbios.aem4f : BIOS.obj (.text:ti_sysbios_utils_Load_updateCurrentThreadTime__E)
                  0000b57c    00000050     ti.targets.arm.rtsarm.aem4f : Startup.oem4f (.text:xdc_runtime_Startup_exec__E)
                  0000b5cc    00000050                                 : Text.oem4f (.text:xdc_runtime_Text_visitRope2__I)
                  0000b61c    0000004c     rtsv7M4_T_le_v4SPD16_eabi.lib : atoi.obj (.text)
                  0000b668    0000004c     sysbios.aem4f : BIOS.obj (.text:ti_sysbios_knl_Swi_runLoop__I)
                  0000b6b4    0000004c     ti.uia.loggers.aem4f : LoggerStopMode.oem4f (.text:ti_uia_loggers_LoggerStopMode_Module_startup__E)
                  0000b700    0000004a     rtsv7M4_T_le_v4SPD16_eabi.lib : fd_tos_t2.obj (.text)
                  0000b74a    00000002     --HOLE-- [fill = 0]
                  0000b74c    00000048     driverlib.lib : gpio.obj (.text:GPIOPinConfigure)
                  0000b794    00000048                   : i2c.obj (.text:I2CMasterInitExpClk)
                  0000b7dc    00000048     i2c_tivaware.aem4f : I2C.oem4f (.text:I2C_open)
                  0000b824    00000048     uart_tivaware.aem4f : UART.oem4f (.text:UART_open)
                  0000b86c    00000048     rtsv7M4_T_le_v4SPD16_eabi.lib : fd_toi_t2.obj (.text)
                  0000b8b4    00000048     sysbios.aem4f : BIOS.obj (.text:ti_sysbios_family_arm_m3_Hwi_excReserved__I)
                  0000b8fc    00000048                   : BIOS.obj (.text:ti_sysbios_heaps_HeapMem_getStats__E)
                  0000b944    00000048     ti.uia.loggers.aem4f : LoggerStopMode.oem4f (.text:ti_uia_loggers_LoggerStopMode_initBuffer__I)
                  0000b98c    00000048     ti.targets.arm.rtsarm.aem4f : Assert.oem4f (.text:xdc_runtime_Assert_raise__I)
                  0000b9d4    00000046                                 : Core-params.oem4f (.text:xdc_runtime_Core_assignParams__I)
                  0000ba1a    00000002     --HOLE-- [fill = 0]
                  0000ba1c    00000044     rtsv7M4_T_le_v4SPD16_eabi.lib : cpy_tbl.obj (.text)
                  0000ba60    00000044                                   : exit.obj (.text)
                  0000baa4    00000044                                   : xdtest.obj (.text)
                  0000bae8    00000044     sysbios.aem4f : BIOS.obj (.text:ti_sysbios_family_arm_lm4_Timer_stop__E)
                  0000bb2c    00000044                   : BIOS.obj (.text:ti_sysbios_family_arm_m3_Hwi_disableInterrupt__E)
                  0000bb70    00000044                   : BIOS.obj (.text:ti_sysbios_family_arm_m3_Hwi_enableInterrupt__E)
                  0000bbb4    00000044                   : BIOS.obj (.text:ti_sysbios_knl_Task_allBlockedFunction__I)
                  0000bbf8    00000044     ti.targets.arm.rtsarm.aem4f : Error.oem4f (.text:xdc_runtime_Error_setX__E)
                  0000bc3c    00000044                                 : SysMin.oem4f (.text:xdc_runtime_SysMin_flush__E)
                  0000bc80    00000042     driverlib.lib : uart.obj (.text:UARTConfigSetExpClk)
                  0000bcc2    00000042     rtsv7M4_T_le_v4SPD16_eabi.lib : u_divt2.obj (.text)
                  0000bd04    00000040     sysbios.aem4f : BIOS.obj (.text:ti_sysbios_family_arm_lm4_Timer_startup__E)
                  0000bd44    0000003c     i2c_tivaware.aem4f : I2C.oem4f (.text:I2C_close)
                  0000bd80    0000003c     uart_tivaware.aem4f : UART.oem4f (.text:UART_close)
                  0000bdbc    0000003c     sysbios.aem4f : BIOS.obj (.text:ti_sysbios_family_arm_m3_Hwi_excSvCall__I)
                  0000bdf8    0000003c                   : BIOS.obj (.text:ti_sysbios_family_arm_m3_Hwi_getStackInfo__E)
                  0000be34    0000003c                   : BIOS.obj (.text:ti_sysbios_heaps_HeapMem_init__I)
                  0000be70    0000003c                   : BIOS.obj (.text:ti_sysbios_knl_Swi_startup__E)
                  0000beac    0000003c     ti.targets.arm.rtsarm.aem4f : Text.oem4f (.text:xdc_runtime_Text_xprintf__I)
                  0000bee8    00000038     i2c_tivaware.aem4f : I2C.oem4f (.text:I2C_init)
                  0000bf20    00000038                        : I2C.oem4f (.text:I2C_transfer)
                  0000bf58    00000038     uart_tivaware.aem4f : UART.oem4f (.text:UART_init)
                  0000bf90    00000038     sysbios.aem4f : BIOS.obj (.text:ti_sysbios_family_arm_m3_Hwi_excNoIsr__I)
                  0000bfc8    00000038                   : BIOS.obj (.text:ti_sysbios_family_arm_m3_TaskSupport_start__E)
                  0000c000    00000038                   : BIOS.obj (.text:ti_sysbios_knl_Task_processVitalTaskFlag__I)
                  0000c038    00000038     ti.targets.arm.rtsarm.aem4f : SysMin.oem4f (.text:xdc_runtime_SysMin_putch__E)
                  0000c070    00000038                                 : System.oem4f (.text:xdc_runtime_System_atexit__E)
                  0000c0a8    00000034     driverlib.lib : sysctl.obj (.text:SysCtlPeripheralEnable)
                  0000c0dc    00000034     UARTUtils.obj (.text:UARTUtils_deviceread)
                  0000c110    00000034     UARTUtils.obj (.text:UARTUtils_devicewrite)
                  0000c144    00000034     uart_tivaware.aem4f : UART.oem4f (.text:UART_Params_init)
                  0000c178    00000034                         : UART.oem4f (.text:UART_read)
                  0000c1ac    00000034                         : UART.oem4f (.text:UART_write)
                  0000c1e0    00000034     UARTUtils.obj (.text:closeHandle)
                  0000c214    00000034     sysbios.aem4f : BIOS.obj (.text:ti_sysbios_family_arm_m3_Hwi_excNmi__I)
                  0000c248    00000034                   : BIOS.obj (.text:ti_sysbios_hal_Hwi_checkStack)
                  0000c27c    00000034     ti.uia.loggers.aem4f : LoggerStopMode.oem4f (.text:ti_uia_loggers_LoggerStopMode_reset__E)
                  0000c2b0    00000034     ti.targets.arm.rtsarm.aem4f : Core-label.oem4f (.text:xdc_runtime_Core_assignLabel__I)
                  0000c2e4    00000033                                 : Text.oem4f (.text:xdc_runtime_Text_printVisFxn__I)
                  0000c317    00000001     --HOLE-- [fill = 0]
                  0000c318    00000032     rtc.obj (.text:bcd2dec)
                  0000c34a    00000032     sysbios.aem4f : BIOS.obj (.text:ti_sysbios_knl_Semaphore_pendTimeout__I)
                  0000c37c    00000030     i2c_tivaware.aem4f : I2C.oem4f (.text:I2C_Params_init)
                  0000c3ac    00000030     rtsv7M4_T_le_v4SPD16_eabi.lib : strncpy.obj (.text)
                  0000c3dc    00000030     principal_pem4f.oem4f (.text:ti_sysbios_BIOS_atExitFunc__I)
                  0000c40c    00000030     principal_pem4f.oem4f (.text:ti_sysbios_gates_GateHwi_Object__create__S)
                  0000c43c    00000030     principal_pem4f.oem4f (.text:ti_sysbios_gates_GateMutex_Object__create__S)
                  0000c46c    00000030     principal_pem4f.oem4f (.text:ti_sysbios_heaps_HeapMem_Object__create__S)
                  0000c49c    00000030     principal_pem4f.oem4f (.text:ti_sysbios_knl_Semaphore_construct)
                  0000c4cc    00000030     principal_pem4f.oem4f (.text:ti_uia_loggers_LoggerStopMode_Object__create__S)
                  0000c4fc    00000030     ti.targets.arm.rtsarm.aem4f : SysMin.oem4f (.text:xdc_runtime_SysMin_abort__E)
                  0000c52c    00000030                                 : System.oem4f (.text:xdc_runtime_System_processAtExit__E)
                  0000c55c    0000002e     UARTUtils.obj (.text:UARTUtils_deviceopen)
                  0000c58a    0000002e     principal_pem4f.oem4f (.text:malloc)
                  0000c5b8    0000002e     rtsv7M4_T_le_v4SPD16_eabi.lib : i_tofd_t2.obj (.text)
                  0000c5e6    00000002     --HOLE-- [fill = 0]
                  0000c5e8    0000002c     EK_TM4C1294XL.obj (.text:EK_TM4C1294XL_initGPIO)
                  0000c614    0000002c     Boot.aem4f : Boot_sysctl.oem4f (.text:_SysCtlMemTimingGet)
                  0000c640    0000002c     sysbios.aem4f : BIOS.obj (.text:ti_sysbios_hal_Hwi_initStack)
                  0000c66c    0000002c     principal_pem4f.oem4f (.text:ti_sysbios_knl_Clock_doTick__I)
                  0000c698    0000002c     principal_pem4f.oem4f (.text:ti_sysbios_knl_Queue_construct)
                  0000c6c4    0000002c     sysbios.aem4f : BIOS.obj (.text:ti_sysbios_knl_Task_restore__E)
                  0000c6f0    0000002c     ti.targets.arm.rtsarm.aem4f : Text.oem4f (.text:xdc_runtime_Text_cordText__E)
                  0000c71c    0000002a     driverlib.lib : gpio.obj (.text:GPIODirModeSet)
                  0000c746    0000002a     ti.targets.arm.rtsarm.aem4f : System.oem4f (.text:xdc_runtime_System_putchar__I)
                  0000c770    00000028     sysbios.aem4f : BIOS.obj (.text:ti_sysbios_family_arm_m3_Hwi_Instance_finalize__E)
                  0000c798    00000026                   : m3_Hwi_asm.obj (.text:ti_sysbios_family_arm_m3_Hwi_pendSV__I)
                  0000c7be    00000026     ti.targets.arm.rtsarm.aem4f : System.oem4f (.text:xdc_runtime_System_avprintf__E)
                  0000c7e4    00000024     gpio_tivaware.aem4f : GPIO.oem4f (.text:GPIO_init)
                  0000c808    00000024     rtc.obj (.text:bin2bcd)
                  0000c82c    00000024     principal_pem4f.oem4f (.text:ti_sysbios_BIOS_errorRaiseHook__I)
                  0000c850    00000024     principal_pem4f.oem4f (.text:ti_sysbios_BIOS_registerRTSLock__I)
                  0000c874    00000024     principal_pem4f.oem4f (.text:ti_sysbios_BIOS_removeRTSLock__I)
                  0000c898    00000024     principal_pem4f.oem4f (.text:ti_sysbios_BIOS_startFunc__I)
                  0000c8bc    00000024     sysbios.aem4f : BIOS.obj (.text:ti_sysbios_family_arm_m3_Hwi_doTaskRestore__I)
                  0000c8e0    00000024     principal_pem4f.oem4f (.text:ti_sysbios_gates_GateMutex_Object__delete__S)
                  0000c904    00000024     sysbios.aem4f : BIOS.obj (.text:ti_sysbios_knl_Clock_Module_startup__E)
                  0000c928    00000024                   : BIOS.obj (.text:ti_sysbios_knl_Swi_Module_startup__E)
                  0000c94c    00000024     ti.targets.arm.rtsarm.aem4f : System.oem4f (.text:xdc_runtime_System_vprintf__E)
                  0000c970    00000022     sysbios.aem4f : BIOS.obj (.text:ti_sysbios_family_arm_lm4_Timer_write__I)
                  0000c992    00000022     principal_pem4f.oem4f (.text:xdc_runtime_SysMin_output__I)
                  0000c9b4    00000020     sysbios.aem4f : m3_Hwi_asm.obj (.text:ti_sysbios_family_arm_m3_Hwi_excHandlerAsm__I)
                  0000c9d4    00000020                   : BIOS.obj (.text:ti_sysbios_family_arm_m3_Hwi_excHandler__I)
                  0000c9f4    00000020     principal_pem4f.oem4f (.text:ti_sysbios_gates_GateHwi_Object__delete__S)
                  0000ca14    00000020     principal_pem4f.oem4f (.text:ti_sysbios_heaps_HeapMem_Object__delete__S)
                  0000ca34    00000020     sysbios.aem4f : BIOS.obj (.text:ti_sysbios_knl_Idle_run__E)
                  0000ca54    00000020     principal_pem4f.oem4f (.text:ti_sysbios_knl_Semaphore_Object__destruct__S)
                  0000ca74    00000020     sysbios.aem4f : BIOS.obj (.text:ti_sysbios_knl_Task_enter__I)
                  0000ca94    00000020     principal_pem4f.oem4f (.text:ti_uia_loggers_LoggerStopMode_Object__delete__S)
                  0000cab4    00000020     ti.targets.arm.rtsarm.aem4f : Registry.oem4f (.text:xdc_runtime_Registry_findById__E)
                  0000cad4    00000020                                 : SysMin.oem4f (.text:xdc_runtime_SysMin_Module_startup__E)
                  0000caf4    0000001e     sysbios.aem4f : m3_Hwi_asm_switch.obj (.text:ti_sysbios_family_xxx_Hwi_switchAndRunFunc)
                  0000cb12    00000002     --HOLE-- [fill = 0]
                  0000cb14    0000001c     driverlib.lib : uart.obj (.text:UARTDisable)
                  0000cb30    0000001c     rtsv7M4_T_le_v4SPD16_eabi.lib : memccpy.obj (.text)
                  0000cb4c    0000001c     principal_pem4f.oem4f (.text:ti_sysbios_BIOS_rtsLock__I)
                  0000cb68    0000001c     principal_pem4f.oem4f (.text:ti_sysbios_family_arm_m3_Hwi_Object__destruct__S)
                  0000cb84    0000001c     sysbios.aem4f : BIOS.obj (.text:ti_sysbios_gates_GateMutex_Instance_init__E)
                  0000cba0    0000001c     principal_pem4f.oem4f (.text:ti_sysbios_knl_Queue_Object__destruct__S)
                  0000cbbc    0000001c     ti.targets.arm.rtsarm.aem4f : Error.oem4f (.text:xdc_runtime_Error_raiseX__E)
                  0000cbd8    0000001c                                 : Memory.oem4f (.text:xdc_runtime_Memory_valloc__E)
                  0000cbf4    0000001c                                 : SysMin.oem4f (.text:xdc_runtime_SysMin_exit__E)
                  0000cc10    0000001c                                 : System.oem4f (.text:xdc_runtime_System_abort__E)
                  0000cc2c    0000001a     principal_pem4f.oem4f (.text:ti_sysbios_family_arm_m3_Hwi_Handle__label__S)
                  0000cc46    0000001a     principal_pem4f.oem4f (.text:ti_sysbios_gates_GateHwi_Handle__label__S)
                  0000cc60    0000001a     principal_pem4f.oem4f (.text:ti_sysbios_gates_GateMutex_Handle__label__S)
                  0000cc7a    0000001a     principal_pem4f.oem4f (.text:ti_sysbios_heaps_HeapMem_Handle__label__S)
                  0000cc94    0000001a     principal_pem4f.oem4f (.text:ti_sysbios_knl_Swi_Handle__label__S)
                  0000ccae    0000001a     principal_pem4f.oem4f (.text:ti_sysbios_knl_Task_Handle__label__S)
                  0000ccc8    0000001a     sysbios.aem4f : BIOS.obj (.text:ti_sysbios_knl_Task_sleepTimeout__I)
                  0000cce2    0000001a     principal_pem4f.oem4f (.text:ti_uia_loggers_LoggerStopMode_Handle__label__S)
                  0000ccfc    0000001a     ti.uia.loggers.aem4f : LoggerStopMode.oem4f (.text:ti_uia_loggers_LoggerStopMode_Instance_init__E)
                  0000cd16    0000001a     principal_pem4f.oem4f (.text:xdc_runtime_System_aprintf__E)
                  0000cd30    0000001a     principal_pem4f.oem4f (.text:xdc_runtime_System_printf__E)
                  0000cd4a    00000018     driverlib.lib : gpio.obj (.text:GPIOPinTypeGPIOOutput)
                  0000cd62    00000018     UARTUtils.obj (.text:UARTUtils_deviceclose)
                  0000cd7a    00000018     principal_pem4f.oem4f (.text:free)
                  0000cd92    00000002     --HOLE-- [fill = 0]
                  0000cd94    00000018     rtsv7M4_T_le_v4SPD16_eabi.lib : args_main.obj (.text)
                  0000cdac    00000018                                   : ll_mul_t2.obj (.text)
                  0000cdc4    00000018                                   : strcmp.obj (.text)
                  0000cddc    00000018                                   : strrchr.obj (.text)
                  0000cdf4    00000018     principal_pem4f.oem4f (.text:ti_sysbios_BIOS_rtsUnlock__I)
                  0000ce0c    00000018     principal_pem4f.oem4f (.text:ti_sysbios_family_arm_lm4_Timer_Module__startupDone__F)
                  0000ce24    00000018     principal_pem4f.oem4f (.text:ti_sysbios_family_arm_m3_Hwi_Module__startupDone__F)
                  0000ce3c    00000018     sysbios.aem4f : m3_TaskSupport_asm.obj (.text:ti_sysbios_family_arm_m3_TaskSupport_swap__E)
                  0000ce54    00000018                   : BIOS.obj (.text:ti_sysbios_gates_GateMutex_leave__E)
                  0000ce6c    00000018     ti.targets.arm.rtsarm.aem4f : Error.oem4f (.text:xdc_runtime_Error_check__E)
                  0000ce84    00000018                                 : System.oem4f (.text:xdc_runtime_System_exit__E)
                  0000ce9c    00000018                                 : Text.oem4f (.text:xdc_runtime_Text_ropeText__E)
                  0000ceb4    00000016     driverlib.lib : i2c.obj (.text:I2CMasterErr)
                  0000ceca    00000016     rtsv7M4_T_le_v4SPD16_eabi.lib : memchr.obj (.text)
                  0000cee0    00000016                                   : strchr.obj (.text)
                  0000cef6    00000016     principal_pem4f.oem4f (.text:ti_sysbios_BIOS_exitFunc__I)
                  0000cf0c    00000016     ti.uia.loggers.aem4f : LoggerStopMode.oem4f (.text:ti_uia_loggers_LoggerStopMode_disable__E)
                  0000cf22    00000016                          : LoggerStopMode.oem4f (.text:ti_uia_loggers_LoggerStopMode_enable__E)
                  0000cf38    00000014     driverlib.lib : uart.obj (.text:UARTEnable)
                  0000cf4c    00000014     principal.obj (.text:heartBeatFxn)
                  0000cf60    00000014     rtsv7M4_T_le_v4SPD16_eabi.lib : _lock.obj (.text)
                  0000cf74    00000014                                   : strlen.obj (.text)
                  0000cf88    00000014     principal_pem4f.oem4f (.text:ti_sysbios_family_arm_m3_Hwi_Object__get__S)
                  0000cf9c    00000014     sysbios.aem4f : BIOS.obj (.text:ti_sysbios_family_arm_m3_Hwi_switchFromBootStack__E)
                  0000cfb0    00000014     principal_pem4f.oem4f (.text:ti_sysbios_heaps_HeapMem_Object__get__S)
                  0000cfc4    00000014     principal_pem4f.oem4f (.text:ti_sysbios_knl_Swi_Object__get__S)
                  0000cfd8    00000012     driverlib.lib : gpio.obj (.text:GPIOPinTypeGPIOInput)
                  0000cfea    00000012                   : gpio.obj (.text:GPIOPinTypeI2C)
                  0000cffc    00000012                   : gpio.obj (.text:GPIOPinTypeI2CSCL)
                  0000d00e    00000012                   : gpio.obj (.text:GPIOPinTypeUART)
                  0000d020    00000012     UARTUtils.obj (.text:UARTUtils_devicelseek)
                  0000d032    00000012     rtsv7M4_T_le_v4SPD16_eabi.lib : copy_zero_init.obj (.text:decompress:ZI)
                  0000d044    00000012                                   : xdclass.obj (.text)
                  0000d056    00000012     sysbios.aem4f : BIOS.obj (.text:ti_sysbios_hal_Hwi_Module_startup__E)
                  0000d068    00000012     principal_pem4f.oem4f (.text:xdc_runtime_Startup_exec__I)
                  0000d07a    00000002     --HOLE-- [fill = 0]
                  0000d07c    00000010     principal_pem4f.oem4f (.text:.bootCodeSection:ti_catalog_arm_cortexm4_tiva_ce_Boot_init__I)
                  0000d08c    00000010     UARTUtils.obj (.text:UARTUtils_devicerename)
                  0000d09c    00000010     rtsv7M4_T_le_v4SPD16_eabi.lib : strcpy.obj (.text)
                  0000d0ac    00000010     sysbios.aem4f : BIOS.obj (.text:ti_sysbios_BIOS_getCpuFreq__E)
                  0000d0bc    00000010                   : BIOS.obj (.text:ti_sysbios_BIOS_setThreadType__E)
                  0000d0cc    00000010                   : BIOS.obj (.text:ti_sysbios_BIOS_start__E)
                  0000d0dc    00000010                   : BIOS.obj (.text:ti_sysbios_family_arm_lm4_TimestampProvider_rolloverFunc__E)
                  0000d0ec    00000010                   : m3_TaskSupport_asm.obj (.text:ti_sysbios_family_arm_m3_TaskSupport_glue)
                  0000d0fc    00000010                   : BIOS.obj (.text:ti_sysbios_gates_GateMutex_Instance_finalize__E)
                  0000d10c    00000010                   : BIOS.obj (.text:ti_sysbios_knl_Semaphore_Instance_finalize__E)
                  0000d11c    00000010                   : BIOS.obj (.text:ti_sysbios_knl_Swi_disable__E)
                  0000d12c    00000010     principal_pem4f.oem4f (.text:ti_sysbios_knl_Task_Object__get__S)
                  0000d13c    00000010     sysbios.aem4f : BIOS.obj (.text:ti_sysbios_knl_Task_disable__E)
                  0000d14c    00000010     principal_pem4f.oem4f (.text:ti_uia_loggers_LoggerStopMode_Object__get__S)
                  0000d15c    00000010     ti.uia.loggers.aem4f : LoggerStopMode.oem4f (.text:ti_uia_loggers_LoggerStopMode_isEmpty__E)
                  0000d16c    00000010     ti.targets.arm.rtsarm.aem4f : Gate.oem4f (.text:xdc_runtime_Gate_leaveSystem__E)
                  0000d17c    00000010                                 : Memory.oem4f (.text:xdc_runtime_Memory_free__E)
                  0000d18c    00000010                                 : SysMin.oem4f (.text:xdc_runtime_SysMin_ready__E)
                  0000d19c    00000010                                 : System.oem4f (.text:xdc_runtime_System_vsnprintf__E)
                  0000d1ac    00000010     principal_pem4f.oem4f (.text:xdc_runtime_Text_visitRope__I)
                  0000d1bc    0000000e     driverlib.lib : uart.obj (.text:UARTCharGetNonBlocking)
                  0000d1ca    0000000e                   : uart.obj (.text:UARTCharPutNonBlocking)
                  0000d1d8    0000000e     UARTUtils.obj (.text:UARTUtils_deviceunlink)
                  0000d1e6    0000000e     rtsv7M4_T_le_v4SPD16_eabi.lib : copy_decompress_none.obj (.text:decompress:none)
                  0000d1f4    0000000e     sysbios.aem4f : BIOS.obj (.text:ti_sysbios_knl_Queue_empty__E)
                  0000d202    0000000c                   : BIOS.obj (.text:ti_sysbios_family_arm_lm4_Timer_getMaxTicks__E)
                  0000d20e    00000002     --HOLE-- [fill = 0]
                  0000d210    0000000c                   : BIOS.obj (.text:ti_sysbios_family_arm_lm4_TimestampProvider_startTimer__E)
                  0000d21c    0000000c     principal_pem4f.oem4f (.text:ti_sysbios_family_arm_m3_Hwi_Params__init__S)
                  0000d228    0000000c     sysbios.aem4f : BIOS.obj (.text:ti_sysbios_family_arm_m3_Hwi_disableFxn__E)
                  0000d234    0000000c                   : BIOS.obj (.text:ti_sysbios_family_arm_m3_TaskSupport_checkStack__E)
                  0000d240    0000000c                   : BIOS.obj (.text:ti_sysbios_gates_GateHwi_enter__E)
                  0000d24c    0000000c     principal_pem4f.oem4f (.text:ti_sysbios_knl_Queue_Object__get__S)
                  0000d258    0000000c     principal_pem4f.oem4f (.text:ti_sysbios_knl_Semaphore_Params__init__S)
                  0000d264    0000000c     ti.targets.arm.rtsarm.aem4f : Error.oem4f (.text:xdc_runtime_Error_init__E)
                  0000d270    0000000c                                 : Gate.oem4f (.text:xdc_runtime_Gate_enterSystem__E)
                  0000d27c    0000000c                                 : Memory.oem4f (.text:xdc_runtime_Memory_calloc__E)
                  0000d288    0000000c                                 : Memory.oem4f (.text:xdc_runtime_Memory_getMaxDefaultTypeAlign__E)
                  0000d294    0000000a     driverlib.lib : i2c.obj (.text:I2CMasterDisable)
                  0000d29e    0000000a                   : i2c.obj (.text:I2CMasterEnable)
                  0000d2a8    0000000a     i2c_tivaware.aem4f : I2CTiva.oem4f (.text:I2CTiva_init)
                  0000d2b2    0000000a     driverlib.lib : uart.obj (.text:UARTCharGet)
                  0000d2bc    0000000a                   : uart.obj (.text:UARTCharPut)
                  0000d2c6    0000000a                   : uart.obj (.text:UARTIntDisable)
                  0000d2d0    0000000a                   : uart.obj (.text:UARTIntStatus)
                  0000d2da    0000000a     principal_pem4f.oem4f (.text:xdc_runtime_IHeap_alloc)
                  0000d2e4    0000000a     principal_pem4f.oem4f (.text:xdc_runtime_IHeap_free)
                  0000d2ee    00000008     driverlib.lib : i2c.obj (.text:I2CMasterIntClear)
                  0000d2f6    00000008                   : i2c.obj (.text:I2CMasterSlaveAddrSet)
                  0000d2fe    00000008                   : uart.obj (.text:UARTIntEnable)
                  0000d306    00000008     uart_tivaware.aem4f : UARTTiva.oem4f (.text:UARTTiva_init)
                  0000d30e    00000008                         : UARTTiva.oem4f (.text:readSemCallback)
                  0000d316    00000008     sysbios.aem4f : BIOS.obj (.text:ti_sysbios_family_arm_lm4_Timer_masterDisable__I)
                  0000d31e    00000008                   : BIOS.obj (.text:ti_sysbios_family_arm_m3_Hwi_doSwiRestore__I)
                  0000d326    00000008                   : BIOS.obj (.text:ti_sysbios_family_arm_m3_Hwi_startup__E)
                  0000d32e    00000008                   : BIOS.obj (.text:ti_sysbios_knl_Idle_loop__E)
                  0000d336    00000008     uart_tivaware.aem4f : UARTTiva.oem4f (.text:writeSemCallback)
                  0000d33e    00000006     driverlib.lib : gpio.obj (.text:GPIOPinRead)
                  0000d344    00000006                   : gpio.obj (.text:GPIOPinWrite)
                  0000d34a    00000006                   : i2c.obj (.text:I2CMasterIntDisable)
                  0000d350    00000006                   : i2c.obj (.text:I2CMasterIntEnable)
                  0000d356    00000006                   : uart.obj (.text:UARTFIFOLevelSet)
                  0000d35c    00000006     ti.targets.arm.rtsarm.aem4f : xdc_noinit.oem4f (.text:__xdc__init)
                  0000d362    00000006     rtsv7M4_T_le_v4SPD16_eabi.lib : copy_decompress_rle.obj (.text:decompress:rle24)
                  0000d368    00000006     sysbios.aem4f : BIOS.obj (.text:ti_sysbios_family_arm_lm4_TimestampProvider_Module_startup__E)
                  0000d36e    00000006                   : BIOS.obj (.text:ti_sysbios_family_arm_m3_Hwi_restoreFxn__E)
                  0000d374    00000006                   : BIOS.obj (.text:ti_sysbios_gates_GateHwi_leave__E)
                  0000d37a    00000006                   : BIOS.obj (.text:ti_sysbios_heaps_HeapMem_isBlocking__E)
                  0000d380    00000006                   : BIOS.obj (.text:ti_sysbios_knl_Queue_Instance_init__E)
                  0000d386    00000006     ti.targets.arm.rtsarm.aem4f : System.oem4f (.text:xdc_runtime_System_Module_startup__E)
                  0000d38c    00000004     driverlib.lib : i2c.obj (.text:I2CMasterControl)
                  0000d390    00000004                   : i2c.obj (.text:I2CMasterDataGet)
                  0000d394    00000004                   : i2c.obj (.text:I2CMasterDataPut)
                  0000d398    00000004                   : uart.obj (.text:UARTIntClear)
                  0000d39c    00000004     principal_pem4f.oem4f (.text:ti_sysbios_BIOS_RtsGateProxy_enter__E)
                  0000d3a0    00000004     principal_pem4f.oem4f (.text:ti_sysbios_BIOS_RtsGateProxy_leave__E)
                  0000d3a4    00000004     sysbios.aem4f : BIOS.obj (.text:ti_sysbios_family_arm_lm4_Timer_getPeriod__E)
                  0000d3a8    00000004                   : BIOS.obj (.text:ti_sysbios_family_arm_lm4_Timer_masterEnable__I)
                  0000d3ac    00000004     principal_pem4f.oem4f (.text:ti_sysbios_family_arm_m3_Hwi_destruct)
                  0000d3b0    00000004     principal_pem4f.oem4f (.text:ti_sysbios_family_arm_m3_TaskSupport_Module__startupDone__S)
                  0000d3b4    00000004     sysbios.aem4f : BIOS.obj (.text:ti_sysbios_gates_GateHwi_query__E)
                  0000d3b8    00000004                   : BIOS.obj (.text:ti_sysbios_gates_GateMutex_query__E)
                  0000d3bc    00000004     principal_pem4f.oem4f (.text:ti_sysbios_hal_Hwi_HwiProxy_Module__startupDone__S)
                  0000d3c0    00000004     principal_pem4f.oem4f (.text:ti_sysbios_heaps_HeapMem_Module_GateProxy_enter__E)
                  0000d3c4    00000004     principal_pem4f.oem4f (.text:ti_sysbios_heaps_HeapMem_Module_GateProxy_leave__E)
                  0000d3c8    00000004     principal_pem4f.oem4f (.text:ti_sysbios_knl_Clock_TimerProxy_Module__startupDone__S)
                  0000d3cc    00000004     principal_pem4f.oem4f (.text:ti_sysbios_knl_Clock_TimerProxy_getMaxTicks__E)
                  0000d3d0    00000004     principal_pem4f.oem4f (.text:ti_sysbios_knl_Clock_TimerProxy_getPeriod__E)
                  0000d3d4    00000004     principal_pem4f.oem4f (.text:ti_sysbios_knl_Queue_destruct)
                  0000d3d8    00000004     principal_pem4f.oem4f (.text:ti_sysbios_knl_Semaphore_destruct)
                  0000d3dc    00000004     principal_pem4f.oem4f (.text:ti_sysbios_knl_Task_SupportProxy_Module__startupDone__S)
                  0000d3e0    00000004     sysbios.aem4f : BIOS.obj (.text:ti_sysbios_knl_Task_startup__E)
                  0000d3e4    00000004     ti.uia.loggers.aem4f : LoggerStopMode.oem4f (.text:ti_uia_loggers_LoggerStopMode_getContents__E)
                  0000d3e8    00000004     principal_pem4f.oem4f (.text:ti_uia_loggers_LoggerStopMode_getFilterLevel__E)
                  0000d3ec    00000004     ti.uia.loggers.aem4f : LoggerStopMode.oem4f (.text:ti_uia_loggers_LoggerStopMode_getInstanceId__E)
                  0000d3f0    00000004                          : LoggerStopMode.oem4f (.text:ti_uia_loggers_LoggerStopMode_getMaxLength__E)
                  0000d3f4    00000004                          : LoggerStopMode.oem4f (.text:ti_uia_loggers_LoggerStopMode_getPriority__E)
                  0000d3f8    00000004                          : LoggerStopMode.oem4f (.text:ti_uia_loggers_LoggerStopMode_getTransferType__E)
                  0000d3fc    00000004     ti.targets.arm.rtsarm.aem4f : Error.oem4f (.text:xdc_runtime_Error_getSite__E)
                  0000d400    00000004     principal_pem4f.oem4f (.text:xdc_runtime_Memory_HeapProxy_alloc__E)
                  0000d404    00000004     principal_pem4f.oem4f (.text:xdc_runtime_Memory_HeapProxy_free__E)
                  0000d408    00000004     principal_pem4f.oem4f (.text:xdc_runtime_System_Module_GateProxy_enter__E)
                  0000d40c    00000004     principal_pem4f.oem4f (.text:xdc_runtime_System_Module_GateProxy_leave__E)
                  0000d410    00000004     ti.targets.arm.rtsarm.aem4f : System.oem4f (.text:xdc_runtime_System_aprintf_va__F)
                  0000d414    00000004                                 : System.oem4f (.text:xdc_runtime_System_printf_va__F)

.const     0    0000d418    00002b6e     
                  0000d418    00001e40     principal_pem4f.oem4f (.const:xdc_runtime_Text_charTab__A)
                  0000f258    00000120     Boot.aem4f : Boot_sysctl.oem4f (.const:g_pppui32XTALtoVCO)
                  0000f378    00000102     rtsv7M4_T_le_v4SPD16_eabi.lib : ctype.obj (.const:.string:_ctypes_)
                  0000f47a    00000100     principal_pem4f.oem4f (.const:xdc_runtime_Text_nodeTab__A)
                  0000f57a    00000002     principal_pem4f.oem4f (.const:ti_catalog_arm_cortexm4_tiva_ce_Boot_Module__id__C)
                  0000f57c    00000004     principal_pem4f.oem4f (.const:ti_catalog_arm_cortexm4_tiva_ce_Boot_A_mustNotUseEnhancedClockMode__C)
                  0000f580    00000098     rtsv7M4_T_le_v4SPD16_eabi.lib : strtod.obj (.const)
                  0000f618    00000098                                   : strtold.obj (.const)
                  0000f6b0    00000090     driverlib.lib : gpio.obj (.const:g_pui32GPIOBaseAddrs)
                  0000f740    0000006c     Boot.aem4f : Boot_sysctl.oem4f (.const:g_pui32Xtals)
                  0000f7ac    00000060     principal_pem4f.oem4f (.const:ti_uia_loggers_LoggerStopMode_Module__FXNS__C)
                  0000f80c    00000054     EK_TM4C1294XL.obj (.const)
                  0000f860    00000048     principal_pem4f.oem4f (.const:.string)
                  0000f8a8    0000003c     EK_TM4C1294XL.obj (.const:I2C_config)
                  0000f8e4    0000003c     EK_TM4C1294XL.obj (.const:UART_config)
                  0000f920    00000038     Boot.aem4f : Boot_sysctl.oem4f (.const:g_sXTALtoMEMTIM)
                  0000f958    00000030     EK_TM4C1294XL.obj (.const:gpioHWAttrs)
                  0000f988    00000030     principal_pem4f.oem4f (.const:ti_sysbios_family_arm_m3_Hwi_Object__PARAMS__C)
                  0000f9b8    00000028     principal_pem4f.oem4f (.const:ti_sysbios_heaps_HeapMem_Module__FXNS__C)
                  0000f9e0    00000028     principal_pem4f.oem4f (.const:ti_uia_loggers_LoggerStopMode_Object__PARAMS__C)
                  0000fa08    00000028     principal_pem4f.oem4f (.const:xdc_runtime_Startup_sfxnTab__A)
                  0000fa30    00000024     uart_tivaware.aem4f : UARTTiva.oem4f (.const:UARTTiva_fxnTable)
                  0000fa54    00000024     principal_pem4f.oem4f (.const:ti_sysbios_gates_GateHwi_Module__FXNS__C)
                  0000fa78    00000024     principal_pem4f.oem4f (.const:ti_sysbios_gates_GateMutex_Module__FXNS__C)
                  0000fa9c    00000024     principal_pem4f.oem4f (.const:ti_sysbios_heaps_HeapMem_Object__PARAMS__C)
                  0000fac0    00000024     principal_pem4f.oem4f (.const:ti_sysbios_knl_Semaphore_Object__PARAMS__C)
                  0000fae4    00000020     principal_pem4f.oem4f (.const:ti_sysbios_family_arm_m3_Hwi_Object__DESC__C)
                  0000fb04    00000020     principal_pem4f.oem4f (.const:ti_sysbios_gates_GateHwi_Object__DESC__C)
                  0000fb24    00000020     principal_pem4f.oem4f (.const:ti_sysbios_gates_GateMutex_Object__DESC__C)
                  0000fb44    00000020     principal_pem4f.oem4f (.const:ti_sysbios_heaps_HeapMem_Object__DESC__C)
                  0000fb64    00000020     principal_pem4f.oem4f (.const:ti_sysbios_knl_Queue_Object__DESC__C)
                  0000fb84    00000020     principal_pem4f.oem4f (.const:ti_sysbios_knl_Semaphore_Object__DESC__C)
                  0000fba4    00000020     principal_pem4f.oem4f (.const:ti_uia_loggers_LoggerStopMode_Object__DESC__C)
                  0000fbc4    00000020     uart_tivaware.aem4f : UART.oem4f (.const)
                  0000fbe4    00000018     principal_pem4f.oem4f (.const:ti_sysbios_gates_GateHwi_Object__PARAMS__C)
                  0000fbfc    00000018     principal_pem4f.oem4f (.const:ti_sysbios_gates_GateMutex_Object__PARAMS__C)
                  0000fc14    00000018     principal_pem4f.oem4f (.const:ti_sysbios_knl_Queue_Object__PARAMS__C)
                  0000fc2c    00000014     principal_pem4f.oem4f (.const:xdc_runtime_Startup_firstFxns__A)
                  0000fc40    00000014     principal_pem4f.oem4f (.const:xdc_runtime_Startup_sfxnRts__A)
                  0000fc54    00000011     ti.targets.arm.rtsarm.aem4f : System.oem4f (.const:.string)
                  0000fc65    00000001     principal_pem4f.oem4f (.const:xdc_runtime_Error_policy__C)
                  0000fc66    00000002     principal_pem4f.oem4f (.const:ti_sysbios_family_arm_lm4_TimestampProvider_useClockTimer__C)
                  0000fc68    00000010     i2c_tivaware.aem4f : I2CTiva.oem4f (.const)
                  0000fc78    00000010     rtsv7M4_T_le_v4SPD16_eabi.lib : _scanfi.obj (.const)
                  0000fc88    0000000c     i2c_tivaware.aem4f : I2C.oem4f (.const)
                  0000fc94    00000008     Boot.aem4f : Boot_sysctl.oem4f (.const)
                  0000fc9c    00000008     principal_pem4f.oem4f (.const:ti_sysbios_family_arm_m3_Hwi_excHookFuncs__A)
                  0000fca4    00000008     principal_pem4f.oem4f (.const:ti_sysbios_knl_Idle_funcList__A)
                  0000fcac    00000008     principal_pem4f.oem4f (.const:ti_sysbios_knl_Idle_funcList__C)
                  0000fcb4    00000008     principal_pem4f.oem4f (.const:xdc_runtime_Startup_firstFxns__C)
                  0000fcbc    00000008     principal_pem4f.oem4f (.const:xdc_runtime_Startup_lastFxns__C)
                  0000fcc4    00000004     principal_pem4f.oem4f (.const:ti_catalog_arm_cortexm4_tiva_ce_Boot_Module__diagsEnabled__C)
                  0000fcc8    00000004     principal_pem4f.oem4f (.const:ti_catalog_arm_cortexm4_tiva_ce_Boot_Module__diagsIncluded__C)
                  0000fccc    00000004     principal_pem4f.oem4f (.const:ti_catalog_arm_cortexm4_tiva_ce_Boot_Module__diagsMask__C)
                  0000fcd0    00000004     principal_pem4f.oem4f (.const:ti_sysbios_family_arm_lm4_Timer_enableFunc__C)
                  0000fcd4    00000004     principal_pem4f.oem4f (.const:ti_sysbios_family_arm_lm4_Timer_numTimerDevices__C)
                  0000fcd8    00000004     principal_pem4f.oem4f (.const:ti_sysbios_family_arm_lm4_Timer_startupNeeded__C)
                  0000fcdc    00000004     principal_pem4f.oem4f (.const:ti_sysbios_family_arm_m3_Hwi_E_NMI__C)
                  0000fce0    00000004     principal_pem4f.oem4f (.const:ti_sysbios_family_arm_m3_Hwi_E_alreadyDefined__C)
                  0000fce4    00000004     principal_pem4f.oem4f (.const:ti_sysbios_family_arm_m3_Hwi_E_busFault__C)
                  0000fce8    00000004     principal_pem4f.oem4f (.const:ti_sysbios_family_arm_m3_Hwi_E_debugMon__C)
                  0000fcec    00000004     principal_pem4f.oem4f (.const:ti_sysbios_family_arm_m3_Hwi_E_hardFault__C)
                  0000fcf0    00000004     principal_pem4f.oem4f (.const:ti_sysbios_family_arm_m3_Hwi_E_memFault__C)
                  0000fcf4    00000004     principal_pem4f.oem4f (.const:ti_sysbios_family_arm_m3_Hwi_E_noIsr__C)
                  0000fcf8    00000004     principal_pem4f.oem4f (.const:ti_sysbios_family_arm_m3_Hwi_E_reserved__C)
                  0000fcfc    00000004     principal_pem4f.oem4f (.const:ti_sysbios_family_arm_m3_Hwi_E_svCall__C)
                  0000fd00    00000004     principal_pem4f.oem4f (.const:ti_sysbios_family_arm_m3_Hwi_E_usageFault__C)
                  0000fd04    00000004     principal_pem4f.oem4f (.const:ti_sysbios_family_arm_m3_Hwi_LD_end__C)
                  0000fd08    00000004     principal_pem4f.oem4f (.const:ti_sysbios_family_arm_m3_Hwi_LM_begin__C)
                  0000fd0c    00000004     principal_pem4f.oem4f (.const:ti_sysbios_family_arm_m3_Hwi_Module__diagsEnabled__C)
                  0000fd10    00000004     principal_pem4f.oem4f (.const:ti_sysbios_family_arm_m3_Hwi_Module__diagsIncluded__C)
                  0000fd14    00000004     principal_pem4f.oem4f (.const:ti_sysbios_family_arm_m3_Hwi_Module__diagsMask__C)
                  0000fd18    00000004     principal_pem4f.oem4f (.const:ti_sysbios_family_arm_m3_Hwi_Module__loggerFxn1__C)
                  0000fd1c    00000004     principal_pem4f.oem4f (.const:ti_sysbios_family_arm_m3_Hwi_Module__loggerFxn8__C)
                  0000fd20    00000004     principal_pem4f.oem4f (.const:ti_sysbios_family_arm_m3_Hwi_Module__loggerObj__C)
                  0000fd24    00000004     principal_pem4f.oem4f (.const:ti_sysbios_family_arm_m3_Hwi_NUM_INTERRUPTS__C)
                  0000fd28    00000004     principal_pem4f.oem4f (.const:ti_sysbios_family_arm_m3_Hwi_Object__count__C)
                  0000fd2c    00000004     principal_pem4f.oem4f (.const:ti_sysbios_family_arm_m3_Hwi_ccr__C)
                  0000fd30    00000004     principal_pem4f.oem4f (.const:ti_sysbios_family_arm_m3_Hwi_excHandlerFunc__C)
                  0000fd34    00000004     principal_pem4f.oem4f (.const:ti_sysbios_family_arm_m3_Hwi_excHookFuncs__C)
                  0000fd38    00000004     principal_pem4f.oem4f (.const:ti_sysbios_family_arm_m3_Hwi_nullIsrFunc__C)
                  0000fd3c    00000004     principal_pem4f.oem4f (.const:ti_sysbios_family_arm_m3_Hwi_priGroup__C)
                  0000fd40    00000004     principal_pem4f.oem4f (.const:ti_sysbios_gates_GateMutex_A_badContext__C)
                  0000fd44    00000004     principal_pem4f.oem4f (.const:ti_sysbios_gates_GateMutex_Instance_State_sem__O)
                  0000fd48    00000004     principal_pem4f.oem4f (.const:ti_sysbios_gates_GateMutex_Module__diagsEnabled__C)
                  0000fd4c    00000004     principal_pem4f.oem4f (.const:ti_sysbios_gates_GateMutex_Module__diagsIncluded__C)
                  0000fd50    00000004     principal_pem4f.oem4f (.const:ti_sysbios_gates_GateMutex_Module__diagsMask__C)
                  0000fd54    00000004     principal_pem4f.oem4f (.const:ti_sysbios_hal_Hwi_E_stackOverflow__C)
                  0000fd58    00000004     principal_pem4f.oem4f (.const:ti_sysbios_heaps_HeapMem_A_align__C)
                  0000fd5c    00000004     principal_pem4f.oem4f (.const:ti_sysbios_heaps_HeapMem_A_heapSize__C)
                  0000fd60    00000004     principal_pem4f.oem4f (.const:ti_sysbios_heaps_HeapMem_A_invalidFree__C)
                  0000fd64    00000004     principal_pem4f.oem4f (.const:ti_sysbios_heaps_HeapMem_A_zeroBlock__C)
                  0000fd68    00000004     principal_pem4f.oem4f (.const:ti_sysbios_heaps_HeapMem_E_memory__C)
                  0000fd6c    00000004     principal_pem4f.oem4f (.const:ti_sysbios_heaps_HeapMem_Module__diagsEnabled__C)
                  0000fd70    00000004     principal_pem4f.oem4f (.const:ti_sysbios_heaps_HeapMem_Module__diagsIncluded__C)
                  0000fd74    00000004     principal_pem4f.oem4f (.const:ti_sysbios_heaps_HeapMem_Module__diagsMask__C)
                  0000fd78    00000004     principal_pem4f.oem4f (.const:ti_sysbios_heaps_HeapMem_Module__gateObj__C)
                  0000fd7c    00000004     principal_pem4f.oem4f (.const:ti_sysbios_heaps_HeapMem_Object__count__C)
                  0000fd80    00000004     principal_pem4f.oem4f (.const:ti_sysbios_heaps_HeapMem_reqAlign__C)
                  0000fd84    00000004     principal_pem4f.oem4f (.const:ti_sysbios_knl_Clock_LM_begin__C)
                  0000fd88    00000004     principal_pem4f.oem4f (.const:ti_sysbios_knl_Clock_LM_tick__C)
                  0000fd8c    00000004     principal_pem4f.oem4f (.const:ti_sysbios_knl_Clock_LW_delayed__C)
                  0000fd90    00000004     principal_pem4f.oem4f (.const:ti_sysbios_knl_Clock_Module_State_clockQ__O)
                  0000fd94    00000004     principal_pem4f.oem4f (.const:ti_sysbios_knl_Clock_Module__diagsEnabled__C)
                  0000fd98    00000004     principal_pem4f.oem4f (.const:ti_sysbios_knl_Clock_Module__diagsIncluded__C)
                  0000fd9c    00000004     principal_pem4f.oem4f (.const:ti_sysbios_knl_Clock_Module__diagsMask__C)
                  0000fda0    00000004     principal_pem4f.oem4f (.const:ti_sysbios_knl_Clock_Module__loggerFxn1__C)
                  0000fda4    00000004     principal_pem4f.oem4f (.const:ti_sysbios_knl_Clock_Module__loggerFxn2__C)
                  0000fda8    00000004     principal_pem4f.oem4f (.const:ti_sysbios_knl_Clock_Module__loggerObj__C)
                  0000fdac    00000004     principal_pem4f.oem4f (.const:ti_sysbios_knl_Semaphore_A_badContext__C)
                  0000fdb0    00000004     principal_pem4f.oem4f (.const:ti_sysbios_knl_Semaphore_A_noEvents__C)
                  0000fdb4    00000004     principal_pem4f.oem4f (.const:ti_sysbios_knl_Semaphore_A_overflow__C)
                  0000fdb8    00000004     principal_pem4f.oem4f (.const:ti_sysbios_knl_Semaphore_A_pendTaskDisabled__C)
                  0000fdbc    00000004     principal_pem4f.oem4f (.const:ti_sysbios_knl_Semaphore_Instance_State_pendQ__O)
                  0000fdc0    00000004     principal_pem4f.oem4f (.const:ti_sysbios_knl_Semaphore_LM_pend__C)
                  0000fdc4    00000004     principal_pem4f.oem4f (.const:ti_sysbios_knl_Semaphore_LM_post__C)
                  0000fdc8    00000004     principal_pem4f.oem4f (.const:ti_sysbios_knl_Semaphore_Module__diagsEnabled__C)
                  0000fdcc    00000004     principal_pem4f.oem4f (.const:ti_sysbios_knl_Semaphore_Module__diagsIncluded__C)
                  0000fdd0    00000004     principal_pem4f.oem4f (.const:ti_sysbios_knl_Semaphore_Module__diagsMask__C)
                  0000fdd4    00000004     principal_pem4f.oem4f (.const:ti_sysbios_knl_Semaphore_Module__loggerFxn2__C)
                  0000fdd8    00000004     principal_pem4f.oem4f (.const:ti_sysbios_knl_Semaphore_Module__loggerFxn4__C)
                  0000fddc    00000004     principal_pem4f.oem4f (.const:ti_sysbios_knl_Semaphore_Module__loggerObj__C)
                  0000fde0    00000004     principal_pem4f.oem4f (.const:ti_sysbios_knl_Swi_LD_end__C)
                  0000fde4    00000004     principal_pem4f.oem4f (.const:ti_sysbios_knl_Swi_LM_begin__C)
                  0000fde8    00000004     principal_pem4f.oem4f (.const:ti_sysbios_knl_Swi_LM_post__C)
                  0000fdec    00000004     principal_pem4f.oem4f (.const:ti_sysbios_knl_Swi_Module__diagsEnabled__C)
                  0000fdf0    00000004     principal_pem4f.oem4f (.const:ti_sysbios_knl_Swi_Module__diagsIncluded__C)
                  0000fdf4    00000004     principal_pem4f.oem4f (.const:ti_sysbios_knl_Swi_Module__diagsMask__C)
                  0000fdf8    00000004     principal_pem4f.oem4f (.const:ti_sysbios_knl_Swi_Module__loggerFxn1__C)
                  0000fdfc    00000004     principal_pem4f.oem4f (.const:ti_sysbios_knl_Swi_Module__loggerFxn4__C)
                  0000fe00    00000004     principal_pem4f.oem4f (.const:ti_sysbios_knl_Swi_Module__loggerObj__C)
                  0000fe04    00000004     principal_pem4f.oem4f (.const:ti_sysbios_knl_Swi_Object__count__C)
                  0000fe08    00000004     principal_pem4f.oem4f (.const:ti_sysbios_knl_Task_A_badTimeout__C)
                  0000fe0c    00000004     principal_pem4f.oem4f (.const:ti_sysbios_knl_Task_A_sleepTaskDisabled__C)
                  0000fe10    00000004     principal_pem4f.oem4f (.const:ti_sysbios_knl_Task_E_spOutOfBounds__C)
                  0000fe14    00000004     principal_pem4f.oem4f (.const:ti_sysbios_knl_Task_E_stackOverflow__C)
                  0000fe18    00000004     principal_pem4f.oem4f (.const:ti_sysbios_knl_Task_LD_block__C)
                  0000fe1c    00000004     principal_pem4f.oem4f (.const:ti_sysbios_knl_Task_LD_exit__C)
                  0000fe20    00000004     principal_pem4f.oem4f (.const:ti_sysbios_knl_Task_LD_ready__C)
                  0000fe24    00000004     principal_pem4f.oem4f (.const:ti_sysbios_knl_Task_LM_sleep__C)
                  0000fe28    00000004     principal_pem4f.oem4f (.const:ti_sysbios_knl_Task_LM_switch__C)
                  0000fe2c    00000004     principal_pem4f.oem4f (.const:ti_sysbios_knl_Task_Module_State_inactiveQ__O)
                  0000fe30    00000004     principal_pem4f.oem4f (.const:ti_sysbios_knl_Task_Module__diagsEnabled__C)
                  0000fe34    00000004     principal_pem4f.oem4f (.const:ti_sysbios_knl_Task_Module__diagsIncluded__C)
                  0000fe38    00000004     principal_pem4f.oem4f (.const:ti_sysbios_knl_Task_Module__diagsMask__C)
                  0000fe3c    00000004     principal_pem4f.oem4f (.const:ti_sysbios_knl_Task_Module__loggerFxn2__C)
                  0000fe40    00000004     principal_pem4f.oem4f (.const:ti_sysbios_knl_Task_Module__loggerFxn4__C)
                  0000fe44    00000004     principal_pem4f.oem4f (.const:ti_sysbios_knl_Task_Module__loggerObj__C)
                  0000fe48    00000004     principal_pem4f.oem4f (.const:ti_sysbios_knl_Task_Object__count__C)
                  0000fe4c    00000004     principal_pem4f.oem4f (.const:ti_sysbios_knl_Task_allBlockedFunc__C)
                  0000fe50    00000004     principal_pem4f.oem4f (.const:ti_sysbios_knl_Task_numConstructedTasks__C)
                  0000fe54    00000004     principal_pem4f.oem4f (.const:ti_sysbios_utils_Load_LS_cpuLoad__C)
                  0000fe58    00000004     principal_pem4f.oem4f (.const:ti_sysbios_utils_Load_LS_hwiLoad__C)
                  0000fe5c    00000004     principal_pem4f.oem4f (.const:ti_sysbios_utils_Load_Module__diagsEnabled__C)
                  0000fe60    00000004     principal_pem4f.oem4f (.const:ti_sysbios_utils_Load_Module__diagsIncluded__C)
                  0000fe64    00000004     principal_pem4f.oem4f (.const:ti_sysbios_utils_Load_Module__diagsMask__C)
                  0000fe68    00000004     principal_pem4f.oem4f (.const:ti_sysbios_utils_Load_Module__loggerFxn1__C)
                  0000fe6c    00000004     principal_pem4f.oem4f (.const:ti_sysbios_utils_Load_Module__loggerFxn2__C)
                  0000fe70    00000004     principal_pem4f.oem4f (.const:ti_sysbios_utils_Load_Module__loggerObj__C)
                  0000fe74    00000004     principal_pem4f.oem4f (.const:ti_sysbios_utils_Load_postUpdate__C)
                  0000fe78    00000004     principal_pem4f.oem4f (.const:ti_sysbios_utils_Load_windowInMs__C)
                  0000fe7c    00000004     principal_pem4f.oem4f (.const:ti_uia_loggers_LoggerStopMode_Module__diagsEnabled__C)
                  0000fe80    00000004     principal_pem4f.oem4f (.const:ti_uia_loggers_LoggerStopMode_Module__diagsIncluded__C)
                  0000fe84    00000004     principal_pem4f.oem4f (.const:ti_uia_loggers_LoggerStopMode_Module__diagsMask__C)
                  0000fe88    00000004     principal_pem4f.oem4f (.const:ti_uia_loggers_LoggerStopMode_Object__count__C)
                  0000fe8c    00000004     principal_pem4f.oem4f (.const:ti_uia_runtime_ILoggerSnapshot_Interface__BASE__C)
                  0000fe90    00000004     principal_pem4f.oem4f (.const:ti_uia_runtime_IUIATransfer_Interface__BASE__C)
                  0000fe94    00000004     principal_pem4f.oem4f (.const:xdc_runtime_Assert_E_assertFailed__C)
                  0000fe98    00000004     principal_pem4f.oem4f (.const:xdc_runtime_Core_A_initializedParams__C)
                  0000fe9c    00000004     principal_pem4f.oem4f (.const:xdc_runtime_Core_Module__diagsEnabled__C)
                  0000fea0    00000004     principal_pem4f.oem4f (.const:xdc_runtime_Core_Module__diagsIncluded__C)
                  0000fea4    00000004     principal_pem4f.oem4f (.const:xdc_runtime_Core_Module__diagsMask__C)
                  0000fea8    00000004     principal_pem4f.oem4f (.const:xdc_runtime_Error_E_memory__C)
                  0000feac    00000004     principal_pem4f.oem4f (.const:xdc_runtime_Error_Module__diagsEnabled__C)
                  0000feb0    00000004     principal_pem4f.oem4f (.const:xdc_runtime_Error_Module__diagsIncluded__C)
                  0000feb4    00000004     principal_pem4f.oem4f (.const:xdc_runtime_Error_Module__diagsMask__C)
                  0000feb8    00000004     principal_pem4f.oem4f (.const:xdc_runtime_Error_Module__loggerFxn8__C)
                  0000febc    00000004     principal_pem4f.oem4f (.const:xdc_runtime_Error_Module__loggerObj__C)
                  0000fec0    00000004     principal_pem4f.oem4f (.const:xdc_runtime_Error_policyFxn__C)
                  0000fec4    00000004     principal_pem4f.oem4f (.const:xdc_runtime_Error_raiseHook__C)
                  0000fec8    00000004     principal_pem4f.oem4f (.const:xdc_runtime_IFilterLogger_Interface__BASE__C)
                  0000fecc    00000004     principal_pem4f.oem4f (.const:xdc_runtime_IGateProvider_Interface__BASE__C)
                  0000fed0    00000004     principal_pem4f.oem4f (.const:xdc_runtime_IHeap_Interface__BASE__C)
                  0000fed4    00000004     principal_pem4f.oem4f (.const:xdc_runtime_ILogger_Interface__BASE__C)
                  0000fed8    00000004     principal_pem4f.oem4f (.const:xdc_runtime_IModule_Interface__BASE__C)
                  0000fedc    00000004     principal_pem4f.oem4f (.const:xdc_runtime_Log_L_error__C)
                  0000fee0    00000004     principal_pem4f.oem4f (.const:xdc_runtime_Log_L_warning__C)
                  0000fee4    00000004     principal_pem4f.oem4f (.const:xdc_runtime_Main_Module__diagsEnabled__C)
                  0000fee8    00000004     principal_pem4f.oem4f (.const:xdc_runtime_Main_Module__diagsIncluded__C)
                  0000feec    00000004     principal_pem4f.oem4f (.const:xdc_runtime_Main_Module__diagsMask__C)
                  0000fef0    00000004     principal_pem4f.oem4f (.const:xdc_runtime_Main_Module__loggerFxn2__C)
                  0000fef4    00000004     principal_pem4f.oem4f (.const:xdc_runtime_Main_Module__loggerFxn4__C)
                  0000fef8    00000004     principal_pem4f.oem4f (.const:xdc_runtime_Main_Module__loggerObj__C)
                  0000fefc    00000004     principal_pem4f.oem4f (.const:xdc_runtime_Memory_defaultHeapInstance__C)
                  0000ff00    00000004     principal_pem4f.oem4f (.const:xdc_runtime_Startup_execImpl__C)
                  0000ff04    00000004     principal_pem4f.oem4f (.const:xdc_runtime_Startup_lastFxns__A)
                  0000ff08    00000004     principal_pem4f.oem4f (.const:xdc_runtime_Startup_maxPasses__C)
                  0000ff0c    00000004     principal_pem4f.oem4f (.const:xdc_runtime_Startup_sfxnRts__C)
                  0000ff10    00000004     principal_pem4f.oem4f (.const:xdc_runtime_Startup_sfxnTab__C)
                  0000ff14    00000004     principal_pem4f.oem4f (.const:xdc_runtime_SysMin_bufSize__C)
                  0000ff18    00000004     principal_pem4f.oem4f (.const:xdc_runtime_SysMin_outputFunc__C)
                  0000ff1c    00000004     principal_pem4f.oem4f (.const:xdc_runtime_System_Module__gateObj__C)
                  0000ff20    00000004     principal_pem4f.oem4f (.const:xdc_runtime_System_abortFxn__C)
                  0000ff24    00000004     principal_pem4f.oem4f (.const:xdc_runtime_System_exitFxn__C)
                  0000ff28    00000004     principal_pem4f.oem4f (.const:xdc_runtime_System_extendFxn__C)
                  0000ff2c    00000004     principal_pem4f.oem4f (.const:xdc_runtime_System_maxAtexitHandlers__C)
                  0000ff30    00000004     principal_pem4f.oem4f (.const:xdc_runtime_Text_charTab__C)
                  0000ff34    00000004     principal_pem4f.oem4f (.const:xdc_runtime_Text_nameEmpty__C)
                  0000ff38    00000004     principal_pem4f.oem4f (.const:xdc_runtime_Text_nameStatic__C)
                  0000ff3c    00000004     principal_pem4f.oem4f (.const:xdc_runtime_Text_nameUnknown__C)
                  0000ff40    00000004     principal_pem4f.oem4f (.const:xdc_runtime_Text_nodeTab__C)
                  0000ff44    00000004     principal_pem4f.oem4f (.const:xdc_runtime_Text_visitRopeFxn__C)
                  0000ff48    00000002     principal_pem4f.oem4f (.const:ti_sysbios_family_arm_m3_Hwi_Module__id__C)
                  0000ff4a    00000002     principal_pem4f.oem4f (.const:ti_sysbios_family_arm_m3_Hwi_Module__loggerDefined__C)
                  0000ff4c    00000002     principal_pem4f.oem4f (.const:ti_sysbios_gates_GateMutex_Module__id__C)
                  0000ff4e    00000002     principal_pem4f.oem4f (.const:ti_sysbios_hal_Hwi_Module__id__C)
                  0000ff50    00000002     principal_pem4f.oem4f (.const:ti_sysbios_heaps_HeapMem_Module__id__C)
                  0000ff52    00000002     principal_pem4f.oem4f (.const:ti_sysbios_knl_Clock_Module__id__C)
                  0000ff54    00000002     principal_pem4f.oem4f (.const:ti_sysbios_knl_Clock_Module__loggerDefined__C)
                  0000ff56    00000002     principal_pem4f.oem4f (.const:ti_sysbios_knl_Semaphore_Module__id__C)
                  0000ff58    00000002     principal_pem4f.oem4f (.const:ti_sysbios_knl_Semaphore_Module__loggerDefined__C)
                  0000ff5a    00000002     principal_pem4f.oem4f (.const:ti_sysbios_knl_Swi_Module__id__C)
                  0000ff5c    00000002     principal_pem4f.oem4f (.const:ti_sysbios_knl_Swi_Module__loggerDefined__C)
                  0000ff5e    00000002     principal_pem4f.oem4f (.const:ti_sysbios_knl_Task_Module__id__C)
                  0000ff60    00000002     principal_pem4f.oem4f (.const:ti_sysbios_knl_Task_Module__loggerDefined__C)
                  0000ff62    00000002     principal_pem4f.oem4f (.const:ti_sysbios_knl_Task_initStackFlag__C)
                  0000ff64    00000002     principal_pem4f.oem4f (.const:ti_sysbios_utils_Load_Module__id__C)
                  0000ff66    00000002     principal_pem4f.oem4f (.const:ti_sysbios_utils_Load_Module__loggerDefined__C)
                  0000ff68    00000002     principal_pem4f.oem4f (.const:ti_sysbios_utils_Load_hwiEnabled__C)
                  0000ff6a    00000002     principal_pem4f.oem4f (.const:ti_sysbios_utils_Load_updateInIdle__C)
                  0000ff6c    00000002     principal_pem4f.oem4f (.const:ti_uia_loggers_LoggerStopMode_Module__id__C)
                  0000ff6e    00000002     principal_pem4f.oem4f (.const:ti_uia_loggers_LoggerStopMode_isTimestampEnabled__C)
                  0000ff70    00000002     principal_pem4f.oem4f (.const:xdc_runtime_Core_Module__id__C)
                  0000ff72    00000002     principal_pem4f.oem4f (.const:xdc_runtime_Error_Module__loggerDefined__C)
                  0000ff74    00000002     principal_pem4f.oem4f (.const:xdc_runtime_Error_maxDepth__C)
                  0000ff76    00000002     principal_pem4f.oem4f (.const:xdc_runtime_Main_Module__id__C)
                  0000ff78    00000002     principal_pem4f.oem4f (.const:xdc_runtime_Main_Module__loggerDefined__C)
                  0000ff7a    00000002     principal_pem4f.oem4f (.const:xdc_runtime_Memory_Module__id__C)
                  0000ff7c    00000002     principal_pem4f.oem4f (.const:xdc_runtime_SysMin_flushAtExit__C)
                  0000ff7e    00000002     principal_pem4f.oem4f (.const:xdc_runtime_Text_charCnt__C)
                  0000ff80    00000002     principal_pem4f.oem4f (.const:xdc_runtime_Text_isLoaded__C)
                  0000ff82    00000002     principal_pem4f.oem4f (.const:xdc_runtime_Text_registryModsLastId__C)
                  0000ff84    00000002     principal_pem4f.oem4f (.const:xdc_runtime_Text_unnamedModsLastId__C)

.cinit     0    0000ff88    00000508     
                  0000ff88    000004cf     (.cinit..data.load) [load image, compression = rle]
                  00010457    00000001     --HOLE-- [fill = 0]
                  00010458    0000000c     (__TI_handler_table)
                  00010464    00000004     --HOLE-- [fill = 0]
                  00010468    00000008     (.cinit..bss.load) [load image, compression = zero_init]
                  00010470    00000008     (.cinit..vecs.load) [load image, compression = zero_init]
                  00010478    00000018     (__TI_cinit_table)

.vecs      0    20000000    00000360     UNINITIALIZED
                  20000000    00000360     principal_pem4f.oem4f (.vecs)

.bss       0    20000380    00003ab0     UNINITIALIZED
                  20000380    00001200     principal_pem4f.oem4f (.bss:taskStackSection)
                  20001580    00001000     principal_pem4f.oem4f (.bss:ti_sysbios_heaps_HeapMem_Instance_State_0_buf__A)
                  20002580    00000400     principal_pem4f.oem4f (.bss:ti_uia_loggers_LoggerStopMode_Instance_State_1_packetArray__A)
                  20002980    00000400     principal_pem4f.oem4f (.bss:ti_uia_loggers_LoggerStopMode_Instance_State_2_packetArray__A)
                  20002d80    00000400     principal_pem4f.oem4f (.bss:xdc_runtime_SysMin_Module_State_0_outbuf__A)
                  20003180    00000360     principal_pem4f.oem4f (.bss:ti_sysbios_family_arm_m3_Hwi_dispatchTable)
                  200034e0    00000220     EK_TM4C1294XL.obj (.bss:uartTivaObjects)
                  20003700    00000200     EK_TM4C1294XL.obj (.bss:i2cTivaObjects)
                  20003900    00000200     principal_pem4f.oem4f (.bss:ti_uia_loggers_LoggerStopMode_Instance_State_0_packetArray__A)
                  20003b00    00000120     rtsv7M4_T_le_v4SPD16_eabi.lib : trgmsg.obj (.bss:__CIOBUF_)
                  20003c20    000000a0                                   : defs.obj (.bss:__TI_tmpnams)
                  20003cc0    00000008     (.common:parmbuf)
                  20003cc8    00000038     --HOLE--
                  20003d00    00000030     principal_pem4f.oem4f (.bss:ti_uia_loggers_LoggerStopMode_Instance_State_0_hdr__A)
                  20003d30    00000050     --HOLE--
                  20003d80    00000030     principal_pem4f.oem4f (.bss:ti_uia_loggers_LoggerStopMode_Instance_State_1_hdr__A)
                  20003db0    00000050     --HOLE--
                  20003e00    00000030     principal_pem4f.oem4f (.bss:ti_uia_loggers_LoggerStopMode_Instance_State_2_hdr__A)

.stack     0    20003e30    00001000     UNINITIALIZED
                  20003e30    00001000     --HOLE--

.data      0    20004e30    000008d4     UNINITIALIZED
                  20004e30    00000180     principal_pem4f.oem4f (.data)
                  20004fb0    000000f0     rtsv7M4_T_le_v4SPD16_eabi.lib : defs.obj (.data:_ftable)
                  200050a0    000000e4     principal_pem4f.oem4f (.data:ti_sysbios_knl_Task_Object__table__V)
                  20005184    000000d0     rtsv7M4_T_le_v4SPD16_eabi.lib : lowlev.obj (.data)
                  20005254    0000009c     principal_pem4f.oem4f (.data:ti_uia_loggers_LoggerStopMode_Object__table__V)
                  200052f0    00000098     principal_pem4f.oem4f (.data:ti_sysbios_utils_Load_Module__state__V)
                  20005388    00000080     principal_pem4f.oem4f (.data:ti_sysbios_family_arm_lm4_Timer_Object__table__V)
                  20005408    00000080     principal_pem4f.oem4f (.data:ti_sysbios_knl_Swi_Module_State_0_readyQ__A)
                  20005488    00000080     principal_pem4f.oem4f (.data:ti_sysbios_knl_Task_Module_State_0_readyQ__A)
                  20005508    00000044     principal_pem4f.oem4f (.data:ti_sysbios_knl_Task_Module__state__V)
                  2000554c    00000040     principal_pem4f.oem4f (.data:ti_sysbios_family_arm_lm4_Timer_Module_State_0_device__A)
                  2000558c    00000038     principal_pem4f.oem4f (.data:ti_sysbios_gates_GateMutex_Object__table__V)
                  200055c4    00000034     principal_pem4f.oem4f (.data:ti_sysbios_family_arm_m3_Hwi_Module__state__V)
[...]
0000d229   ti_sysbios_hal_Hwi_disable__E
0000d235   ti_sysbios_family_arm_m3_TaskSupport_checkStack__E
0000d235   ti_sysbios_knl_Task_SupportProxy_checkStack__E
0000d241   ti_sysbios_gates_GateHwi_enter__E
0000d24d   ti_sysbios_knl_Queue_Object__get__S
0000d259   ti_sysbios_knl_Semaphore_Params__init__S
0000d265   xdc_runtime_Error_init__E
0000d271   xdc_runtime_Gate_enterSystem__E
0000d27d   xdc_runtime_Memory_calloc__E
0000d289   xdc_runtime_Memory_getMaxDefaultTypeAlign__E
0000d295   I2CMasterDisable
0000d29f   I2CMasterEnable
0000d2a9   I2CTiva_init
0000d2b3   UARTCharGet
0000d2bd   UARTCharPut
0000d2c7   UARTIntDisable
0000d2d1   UARTIntStatus
0000d2ef   I2CMasterIntClear
0000d2f7   I2CMasterSlaveAddrSet
0000d2ff   UARTIntEnable
0000d307   UARTTiva_init
0000d317   ti_sysbios_family_arm_lm4_Timer_masterDisable__I
0000d31f   ti_sysbios_family_arm_m3_Hwi_doSwiRestore__I
0000d327   ti_sysbios_family_arm_m3_Hwi_startup__E
0000d327   ti_sysbios_hal_Hwi_HwiProxy_startup__E
0000d327   ti_sysbios_hal_Hwi_startup__E
0000d32f   ti_sysbios_knl_Idle_loop__E
0000d33f   GPIOPinRead
0000d345   GPIOPinWrite
0000d34b   I2CMasterIntDisable
0000d351   I2CMasterIntEnable
0000d357   UARTFIFOLevelSet
0000d35d   __xdc__init
0000d363   __TI_decompress_rle24
0000d369   ti_sysbios_family_arm_lm4_TimestampProvider_Module_startup__E
0000d36f   ti_sysbios_family_arm_m3_Hwi_restoreFxn__E
0000d36f   ti_sysbios_hal_Hwi_HwiProxy_restore__E
0000d36f   ti_sysbios_hal_Hwi_restore__E
0000d375   ti_sysbios_gates_GateHwi_leave__E
0000d37b   ti_sysbios_heaps_HeapMem_isBlocking__E
0000d381   ti_sysbios_knl_Queue_Instance_init__E
0000d387   xdc_runtime_System_Module_startup__E
0000d38d   I2CMasterControl
0000d391   I2CMasterDataGet
0000d395   I2CMasterDataPut
0000d399   UARTIntClear
0000d39d   ti_sysbios_BIOS_RtsGateProxy_enter__E
0000d3a1   ti_sysbios_BIOS_RtsGateProxy_leave__E
0000d3a5   ti_sysbios_family_arm_lm4_Timer_getPeriod__E
0000d3a9   ti_sysbios_family_arm_lm4_Timer_masterEnable__I
0000d3ad   ti_sysbios_family_arm_m3_Hwi_destruct
0000d3b1   ti_sysbios_family_arm_m3_TaskSupport_Module__startupDone__S
0000d3b5   ti_sysbios_gates_GateHwi_query__E
0000d3b5   xdc_runtime_Main_Module_GateProxy_query__E
0000d3b5   xdc_runtime_System_Module_GateProxy_query__E
0000d3b9   ti_sysbios_BIOS_RtsGateProxy_query__E
0000d3b9   ti_sysbios_gates_GateMutex_query__E
0000d3b9   ti_sysbios_heaps_HeapMem_Module_GateProxy_query__E
0000d3bd   ti_sysbios_hal_Hwi_HwiProxy_Module__startupDone__S
0000d3c1   ti_sysbios_heaps_HeapMem_Module_GateProxy_enter__E
0000d3c5   ti_sysbios_heaps_HeapMem_Module_GateProxy_leave__E
0000d3c9   ti_sysbios_knl_Clock_TimerProxy_Module__startupDone__S
0000d3cd   ti_sysbios_knl_Clock_TimerProxy_getMaxTicks__E
0000d3d1   ti_sysbios_knl_Clock_TimerProxy_getPeriod__E
0000d3d5   ti_sysbios_knl_Queue_destruct
0000d3d9   ti_sysbios_knl_Semaphore_destruct
0000d3dd   ti_sysbios_knl_Task_SupportProxy_Module__startupDone__S
0000d3e1   ti_sysbios_knl_Task_startup__E
0000d3e5   ti_uia_loggers_LoggerStopMode_getContents__E
0000d3e9   ti_uia_loggers_LoggerStopMode_getFilterLevel__E
0000d3ed   ti_uia_loggers_LoggerStopMode_getInstanceId__E
0000d3f1   ti_uia_loggers_LoggerStopMode_getMaxLength__E
0000d3f5   ti_uia_loggers_LoggerStopMode_getPriority__E
0000d3f9   ti_uia_loggers_LoggerStopMode_getTransferType__E
0000d3fd   xdc_runtime_Error_getSite__E
0000d401   xdc_runtime_Memory_HeapProxy_alloc__E
0000d405   xdc_runtime_Memory_HeapProxy_free__E
0000d409   xdc_runtime_System_Module_GateProxy_enter__E
0000d40d   xdc_runtime_System_Module_GateProxy_leave__E
0000d411   xdc_runtime_System_aprintf_va__F
0000d415   xdc_runtime_System_printf_va__F
0000d418   xdc_runtime_Text_charTab__A
0000f378   _ctypes_
0000f47a   xdc_runtime_Text_nodeTab__A
0000f57a   ti_catalog_arm_cortexm4_tiva_ce_Boot_Module__id__C
0000f57c   ti_catalog_arm_cortexm4_tiva_ce_Boot_A_mustNotUseEnhancedClockMode__C
0000f7ac   ti_uia_loggers_LoggerStopMode_Module__FXNS__C
0000f80c   GPIO_config
0000f820   i2cTivaHWAttrs
0000f840   uartTivaHWAttrs
0000f8a8   I2C_config
0000f8e4   UART_config
0000f958   gpioHWAttrs
0000f988   ti_sysbios_family_arm_m3_Hwi_Object__PARAMS__C
0000f9b8   ti_sysbios_heaps_HeapMem_Module__FXNS__C
0000f9e0   ti_uia_loggers_LoggerStopMode_Object__PARAMS__C
0000fa08   xdc_runtime_Startup_sfxnTab__A
0000fa30   UARTTiva_fxnTable
0000fa54   ti_sysbios_gates_GateHwi_Module__FXNS__C
0000fa78   ti_sysbios_gates_GateMutex_Module__FXNS__C
0000fa9c   ti_sysbios_heaps_HeapMem_Object__PARAMS__C
0000fac0   ti_sysbios_knl_Semaphore_Object__PARAMS__C
0000fae4   ti_sysbios_family_arm_m3_Hwi_Object__DESC__C
0000fb04   ti_sysbios_gates_GateHwi_Object__DESC__C
0000fb24   ti_sysbios_gates_GateMutex_Object__DESC__C
0000fb44   ti_sysbios_heaps_HeapMem_Object__DESC__C
0000fb64   ti_sysbios_knl_Queue_Object__DESC__C
0000fb84   ti_sysbios_knl_Semaphore_Object__DESC__C
0000fba4   ti_uia_loggers_LoggerStopMode_Object__DESC__C
0000fbc4   UART_defaultParams
0000fbe4   ti_sysbios_gates_GateHwi_Object__PARAMS__C
0000fbfc   ti_sysbios_gates_GateMutex_Object__PARAMS__C
0000fc14   ti_sysbios_knl_Queue_Object__PARAMS__C
0000fc2c   xdc_runtime_Startup_firstFxns__A
0000fc40   xdc_runtime_Startup_sfxnRts__A
0000fc65   xdc_runtime_Error_policy__C
0000fc66   ti_sysbios_family_arm_lm4_TimestampProvider_useClockTimer__C
0000fc68   I2CTiva_fxnTable
0000fc88   I2C_defaultParams
0000fc9c   ti_sysbios_family_arm_m3_Hwi_excHookFuncs__A
0000fca4   ti_sysbios_knl_Idle_funcList__A
0000fcac   ti_sysbios_knl_Idle_funcList__C
0000fcb4   xdc_runtime_Startup_firstFxns__C
0000fcbc   xdc_runtime_Startup_lastFxns__C
0000fcc4   ti_catalog_arm_cortexm4_tiva_ce_Boot_Module__diagsEnabled__C
0000fcc8   ti_catalog_arm_cortexm4_tiva_ce_Boot_Module__diagsIncluded__C
0000fccc   ti_catalog_arm_cortexm4_tiva_ce_Boot_Module__diagsMask__C
0000fcd0   ti_sysbios_family_arm_lm4_Timer_enableFunc__C
0000fcd4   ti_sysbios_family_arm_lm4_Timer_numTimerDevices__C
0000fcd8   ti_sysbios_family_arm_lm4_Timer_startupNeeded__C
0000fcdc   ti_sysbios_family_arm_m3_Hwi_E_NMI__C
0000fce0   ti_sysbios_family_arm_m3_Hwi_E_alreadyDefined__C
0000fce4   ti_sysbios_family_arm_m3_Hwi_E_busFault__C
0000fce8   ti_sysbios_family_arm_m3_Hwi_E_debugMon__C
0000fcec   ti_sysbios_family_arm_m3_Hwi_E_hardFault__C
0000fcf0   ti_sysbios_family_arm_m3_Hwi_E_memFault__C
0000fcf4   ti_sysbios_family_arm_m3_Hwi_E_noIsr__C
0000fcf8   ti_sysbios_family_arm_m3_Hwi_E_reserved__C
0000fcfc   ti_sysbios_family_arm_m3_Hwi_E_svCall__C
0000fd00   ti_sysbios_family_arm_m3_Hwi_E_usageFault__C
0000fd04   ti_sysbios_family_arm_m3_Hwi_LD_end__C
0000fd08   ti_sysbios_family_arm_m3_Hwi_LM_begin__C
0000fd0c   ti_sysbios_family_arm_m3_Hwi_Module__diagsEnabled__C
0000fd10   ti_sysbios_family_arm_m3_Hwi_Module__diagsIncluded__C
0000fd14   ti_sysbios_family_arm_m3_Hwi_Module__diagsMask__C
0000fd18   ti_sysbios_family_arm_m3_Hwi_Module__loggerFxn1__C
0000fd1c   ti_sysbios_family_arm_m3_Hwi_Module__loggerFxn8__C
0000fd20   ti_sysbios_family_arm_m3_Hwi_Module__loggerObj__C
0000fd24   ti_sysbios_family_arm_m3_Hwi_NUM_INTERRUPTS__C
0000fd28   ti_sysbios_family_arm_m3_Hwi_Object__count__C
0000fd2c   ti_sysbios_family_arm_m3_Hwi_ccr__C
0000fd30   ti_sysbios_family_arm_m3_Hwi_excHandlerFunc__C
0000fd34   ti_sysbios_family_arm_m3_Hwi_excHookFuncs__C
0000fd38   ti_sysbios_family_arm_m3_Hwi_nullIsrFunc__C
0000fd3c   ti_sysbios_family_arm_m3_Hwi_priGroup__C
0000fd40   ti_sysbios_gates_GateMutex_A_badContext__C
0000fd44   ti_sysbios_gates_GateMutex_Instance_State_sem__O
0000fd48   ti_sysbios_gates_GateMutex_Module__diagsEnabled__C
0000fd4c   ti_sysbios_gates_GateMutex_Module__diagsIncluded__C
0000fd50   ti_sysbios_gates_GateMutex_Module__diagsMask__C
0000fd54   ti_sysbios_hal_Hwi_E_stackOverflow__C
0000fd58   ti_sysbios_heaps_HeapMem_A_align__C
0000fd5c   ti_sysbios_heaps_HeapMem_A_heapSize__C
0000fd60   ti_sysbios_heaps_HeapMem_A_invalidFree__C
0000fd64   ti_sysbios_heaps_HeapMem_A_zeroBlock__C
0000fd68   ti_sysbios_heaps_HeapMem_E_memory__C
0000fd6c   ti_sysbios_heaps_HeapMem_Module__diagsEnabled__C
0000fd70   ti_sysbios_heaps_HeapMem_Module__diagsIncluded__C
0000fd74   ti_sysbios_heaps_HeapMem_Module__diagsMask__C
0000fd78   ti_sysbios_heaps_HeapMem_Module__gateObj__C
0000fd7c   ti_sysbios_heaps_HeapMem_Object__count__C
0000fd80   ti_sysbios_heaps_HeapMem_reqAlign__C
0000fd84   ti_sysbios_knl_Clock_LM_begin__C
0000fd88   ti_sysbios_knl_Clock_LM_tick__C
0000fd8c   ti_sysbios_knl_Clock_LW_delayed__C
0000fd90   ti_sysbios_knl_Clock_Module_State_clockQ__O
0000fd94   ti_sysbios_knl_Clock_Module__diagsEnabled__C
0000fd98   ti_sysbios_knl_Clock_Module__diagsIncluded__C
0000fd9c   ti_sysbios_knl_Clock_Module__diagsMask__C
0000fda0   ti_sysbios_knl_Clock_Module__loggerFxn1__C
0000fda4   ti_sysbios_knl_Clock_Module__loggerFxn2__C
0000fda8   ti_sysbios_knl_Clock_Module__loggerObj__C
0000fdac   ti_sysbios_knl_Semaphore_A_badContext__C
0000fdb0   ti_sysbios_knl_Semaphore_A_noEvents__C
0000fdb4   ti_sysbios_knl_Semaphore_A_overflow__C
0000fdb8   ti_sysbios_knl_Semaphore_A_pendTaskDisabled__C
0000fdbc   ti_sysbios_knl_Semaphore_Instance_State_pendQ__O
0000fdc0   ti_sysbios_knl_Semaphore_LM_pend__C
0000fdc4   ti_sysbios_knl_Semaphore_LM_post__C
0000fdc8   ti_sysbios_knl_Semaphore_Module__diagsEnabled__C
0000fdcc   ti_sysbios_knl_Semaphore_Module__diagsIncluded__C
0000fdd0   ti_sysbios_knl_Semaphore_Module__diagsMask__C
0000fdd4   ti_sysbios_knl_Semaphore_Module__loggerFxn2__C
0000fdd8   ti_sysbios_knl_Semaphore_Module__loggerFxn4__C
0000fddc   ti_sysbios_knl_Semaphore_Module__loggerObj__C
0000fde0   ti_sysbios_knl_Swi_LD_end__C
0000fde4   ti_sysbios_knl_Swi_LM_begin__C
0000fde8   ti_sysbios_knl_Swi_LM_post__C
0000fdec   ti_sysbios_knl_Swi_Module__diagsEnabled__C
0000fdf0   ti_sysbios_knl_Swi_Module__diagsIncluded__C
0000fdf4   ti_sysbios_knl_Swi_Module__diagsMask__C
0000fdf8   ti_sysbios_knl_Swi_Module__loggerFxn1__C
0000fdfc   ti_sysbios_knl_Swi_Module__loggerFxn4__C
0000fe00   ti_sysbios_knl_Swi_Module__loggerObj__C
0000fe04   ti_sysbios_knl_Swi_Object__count__C
0000fe08   ti_sysbios_knl_Task_A_badTimeout__C
0000fe0c   ti_sysbios_knl_Task_A_sleepTaskDisabled__C
0000fe10   ti_sysbios_knl_Task_E_spOutOfBounds__C
0000fe14   ti_sysbios_knl_Task_E_stackOverflow__C
0000fe18   ti_sysbios_knl_Task_LD_block__C
0000fe1c   ti_sysbios_knl_Task_LD_exit__C
0000fe20   ti_sysbios_knl_Task_LD_ready__C
0000fe24   ti_sysbios_knl_Task_LM_sleep__C
0000fe28   ti_sysbios_knl_Task_LM_switch__C
0000fe2c   ti_sysbios_knl_Task_Module_State_inactiveQ__O
0000fe30   ti_sysbios_knl_Task_Module__diagsEnabled__C
0000fe34   ti_sysbios_knl_Task_Module__diagsIncluded__C
0000fe38   ti_sysbios_knl_Task_Module__diagsMask__C
0000fe3c   ti_sysbios_knl_Task_Module__loggerFxn2__C
0000fe40   ti_sysbios_knl_Task_Module__loggerFxn4__C
0000fe44   ti_sysbios_knl_Task_Module__loggerObj__C
0000fe48   ti_sysbios_knl_Task_Object__count__C
0000fe4c   ti_sysbios_knl_Task_allBlockedFunc__C
0000fe50   ti_sysbios_knl_Task_numConstructedTasks__C
0000fe54   ti_sysbios_utils_Load_LS_cpuLoad__C
0000fe58   ti_sysbios_utils_Load_LS_hwiLoad__C
0000fe5c   ti_sysbios_utils_Load_Module__diagsEnabled__C
0000fe60   ti_sysbios_utils_Load_Module__diagsIncluded__C
0000fe64   ti_sysbios_utils_Load_Module__diagsMask__C
0000fe68   ti_sysbios_utils_Load_Module__loggerFxn1__C
0000fe6c   ti_sysbios_utils_Load_Module__loggerFxn2__C
0000fe70   ti_sysbios_utils_Load_Module__loggerObj__C
0000fe74   ti_sysbios_utils_Load_postUpdate__C
0000fe78   ti_sysbios_utils_Load_windowInMs__C
0000fe7c   ti_uia_loggers_LoggerStopMode_Module__diagsEnabled__C
0000fe80   ti_uia_loggers_LoggerStopMode_Module__diagsIncluded__C
0000fe84   ti_uia_loggers_LoggerStopMode_Module__diagsMask__C
0000fe88   ti_uia_loggers_LoggerStopMode_Object__count__C
0000fe8c   ti_uia_runtime_ILoggerSnapshot_Interface__BASE__C
0000fe90   ti_uia_runtime_IUIATransfer_Interface__BASE__C
0000fe94   xdc_runtime_Assert_E_assertFailed__C
0000fe98   xdc_runtime_Core_A_initializedParams__C
0000fe9c   xdc_runtime_Core_Module__diagsEnabled__C
0000fea0   xdc_runtime_Core_Module__diagsIncluded__C
0000fea4   xdc_runtime_Core_Module__diagsMask__C
0000fea8   xdc_runtime_Error_E_memory__C
0000feac   xdc_runtime_Error_Module__diagsEnabled__C
0000feb0   xdc_runtime_Error_Module__diagsIncluded__C
0000feb4   xdc_runtime_Error_Module__diagsMask__C
0000feb8   xdc_runtime_Error_Module__loggerFxn8__C
0000febc   xdc_runtime_Error_Module__loggerObj__C
0000fec0   xdc_runtime_Error_policyFxn__C
0000fec4   xdc_runtime_Error_raiseHook__C
0000fec8   xdc_runtime_IFilterLogger_Interface__BASE__C
0000fecc   xdc_runtime_IGateProvider_Interface__BASE__C
0000fed0   xdc_runtime_IHeap_Interface__BASE__C
0000fed4   xdc_runtime_ILogger_Interface__BASE__C
0000fed8   xdc_runtime_IModule_Interface__BASE__C
0000fedc   xdc_runtime_Log_L_error__C
0000fee0   xdc_runtime_Log_L_warning__C
0000fee4   xdc_runtime_Main_Module__diagsEnabled__C
0000fee8   xdc_runtime_Main_Module__diagsIncluded__C
0000feec   xdc_runtime_Main_Module__diagsMask__C
0000fef0   xdc_runtime_Main_Module__loggerFxn2__C
0000fef4   xdc_runtime_Main_Module__loggerFxn4__C
0000fef8   xdc_runtime_Main_Module__loggerObj__C
0000fefc   xdc_runtime_Memory_defaultHeapInstance__C
0000ff00   xdc_runtime_Startup_execImpl__C
0000ff04   xdc_runtime_Startup_lastFxns__A
0000ff08   xdc_runtime_Startup_maxPasses__C
0000ff0c   xdc_runtime_Startup_sfxnRts__C
0000ff10   xdc_runtime_Startup_sfxnTab__C
0000ff14   xdc_runtime_SysMin_bufSize__C
0000ff18   xdc_runtime_SysMin_outputFunc__C
0000ff1c   xdc_runtime_System_Module__gateObj__C
0000ff20   xdc_runtime_System_abortFxn__C
0000ff24   xdc_runtime_System_exitFxn__C
0000ff28   xdc_runtime_System_extendFxn__C
0000ff2c   xdc_runtime_System_maxAtexitHandlers__C
0000ff30   xdc_runtime_Text_charTab__C
0000ff34   xdc_runtime_Text_nameEmpty__C
0000ff38   xdc_runtime_Text_nameStatic__C
0000ff3c   xdc_runtime_Text_nameUnknown__C
0000ff40   xdc_runtime_Text_nodeTab__C
0000ff44   xdc_runtime_Text_visitRopeFxn__C
0000ff48   ti_sysbios_family_arm_m3_Hwi_Module__id__C
0000ff4a   ti_sysbios_family_arm_m3_Hwi_Module__loggerDefined__C
0000ff4c   ti_sysbios_gates_GateMutex_Module__id__C
0000ff4e   ti_sysbios_hal_Hwi_Module__id__C
0000ff50   ti_sysbios_heaps_HeapMem_Module__id__C
0000ff52   ti_sysbios_knl_Clock_Module__id__C
0000ff54   ti_sysbios_knl_Clock_Module__loggerDefined__C
0000ff56   ti_sysbios_knl_Semaphore_Module__id__C
0000ff58   ti_sysbios_knl_Semaphore_Module__loggerDefined__C
0000ff5a   ti_sysbios_knl_Swi_Module__id__C
0000ff5c   ti_sysbios_knl_Swi_Module__loggerDefined__C
0000ff5e   ti_sysbios_knl_Task_Module__id__C
0000ff60   ti_sysbios_knl_Task_Module__loggerDefined__C
0000ff62   ti_sysbios_knl_Task_initStackFlag__C
0000ff64   ti_sysbios_utils_Load_Module__id__C
0000ff66   ti_sysbios_utils_Load_Module__loggerDefined__C
0000ff68   ti_sysbios_utils_Load_hwiEnabled__C
0000ff6a   ti_sysbios_utils_Load_updateInIdle__C
0000ff6c   ti_uia_loggers_LoggerStopMode_Module__id__C
0000ff6e   ti_uia_loggers_LoggerStopMode_isTimestampEnabled__C
0000ff70   xdc_runtime_Core_Module__id__C
0000ff72   xdc_runtime_Error_Module__loggerDefined__C
0000ff74   xdc_runtime_Error_maxDepth__C
0000ff76   xdc_runtime_Main_Module__id__C
0000ff78   xdc_runtime_Main_Module__loggerDefined__C
0000ff7a   xdc_runtime_Memory_Module__id__C
0000ff7c   xdc_runtime_SysMin_flushAtExit__C
0000ff7e   xdc_runtime_Text_charCnt__C
0000ff80   xdc_runtime_Text_isLoaded__C
0000ff82   xdc_runtime_Text_registryModsLastId__C
0000ff84   xdc_runtime_Text_unnamedModsLastId__C
00010458   __TI_Handler_Table_Base
00010464   __TI_Handler_Table_Limit
00010478   __TI_CINIT_Base
00010490   __TI_CINIT_Limit
20000000   ti_sysbios_family_arm_m3_Hwi_ramVectors
20000380   ti_sysbios_knl_Task_Instance_State_0_stack__A
20000580   ti_sysbios_knl_Task_Instance_State_1_stack__A
20000d80   ti_sysbios_knl_Task_Instance_State_2_stack__A
20001580   ti_sysbios_heaps_HeapMem_Instance_State_0_buf__A
20002580   ti_uia_loggers_LoggerStopMode_Instance_State_1_packetArray__A
20002980   ti_uia_loggers_LoggerStopMode_Instance_State_2_packetArray__A
20002d80   xdc_runtime_SysMin_Module_State_0_outbuf__A
20003180   ti_sysbios_family_arm_m3_Hwi_dispatchTable
200034e0   uartTivaObjects
20003700   i2cTivaObjects
20003900   ti_uia_loggers_LoggerStopMode_Instance_State_0_packetArray__A
20003b00   __CIOBUF_
20003c20   __TI_tmpnams
20003d00   ti_uia_loggers_LoggerStopMode_Instance_State_0_hdr__A
20003d80   ti_uia_loggers_LoggerStopMode_Instance_State_1_hdr__A
20003e00   ti_uia_loggers_LoggerStopMode_Instance_State_2_hdr__A
20003e30   __stack
20004030   __STACK_TOP
20004e30   __STACK_END
20004e30   xdc_runtime_Diags_dictElems
20004e50   ti_sysbios_family_arm_lm4_Timer_Module__root__V
20004e58   ti_sysbios_family_arm_lm4_Timer_Module_State_0_handles__A
20004e78   ti_sysbios_family_arm_lm4_Timer_Module__state__V
20004e84   ti_sysbios_family_arm_lm4_TimestampProvider_Module__state__V
20004e8c   ti_sysbios_family_arm_m3_Hwi_Module__root__V
20004e94   ti_sysbios_family_arm_m3_Hwi_Module_State_0_excActive__A
20004e98   ti_sysbios_family_arm_m3_Hwi_Module_State_0_excContext__A
20004e9c   ti_sysbios_family_arm_m3_Hwi_Module_State_0_excStack__A
20004ea0   ti_sysbios_gates_GateHwi_Module__root__V
20004ea8   ti_sysbios_gates_GateHwi_Object__table__V
20004eac   ti_sysbios_gates_GateMutex_Module__root__V
20004eb4   ti_sysbios_hal_Hwi_Module__root__V
20004ebc   ti_sysbios_heaps_HeapMem_Module__root__V
20004ec4   ti_sysbios_heaps_HeapMem_Object__table__V
20004edc   ti_sysbios_knl_Clock_Module__root__V
20004ee4   ti_sysbios_knl_Event_Module__root__V
20004ef0   ti_sysbios_knl_Queue_Module__root__V
20004ef8   ti_sysbios_knl_Semaphore_Module__root__V
20004f00   ti_sysbios_knl_Swi_Module__root__V
20004f08   ti_sysbios_knl_Swi_Module__state__V
20004f24   ti_sysbios_knl_Task_Module__root__V
20004f30   ti_sysbios_knl_Task_Module_State_0_idleTask__A
20004f34   ti_sysbios_utils_Load_Module_State_0_taskStartTime__A
20004f38   ti_sysbios_utils_Load_Module_State_0_runningTask__A
20004f3c   ti_uia_loggers_LoggerStopMode_Module__root__V
20004f44   ti_uia_loggers_LoggerStopMode_Module__state__V
20004f4c   ti_uia_runtime_QueueDescriptor_Module__state__V
20004f58   xdc_runtime_Error_Module__state__V
20004f5a   xdc_runtime_Main_Module__root__V
20004f5c   xdc_runtime_Memory_Module__state__V
20004f60   xdc_runtime_Registry_Module__state__V
20004f68   xdc_runtime_Startup_Module__state__V
20004f70   xdc_runtime_SysMin_Module__state__V
20004f7c   xdc_runtime_System_Module_State_0_atexitHandlers__A
20004f9c   xdc_runtime_System_Module__state__V
20004fa4   xdc_runtime_Text_Module__state__V
20004fac   __xdc__init__addr
20004fb0   _ftable
200050a0   ti_sysbios_knl_Task_Object__table__V
20005138   TSK_idle
20005254   ti_uia_loggers_LoggerStopMode_Object__table__V
200052f0   ti_sysbios_utils_Load_Module__state__V
20005388   ti_sysbios_family_arm_lm4_Timer_Object__table__V
20005408   ti_sysbios_knl_Swi_Module_State_0_readyQ__A
20005488   ti_sysbios_knl_Task_Module_State_0_readyQ__A
20005508   ti_sysbios_knl_Task_Module__state__V
2000554c   ti_sysbios_family_arm_lm4_Timer_Module_State_0_device__A
2000558c   ti_sysbios_gates_GateMutex_Object__table__V
200055c4   ti_sysbios_family_arm_m3_Hwi_Module__state__V
200055f8   ti_sysbios_family_arm_m3_Hwi_Object__table__V
20005628   ti_sysbios_knl_Swi_Object__table__V
20005658   ti_sysbios_knl_Clock_Module__state__V
20005684   ti_sysbios_BIOS_Module__state__V
200056c0   __TI_ft_end
200056c4   __aeabi_stdin
200056c8   __aeabi_stdout
200056cc   __aeabi_stderr
200056d8   _lock
200056dc   _unlock
200056e0   __TI_cleanup_ptr
200056e4   __TI_dtors_ptr
200056e8   ti_uia_runtime_QueueDescriptor_gPtrToFirstDescriptor
200056ec   ti_uia_runtime_QueueDescriptor_gUpdateCount
200056f4   _Errno
200056fc   main_func_sp
e000e000   ti_sysbios_family_arm_m3_Hwi_nvic
ffffffff   __binit__
ffffffff   __c_args__
ffffffff   binit
UNDEFED    SHT$$INIT_ARRAY$$Base
UNDEFED    SHT$$INIT_ARRAY$$Limit

[830 symbols]
