******************************************************************************
                  TI ARM Linker PC v5.1.7                      
******************************************************************************
>> Linked Wed Aug 20 16:33:00 2014

OUTPUT FILE NAME:   <central_Estufa.out>
ENTRY POINT SYMBOL: "_c_int00"  address: 0000d4b5


MEMORY CONFIGURATION

         name            origin    length      used     unused   attr    fill
----------------------  --------  ---------  --------  --------  ----  --------
  FLASH                 00000000   00100000  00012cc8  000ed338  R  X
  SRAM                  20000000   00040000  00005bd4  0003a42c  RW X


SEGMENT ALLOCATION MAP

run origin  load origin   length   init length attrs members
----------  ----------- ---------- ----------- ----- -------
00000000    00000000    00012cd0   00012cd0    r-x
  00000000    00000000    0000003c   0000003c    r-- .resetVecs
  0000003c    0000003c    0000fb60   0000fb60    r-x .text
  0000fba0    0000fba0    00002c1c   00002c1c    r-- .const
  000127c0    000127c0    00000510   00000510    r-- .cinit
20000000    20000000    00000360   00000000    rw-
  20000000    20000000    00000360   00000000    rw- .vecs
20000380    20000380    00005874   00000000    rw-
  20000380    20000380    00003f30   00000000    rw- .bss
  200042b0    200042b0    00001000   00000000    rw- .stack
  200052b0    200052b0    00000944   00000000    rw- .data


SECTION ALLOCATION MAP

 output                                  attributes/
section   page    origin      length       input sections
--------  ----  ----------  ----------   ----------------
.bootVecs 
*          0    00000000    00000008     DSECT
                  00000000    00000008     boot.aem4f : boot.oem4f (.bootVecs)

.resetVecs 
*          0    00000000    0000003c     
                  00000000    0000003c     principal_pem4f.oem4f (.resetVecs)

xdc.meta   0    00000000    0000010b     COPY SECTION
                  00000000    0000010b     principal_pem4f.oem4f (xdc.meta)

.init_array 
*          0    00000000    00000000     UNINITIALIZED

.text      0    0000003c    0000fb60     
                  0000003c    00000ec0     rtsv7M4_T_le_v4SPD16_eabi.lib : _printfi.obj (.text)
                  00000efc    00000950                                   : _scanfi.obj (.text)
                  0000184c    000006c4     rtc.obj (.text:ajustarRTC)
                  00001f10    000005f7     i2c_tivaware.aem4f : I2CTiva.oem4f (.text:I2CTiva_hwiFxn)
                  00002507    00000001     --HOLE-- [fill = 0]
                  00002508    00000464     principal.obj (.text:consoleFxn)
                  0000296c    00000424     sysbios.aem4f : BIOS.obj (.text:ti_sysbios_family_arm_m3_Hwi_excDumpRegs__I)
                  00002d90    0000033c     ti.targets.arm.rtsarm.aem4f : System.oem4f (.text:xdc_runtime_System_doPrint__I)
                  000030cc    00000310     rtsv7M4_T_le_v4SPD16_eabi.lib : lowlev.obj (.text)
                  000033dc    00000304     sysbios.aem4f : BIOS.obj (.text:ti_sysbios_knl_Semaphore_pend__E)
                  000036e0    000002f8     ti.sysbios.fatfs.aem4f : ff.oem4f (.text:chk_mounted)
                  000039d8    000002d4     rtsv7M4_T_le_v4SPD16_eabi.lib : trgdrv.obj (.text)
                  00003cac    000002cc     i2c_tivaware.aem4f : I2CTiva.oem4f (.text:I2CTiva_primeTransfer)
                  00003f78    000002a4     uart_tivaware.aem4f : UARTTiva.oem4f (.text:UARTTiva_open)
                  0000421c    00000248     sysbios.aem4f : BIOS.obj (.text:ti_sysbios_heaps_HeapMem_free__E)
                  00004464    0000023c     rtsv7M4_T_le_v4SPD16_eabi.lib : strtod.obj (.text)
                  000046a0    00000234                                   : strtold.obj (.text)
                  000048d4    00000234     sysbios.aem4f : BIOS.obj (.text:ti_sysbios_heaps_HeapMem_alloc__E)
                  00004b08    00000214     uart_tivaware.aem4f : UARTTiva.oem4f (.text:UARTTiva_write)
                  00004d1c    00000208     sysbios.aem4f : BIOS.obj (.text:ti_sysbios_knl_Task_sleep__E)
                  00004f24    000001fc     Boot.aem4f : Boot_sysctl.oem4f (.text:ti_catalog_arm_cortexm4_tiva_ce_Boot_sysCtlClockFreqSetI__I)
                  00005120    000001f8     uart_tivaware.aem4f : UARTTiva.oem4f (.text:UARTTiva_read)
                  00005318    000001f8     sysbios.aem4f : BIOS.obj (.text:ti_sysbios_family_arm_m3_Hwi_excHandlerMax__I)
                  00005510    000001f4     rtsv7M4_T_le_v4SPD16_eabi.lib : ull_div_t2.obj (.text)
                  00005704    000001e4                                   : strtoll.obj (.text)
                  000058e8    000001d4     sdspi_tivaware.aem4f : SDSPITiva.oem4f (.text:SDSPITiva_diskInitialize)
                  00005abc    000001d0     rtsv7M4_T_le_v4SPD16_eabi.lib : fscanf.obj (.text)
                  00005c8c    000001cc     uart_tivaware.aem4f : UARTTiva.oem4f (.text:UARTTiva_hwiIntFxn)
                  00005e58    000001c4     i2c_tivaware.aem4f : I2CTiva.oem4f (.text:I2CTiva_transfer)
                  0000601c    000001c0     rtsv7M4_T_le_v4SPD16_eabi.lib : fopen.obj (.text)
                  000061dc    000001b6                                   : fd_add_t2.obj (.text)
                  00006392    00000002     principal_pem4f.oem4f (.text:ti_sysbios_BIOS_nullFunc__I)
                  00006394    000001b4     i2c_tivaware.aem4f : I2CTiva.oem4f (.text:I2CTiva_completeTransfer)
                  00006548    000001a8     ti.sysbios.fatfs.aem4f : ff.oem4f (.text:f_write)
                  000066f0    0000018c     sysbios.aem4f : BIOS.obj (.text:ti_sysbios_knl_Task_Module_startup__E)
                  0000687c    00000180                   : BIOS.obj (.text:ti_sysbios_family_arm_lm4_Timer_start__E)
                  000069fc    00000178     ti.sysbios.fatfs.aem4f : ff.oem4f (.text:f_read)
                  00006b74    00000178     uart_tivaware.aem4f : UARTTiva.oem4f (.text:writeData)
                  00006cec    00000174     i2c_tivaware.aem4f : I2CTiva.oem4f (.text:I2CTiva_open)
                  00006e60    0000016c     rtsv7M4_T_le_v4SPD16_eabi.lib : strtoull.obj (.text)
                  00006fcc    00000168     uart_tivaware.aem4f : UARTTiva.oem4f (.text:UARTTiva_readPolling)
                  00007134    00000168                         : UARTTiva.oem4f (.text:readData)
                  0000729c    00000168     sysbios.aem4f : BIOS.obj (.text:ti_sysbios_family_arm_m3_Hwi_excBusFault__I)
                  00007404    00000162     ti.sysbios.fatfs.aem4f : ff.oem4f (.text:f_lseek)
                  00007566    00000002     sysbios.aem4f : BIOS.obj (.text:ti_sysbios_gates_GateHwi_Instance_init__E)
                  00007568    0000015c     uart_tivaware.aem4f : UARTTiva.oem4f (.text:UARTTiva_writePolling)
                  000076c4    00000154     sysbios.aem4f : BIOS.obj (.text:ti_sysbios_family_arm_m3_Hwi_excUsageFault__I)
                  00007818    00000150     ti.sysbios.fatfs.aem4f : ff.oem4f (.text:f_open)
                  00007968    00000150     rtsv7M4_T_le_v4SPD16_eabi.lib : fgets.obj (.text)
                  00007ab8    00000148     rtc.obj (.text:lerRTC)
                  00007c00    00000140     principal.obj (.text:main)
                  00007d40    00000140     sysbios.aem4f : BIOS.obj (.text:ti_sysbios_family_arm_lm4_TimestampProvider_get64__E)
                  00007e80    00000140                   : BIOS.obj (.text:ti_sysbios_family_arm_m3_Hwi_excMemFault__I)
                  00007fc0    0000013c                   : BIOS.obj (.text:ti_sysbios_family_arm_m3_Hwi_dispatchC__I)
                  000080fc    00000138                   : BIOS.obj (.text:ti_sysbios_heaps_HeapMem_Instance_init__E)
                  00008234    00000138                   : BIOS.obj (.text:ti_sysbios_knl_Semaphore_post__E)
                  0000836c    00000136     rtsv7M4_T_le_v4SPD16_eabi.lib : fd_div_t2.obj (.text)
                  000084a2    00000002     principal_pem4f.oem4f (.text:ti_uia_loggers_LoggerStopMode_setFilterLevel__E)
                  000084a4    00000134     rtsv7M4_T_le_v4SPD16_eabi.lib : fputs.obj (.text)
                  000085d8    00000130     driverlib.lib : gpio.obj (.text:GPIOPadConfigSet)
                  00008708    00000130     rtsv7M4_T_le_v4SPD16_eabi.lib : strtol.obj (.text)
                  00008838    00000130     principal_pem4f.oem4f (.text:ti_uia_loggers_LoggerStopMode_writeMemoryRange__E)
                  00008968    0000012c     sysbios.aem4f : BIOS.obj (.text:ti_sysbios_knl_Clock_workFunc__E)
                  00008a94    00000122     ti.sysbios.fatfs.aem4f : ff.oem4f (.text:f_rename)
                  00008bb6    00000002     ti.uia.loggers.aem4f : LoggerStopMode.oem4f (.text:ti_uia_loggers_LoggerStopMode_setPriority__E)
                  00008bb8    00000120     sysbios.aem4f : BIOS.obj (.text:ti_sysbios_knl_Swi_run__I)
                  00008cd8    00000120     ti.targets.arm.rtsarm.aem4f : Error.oem4f (.text:xdc_runtime_Error_policyDefault__E)
                  00008df8    0000011c     principal_pem4f.oem4f (.text:ti_uia_loggers_LoggerStopMode_write8__E)
                  00008f14    00000117     ti.sysbios.fatfs.aem4f : ff.oem4f (.text:create_name)
                  0000902b    00000001     --HOLE-- [fill = 0]
                  0000902c    00000110     rtsv7M4_T_le_v4SPD16_eabi.lib : strtoul.obj (.text)
                  0000913c    00000104     UARTUtils.obj (.text:openHandle)
                  00009240    00000104     principal_pem4f.oem4f (.text:ti_uia_loggers_LoggerStopMode_write4__E)
                  00009344    00000104     ti.targets.arm.rtsarm.aem4f : Core-mem.oem4f (.text:xdc_runtime_Core_createObject__I)
                  00009448    00000104     principal_pem4f.oem4f (.text:xdc_runtime_System_printfExtend__I)
                  0000954c    000000fe     ti.sysbios.fatfs.aem4f : ff.oem4f (.text:dir_next)
                  0000964a    000000fc     rtsv7M4_T_le_v4SPD16_eabi.lib : fd_mul_t2.obj (.text)
                  00009746    00000002     principal_pem4f.oem4f (.text:xdc_runtime_Startup_reset__I)
                  00009748    000000fc     sd.obj (.text:sdLe)
                  00009844    000000fc     ti.targets.arm.rtsarm.aem4f : Startup.oem4f (.text:xdc_runtime_Startup_startMods__I)
                  00009940    000000f8     principal_pem4f.oem4f (.text:ti_uia_loggers_LoggerStopMode_write2__E)
                  00009a38    000000f4     gpio_tivaware.aem4f : GPIO.oem4f (.text:GPIO_toggle)
                  00009b2c    000000f4     sdspi_tivaware.aem4f : SDSPITiva.oem4f (.text:SDSPITiva_diskIOctrl)
                  00009c20    000000f4     sysbios.aem4f : m3_Hwi_asm.obj (.text:ti_sysbios_family_arm_m3_Hwi_dispatch__I)
                  00009d14    000000f4     principal_pem4f.oem4f (.text:ti_uia_loggers_LoggerStopMode_write1__E)
                  00009e08    000000f0     rtsv7M4_T_le_v4SPD16_eabi.lib : fread.obj (.text)
                  00009ef8    000000ec     sdspi_tivaware.aem4f : SDSPITiva.oem4f (.text:SDSPITiva_open)
                  00009fe4    000000e8     gpio_tivaware.aem4f : GPIO.oem4f (.text:GPIO_write)
                  0000a0cc    000000e8     principal_pem4f.oem4f (.text:ti_uia_loggers_LoggerStopMode_write0__E)
                  0000a1b4    000000e4     sdspi_tivaware.aem4f : SDSPITiva.oem4f (.text:SDSPITiva_diskWrite)
                  0000a298    000000de     ti.sysbios.fatfs.aem4f : ff.oem4f (.text:put_fat)
                  0000a376    00000002     --HOLE-- [fill = 0]
                  0000a378    000000dc     rtsv7M4_T_le_v4SPD16_eabi.lib : setvbuf.obj (.text)
                  0000a454    000000cc     EK_TM4C1294XL.obj (.text:EK_TM4C1294XL_initI2C)
                  0000a520    000000cc     ti.sysbios.fatfs.aem4f : ff.oem4f (.text:get_fat)
                  0000a5ec    000000cc     ti.targets.arm.rtsarm.aem4f : Core-smem.oem4f (.text:xdc_runtime_Core_constructObject__I)
                  0000a6b8    000000c8     sysbios.aem4f : BIOS.obj (.text:ti_sysbios_knl_Task_schedule__I)
                  0000a780    000000c4     EK_TM4C1294XL.obj (.text:EK_TM4C1294XL_initSDSPI)
                  0000a844    000000c4     sd.obj (.text:sdEscreve)
                  0000a908    000000c4     sdspi_tivaware.aem4f : SDSPITiva.oem4f (.text:send_cmd)
                  0000a9cc    000000c4     sysbios.aem4f : BIOS.obj (.text:ti_sysbios_family_arm_m3_Hwi_Module_startup__E)
                  0000aa90    000000c2     ti.sysbios.fatfs.aem4f : ff.oem4f (.text:f_unlink)
                  0000ab52    00000002     --HOLE-- [fill = 0]
                  0000ab54    000000c0     i2c_tivaware.aem4f : I2CTiva.oem4f (.text:I2CTiva_close)
                  0000ac14    000000c0     uart_tivaware.aem4f : UARTTiva.oem4f (.text:UARTTiva_writeCancel)
                  0000acd4    000000c0     rtsv7M4_T_le_v4SPD16_eabi.lib : fflush.obj (.text)
                  0000ad94    000000c0     ti.sysbios.fatfs.aem4f : ff.oem4f (.text:sync)
                  0000ae54    000000c0     sysbios.aem4f : BIOS.obj (.text:ti_sysbios_family_arm_lm4_TimestampProvider_get32__E)
                  0000af14    000000bc     sdspi_tivaware.aem4f : SDSPITiva.oem4f (.text:SDSPITiva_diskRead)
                  0000afd0    000000bc     uart_tivaware.aem4f : UARTTiva.oem4f (.text:UARTTiva_readCancel)
                  0000b08c    000000bc     sysbios.aem4f : BIOS.obj (.text:ti_sysbios_knl_Task_startCore__E)
                  0000b148    000000b8     EK_TM4C1294XL.obj (.text:EK_TM4C1294XL_initGeneral)
                  0000b200    000000b4     sysbios.aem4f : BIOS.obj (.text:ti_sysbios_family_arm_m3_Hwi_excHardFault__I)
                  0000b2b4    000000b4                   : BIOS.obj (.text:ti_sysbios_gates_GateMutex_enter__E)
                  0000b368    000000b4                   : BIOS.obj (.text:ti_sysbios_knl_Task_checkStacks__E)
                  0000b41c    000000b0     ti.sysbios.fatfs.aem4f : ff.oem4f (.text:f_sync)
                  0000b4cc    000000b0                            : ffcio.oem4f (.text:ffcio_open)
                  0000b57c    000000b0     sysbios.aem4f : BIOS.obj (.text:ti_sysbios_family_arm_m3_Hwi_excDebugMon__I)
                  0000b62c    000000b0                   : BIOS.obj (.text:ti_sysbios_utils_Load_idleFxn__E)
                  0000b6dc    000000ac     rtsv7M4_T_le_v4SPD16_eabi.lib : _io_perm.obj (.text)
                  0000b788    000000ac     sysbios.aem4f : BIOS.obj (.text:ti_sysbios_family_arm_lm4_Timer_enableTiva__I)
                  0000b834    000000a8     EK_TM4C1294XL.obj (.text:EK_TM4C1294XL_initUART)
                  0000b8dc    000000a8     sysbios.aem4f : BIOS.obj (.text:ti_sysbios_family_arm_lm4_Timer_enableTimers__I)
                  0000b984    000000a8                   : BIOS.obj (.text:ti_sysbios_knl_Swi_post__E)
                  0000ba2c    000000a8                   : BIOS.obj (.text:ti_sysbios_knl_Task_blockI__E)
                  0000bad4    000000a8                   : BIOS.obj (.text:ti_sysbios_utils_Load_updateLoads__E)
                  0000bb7c    000000a0     uart_tivaware.aem4f : UARTTiva.oem4f (.text:UARTTiva_close)
                  0000bc1c    000000a0     auto_init.aem4f : auto_init.oem4f (.text)
                  0000bcbc    000000a0     sysbios.aem4f : BIOS.obj (.text:ti_sysbios_family_arm_m3_Hwi_Instance_init__E)
                  0000bd5c    0000009c     rtsv7M4_T_le_v4SPD16_eabi.lib : _bufread.obj (.text)
                  0000bdf8    0000009c                                   : fputc.obj (.text)
                  0000be94    0000009c                                   : memcpy_t2.obj (.text)
                  0000bf30    0000009c     sysbios.aem4f : BIOS.obj (.text:ti_sysbios_knl_Semaphore_Instance_init__E)
                  0000bfcc    0000009a     ti.targets.arm.rtsarm.aem4f : Text.oem4f (.text:xdc_runtime_Text_putSite__E)
                  0000c066    0000009a     sdspi_tivaware.aem4f : SDSPITiva.oem4f (.text:xmit_datablock)
                  0000c100    00000098     ti.sysbios.fatfs.aem4f : ff.oem4f (.text:create_chain)
                  0000c198    00000098     sdspi_tivaware.aem4f : SDSPITiva.oem4f (.text:rcvr_datablock)
                  0000c230    00000098     rtsv7M4_T_le_v4SPD16_eabi.lib : fclose.obj (.text)
                  0000c2c8    00000098     sysbios.aem4f : BIOS.obj (.text:ti_sysbios_knl_Task_exit__E)
                  0000c360    00000094     i2c_tivaware.aem4f : I2CTiva.oem4f (.text:I2CTiva_blockingCallback)
                  0000c3f4    00000094     rtsv7M4_T_le_v4SPD16_eabi.lib : fgetc.obj (.text)
                  0000c488    00000094     Boot.aem4f : Boot.oem4f (.text:ti_catalog_arm_cortexm4_tiva_ce_Boot_sysCtlClockFreqSet__E)
                  0000c51c    00000094     sysbios.aem4f : BIOS.obj (.text:ti_sysbios_knl_Task_unblockI__E)
                  0000c5b0    00000094     ti.targets.arm.rtsarm.aem4f : Text.oem4f (.text:xdc_runtime_Text_putMod__E)
                  0000c644    00000090     ti.uia.loggers.aem4f : LoggerStopMode.oem4f (.text:ti_uia_loggers_LoggerStopMode_initQueueDescriptor__E)
                  0000c6d4    0000008c     UARTUtils.obj (.text:UARTUtils_systemInit)
                  0000c760    0000008c     sysbios.aem4f : BIOS.obj (.text:ti_sysbios_family_arm_m3_Hwi_initNVIC__E)
                  0000c7ec    0000008c                   : m3_TaskSupport_asm.obj (.text:ti_sysbios_family_arm_m3_TaskSupport_buildTaskStack)
                  0000c878    00000086     rtsv7M4_T_le_v4SPD16_eabi.lib : fd_cmp_t2.obj (.text:__aeabi_cdcmple)
                  0000c8fe    00000086                                   : fd_cmp_t2.obj (.text:__aeabi_cdrcmple)
                  0000c984    00000080                                   : ungetc.obj (.text)
                  0000ca04    0000007c     ti.sysbios.fatfs.aem4f : ff.oem4f (.text:dir_sdi)
                  0000ca80    0000007c     sysbios.aem4f : BIOS.obj (.text:ti_sysbios_utils_Load_logLoads__I)
                  0000cafc    00000078     rtsv7M4_T_le_v4SPD16_eabi.lib : memset_t2.obj (.text)
                  0000cb74    00000074     ti.sysbios.fatfs.aem4f : ff.oem4f (.text:check_fs)
                  0000cbe8    00000074                            : ff.oem4f (.text:follow_path)
                  0000cc5c    00000070     rtsv7M4_T_le_v4SPD16_eabi.lib : printf.obj (.text)
                  0000cccc    00000070     sysbios.aem4f : BIOS.obj (.text:ti_sysbios_family_arm_m3_Hwi_postInit__I)
                  0000cd3c    00000070     ti.uia.runtime.aem4f : QueueDescriptor.oem4f (.text:ti_uia_runtime_QueueDescriptor_addToList__E)
                  0000cdac    00000070     ti.targets.arm.rtsarm.aem4f : Memory.oem4f (.text:xdc_runtime_Memory_alloc__E)
                  0000ce1c    0000006e     ti.sysbios.fatfs.aem4f : ff.oem4f (.text:move_window)
                  0000ce8a    00000002     --HOLE-- [fill = 0]
                  0000ce8c    0000006c     sysbios.aem4f : BIOS.obj (.text:ti_sysbios_utils_Load_updateThreadContexts__E)
                  0000cef8    0000006c     ti.targets.arm.rtsarm.aem4f : Error.oem4f (.text:xdc_runtime_Error_print__E)
                  0000cf64    0000006a     ti.uia.loggers.aem4f : LoggerStopMode.oem4f (.text:ti_uia_loggers_LoggerStopMode_flush__E)
                  0000cfce    00000066     ti.targets.arm.rtsarm.aem4f : Core-mem.oem4f (.text:xdc_runtime_Core_deleteObject__I)
                  0000d034    00000064     ti.sysbios.fatfs.aem4f : ff.oem4f (.text:remove_chain)
                  0000d098    00000064     rtsv7M4_T_le_v4SPD16_eabi.lib : fseek.obj (.text)
                  0000d0fc    00000064     sysbios.aem4f : BIOS.obj (.text:ti_sysbios_utils_Load_logCPULoad__I)
                  0000d160    00000060     ti.sysbios.fatfs.aem4f : ff.oem4f (.text:dir_register)
                  0000d1c0    00000060     rtsv7M4_T_le_v4SPD16_eabi.lib : trgmsg.obj (.text)
                  0000d220    00000060     sysbios.aem4f : BIOS.obj (.text:ti_sysbios_family_arm_lm4_Timer_isrStub__E)
                  0000d280    00000060                   : BIOS.obj (.text:ti_sysbios_knl_Clock_logTick__E)
                  0000d2e0    00000060     ti.targets.arm.rtsarm.aem4f : System.oem4f (.text:xdc_runtime_System_formatNum__I)
                  0000d340    0000005e     rtsv7M4_T_le_v4SPD16_eabi.lib : copy_decompress_rle.obj (.text)
                  0000d39e    00000002     --HOLE-- [fill = 0]
                  0000d3a0    0000005c     sysbios.aem4f : BIOS.obj (.text:ti_sysbios_family_arm_lm4_Timer_Module_startup__E)
                  0000d3fc    0000005b     ti.targets.arm.rtsarm.aem4f : Text.oem4f (.text:xdc_runtime_Text_putLab__E)
                  0000d457    00000001     --HOLE-- [fill = 0]
                  0000d458    0000005a     rtsv7M4_T_le_v4SPD16_eabi.lib : ltoa.obj (.text)
                  0000d4b2    00000002     --HOLE-- [fill = 0]
                  0000d4b4    00000058     boot.aem4f : boot.oem4f (.text)
                  0000d50c    00000058     principal_pem4f.oem4f (.text:ti_sysbios_family_arm_m3_Hwi_construct)
                  0000d564    00000058     sysbios.aem4f : m3_Hwi_asm_switch.obj (.text:ti_sysbios_family_arm_m3_Hwi_initStacks__E)
                  0000d5bc    00000058                   : BIOS.obj (.text:ti_sysbios_knl_Swi_restoreHwi__E)
                  0000d614    00000058                   : BIOS.obj (.text:ti_sysbios_knl_Swi_schedule__I)
                  0000d66c    00000054     sdspi_tivaware.aem4f : SDSPITiva.oem4f (.text:wait_ready)
                  0000d6c0    00000050     Boot.aem4f : Boot_sysctl.oem4f (.text:_SysCtlFrequencyGet)
                  0000d710    00000050     sysbios.aem4f : BIOS.obj (.text:ti_sysbios_utils_Load_updateCurrentThreadTime__E)
                  0000d760    00000050     ti.targets.arm.rtsarm.aem4f : Startup.oem4f (.text:xdc_runtime_Startup_exec__E)
                  0000d7b0    00000050                                 : Text.oem4f (.text:xdc_runtime_Text_visitRope2__I)
                  0000d800    0000004c     rtsv7M4_T_le_v4SPD16_eabi.lib : atoi.obj (.text)
                  0000d84c    0000004c     principal_pem4f.oem4f (.text:ti_sysbios_fatfs_startup)
                  0000d898    0000004c     sysbios.aem4f : BIOS.obj (.text:ti_sysbios_knl_Swi_runLoop__I)
                  0000d8e4    0000004c     ti.uia.loggers.aem4f : LoggerStopMode.oem4f (.text:ti_uia_loggers_LoggerStopMode_Module_startup__E)
                  0000d930    0000004a     ti.sysbios.fatfs.aem4f : ff.oem4f (.text:dir_find)
                  0000d97a    0000004a     rtsv7M4_T_le_v4SPD16_eabi.lib : fd_tos_t2.obj (.text)
                  0000d9c4    00000048     driverlib.lib : gpio.obj (.text:GPIOPinConfigure)
                  0000da0c    00000048                   : i2c.obj (.text:I2CMasterInitExpClk)
                  0000da54    00000048     i2c_tivaware.aem4f : I2C.oem4f (.text:I2C_open)
                  0000da9c    00000048     uart_tivaware.aem4f : UART.oem4f (.text:UART_open)
                  0000dae4    00000048     rtsv7M4_T_le_v4SPD16_eabi.lib : fd_toi_t2.obj (.text)
                  0000db2c    00000048     sysbios.aem4f : BIOS.obj (.text:ti_sysbios_family_arm_m3_Hwi_excReserved__I)
                  0000db74    00000048                   : BIOS.obj (.text:ti_sysbios_heaps_HeapMem_getStats__E)
                  0000dbbc    00000048     ti.uia.loggers.aem4f : LoggerStopMode.oem4f (.text:ti_uia_loggers_LoggerStopMode_initBuffer__I)
                  0000dc04    00000048     ti.targets.arm.rtsarm.aem4f : Assert.oem4f (.text:xdc_runtime_Assert_raise__I)
                  0000dc4c    00000046     sdspi_tivaware.aem4f : SDSPITiva.oem4f (.text:send_initial_clock_train)
                  0000dc92    00000046     ti.targets.arm.rtsarm.aem4f : Core-params.oem4f (.text:xdc_runtime_Core_assignParams__I)
                  0000dcd8    00000044     ti.sysbios.fatfs.aem4f : ff.oem4f (.text:f_mount)
                  0000dd1c    00000044     rtsv7M4_T_le_v4SPD16_eabi.lib : cpy_tbl.obj (.text)
                  0000dd60    00000044                                   : exit.obj (.text)
                  0000dda4    00000044                                   : xdtest.obj (.text)
                  0000dde8    00000044     sysbios.aem4f : BIOS.obj (.text:ti_sysbios_family_arm_lm4_Timer_stop__E)
                  0000de2c    00000044                   : BIOS.obj (.text:ti_sysbios_family_arm_m3_Hwi_disableInterrupt__E)
                  0000de70    00000044                   : BIOS.obj (.text:ti_sysbios_family_arm_m3_Hwi_enableInterrupt__E)
                  0000deb4    00000044                   : BIOS.obj (.text:ti_sysbios_knl_Task_allBlockedFunction__I)
                  0000def8    00000044     ti.targets.arm.rtsarm.aem4f : Error.oem4f (.text:xdc_runtime_Error_setX__E)
                  0000df3c    00000044                                 : SysMin.oem4f (.text:xdc_runtime_SysMin_flush__E)
                  0000df80    00000042     driverlib.lib : ssi.obj (.text:SSIConfigSetExpClk)
                  0000dfc2    00000042                   : uart.obj (.text:UARTConfigSetExpClk)
                  0000e004    00000042     rtsv7M4_T_le_v4SPD16_eabi.lib : u_divt2.obj (.text)
                  0000e046    00000040     ti.sysbios.fatfs.aem4f : ff.oem4f (.text:dir_read)
                  0000e086    00000002     --HOLE-- [fill = 0]
                  0000e088    00000040     sysbios.aem4f : BIOS.obj (.text:ti_sysbios_family_arm_lm4_Timer_startup__E)
                  0000e0c8    0000003c     i2c_tivaware.aem4f : I2C.oem4f (.text:I2C_close)
                  0000e104    0000003c     uart_tivaware.aem4f : UART.oem4f (.text:UART_close)
                  0000e140    0000003c     sysbios.aem4f : BIOS.obj (.text:ti_sysbios_family_arm_m3_Hwi_excSvCall__I)
                  0000e17c    0000003c                   : BIOS.obj (.text:ti_sysbios_family_arm_m3_Hwi_getStackInfo__E)
                  0000e1b8    0000003c                   : BIOS.obj (.text:ti_sysbios_heaps_HeapMem_init__I)
                  0000e1f4    0000003c                   : BIOS.obj (.text:ti_sysbios_knl_Swi_startup__E)
                  0000e230    0000003c     ti.targets.arm.rtsarm.aem4f : Text.oem4f (.text:xdc_runtime_Text_xprintf__I)
                  0000e26c    00000038     i2c_tivaware.aem4f : I2C.oem4f (.text:I2C_init)
                  0000e2a4    00000038                        : I2C.oem4f (.text:I2C_transfer)
                  0000e2dc    00000038     sdspi_tivaware.aem4f : SDSPI.oem4f (.text:SDSPI_init)
                  0000e314    00000038     uart_tivaware.aem4f : UART.oem4f (.text:UART_init)
                  0000e34c    00000038     sysbios.aem4f : BIOS.obj (.text:ti_sysbios_family_arm_m3_Hwi_excNoIsr__I)
                  0000e384    00000038                   : BIOS.obj (.text:ti_sysbios_family_arm_m3_TaskSupport_start__E)
                  0000e3bc    00000038                   : BIOS.obj (.text:ti_sysbios_knl_Task_processVitalTaskFlag__I)
                  0000e3f4    00000038     ti.targets.arm.rtsarm.aem4f : SysMin.oem4f (.text:xdc_runtime_SysMin_putch__E)
                  0000e42c    00000038                                 : System.oem4f (.text:xdc_runtime_System_atexit__E)
                  0000e464    00000034     driverlib.lib : sysctl.obj (.text:SysCtlPeripheralEnable)
                  0000e498    00000034     UARTUtils.obj (.text:UARTUtils_deviceread)
                  0000e4cc    00000034     UARTUtils.obj (.text:UARTUtils_devicewrite)
                  0000e500    00000034     uart_tivaware.aem4f : UART.oem4f (.text:UART_Params_init)
                  0000e534    00000034                         : UART.oem4f (.text:UART_read)
                  0000e568    00000034                         : UART.oem4f (.text:UART_write)
                  0000e59c    00000034     UARTUtils.obj (.text:closeHandle)
                  0000e5d0    00000034     ti.sysbios.fatfs.aem4f : ffcio.oem4f (.text:ffcio_lseek)
                  0000e604    00000034     sysbios.aem4f : BIOS.obj (.text:ti_sysbios_family_arm_m3_Hwi_excNmi__I)
                  0000e638    00000034                   : BIOS.obj (.text:ti_sysbios_hal_Hwi_checkStack)
                  0000e66c    00000034     principal_pem4f.oem4f (.text:ti_sysbios_knl_Semaphore_create)
                  0000e6a0    00000034     ti.uia.loggers.aem4f : LoggerStopMode.oem4f (.text:ti_uia_loggers_LoggerStopMode_reset__E)
                  0000e6d4    00000034     ti.targets.arm.rtsarm.aem4f : Core-label.oem4f (.text:xdc_runtime_Core_assignLabel__I)
                  0000e708    00000033                                 : Text.oem4f (.text:xdc_runtime_Text_printVisFxn__I)
                  0000e73b    00000001     --HOLE-- [fill = 0]
                  0000e73c    00000032     rtc.obj (.text:bcd2dec)
                  0000e76e    00000032     sysbios.aem4f : BIOS.obj (.text:ti_sysbios_knl_Semaphore_pendTimeout__I)
                  0000e7a0    00000030     i2c_tivaware.aem4f : I2C.oem4f (.text:I2C_Params_init)
                  0000e7d0    00000030     rtsv7M4_T_le_v4SPD16_eabi.lib : strncpy.obj (.text)
                  0000e800    00000030     principal_pem4f.oem4f (.text:ti_sysbios_BIOS_atExitFunc__I)
                  0000e830    00000030     principal_pem4f.oem4f (.text:ti_sysbios_gates_GateHwi_Object__create__S)
                  0000e860    00000030     principal_pem4f.oem4f (.text:ti_sysbios_gates_GateMutex_Object__create__S)
                  0000e890    00000030     principal_pem4f.oem4f (.text:ti_sysbios_heaps_HeapMem_Object__create__S)
                  0000e8c0    00000030     principal_pem4f.oem4f (.text:ti_sysbios_knl_Semaphore_construct)
                  0000e8f0    00000030     principal_pem4f.oem4f (.text:ti_uia_loggers_LoggerStopMode_Object__create__S)
                  0000e920    00000030     ti.sysbios.fatfs.aem4f : ff.oem4f (.text:validate)
                  0000e950    00000030     ti.targets.arm.rtsarm.aem4f : SysMin.oem4f (.text:xdc_runtime_SysMin_abort__E)
                  0000e980    00000030                                 : System.oem4f (.text:xdc_runtime_System_processAtExit__E)
                  0000e9b0    0000002e     UARTUtils.obj (.text:UARTUtils_deviceopen)
                  0000e9de    0000002e     principal_pem4f.oem4f (.text:malloc)
                  0000ea0c    0000002e     rtsv7M4_T_le_v4SPD16_eabi.lib : i_tofd_t2.obj (.text)
                  0000ea3a    00000002     --HOLE-- [fill = 0]
                  0000ea3c    0000002c     EK_TM4C1294XL.obj (.text:EK_TM4C1294XL_initGPIO)
                  0000ea68    0000002c     sdspi_tivaware.aem4f : SDSPITiva.oem4f (.text:SDSPITiva_close)
                  0000ea94    0000002c     Boot.aem4f : Boot_sysctl.oem4f (.text:_SysCtlMemTimingGet)
                  0000eac0    0000002c     ti.sysbios.fatfs.aem4f : diskio.oem4f (.text:disk_register)
                  0000eaec    0000002c     sysbios.aem4f : BIOS.obj (.text:ti_sysbios_hal_Hwi_initStack)
                  0000eb18    0000002c     principal_pem4f.oem4f (.text:ti_sysbios_knl_Clock_doTick__I)
                  0000eb44    0000002c     principal_pem4f.oem4f (.text:ti_sysbios_knl_Queue_construct)
                  0000eb70    0000002c     sysbios.aem4f : BIOS.obj (.text:ti_sysbios_knl_Task_restore__E)
                  0000eb9c    0000002c     ti.targets.arm.rtsarm.aem4f : Text.oem4f (.text:xdc_runtime_Text_cordText__E)
                  0000ebc8    0000002a     driverlib.lib : gpio.obj (.text:GPIODirModeSet)
                  0000ebf2    0000002a     ti.targets.arm.rtsarm.aem4f : System.oem4f (.text:xdc_runtime_System_putchar__I)
                  0000ec1c    00000028     ti.sysbios.fatfs.aem4f : diskio.oem4f (.text:disk_unregister)
                  0000ec44    00000028     principal_pem4f.oem4f (.text:ti_sysbios_BIOS_startFunc__I)
                  0000ec6c    00000028     sysbios.aem4f : BIOS.obj (.text:ti_sysbios_family_arm_m3_Hwi_Instance_finalize__E)
                  0000ec94    00000026                   : m3_Hwi_asm.obj (.text:ti_sysbios_family_arm_m3_Hwi_pendSV__I)
                  0000ecba    00000026     ti.targets.arm.rtsarm.aem4f : System.oem4f (.text:xdc_runtime_System_avprintf__E)
                  0000ece0    00000024     gpio_tivaware.aem4f : GPIO.oem4f (.text:GPIO_init)
                  0000ed04    00000024     rtc.obj (.text:bin2bcd)
                  0000ed28    00000024     ti.sysbios.fatfs.aem4f : ff.oem4f (.text:dir_remove)
                  0000ed4c    00000024                            : ffcio.oem4f (.text:ffcio_close)
                  0000ed70    00000024     principal_pem4f.oem4f (.text:ti_sysbios_BIOS_errorRaiseHook__I)
                  0000ed94    00000024     principal_pem4f.oem4f (.text:ti_sysbios_BIOS_registerRTSLock__I)
                  0000edb8    00000024     principal_pem4f.oem4f (.text:ti_sysbios_BIOS_removeRTSLock__I)
                  0000eddc    00000024     sysbios.aem4f : BIOS.obj (.text:ti_sysbios_family_arm_m3_Hwi_doTaskRestore__I)
                  0000ee00    00000024     principal_pem4f.oem4f (.text:ti_sysbios_gates_GateMutex_Object__delete__S)
                  0000ee24    00000024     sysbios.aem4f : BIOS.obj (.text:ti_sysbios_knl_Clock_Module_startup__E)
                  0000ee48    00000024     principal_pem4f.oem4f (.text:ti_sysbios_knl_Semaphore_Object__delete__S)
                  0000ee6c    00000024     sysbios.aem4f : BIOS.obj (.text:ti_sysbios_knl_Swi_Module_startup__E)
                  0000ee90    00000024     ti.targets.arm.rtsarm.aem4f : System.oem4f (.text:xdc_runtime_System_vprintf__E)
                  0000eeb4    00000022     sysbios.aem4f : BIOS.obj (.text:ti_sysbios_family_arm_lm4_Timer_write__I)
                  0000eed6    00000022     principal_pem4f.oem4f (.text:xdc_runtime_SysMin_output__I)
                  0000eef8    00000020     ti.sysbios.fatfs.aem4f : ffcio.oem4f (.text:ffcio_read)
                  0000ef18    00000020                            : ffcio.oem4f (.text:ffcio_write)
                  0000ef38    00000020     sysbios.aem4f : m3_Hwi_asm.obj (.text:ti_sysbios_family_arm_m3_Hwi_excHandlerAsm__I)
                  0000ef58    00000020                   : BIOS.obj (.text:ti_sysbios_family_arm_m3_Hwi_excHandler__I)
                  0000ef78    00000020     principal_pem4f.oem4f (.text:ti_sysbios_gates_GateHwi_Object__delete__S)
                  0000ef98    00000020     principal_pem4f.oem4f (.text:ti_sysbios_heaps_HeapMem_Object__delete__S)
                  0000efb8    00000020     sysbios.aem4f : BIOS.obj (.text:ti_sysbios_knl_Idle_run__E)
                  0000efd8    00000020     principal_pem4f.oem4f (.text:ti_sysbios_knl_Semaphore_Object__destruct__S)
                  0000eff8    00000020     sysbios.aem4f : BIOS.obj (.text:ti_sysbios_knl_Task_enter__I)
                  0000f018    00000020     principal_pem4f.oem4f (.text:ti_uia_loggers_LoggerStopMode_Object__delete__S)
                  0000f038    00000020     ti.targets.arm.rtsarm.aem4f : Registry.oem4f (.text:xdc_runtime_Registry_findById__E)
                  0000f058    00000020                                 : SysMin.oem4f (.text:xdc_runtime_SysMin_Module_startup__E)
                  0000f078    0000001e     sysbios.aem4f : m3_Hwi_asm_switch.obj (.text:ti_sysbios_family_xxx_Hwi_switchAndRunFunc)
                  0000f096    00000002     --HOLE-- [fill = 0]
                  0000f098    0000001c     driverlib.lib : uart.obj (.text:UARTDisable)
                  0000f0b4    0000001c     ti.sysbios.fatfs.aem4f : diskio.oem4f (.text:disk_initialize)
                  0000f0d0    0000001c                            : diskio.oem4f (.text:disk_ioctl)
                  0000f0ec    0000001c                            : diskio.oem4f (.text:disk_read)
                  0000f108    0000001c                            : diskio.oem4f (.text:disk_status)
                  0000f124    0000001c                            : diskio.oem4f (.text:disk_write)
                  0000f140    0000001c                            : ff.oem4f (.text:mem_cmp)
                  0000f15c    0000001c     rtsv7M4_T_le_v4SPD16_eabi.lib : memccpy.obj (.text)
                  0000f178    0000001c     principal_pem4f.oem4f (.text:ti_sysbios_BIOS_rtsLock__I)
                  0000f194    0000001c     principal_pem4f.oem4f (.text:ti_sysbios_family_arm_m3_Hwi_Object__destruct__S)
                  0000f1b0    0000001c     sysbios.aem4f : BIOS.obj (.text:ti_sysbios_gates_GateMutex_Instance_init__E)
                  0000f1cc    0000001c     principal_pem4f.oem4f (.text:ti_sysbios_knl_Queue_Object__destruct__S)
                  0000f1e8    0000001c     ti.targets.arm.rtsarm.aem4f : Error.oem4f (.text:xdc_runtime_Error_raiseX__E)
                  0000f204    0000001c                                 : Memory.oem4f (.text:xdc_runtime_Memory_valloc__E)
                  0000f220    0000001c                                 : SysMin.oem4f (.text:xdc_runtime_SysMin_exit__E)
                  0000f23c    0000001c                                 : System.oem4f (.text:xdc_runtime_System_abort__E)
                  0000f258    0000001a     ti.sysbios.fatfs.aem4f : syncsysbios.oem4f (.text:ff_cre_syncobj)
                  0000f272    0000001a     principal_pem4f.oem4f (.text:ti_sysbios_family_arm_m3_Hwi_Handle__label__S)
                  0000f28c    0000001a     principal_pem4f.oem4f (.text:ti_sysbios_gates_GateHwi_Handle__label__S)
                  0000f2a6    0000001a     principal_pem4f.oem4f (.text:ti_sysbios_gates_GateMutex_Handle__label__S)
                  0000f2c0    0000001a     principal_pem4f.oem4f (.text:ti_sysbios_heaps_HeapMem_Handle__label__S)
                  0000f2da    0000001a     principal_pem4f.oem4f (.text:ti_sysbios_knl_Swi_Handle__label__S)
                  0000f2f4    0000001a     principal_pem4f.oem4f (.text:ti_sysbios_knl_Task_Handle__label__S)
                  0000f30e    0000001a     sysbios.aem4f : BIOS.obj (.text:ti_sysbios_knl_Task_sleepTimeout__I)
                  0000f328    0000001a     principal_pem4f.oem4f (.text:ti_uia_loggers_LoggerStopMode_Handle__label__S)
                  0000f342    0000001a     ti.uia.loggers.aem4f : LoggerStopMode.oem4f (.text:ti_uia_loggers_LoggerStopMode_Instance_init__E)
                  0000f35c    0000001a     principal_pem4f.oem4f (.text:xdc_runtime_System_aprintf__E)
                  0000f376    0000001a     principal_pem4f.oem4f (.text:xdc_runtime_System_printf__E)
                  0000f390    00000018     driverlib.lib : gpio.obj (.text:GPIOPinTypeGPIOOutput)
                  0000f3a8    00000018     sdspi_tivaware.aem4f : SDSPI.oem4f (.text:SDSPI_open)
                  0000f3c0    00000018     UARTUtils.obj (.text:UARTUtils_deviceclose)
                  0000f3d8    00000018     ti.sysbios.fatfs.aem4f : ff.oem4f (.text:clust2sect)
                  0000f3f0    00000018     principal_pem4f.oem4f (.text:free)
                  0000f408    00000018     rtsv7M4_T_le_v4SPD16_eabi.lib : args_main.obj (.text)
                  0000f420    00000018                                   : ll_mul_t2.obj (.text)
                  0000f438    00000018                                   : strcmp.obj (.text)
                  0000f450    00000018                                   : strrchr.obj (.text)
                  0000f468    00000018     principal_pem4f.oem4f (.text:ti_sysbios_BIOS_rtsUnlock__I)
                  0000f480    00000018     principal_pem4f.oem4f (.text:ti_sysbios_family_arm_lm4_Timer_Module__startupDone__F)
                  0000f498    00000018     principal_pem4f.oem4f (.text:ti_sysbios_family_arm_m3_Hwi_Module__startupDone__F)
                  0000f4b0    00000018     sysbios.aem4f : m3_TaskSupport_asm.obj (.text:ti_sysbios_family_arm_m3_TaskSupport_swap__E)
                  0000f4c8    00000018                   : BIOS.obj (.text:ti_sysbios_gates_GateMutex_leave__E)
                  0000f4e0    00000018     ti.sysbios.fatfs.aem4f : ff.oem4f (.text:unlock_fs)
                  0000f4f8    00000018     ti.targets.arm.rtsarm.aem4f : Error.oem4f (.text:xdc_runtime_Error_check__E)
                  0000f510    00000018                                 : System.oem4f (.text:xdc_runtime_System_exit__E)
                  0000f528    00000018                                 : Text.oem4f (.text:xdc_runtime_Text_ropeText__E)
                  0000f540    00000016     driverlib.lib : i2c.obj (.text:I2CMasterErr)
                  0000f556    00000016     rtsv7M4_T_le_v4SPD16_eabi.lib : memchr.obj (.text)
                  0000f56c    00000016                                   : strchr.obj (.text)
                  0000f582    00000016     principal_pem4f.oem4f (.text:ti_sysbios_BIOS_exitFunc__I)
                  0000f598    00000016     ti.uia.loggers.aem4f : LoggerStopMode.oem4f (.text:ti_uia_loggers_LoggerStopMode_disable__E)
                  0000f5ae    00000016                          : LoggerStopMode.oem4f (.text:ti_uia_loggers_LoggerStopMode_enable__E)
                  0000f5c4    00000014     driverlib.lib : uart.obj (.text:UARTEnable)
                  0000f5d8    00000014     principal.obj (.text:heartBeatFxn)
                  0000f5ec    00000014     rtsv7M4_T_le_v4SPD16_eabi.lib : _lock.obj (.text)
                  0000f600    00000014                                   : strlen.obj (.text)
                  0000f614    00000014     principal_pem4f.oem4f (.text:ti_sysbios_family_arm_m3_Hwi_Object__get__S)
                  0000f628    00000014     sysbios.aem4f : BIOS.obj (.text:ti_sysbios_family_arm_m3_Hwi_switchFromBootStack__E)
                  0000f63c    00000014     principal_pem4f.oem4f (.text:ti_sysbios_heaps_HeapMem_Object__get__S)
                  0000f650    00000014     principal_pem4f.oem4f (.text:ti_sysbios_knl_Swi_Object__get__S)
                  0000f664    00000012     driverlib.lib : gpio.obj (.text:GPIOPinTypeGPIOInput)
                  0000f676    00000012                   : gpio.obj (.text:GPIOPinTypeI2C)
                  0000f688    00000012                   : gpio.obj (.text:GPIOPinTypeI2CSCL)
                  0000f69a    00000012                   : gpio.obj (.text:GPIOPinTypeUART)
                  0000f6ac    00000012     sdspi_tivaware.aem4f : SDSPITiva.oem4f (.text:SDSPITiva_init)
                  0000f6be    00000012     UARTUtils.obj (.text:UARTUtils_devicelseek)
                  0000f6d0    00000012     ti.sysbios.fatfs.aem4f : ff.oem4f (.text:chk_chr)
                  0000f6e2    00000012     rtsv7M4_T_le_v4SPD16_eabi.lib : copy_zero_init.obj (.text:decompress:ZI)
                  0000f6f4    00000012     ti.sysbios.fatfs.aem4f : ffcio.oem4f (.text:ffcio_rename)
                  0000f706    00000012                            : ffcio.oem4f (.text:ffcio_unlink)
                  0000f718    00000012     rtsv7M4_T_le_v4SPD16_eabi.lib : xdclass.obj (.text)
                  0000f72a    00000012     sysbios.aem4f : BIOS.obj (.text:ti_sysbios_hal_Hwi_Module_startup__E)
                  0000f73c    00000012     principal_pem4f.oem4f (.text:xdc_runtime_Startup_exec__I)
                  0000f74e    00000002     --HOLE-- [fill = 0]
                  0000f750    00000010     principal_pem4f.oem4f (.text:.bootCodeSection:ti_catalog_arm_cortexm4_tiva_ce_Boot_init__I)
                  0000f760    00000010     sdspi_tivaware.aem4f : SDSPITiva.oem4f (.text:SDSPITiva_diskStatus)
                  0000f770    00000010     UARTUtils.obj (.text:UARTUtils_devicerename)
                  0000f780    00000010     ti.sysbios.fatfs.aem4f : ff.oem4f (.text:f_close)
                  0000f790    00000010                            : ff.oem4f (.text:mem_cpy)
                  0000f7a0    00000010     rtsv7M4_T_le_v4SPD16_eabi.lib : strcpy.obj (.text)
                  0000f7b0    00000010     sysbios.aem4f : BIOS.obj (.text:ti_sysbios_BIOS_getCpuFreq__E)
                  0000f7c0    00000010                   : BIOS.obj (.text:ti_sysbios_BIOS_setThreadType__E)
                  0000f7d0    00000010                   : BIOS.obj (.text:ti_sysbios_BIOS_start__E)
                  0000f7e0    00000010                   : BIOS.obj (.text:ti_sysbios_family_arm_lm4_TimestampProvider_rolloverFunc__E)
                  0000f7f0    00000010                   : m3_TaskSupport_asm.obj (.text:ti_sysbios_family_arm_m3_TaskSupport_glue)
                  0000f800    00000010                   : BIOS.obj (.text:ti_sysbios_gates_GateMutex_Instance_finalize__E)
                  0000f810    00000010                   : BIOS.obj (.text:ti_sysbios_knl_Semaphore_Instance_finalize__E)
                  0000f820    00000010                   : BIOS.obj (.text:ti_sysbios_knl_Swi_disable__E)
                  0000f830    00000010     principal_pem4f.oem4f (.text:ti_sysbios_knl_Task_Object__get__S)
                  0000f840    00000010     sysbios.aem4f : BIOS.obj (.text:ti_sysbios_knl_Task_disable__E)
                  0000f850    00000010     principal_pem4f.oem4f (.text:ti_uia_loggers_LoggerStopMode_Object__get__S)
                  0000f860    00000010     ti.uia.loggers.aem4f : LoggerStopMode.oem4f (.text:ti_uia_loggers_LoggerStopMode_isEmpty__E)
                  0000f870    00000010     ti.targets.arm.rtsarm.aem4f : Gate.oem4f (.text:xdc_runtime_Gate_leaveSystem__E)
                  0000f880    00000010                                 : Memory.oem4f (.text:xdc_runtime_Memory_free__E)
                  0000f890    00000010                                 : SysMin.oem4f (.text:xdc_runtime_SysMin_ready__E)
                  0000f8a0    00000010                                 : System.oem4f (.text:xdc_runtime_System_vsnprintf__E)
                  0000f8b0    00000010     principal_pem4f.oem4f (.text:xdc_runtime_Text_visitRope__I)
                  0000f8c0    0000000e     driverlib.lib : uart.obj (.text:UARTCharGetNonBlocking)
                  0000f8ce    0000000e                   : uart.obj (.text:UARTCharPutNonBlocking)
                  0000f8dc    0000000e     UARTUtils.obj (.text:UARTUtils_deviceunlink)
                  0000f8ea    0000000e     rtsv7M4_T_le_v4SPD16_eabi.lib : copy_decompress_none.obj (.text:decompress:none)
                  0000f8f8    0000000e     ti.sysbios.fatfs.aem4f : syncsysbios.oem4f (.text:ff_del_syncobj)
                  0000f906    0000000e                            : ff.oem4f (.text:mem_set)
                  0000f914    0000000e     sysbios.aem4f : BIOS.obj (.text:ti_sysbios_knl_Queue_empty__E)
                  0000f922    00000002     --HOLE-- [fill = 0]
                  0000f924    0000000c     sdspi_tivaware.aem4f : SDSPI.oem4f (.text:SDSPI_Params_init)
                  0000f930    0000000c     driverlib.lib : ssi.obj (.text:SSIDataGet)
                  0000f93c    0000000c     sysbios.aem4f : BIOS.obj (.text:ti_sysbios_family_arm_lm4_Timer_getMaxTicks__E)
                  0000f948    0000000c                   : BIOS.obj (.text:ti_sysbios_family_arm_lm4_TimestampProvider_startTimer__E)
                  0000f954    0000000c     principal_pem4f.oem4f (.text:ti_sysbios_family_arm_m3_Hwi_Params__init__S)
                  0000f960    0000000c     sysbios.aem4f : BIOS.obj (.text:ti_sysbios_family_arm_m3_Hwi_disableFxn__E)
                  0000f96c    0000000c                   : BIOS.obj (.text:ti_sysbios_family_arm_m3_TaskSupport_checkStack__E)
                  0000f978    0000000c                   : BIOS.obj (.text:ti_sysbios_gates_GateHwi_enter__E)
                  0000f984    0000000c     principal_pem4f.oem4f (.text:ti_sysbios_knl_Queue_Object__get__S)
                  0000f990    0000000c     principal_pem4f.oem4f (.text:ti_sysbios_knl_Semaphore_Params__init__S)
                  0000f99c    0000000c     ti.targets.arm.rtsarm.aem4f : Error.oem4f (.text:xdc_runtime_Error_init__E)
                  0000f9a8    0000000c                                 : Gate.oem4f (.text:xdc_runtime_Gate_enterSystem__E)
                  0000f9b4    0000000c                                 : Memory.oem4f (.text:xdc_runtime_Memory_calloc__E)
                  0000f9c0    0000000c                                 : Memory.oem4f (.text:xdc_runtime_Memory_getMaxDefaultTypeAlign__E)
                  0000f9cc    0000000a     driverlib.lib : i2c.obj (.text:I2CMasterDisable)
                  0000f9d6    0000000a                   : i2c.obj (.text:I2CMasterEnable)
                  0000f9e0    0000000a     i2c_tivaware.aem4f : I2CTiva.oem4f (.text:I2CTiva_init)
                  0000f9ea    0000000a     sdspi_tivaware.aem4f : SDSPI.oem4f (.text:SDSPI_close)
                  0000f9f4    0000000a     driverlib.lib : ssi.obj (.text:SSIDataPut)
                  0000f9fe    0000000a                   : ssi.obj (.text:SSIDisable)
                  0000fa08    0000000a                   : ssi.obj (.text:SSIEnable)
                  0000fa12    0000000a                   : uart.obj (.text:UARTCharGet)
                  0000fa1c    0000000a                   : uart.obj (.text:UARTCharPut)
                  0000fa26    0000000a                   : uart.obj (.text:UARTIntDisable)
                  0000fa30    0000000a                   : uart.obj (.text:UARTIntStatus)
                  0000fa3a    0000000a     principal_pem4f.oem4f (.text:xdc_runtime_IHeap_alloc)
                  0000fa44    0000000a     principal_pem4f.oem4f (.text:xdc_runtime_IHeap_free)
                  0000fa4e    00000008     driverlib.lib : i2c.obj (.text:I2CMasterIntClear)
                  0000fa56    00000008                   : i2c.obj (.text:I2CMasterSlaveAddrSet)
                  0000fa5e    00000008                   : uart.obj (.text:UARTIntEnable)
                  0000fa66    00000008     uart_tivaware.aem4f : UARTTiva.oem4f (.text:UARTTiva_init)
                  0000fa6e    00000008     ti.sysbios.fatfs.aem4f : syncsysbios.oem4f (.text:ff_req_grant)
                  0000fa76    00000008     uart_tivaware.aem4f : UARTTiva.oem4f (.text:readSemCallback)
                  0000fa7e    00000008     sysbios.aem4f : BIOS.obj (.text:ti_sysbios_family_arm_lm4_Timer_masterDisable__I)
                  0000fa86    00000008                   : BIOS.obj (.text:ti_sysbios_family_arm_m3_Hwi_doSwiRestore__I)
                  0000fa8e    00000008                   : BIOS.obj (.text:ti_sysbios_family_arm_m3_Hwi_startup__E)
                  0000fa96    00000002     --HOLE-- [fill = 0]
                  0000fa98    00000008     principal_pem4f.oem4f (.text:ti_sysbios_fatfs_getFatTime)
                  0000faa0    00000008     sysbios.aem4f : BIOS.obj (.text:ti_sysbios_knl_Idle_loop__E)
                  0000faa8    00000008     uart_tivaware.aem4f : UARTTiva.oem4f (.text:writeSemCallback)
                  0000fab0    00000006     driverlib.lib : gpio.obj (.text:GPIOPinRead)
                  0000fab6    00000006                   : gpio.obj (.text:GPIOPinWrite)
                  0000fabc    00000006                   : i2c.obj (.text:I2CMasterIntDisable)
                  0000fac2    00000006                   : i2c.obj (.text:I2CMasterIntEnable)
                  0000fac8    00000006                   : uart.obj (.text:UARTFIFOLevelSet)
                  0000face    00000006     ti.targets.arm.rtsarm.aem4f : xdc_noinit.oem4f (.text:__xdc__init)
                  0000fad4    00000006     rtsv7M4_T_le_v4SPD16_eabi.lib : copy_decompress_rle.obj (.text:decompress:rle24)
                  0000fada    00000006     ti.sysbios.fatfs.aem4f : ff.oem4f (.text:lock_fs)
                  0000fae0    00000006     sysbios.aem4f : BIOS.obj (.text:ti_sysbios_family_arm_lm4_TimestampProvider_Module_startup__E)
                  0000fae6    00000006                   : BIOS.obj (.text:ti_sysbios_family_arm_m3_Hwi_restoreFxn__E)
                  0000faec    00000006                   : BIOS.obj (.text:ti_sysbios_gates_GateHwi_leave__E)
                  0000faf2    00000006                   : BIOS.obj (.text:ti_sysbios_heaps_HeapMem_isBlocking__E)
                  0000faf8    00000006                   : BIOS.obj (.text:ti_sysbios_knl_Queue_Instance_init__E)
                  0000fafe    00000006     ti.targets.arm.rtsarm.aem4f : System.oem4f (.text:xdc_runtime_System_Module_startup__E)
                  0000fb04    00000004     driverlib.lib : i2c.obj (.text:I2CMasterControl)
                  0000fb08    00000004                   : i2c.obj (.text:I2CMasterDataGet)
                  0000fb0c    00000004                   : i2c.obj (.text:I2CMasterDataPut)
                  0000fb10    00000004                   : uart.obj (.text:UARTIntClear)
                  0000fb14    00000004     ti.sysbios.fatfs.aem4f : syncsysbios.oem4f (.text:ff_rel_grant)
                  0000fb18    00000004                            : diskio.oem4f (.text:get_fattime)
                  0000fb1c    00000004     principal_pem4f.oem4f (.text:ti_sysbios_BIOS_RtsGateProxy_enter__E)
                  0000fb20    00000004     principal_pem4f.oem4f (.text:ti_sysbios_BIOS_RtsGateProxy_leave__E)
                  0000fb24    00000004     sysbios.aem4f : BIOS.obj (.text:ti_sysbios_family_arm_lm4_Timer_getPeriod__E)
                  0000fb28    00000004                   : BIOS.obj (.text:ti_sysbios_family_arm_lm4_Timer_masterEnable__I)
                  0000fb2c    00000004     principal_pem4f.oem4f (.text:ti_sysbios_family_arm_m3_Hwi_destruct)
                  0000fb30    00000004     principal_pem4f.oem4f (.text:ti_sysbios_family_arm_m3_TaskSupport_Module__startupDone__S)
                  0000fb34    00000004     sysbios.aem4f : BIOS.obj (.text:ti_sysbios_gates_GateHwi_query__E)
                  0000fb38    00000004                   : BIOS.obj (.text:ti_sysbios_gates_GateMutex_query__E)
                  0000fb3c    00000004     principal_pem4f.oem4f (.text:ti_sysbios_hal_Hwi_HwiProxy_Module__startupDone__S)
                  0000fb40    00000004     principal_pem4f.oem4f (.text:ti_sysbios_heaps_HeapMem_Module_GateProxy_enter__E)
                  0000fb44    00000004     principal_pem4f.oem4f (.text:ti_sysbios_heaps_HeapMem_Module_GateProxy_leave__E)
                  0000fb48    00000004     principal_pem4f.oem4f (.text:ti_sysbios_knl_Clock_TimerProxy_Module__startupDone__S)
                  0000fb4c    00000004     principal_pem4f.oem4f (.text:ti_sysbios_knl_Clock_TimerProxy_getMaxTicks__E)
                  0000fb50    00000004     principal_pem4f.oem4f (.text:ti_sysbios_knl_Clock_TimerProxy_getPeriod__E)
                  0000fb54    00000004     principal_pem4f.oem4f (.text:ti_sysbios_knl_Queue_destruct)
                  0000fb58    00000004     principal_pem4f.oem4f (.text:ti_sysbios_knl_Semaphore_delete)
                  0000fb5c    00000004     principal_pem4f.oem4f (.text:ti_sysbios_knl_Semaphore_destruct)
                  0000fb60    00000004     principal_pem4f.oem4f (.text:ti_sysbios_knl_Task_SupportProxy_Module__startupDone__S)
                  0000fb64    00000004     sysbios.aem4f : BIOS.obj (.text:ti_sysbios_knl_Task_startup__E)
                  0000fb68    00000004     ti.uia.loggers.aem4f : LoggerStopMode.oem4f (.text:ti_uia_loggers_LoggerStopMode_getContents__E)
                  0000fb6c    00000004     principal_pem4f.oem4f (.text:ti_uia_loggers_LoggerStopMode_getFilterLevel__E)
                  0000fb70    00000004     ti.uia.loggers.aem4f : LoggerStopMode.oem4f (.text:ti_uia_loggers_LoggerStopMode_getInstanceId__E)
                  0000fb74    00000004                          : LoggerStopMode.oem4f (.text:ti_uia_loggers_LoggerStopMode_getMaxLength__E)
                  0000fb78    00000004                          : LoggerStopMode.oem4f (.text:ti_uia_loggers_LoggerStopMode_getPriority__E)
                  0000fb7c    00000004                          : LoggerStopMode.oem4f (.text:ti_uia_loggers_LoggerStopMode_getTransferType__E)
                  0000fb80    00000004     ti.targets.arm.rtsarm.aem4f : Error.oem4f (.text:xdc_runtime_Error_getSite__E)
                  0000fb84    00000004     principal_pem4f.oem4f (.text:xdc_runtime_Memory_HeapProxy_alloc__E)
                  0000fb88    00000004     principal_pem4f.oem4f (.text:xdc_runtime_Memory_HeapProxy_free__E)
                  0000fb8c    00000004     principal_pem4f.oem4f (.text:xdc_runtime_System_Module_GateProxy_enter__E)
                  0000fb90    00000004     principal_pem4f.oem4f (.text:xdc_runtime_System_Module_GateProxy_leave__E)
                  0000fb94    00000004     ti.targets.arm.rtsarm.aem4f : System.oem4f (.text:xdc_runtime_System_aprintf_va__F)
                  0000fb98    00000004                                 : System.oem4f (.text:xdc_runtime_System_printf_va__F)

.const     0    0000fba0    00002c1c     
                  0000fba0    00001e4e     principal_pem4f.oem4f (.const:xdc_runtime_Text_charTab__A)
                  000119ee    00000002     principal_pem4f.oem4f (.const:ti_catalog_arm_cortexm4_tiva_ce_Boot_Module__id__C)
                  000119f0    00000120     Boot.aem4f : Boot_sysctl.oem4f (.const:g_pppui32XTALtoVCO)
                  00011b10    00000104     principal_pem4f.oem4f (.const:xdc_runtime_Text_nodeTab__A)
                  00011c14    00000102     rtsv7M4_T_le_v4SPD16_eabi.lib : ctype.obj (.const:.string:_ctypes_)
                  00011d16    00000002     principal_pem4f.oem4f (.const:ti_sysbios_family_arm_lm4_TimestampProvider_useClockTimer__C)
                  00011d18    00000098     rtsv7M4_T_le_v4SPD16_eabi.lib : strtod.obj (.const)
                  00011db0    00000098                                   : strtold.obj (.const)
                  00011e48    00000090     driverlib.lib : gpio.obj (.const:g_pui32GPIOBaseAddrs)
                  00011ed8    0000006c     Boot.aem4f : Boot_sysctl.oem4f (.const:g_pui32Xtals)
                  00011f44    00000060     principal_pem4f.oem4f (.const:ti_uia_loggers_LoggerStopMode_Module__FXNS__C)
                  00011fa4    00000054     EK_TM4C1294XL.obj (.const)
                  00011ff8    00000048     principal_pem4f.oem4f (.const:.string)
                  00012040    00000048     EK_TM4C1294XL.obj (.const:sdspiTivaHWattrs)
                  00012088    0000003c     EK_TM4C1294XL.obj (.const:I2C_config)
                  000120c4    0000003c     EK_TM4C1294XL.obj (.const:UART_config)
                  00012100    00000038     Boot.aem4f : Boot_sysctl.oem4f (.const:g_sXTALtoMEMTIM)
                  00012138    00000030     EK_TM4C1294XL.obj (.const:gpioHWAttrs)
                  00012168    00000030     principal_pem4f.oem4f (.const:ti_sysbios_family_arm_m3_Hwi_Object__PARAMS__C)
                  00012198    00000028     principal_pem4f.oem4f (.const:ti_sysbios_heaps_HeapMem_Module__FXNS__C)
                  000121c0    00000028     principal_pem4f.oem4f (.const:ti_uia_loggers_LoggerStopMode_Object__PARAMS__C)
                  000121e8    00000028     principal_pem4f.oem4f (.const:xdc_runtime_Startup_sfxnTab__A)
                  00012210    00000024     EK_TM4C1294XL.obj (.const:SDSPI_config)
                  00012234    00000024     uart_tivaware.aem4f : UARTTiva.oem4f (.const:UARTTiva_fxnTable)
                  00012258    00000024     principal_pem4f.oem4f (.const:ti_sysbios_gates_GateHwi_Module__FXNS__C)
                  0001227c    00000024     principal_pem4f.oem4f (.const:ti_sysbios_gates_GateMutex_Module__FXNS__C)
                  000122a0    00000024     principal_pem4f.oem4f (.const:ti_sysbios_heaps_HeapMem_Object__PARAMS__C)
                  000122c4    00000024     principal_pem4f.oem4f (.const:ti_sysbios_knl_Semaphore_Object__PARAMS__C)
                  000122e8    00000020     sd.obj (.const:.string)
                  00012308    00000020     principal_pem4f.oem4f (.const:ti_sysbios_family_arm_m3_Hwi_Object__DESC__C)
                  00012328    00000020     principal_pem4f.oem4f (.const:ti_sysbios_gates_GateHwi_Object__DESC__C)
                  00012348    00000020     principal_pem4f.oem4f (.const:ti_sysbios_gates_GateMutex_Object__DESC__C)
                  00012368    00000020     principal_pem4f.oem4f (.const:ti_sysbios_heaps_HeapMem_Object__DESC__C)
                  00012388    00000020     principal_pem4f.oem4f (.const:ti_sysbios_knl_Queue_Object__DESC__C)
                  000123a8    00000020     principal_pem4f.oem4f (.const:ti_sysbios_knl_Semaphore_Object__DESC__C)
                  000123c8    00000020     principal_pem4f.oem4f (.const:ti_uia_loggers_LoggerStopMode_Object__DESC__C)
                  000123e8    00000020     uart_tivaware.aem4f : UART.oem4f (.const)
                  00012408    00000018     principal_pem4f.oem4f (.const:ti_sysbios_gates_GateHwi_Object__PARAMS__C)
                  00012420    00000018     principal_pem4f.oem4f (.const:ti_sysbios_gates_GateMutex_Object__PARAMS__C)
                  00012438    00000018     principal_pem4f.oem4f (.const:ti_sysbios_knl_Queue_Object__PARAMS__C)
                  00012450    00000014     principal_pem4f.oem4f (.const:xdc_runtime_Startup_firstFxns__A)
                  00012464    00000014     principal_pem4f.oem4f (.const:xdc_runtime_Startup_sfxnRts__A)
                  00012478    00000011     ti.targets.arm.rtsarm.aem4f : System.oem4f (.const:.string)
                  00012489    00000001     principal_pem4f.oem4f (.const:xdc_runtime_Error_policy__C)
                  0001248a    00000002     principal_pem4f.oem4f (.const:ti_sysbios_family_arm_m3_Hwi_Module__id__C)
                  0001248c    00000010     i2c_tivaware.aem4f : I2CTiva.oem4f (.const)
                  0001249c    00000010     rtsv7M4_T_le_v4SPD16_eabi.lib : _scanfi.obj (.const)
                  000124ac    0000000c     i2c_tivaware.aem4f : I2C.oem4f (.const)
                  000124b8    0000000c     sdspi_tivaware.aem4f : SDSPITiva.oem4f (.const)
                  000124c4    00000008     Boot.aem4f : Boot_sysctl.oem4f (.const)
                  000124cc    00000008     principal_pem4f.oem4f (.const:ti_sysbios_family_arm_m3_Hwi_excHookFuncs__A)
                  000124d4    00000008     principal_pem4f.oem4f (.const:ti_sysbios_knl_Idle_funcList__A)
                  000124dc    00000008     principal_pem4f.oem4f (.const:ti_sysbios_knl_Idle_funcList__C)
                  000124e4    00000008     principal_pem4f.oem4f (.const:xdc_runtime_Startup_firstFxns__C)
                  000124ec    00000008     principal_pem4f.oem4f (.const:xdc_runtime_Startup_lastFxns__C)
                  000124f4    00000004     sdspi_tivaware.aem4f : SDSPI.oem4f (.const)
                  000124f8    00000004     principal_pem4f.oem4f (.const:ti_catalog_arm_cortexm4_tiva_ce_Boot_A_mustNotUseEnhancedClockMode__C)
                  000124fc    00000004     principal_pem4f.oem4f (.const:ti_catalog_arm_cortexm4_tiva_ce_Boot_Module__diagsEnabled__C)
                  00012500    00000004     principal_pem4f.oem4f (.const:ti_catalog_arm_cortexm4_tiva_ce_Boot_Module__diagsIncluded__C)
                  00012504    00000004     principal_pem4f.oem4f (.const:ti_catalog_arm_cortexm4_tiva_ce_Boot_Module__diagsMask__C)
                  00012508    00000004     principal_pem4f.oem4f (.const:ti_sysbios_family_arm_lm4_Timer_enableFunc__C)
                  0001250c    00000004     principal_pem4f.oem4f (.const:ti_sysbios_family_arm_lm4_Timer_numTimerDevices__C)
                  00012510    00000004     principal_pem4f.oem4f (.const:ti_sysbios_family_arm_lm4_Timer_startupNeeded__C)
                  00012514    00000004     principal_pem4f.oem4f (.const:ti_sysbios_family_arm_m3_Hwi_E_NMI__C)
                  00012518    00000004     principal_pem4f.oem4f (.const:ti_sysbios_family_arm_m3_Hwi_E_alreadyDefined__C)
                  0001251c    00000004     principal_pem4f.oem4f (.const:ti_sysbios_family_arm_m3_Hwi_E_busFault__C)
                  00012520    00000004     principal_pem4f.oem4f (.const:ti_sysbios_family_arm_m3_Hwi_E_debugMon__C)
                  00012524    00000004     principal_pem4f.oem4f (.const:ti_sysbios_family_arm_m3_Hwi_E_hardFault__C)
                  00012528    00000004     principal_pem4f.oem4f (.const:ti_sysbios_family_arm_m3_Hwi_E_memFault__C)
                  0001252c    00000004     principal_pem4f.oem4f (.const:ti_sysbios_family_arm_m3_Hwi_E_noIsr__C)
                  00012530    00000004     principal_pem4f.oem4f (.const:ti_sysbios_family_arm_m3_Hwi_E_reserved__C)
                  00012534    00000004     principal_pem4f.oem4f (.const:ti_sysbios_family_arm_m3_Hwi_E_svCall__C)
                  00012538    00000004     principal_pem4f.oem4f (.const:ti_sysbios_family_arm_m3_Hwi_E_usageFault__C)
                  0001253c    00000004     principal_pem4f.oem4f (.const:ti_sysbios_family_arm_m3_Hwi_LD_end__C)
                  00012540    00000004     principal_pem4f.oem4f (.const:ti_sysbios_family_arm_m3_Hwi_LM_begin__C)
                  00012544    00000004     principal_pem4f.oem4f (.const:ti_sysbios_family_arm_m3_Hwi_Module__diagsEnabled__C)
                  00012548    00000004     principal_pem4f.oem4f (.const:ti_sysbios_family_arm_m3_Hwi_Module__diagsIncluded__C)
                  0001254c    00000004     principal_pem4f.oem4f (.const:ti_sysbios_family_arm_m3_Hwi_Module__diagsMask__C)
                  00012550    00000004     principal_pem4f.oem4f (.const:ti_sysbios_family_arm_m3_Hwi_Module__loggerFxn1__C)
                  00012554    00000004     principal_pem4f.oem4f (.const:ti_sysbios_family_arm_m3_Hwi_Module__loggerFxn8__C)
                  00012558    00000004     principal_pem4f.oem4f (.const:ti_sysbios_family_arm_m3_Hwi_Module__loggerObj__C)
                  0001255c    00000004     principal_pem4f.oem4f (.const:ti_sysbios_family_arm_m3_Hwi_NUM_INTERRUPTS__C)
                  00012560    00000004     principal_pem4f.oem4f (.const:ti_sysbios_family_arm_m3_Hwi_Object__count__C)
                  00012564    00000004     principal_pem4f.oem4f (.const:ti_sysbios_family_arm_m3_Hwi_ccr__C)
                  00012568    00000004     principal_pem4f.oem4f (.const:ti_sysbios_family_arm_m3_Hwi_excHandlerFunc__C)
                  0001256c    00000004     principal_pem4f.oem4f (.const:ti_sysbios_family_arm_m3_Hwi_excHookFuncs__C)
                  00012570    00000004     principal_pem4f.oem4f (.const:ti_sysbios_family_arm_m3_Hwi_nullIsrFunc__C)
                  00012574    00000004     principal_pem4f.oem4f (.const:ti_sysbios_family_arm_m3_Hwi_priGroup__C)
                  00012578    00000004     principal_pem4f.oem4f (.const:ti_sysbios_gates_GateMutex_A_badContext__C)
                  0001257c    00000004     principal_pem4f.oem4f (.const:ti_sysbios_gates_GateMutex_Instance_State_sem__O)
                  00012580    00000004     principal_pem4f.oem4f (.const:ti_sysbios_gates_GateMutex_Module__diagsEnabled__C)
                  00012584    00000004     principal_pem4f.oem4f (.const:ti_sysbios_gates_GateMutex_Module__diagsIncluded__C)
                  00012588    00000004     principal_pem4f.oem4f (.const:ti_sysbios_gates_GateMutex_Module__diagsMask__C)
                  0001258c    00000004     principal_pem4f.oem4f (.const:ti_sysbios_hal_Hwi_E_stackOverflow__C)
                  00012590    00000004     principal_pem4f.oem4f (.const:ti_sysbios_heaps_HeapMem_A_align__C)
                  00012594    00000004     principal_pem4f.oem4f (.const:ti_sysbios_heaps_HeapMem_A_heapSize__C)
                  00012598    00000004     principal_pem4f.oem4f (.const:ti_sysbios_heaps_HeapMem_A_invalidFree__C)
                  0001259c    00000004     principal_pem4f.oem4f (.const:ti_sysbios_heaps_HeapMem_A_zeroBlock__C)
                  000125a0    00000004     principal_pem4f.oem4f (.const:ti_sysbios_heaps_HeapMem_E_memory__C)
                  000125a4    00000004     principal_pem4f.oem4f (.const:ti_sysbios_heaps_HeapMem_Module__diagsEnabled__C)
                  000125a8    00000004     principal_pem4f.oem4f (.const:ti_sysbios_heaps_HeapMem_Module__diagsIncluded__C)
                  000125ac    00000004     principal_pem4f.oem4f (.const:ti_sysbios_heaps_HeapMem_Module__diagsMask__C)
                  000125b0    00000004     principal_pem4f.oem4f (.const:ti_sysbios_heaps_HeapMem_Module__gateObj__C)
                  000125b4    00000004     principal_pem4f.oem4f (.const:ti_sysbios_heaps_HeapMem_Object__count__C)
                  000125b8    00000004     principal_pem4f.oem4f (.const:ti_sysbios_heaps_HeapMem_reqAlign__C)
                  000125bc    00000004     principal_pem4f.oem4f (.const:ti_sysbios_knl_Clock_LM_begin__C)
                  000125c0    00000004     principal_pem4f.oem4f (.const:ti_sysbios_knl_Clock_LM_tick__C)
                  000125c4    00000004     principal_pem4f.oem4f (.const:ti_sysbios_knl_Clock_LW_delayed__C)
                  000125c8    00000004     principal_pem4f.oem4f (.const:ti_sysbios_knl_Clock_Module_State_clockQ__O)
                  000125cc    00000004     principal_pem4f.oem4f (.const:ti_sysbios_knl_Clock_Module__diagsEnabled__C)
                  000125d0    00000004     principal_pem4f.oem4f (.const:ti_sysbios_knl_Clock_Module__diagsIncluded__C)
                  000125d4    00000004     principal_pem4f.oem4f (.const:ti_sysbios_knl_Clock_Module__diagsMask__C)
                  000125d8    00000004     principal_pem4f.oem4f (.const:ti_sysbios_knl_Clock_Module__loggerFxn1__C)
                  000125dc    00000004     principal_pem4f.oem4f (.const:ti_sysbios_knl_Clock_Module__loggerFxn2__C)
                  000125e0    00000004     principal_pem4f.oem4f (.const:ti_sysbios_knl_Clock_Module__loggerObj__C)
                  000125e4    00000004     principal_pem4f.oem4f (.const:ti_sysbios_knl_Semaphore_A_badContext__C)
                  000125e8    00000004     principal_pem4f.oem4f (.const:ti_sysbios_knl_Semaphore_A_noEvents__C)
                  000125ec    00000004     principal_pem4f.oem4f (.const:ti_sysbios_knl_Semaphore_A_overflow__C)
                  000125f0    00000004     principal_pem4f.oem4f (.const:ti_sysbios_knl_Semaphore_A_pendTaskDisabled__C)
                  000125f4    00000004     principal_pem4f.oem4f (.const:ti_sysbios_knl_Semaphore_Instance_State_pendQ__O)
                  000125f8    00000004     principal_pem4f.oem4f (.const:ti_sysbios_knl_Semaphore_LM_pend__C)
                  000125fc    00000004     principal_pem4f.oem4f (.const:ti_sysbios_knl_Semaphore_LM_post__C)
                  00012600    00000004     principal_pem4f.oem4f (.const:ti_sysbios_knl_Semaphore_Module__diagsEnabled__C)
                  00012604    00000004     principal_pem4f.oem4f (.const:ti_sysbios_knl_Semaphore_Module__diagsIncluded__C)
                  00012608    00000004     principal_pem4f.oem4f (.const:ti_sysbios_knl_Semaphore_Module__diagsMask__C)
                  0001260c    00000004     principal_pem4f.oem4f (.const:ti_sysbios_knl_Semaphore_Module__loggerFxn2__C)
                  00012610    00000004     principal_pem4f.oem4f (.const:ti_sysbios_knl_Semaphore_Module__loggerFxn4__C)
                  00012614    00000004     principal_pem4f.oem4f (.const:ti_sysbios_knl_Semaphore_Module__loggerObj__C)
                  00012618    00000004     principal_pem4f.oem4f (.const:ti_sysbios_knl_Swi_LD_end__C)
                  0001261c    00000004     principal_pem4f.oem4f (.const:ti_sysbios_knl_Swi_LM_begin__C)
                  00012620    00000004     principal_pem4f.oem4f (.const:ti_sysbios_knl_Swi_LM_post__C)
                  00012624    00000004     principal_pem4f.oem4f (.const:ti_sysbios_knl_Swi_Module__diagsEnabled__C)
                  00012628    00000004     principal_pem4f.oem4f (.const:ti_sysbios_knl_Swi_Module__diagsIncluded__C)
                  0001262c    00000004     principal_pem4f.oem4f (.const:ti_sysbios_knl_Swi_Module__diagsMask__C)
                  00012630    00000004     principal_pem4f.oem4f (.const:ti_sysbios_knl_Swi_Module__loggerFxn1__C)
                  00012634    00000004     principal_pem4f.oem4f (.const:ti_sysbios_knl_Swi_Module__loggerFxn4__C)
                  00012638    00000004     principal_pem4f.oem4f (.const:ti_sysbios_knl_Swi_Module__loggerObj__C)
                  0001263c    00000004     principal_pem4f.oem4f (.const:ti_sysbios_knl_Swi_Object__count__C)
                  00012640    00000004     principal_pem4f.oem4f (.const:ti_sysbios_knl_Task_A_badTimeout__C)
                  00012644    00000004     principal_pem4f.oem4f (.const:ti_sysbios_knl_Task_A_sleepTaskDisabled__C)
                  00012648    00000004     principal_pem4f.oem4f (.const:ti_sysbios_knl_Task_E_spOutOfBounds__C)
                  0001264c    00000004     principal_pem4f.oem4f (.const:ti_sysbios_knl_Task_E_stackOverflow__C)
                  00012650    00000004     principal_pem4f.oem4f (.const:ti_sysbios_knl_Task_LD_block__C)
                  00012654    00000004     principal_pem4f.oem4f (.const:ti_sysbios_knl_Task_LD_exit__C)
                  00012658    00000004     principal_pem4f.oem4f (.const:ti_sysbios_knl_Task_LD_ready__C)
                  0001265c    00000004     principal_pem4f.oem4f (.const:ti_sysbios_knl_Task_LM_sleep__C)
                  00012660    00000004     principal_pem4f.oem4f (.const:ti_sysbios_knl_Task_LM_switch__C)
                  00012664    00000004     principal_pem4f.oem4f (.const:ti_sysbios_knl_Task_Module_State_inactiveQ__O)
                  00012668    00000004     principal_pem4f.oem4f (.const:ti_sysbios_knl_Task_Module__diagsEnabled__C)
                  0001266c    00000004     principal_pem4f.oem4f (.const:ti_sysbios_knl_Task_Module__diagsIncluded__C)
                  00012670    00000004     principal_pem4f.oem4f (.const:ti_sysbios_knl_Task_Module__diagsMask__C)
                  00012674    00000004     principal_pem4f.oem4f (.const:ti_sysbios_knl_Task_Module__loggerFxn2__C)
                  00012678    00000004     principal_pem4f.oem4f (.const:ti_sysbios_knl_Task_Module__loggerFxn4__C)
                  0001267c    00000004     principal_pem4f.oem4f (.const:ti_sysbios_knl_Task_Module__loggerObj__C)
                  00012680    00000004     principal_pem4f.oem4f (.const:ti_sysbios_knl_Task_Object__count__C)
                  00012684    00000004     principal_pem4f.oem4f (.const:ti_sysbios_knl_Task_allBlockedFunc__C)
                  00012688    00000004     principal_pem4f.oem4f (.const:ti_sysbios_knl_Task_numConstructedTasks__C)
                  0001268c    00000004     principal_pem4f.oem4f (.const:ti_sysbios_utils_Load_LS_cpuLoad__C)
                  00012690    00000004     principal_pem4f.oem4f (.const:ti_sysbios_utils_Load_LS_hwiLoad__C)
                  00012694    00000004     principal_pem4f.oem4f (.const:ti_sysbios_utils_Load_Module__diagsEnabled__C)
                  00012698    00000004     principal_pem4f.oem4f (.const:ti_sysbios_utils_Load_Module__diagsIncluded__C)
                  0001269c    00000004     principal_pem4f.oem4f (.const:ti_sysbios_utils_Load_Module__diagsMask__C)
                  000126a0    00000004     principal_pem4f.oem4f (.const:ti_sysbios_utils_Load_Module__loggerFxn1__C)
                  000126a4    00000004     principal_pem4f.oem4f (.const:ti_sysbios_utils_Load_Module__loggerFxn2__C)
                  000126a8    00000004     principal_pem4f.oem4f (.const:ti_sysbios_utils_Load_Module__loggerObj__C)
                  000126ac    00000004     principal_pem4f.oem4f (.const:ti_sysbios_utils_Load_postUpdate__C)
                  000126b0    00000004     principal_pem4f.oem4f (.const:ti_sysbios_utils_Load_windowInMs__C)
                  000126b4    00000004     principal_pem4f.oem4f (.const:ti_uia_loggers_LoggerStopMode_Module__diagsEnabled__C)
                  000126b8    00000004     principal_pem4f.oem4f (.const:ti_uia_loggers_LoggerStopMode_Module__diagsIncluded__C)
                  000126bc    00000004     principal_pem4f.oem4f (.const:ti_uia_loggers_LoggerStopMode_Module__diagsMask__C)
                  000126c0    00000004     principal_pem4f.oem4f (.const:ti_uia_loggers_LoggerStopMode_Object__count__C)
                  000126c4    00000004     principal_pem4f.oem4f (.const:ti_uia_runtime_ILoggerSnapshot_Interface__BASE__C)
                  000126c8    00000004     principal_pem4f.oem4f (.const:ti_uia_runtime_IUIATransfer_Interface__BASE__C)
                  000126cc    00000004     principal_pem4f.oem4f (.const:xdc_runtime_Assert_E_assertFailed__C)
                  000126d0    00000004     principal_pem4f.oem4f (.const:xdc_runtime_Core_A_initializedParams__C)
                  000126d4    00000004     principal_pem4f.oem4f (.const:xdc_runtime_Core_Module__diagsEnabled__C)
                  000126d8    00000004     principal_pem4f.oem4f (.const:xdc_runtime_Core_Module__diagsIncluded__C)
                  000126dc    00000004     principal_pem4f.oem4f (.const:xdc_runtime_Core_Module__diagsMask__C)
                  000126e0    00000004     principal_pem4f.oem4f (.const:xdc_runtime_Error_E_memory__C)
                  000126e4    00000004     principal_pem4f.oem4f (.const:xdc_runtime_Error_Module__diagsEnabled__C)
                  000126e8    00000004     principal_pem4f.oem4f (.const:xdc_runtime_Error_Module__diagsIncluded__C)
                  000126ec    00000004     principal_pem4f.oem4f (.const:xdc_runtime_Error_Module__diagsMask__C)
                  000126f0    00000004     principal_pem4f.oem4f (.const:xdc_runtime_Error_Module__loggerFxn8__C)
                  000126f4    00000004     principal_pem4f.oem4f (.const:xdc_runtime_Error_Module__loggerObj__C)
                  000126f8    00000004     principal_pem4f.oem4f (.const:xdc_runtime_Error_policyFxn__C)
                  000126fc    00000004     principal_pem4f.oem4f (.const:xdc_runtime_Error_raiseHook__C)
                  00012700    00000004     principal_pem4f.oem4f (.const:xdc_runtime_IFilterLogger_Interface__BASE__C)
                  00012704    00000004     principal_pem4f.oem4f (.const:xdc_runtime_IGateProvider_Interface__BASE__C)
                  00012708    00000004     principal_pem4f.oem4f (.const:xdc_runtime_IHeap_Interface__BASE__C)
                  0001270c    00000004     principal_pem4f.oem4f (.const:xdc_runtime_ILogger_Interface__BASE__C)
                  00012710    00000004     principal_pem4f.oem4f (.const:xdc_runtime_IModule_Interface__BASE__C)
                  00012714    00000004     principal_pem4f.oem4f (.const:xdc_runtime_Log_L_error__C)
                  00012718    00000004     principal_pem4f.oem4f (.const:xdc_runtime_Log_L_warning__C)
                  0001271c    00000004     principal_pem4f.oem4f (.const:xdc_runtime_Main_Module__diagsEnabled__C)
                  00012720    00000004     principal_pem4f.oem4f (.const:xdc_runtime_Main_Module__diagsIncluded__C)
                  00012724    00000004     principal_pem4f.oem4f (.const:xdc_runtime_Main_Module__diagsMask__C)
                  00012728    00000004     principal_pem4f.oem4f (.const:xdc_runtime_Main_Module__loggerFxn2__C)
                  0001272c    00000004     principal_pem4f.oem4f (.const:xdc_runtime_Main_Module__loggerFxn4__C)
                  00012730    00000004     principal_pem4f.oem4f (.const:xdc_runtime_Main_Module__loggerObj__C)
                  00012734    00000004     principal_pem4f.oem4f (.const:xdc_runtime_Memory_defaultHeapInstance__C)
                  00012738    00000004     principal_pem4f.oem4f (.const:xdc_runtime_Startup_execImpl__C)
                  0001273c    00000004     principal_pem4f.oem4f (.const:xdc_runtime_Startup_lastFxns__A)
                  00012740    00000004     principal_pem4f.oem4f (.const:xdc_runtime_Startup_maxPasses__C)
                  00012744    00000004     principal_pem4f.oem4f (.const:xdc_runtime_Startup_sfxnRts__C)
                  00012748    00000004     principal_pem4f.oem4f (.const:xdc_runtime_Startup_sfxnTab__C)
[...]
0000f9c1   xdc_runtime_Memory_getMaxDefaultTypeAlign__E
0000f9cd   I2CMasterDisable
0000f9d7   I2CMasterEnable
0000f9e1   I2CTiva_init
0000f9eb   SDSPI_close
0000f9f5   SSIDataPut
0000f9ff   SSIDisable
0000fa09   SSIEnable
0000fa13   UARTCharGet
0000fa1d   UARTCharPut
0000fa27   UARTIntDisable
0000fa31   UARTIntStatus
0000fa4f   I2CMasterIntClear
0000fa57   I2CMasterSlaveAddrSet
0000fa5f   UARTIntEnable
0000fa67   UARTTiva_init
0000fa6f   ff_req_grant
0000fa7f   ti_sysbios_family_arm_lm4_Timer_masterDisable__I
0000fa87   ti_sysbios_family_arm_m3_Hwi_doSwiRestore__I
0000fa8f   ti_sysbios_family_arm_m3_Hwi_startup__E
0000fa8f   ti_sysbios_hal_Hwi_HwiProxy_startup__E
0000fa8f   ti_sysbios_hal_Hwi_startup__E
0000fa99   ti_sysbios_fatfs_getFatTime
0000faa1   ti_sysbios_knl_Idle_loop__E
0000fab1   GPIOPinRead
0000fab7   GPIOPinWrite
0000fabd   I2CMasterIntDisable
0000fac3   I2CMasterIntEnable
0000fac9   UARTFIFOLevelSet
0000facf   __xdc__init
0000fad5   __TI_decompress_rle24
0000fae1   ti_sysbios_family_arm_lm4_TimestampProvider_Module_startup__E
0000fae7   ti_sysbios_family_arm_m3_Hwi_restoreFxn__E
0000fae7   ti_sysbios_hal_Hwi_HwiProxy_restore__E
0000fae7   ti_sysbios_hal_Hwi_restore__E
0000faed   ti_sysbios_gates_GateHwi_leave__E
0000faf3   ti_sysbios_heaps_HeapMem_isBlocking__E
0000faf9   ti_sysbios_knl_Queue_Instance_init__E
0000faff   xdc_runtime_System_Module_startup__E
0000fb05   I2CMasterControl
0000fb09   I2CMasterDataGet
0000fb0d   I2CMasterDataPut
0000fb11   UARTIntClear
0000fb15   ff_rel_grant
0000fb19   get_fattime
0000fb1d   ti_sysbios_BIOS_RtsGateProxy_enter__E
0000fb21   ti_sysbios_BIOS_RtsGateProxy_leave__E
0000fb25   ti_sysbios_family_arm_lm4_Timer_getPeriod__E
0000fb29   ti_sysbios_family_arm_lm4_Timer_masterEnable__I
0000fb2d   ti_sysbios_family_arm_m3_Hwi_destruct
0000fb31   ti_sysbios_family_arm_m3_TaskSupport_Module__startupDone__S
0000fb35   ti_sysbios_gates_GateHwi_query__E
0000fb35   xdc_runtime_Main_Module_GateProxy_query__E
0000fb35   xdc_runtime_System_Module_GateProxy_query__E
0000fb39   ti_sysbios_BIOS_RtsGateProxy_query__E
0000fb39   ti_sysbios_gates_GateMutex_query__E
0000fb39   ti_sysbios_heaps_HeapMem_Module_GateProxy_query__E
0000fb3d   ti_sysbios_hal_Hwi_HwiProxy_Module__startupDone__S
0000fb41   ti_sysbios_heaps_HeapMem_Module_GateProxy_enter__E
0000fb45   ti_sysbios_heaps_HeapMem_Module_GateProxy_leave__E
0000fb49   ti_sysbios_knl_Clock_TimerProxy_Module__startupDone__S
0000fb4d   ti_sysbios_knl_Clock_TimerProxy_getMaxTicks__E
0000fb51   ti_sysbios_knl_Clock_TimerProxy_getPeriod__E
0000fb55   ti_sysbios_knl_Queue_destruct
0000fb59   ti_sysbios_knl_Semaphore_delete
0000fb5d   ti_sysbios_knl_Semaphore_destruct
0000fb61   ti_sysbios_knl_Task_SupportProxy_Module__startupDone__S
0000fb65   ti_sysbios_knl_Task_startup__E
0000fb69   ti_uia_loggers_LoggerStopMode_getContents__E
0000fb6d   ti_uia_loggers_LoggerStopMode_getFilterLevel__E
0000fb71   ti_uia_loggers_LoggerStopMode_getInstanceId__E
0000fb75   ti_uia_loggers_LoggerStopMode_getMaxLength__E
0000fb79   ti_uia_loggers_LoggerStopMode_getPriority__E
0000fb7d   ti_uia_loggers_LoggerStopMode_getTransferType__E
0000fb81   xdc_runtime_Error_getSite__E
0000fb85   xdc_runtime_Memory_HeapProxy_alloc__E
0000fb89   xdc_runtime_Memory_HeapProxy_free__E
0000fb8d   xdc_runtime_System_Module_GateProxy_enter__E
0000fb91   xdc_runtime_System_Module_GateProxy_leave__E
0000fb95   xdc_runtime_System_aprintf_va__F
0000fb99   xdc_runtime_System_printf_va__F
0000fba0   xdc_runtime_Text_charTab__A
000119ee   ti_catalog_arm_cortexm4_tiva_ce_Boot_Module__id__C
00011b10   xdc_runtime_Text_nodeTab__A
00011c14   _ctypes_
00011d16   ti_sysbios_family_arm_lm4_TimestampProvider_useClockTimer__C
00011f44   ti_uia_loggers_LoggerStopMode_Module__FXNS__C
00011fa4   GPIO_config
00011fb8   i2cTivaHWAttrs
00011fd8   uartTivaHWAttrs
00012040   sdspiTivaHWattrs
00012088   I2C_config
000120c4   UART_config
00012138   gpioHWAttrs
00012168   ti_sysbios_family_arm_m3_Hwi_Object__PARAMS__C
00012198   ti_sysbios_heaps_HeapMem_Module__FXNS__C
000121c0   ti_uia_loggers_LoggerStopMode_Object__PARAMS__C
000121e8   xdc_runtime_Startup_sfxnTab__A
00012210   SDSPI_config
00012234   UARTTiva_fxnTable
00012258   ti_sysbios_gates_GateHwi_Module__FXNS__C
0001227c   ti_sysbios_gates_GateMutex_Module__FXNS__C
000122a0   ti_sysbios_heaps_HeapMem_Object__PARAMS__C
000122c4   ti_sysbios_knl_Semaphore_Object__PARAMS__C
000122e8   inputfile
000122f8   outputfile
00012308   ti_sysbios_family_arm_m3_Hwi_Object__DESC__C
00012328   ti_sysbios_gates_GateHwi_Object__DESC__C
00012348   ti_sysbios_gates_GateMutex_Object__DESC__C
00012368   ti_sysbios_heaps_HeapMem_Object__DESC__C
00012388   ti_sysbios_knl_Queue_Object__DESC__C
000123a8   ti_sysbios_knl_Semaphore_Object__DESC__C
000123c8   ti_uia_loggers_LoggerStopMode_Object__DESC__C
000123e8   UART_defaultParams
00012408   ti_sysbios_gates_GateHwi_Object__PARAMS__C
00012420   ti_sysbios_gates_GateMutex_Object__PARAMS__C
00012438   ti_sysbios_knl_Queue_Object__PARAMS__C
00012450   xdc_runtime_Startup_firstFxns__A
00012464   xdc_runtime_Startup_sfxnRts__A
00012489   xdc_runtime_Error_policy__C
0001248a   ti_sysbios_family_arm_m3_Hwi_Module__id__C
0001248c   I2CTiva_fxnTable
000124ac   I2C_defaultParams
000124b8   SDSPITiva_fxnTable
000124cc   ti_sysbios_family_arm_m3_Hwi_excHookFuncs__A
000124d4   ti_sysbios_knl_Idle_funcList__A
000124dc   ti_sysbios_knl_Idle_funcList__C
000124e4   xdc_runtime_Startup_firstFxns__C
000124ec   xdc_runtime_Startup_lastFxns__C
000124f4   SDSPI_defaultParams
000124f8   ti_catalog_arm_cortexm4_tiva_ce_Boot_A_mustNotUseEnhancedClockMode__C
000124fc   ti_catalog_arm_cortexm4_tiva_ce_Boot_Module__diagsEnabled__C
00012500   ti_catalog_arm_cortexm4_tiva_ce_Boot_Module__diagsIncluded__C
00012504   ti_catalog_arm_cortexm4_tiva_ce_Boot_Module__diagsMask__C
00012508   ti_sysbios_family_arm_lm4_Timer_enableFunc__C
0001250c   ti_sysbios_family_arm_lm4_Timer_numTimerDevices__C
00012510   ti_sysbios_family_arm_lm4_Timer_startupNeeded__C
00012514   ti_sysbios_family_arm_m3_Hwi_E_NMI__C
00012518   ti_sysbios_family_arm_m3_Hwi_E_alreadyDefined__C
0001251c   ti_sysbios_family_arm_m3_Hwi_E_busFault__C
00012520   ti_sysbios_family_arm_m3_Hwi_E_debugMon__C
00012524   ti_sysbios_family_arm_m3_Hwi_E_hardFault__C
00012528   ti_sysbios_family_arm_m3_Hwi_E_memFault__C
0001252c   ti_sysbios_family_arm_m3_Hwi_E_noIsr__C
00012530   ti_sysbios_family_arm_m3_Hwi_E_reserved__C
00012534   ti_sysbios_family_arm_m3_Hwi_E_svCall__C
00012538   ti_sysbios_family_arm_m3_Hwi_E_usageFault__C
0001253c   ti_sysbios_family_arm_m3_Hwi_LD_end__C
00012540   ti_sysbios_family_arm_m3_Hwi_LM_begin__C
00012544   ti_sysbios_family_arm_m3_Hwi_Module__diagsEnabled__C
00012548   ti_sysbios_family_arm_m3_Hwi_Module__diagsIncluded__C
0001254c   ti_sysbios_family_arm_m3_Hwi_Module__diagsMask__C
00012550   ti_sysbios_family_arm_m3_Hwi_Module__loggerFxn1__C
00012554   ti_sysbios_family_arm_m3_Hwi_Module__loggerFxn8__C
00012558   ti_sysbios_family_arm_m3_Hwi_Module__loggerObj__C
0001255c   ti_sysbios_family_arm_m3_Hwi_NUM_INTERRUPTS__C
00012560   ti_sysbios_family_arm_m3_Hwi_Object__count__C
00012564   ti_sysbios_family_arm_m3_Hwi_ccr__C
00012568   ti_sysbios_family_arm_m3_Hwi_excHandlerFunc__C
0001256c   ti_sysbios_family_arm_m3_Hwi_excHookFuncs__C
00012570   ti_sysbios_family_arm_m3_Hwi_nullIsrFunc__C
00012574   ti_sysbios_family_arm_m3_Hwi_priGroup__C
00012578   ti_sysbios_gates_GateMutex_A_badContext__C
0001257c   ti_sysbios_gates_GateMutex_Instance_State_sem__O
00012580   ti_sysbios_gates_GateMutex_Module__diagsEnabled__C
00012584   ti_sysbios_gates_GateMutex_Module__diagsIncluded__C
00012588   ti_sysbios_gates_GateMutex_Module__diagsMask__C
0001258c   ti_sysbios_hal_Hwi_E_stackOverflow__C
00012590   ti_sysbios_heaps_HeapMem_A_align__C
00012594   ti_sysbios_heaps_HeapMem_A_heapSize__C
00012598   ti_sysbios_heaps_HeapMem_A_invalidFree__C
0001259c   ti_sysbios_heaps_HeapMem_A_zeroBlock__C
000125a0   ti_sysbios_heaps_HeapMem_E_memory__C
000125a4   ti_sysbios_heaps_HeapMem_Module__diagsEnabled__C
000125a8   ti_sysbios_heaps_HeapMem_Module__diagsIncluded__C
000125ac   ti_sysbios_heaps_HeapMem_Module__diagsMask__C
000125b0   ti_sysbios_heaps_HeapMem_Module__gateObj__C
000125b4   ti_sysbios_heaps_HeapMem_Object__count__C
000125b8   ti_sysbios_heaps_HeapMem_reqAlign__C
000125bc   ti_sysbios_knl_Clock_LM_begin__C
000125c0   ti_sysbios_knl_Clock_LM_tick__C
000125c4   ti_sysbios_knl_Clock_LW_delayed__C
000125c8   ti_sysbios_knl_Clock_Module_State_clockQ__O
000125cc   ti_sysbios_knl_Clock_Module__diagsEnabled__C
000125d0   ti_sysbios_knl_Clock_Module__diagsIncluded__C
000125d4   ti_sysbios_knl_Clock_Module__diagsMask__C
000125d8   ti_sysbios_knl_Clock_Module__loggerFxn1__C
000125dc   ti_sysbios_knl_Clock_Module__loggerFxn2__C
000125e0   ti_sysbios_knl_Clock_Module__loggerObj__C
000125e4   ti_sysbios_knl_Semaphore_A_badContext__C
000125e8   ti_sysbios_knl_Semaphore_A_noEvents__C
000125ec   ti_sysbios_knl_Semaphore_A_overflow__C
000125f0   ti_sysbios_knl_Semaphore_A_pendTaskDisabled__C
000125f4   ti_sysbios_knl_Semaphore_Instance_State_pendQ__O
000125f8   ti_sysbios_knl_Semaphore_LM_pend__C
000125fc   ti_sysbios_knl_Semaphore_LM_post__C
00012600   ti_sysbios_knl_Semaphore_Module__diagsEnabled__C
00012604   ti_sysbios_knl_Semaphore_Module__diagsIncluded__C
00012608   ti_sysbios_knl_Semaphore_Module__diagsMask__C
0001260c   ti_sysbios_knl_Semaphore_Module__loggerFxn2__C
00012610   ti_sysbios_knl_Semaphore_Module__loggerFxn4__C
00012614   ti_sysbios_knl_Semaphore_Module__loggerObj__C
00012618   ti_sysbios_knl_Swi_LD_end__C
0001261c   ti_sysbios_knl_Swi_LM_begin__C
00012620   ti_sysbios_knl_Swi_LM_post__C
00012624   ti_sysbios_knl_Swi_Module__diagsEnabled__C
00012628   ti_sysbios_knl_Swi_Module__diagsIncluded__C
0001262c   ti_sysbios_knl_Swi_Module__diagsMask__C
00012630   ti_sysbios_knl_Swi_Module__loggerFxn1__C
00012634   ti_sysbios_knl_Swi_Module__loggerFxn4__C
00012638   ti_sysbios_knl_Swi_Module__loggerObj__C
0001263c   ti_sysbios_knl_Swi_Object__count__C
00012640   ti_sysbios_knl_Task_A_badTimeout__C
00012644   ti_sysbios_knl_Task_A_sleepTaskDisabled__C
00012648   ti_sysbios_knl_Task_E_spOutOfBounds__C
0001264c   ti_sysbios_knl_Task_E_stackOverflow__C
00012650   ti_sysbios_knl_Task_LD_block__C
00012654   ti_sysbios_knl_Task_LD_exit__C
00012658   ti_sysbios_knl_Task_LD_ready__C
0001265c   ti_sysbios_knl_Task_LM_sleep__C
00012660   ti_sysbios_knl_Task_LM_switch__C
00012664   ti_sysbios_knl_Task_Module_State_inactiveQ__O
00012668   ti_sysbios_knl_Task_Module__diagsEnabled__C
0001266c   ti_sysbios_knl_Task_Module__diagsIncluded__C
00012670   ti_sysbios_knl_Task_Module__diagsMask__C
00012674   ti_sysbios_knl_Task_Module__loggerFxn2__C
00012678   ti_sysbios_knl_Task_Module__loggerFxn4__C
0001267c   ti_sysbios_knl_Task_Module__loggerObj__C
00012680   ti_sysbios_knl_Task_Object__count__C
00012684   ti_sysbios_knl_Task_allBlockedFunc__C
00012688   ti_sysbios_knl_Task_numConstructedTasks__C
0001268c   ti_sysbios_utils_Load_LS_cpuLoad__C
00012690   ti_sysbios_utils_Load_LS_hwiLoad__C
00012694   ti_sysbios_utils_Load_Module__diagsEnabled__C
00012698   ti_sysbios_utils_Load_Module__diagsIncluded__C
0001269c   ti_sysbios_utils_Load_Module__diagsMask__C
000126a0   ti_sysbios_utils_Load_Module__loggerFxn1__C
000126a4   ti_sysbios_utils_Load_Module__loggerFxn2__C
000126a8   ti_sysbios_utils_Load_Module__loggerObj__C
000126ac   ti_sysbios_utils_Load_postUpdate__C
000126b0   ti_sysbios_utils_Load_windowInMs__C
000126b4   ti_uia_loggers_LoggerStopMode_Module__diagsEnabled__C
000126b8   ti_uia_loggers_LoggerStopMode_Module__diagsIncluded__C
000126bc   ti_uia_loggers_LoggerStopMode_Module__diagsMask__C
000126c0   ti_uia_loggers_LoggerStopMode_Object__count__C
000126c4   ti_uia_runtime_ILoggerSnapshot_Interface__BASE__C
000126c8   ti_uia_runtime_IUIATransfer_Interface__BASE__C
000126cc   xdc_runtime_Assert_E_assertFailed__C
000126d0   xdc_runtime_Core_A_initializedParams__C
000126d4   xdc_runtime_Core_Module__diagsEnabled__C
000126d8   xdc_runtime_Core_Module__diagsIncluded__C
000126dc   xdc_runtime_Core_Module__diagsMask__C
000126e0   xdc_runtime_Error_E_memory__C
000126e4   xdc_runtime_Error_Module__diagsEnabled__C
000126e8   xdc_runtime_Error_Module__diagsIncluded__C
000126ec   xdc_runtime_Error_Module__diagsMask__C
000126f0   xdc_runtime_Error_Module__loggerFxn8__C
000126f4   xdc_runtime_Error_Module__loggerObj__C
000126f8   xdc_runtime_Error_policyFxn__C
000126fc   xdc_runtime_Error_raiseHook__C
00012700   xdc_runtime_IFilterLogger_Interface__BASE__C
00012704   xdc_runtime_IGateProvider_Interface__BASE__C
00012708   xdc_runtime_IHeap_Interface__BASE__C
0001270c   xdc_runtime_ILogger_Interface__BASE__C
00012710   xdc_runtime_IModule_Interface__BASE__C
00012714   xdc_runtime_Log_L_error__C
00012718   xdc_runtime_Log_L_warning__C
0001271c   xdc_runtime_Main_Module__diagsEnabled__C
00012720   xdc_runtime_Main_Module__diagsIncluded__C
00012724   xdc_runtime_Main_Module__diagsMask__C
00012728   xdc_runtime_Main_Module__loggerFxn2__C
0001272c   xdc_runtime_Main_Module__loggerFxn4__C
00012730   xdc_runtime_Main_Module__loggerObj__C
00012734   xdc_runtime_Memory_defaultHeapInstance__C
00012738   xdc_runtime_Startup_execImpl__C
0001273c   xdc_runtime_Startup_lastFxns__A
00012740   xdc_runtime_Startup_maxPasses__C
00012744   xdc_runtime_Startup_sfxnRts__C
00012748   xdc_runtime_Startup_sfxnTab__C
0001274c   xdc_runtime_SysMin_bufSize__C
00012750   xdc_runtime_SysMin_outputFunc__C
00012754   xdc_runtime_System_Module__gateObj__C
00012758   xdc_runtime_System_abortFxn__C
0001275c   xdc_runtime_System_exitFxn__C
00012760   xdc_runtime_System_extendFxn__C
00012764   xdc_runtime_System_maxAtexitHandlers__C
00012768   xdc_runtime_Text_charTab__C
0001276c   xdc_runtime_Text_nameEmpty__C
00012770   xdc_runtime_Text_nameStatic__C
00012774   xdc_runtime_Text_nameUnknown__C
00012778   xdc_runtime_Text_nodeTab__C
0001277c   xdc_runtime_Text_visitRopeFxn__C
00012780   ti_sysbios_family_arm_m3_Hwi_Module__loggerDefined__C
00012782   ti_sysbios_gates_GateMutex_Module__id__C
00012784   ti_sysbios_hal_Hwi_Module__id__C
00012786   ti_sysbios_heaps_HeapMem_Module__id__C
00012788   ti_sysbios_knl_Clock_Module__id__C
0001278a   ti_sysbios_knl_Clock_Module__loggerDefined__C
0001278c   ti_sysbios_knl_Semaphore_Module__id__C
0001278e   ti_sysbios_knl_Semaphore_Module__loggerDefined__C
00012790   ti_sysbios_knl_Swi_Module__id__C
00012792   ti_sysbios_knl_Swi_Module__loggerDefined__C
00012794   ti_sysbios_knl_Task_Module__id__C
00012796   ti_sysbios_knl_Task_Module__loggerDefined__C
00012798   ti_sysbios_knl_Task_initStackFlag__C
0001279a   ti_sysbios_utils_Load_Module__id__C
0001279c   ti_sysbios_utils_Load_Module__loggerDefined__C
0001279e   ti_sysbios_utils_Load_hwiEnabled__C
000127a0   ti_sysbios_utils_Load_updateInIdle__C
000127a2   ti_uia_loggers_LoggerStopMode_Module__id__C
000127a4   ti_uia_loggers_LoggerStopMode_isTimestampEnabled__C
000127a6   xdc_runtime_Core_Module__id__C
000127a8   xdc_runtime_Error_Module__loggerDefined__C
000127aa   xdc_runtime_Error_maxDepth__C
000127ac   xdc_runtime_Main_Module__id__C
000127ae   xdc_runtime_Main_Module__loggerDefined__C
000127b0   xdc_runtime_Memory_Module__id__C
000127b2   xdc_runtime_SysMin_flushAtExit__C
000127b4   xdc_runtime_Text_charCnt__C
000127b6   xdc_runtime_Text_isLoaded__C
000127b8   xdc_runtime_Text_registryModsLastId__C
000127ba   xdc_runtime_Text_unnamedModsLastId__C
00012c98   __TI_Handler_Table_Base
00012ca4   __TI_Handler_Table_Limit
00012cb8   __TI_CINIT_Base
00012cd0   __TI_CINIT_Limit
20000000   ti_sysbios_family_arm_m3_Hwi_ramVectors
20000380   ti_sysbios_knl_Task_Instance_State_0_stack__A
20000580   ti_sysbios_knl_Task_Instance_State_1_stack__A
20000d80   ti_sysbios_knl_Task_Instance_State_2_stack__A
20001580   ti_sysbios_heaps_HeapMem_Instance_State_0_buf__A
20002580   sdspiTivaobjects
20002a00   ti_uia_loggers_LoggerStopMode_Instance_State_1_packetArray__A
20002e00   ti_uia_loggers_LoggerStopMode_Instance_State_2_packetArray__A
20003200   xdc_runtime_SysMin_Module_State_0_outbuf__A
20003600   ti_sysbios_family_arm_m3_Hwi_dispatchTable
20003960   uartTivaObjects
20003b80   i2cTivaObjects
20003d80   ti_uia_loggers_LoggerStopMode_Instance_State_0_packetArray__A
20003f80   __CIOBUF_
200040a0   __TI_tmpnams
20004180   ti_uia_loggers_LoggerStopMode_Instance_State_0_hdr__A
200041b0   cpy_buff
20004200   ti_uia_loggers_LoggerStopMode_Instance_State_1_hdr__A
20004280   ti_uia_loggers_LoggerStopMode_Instance_State_2_hdr__A
200042b0   __stack
200044b0   __STACK_TOP
200052b0   __STACK_END
200052b0   xdc_runtime_Diags_dictElems
200052d0   ti_sysbios_family_arm_lm4_Timer_Module__root__V
200052d8   ti_sysbios_family_arm_lm4_Timer_Module_State_0_handles__A
200052f8   ti_sysbios_family_arm_lm4_Timer_Module__state__V
20005304   ti_sysbios_family_arm_lm4_TimestampProvider_Module__state__V
2000530c   ti_sysbios_family_arm_m3_Hwi_Module__root__V
20005314   ti_sysbios_family_arm_m3_Hwi_Module_State_0_excActive__A
20005318   ti_sysbios_family_arm_m3_Hwi_Module_State_0_excContext__A
2000531c   ti_sysbios_family_arm_m3_Hwi_Module_State_0_excStack__A
20005320   ti_sysbios_gates_GateHwi_Module__root__V
20005328   ti_sysbios_gates_GateHwi_Object__table__V
2000532c   ti_sysbios_gates_GateMutex_Module__root__V
20005334   ti_sysbios_hal_Hwi_Module__root__V
2000533c   ti_sysbios_heaps_HeapMem_Module__root__V
20005344   ti_sysbios_heaps_HeapMem_Object__table__V
2000535c   ti_sysbios_knl_Clock_Module__root__V
20005364   ti_sysbios_knl_Event_Module__root__V
20005370   ti_sysbios_knl_Queue_Module__root__V
20005378   ti_sysbios_knl_Semaphore_Module__root__V
20005380   ti_sysbios_knl_Swi_Module__root__V
20005388   ti_sysbios_knl_Swi_Module__state__V
200053a4   ti_sysbios_knl_Task_Module__root__V
200053b0   ti_sysbios_knl_Task_Module_State_0_idleTask__A
200053b4   ti_sysbios_utils_Load_Module_State_0_taskStartTime__A
200053b8   ti_sysbios_utils_Load_Module_State_0_runningTask__A
200053bc   ti_uia_loggers_LoggerStopMode_Module__root__V
200053c4   ti_uia_loggers_LoggerStopMode_Module__state__V
200053cc   ti_uia_runtime_QueueDescriptor_Module__state__V
200053d8   xdc_runtime_Error_Module__state__V
200053da   xdc_runtime_Main_Module__root__V
200053dc   xdc_runtime_Memory_Module__state__V
200053e0   xdc_runtime_Registry_Module__state__V
200053e8   xdc_runtime_Startup_Module__state__V
200053f0   xdc_runtime_SysMin_Module__state__V
200053fc   xdc_runtime_System_Module_State_0_atexitHandlers__A
2000541c   xdc_runtime_System_Module__state__V
20005424   xdc_runtime_Text_Module__state__V
2000542c   __xdc__init__addr
20005430   _ftable
20005520   ti_sysbios_knl_Task_Object__table__V
200055b8   TSK_idle
200056d4   ti_uia_loggers_LoggerStopMode_Object__table__V
20005770   ti_sysbios_utils_Load_Module__state__V
20005808   ti_sysbios_family_arm_lm4_Timer_Object__table__V
20005888   ti_sysbios_knl_Swi_Module_State_0_readyQ__A
20005908   ti_sysbios_knl_Task_Module_State_0_readyQ__A
200059d8   ti_sysbios_knl_Task_Module__state__V
20005a1c   ti_sysbios_family_arm_lm4_Timer_Module_State_0_device__A
20005a5c   ti_sysbios_gates_GateMutex_Object__table__V
20005a94   ti_sysbios_family_arm_m3_Hwi_Module__state__V
20005ac8   ti_sysbios_family_arm_m3_Hwi_Object__table__V
20005af8   ti_sysbios_knl_Swi_Object__table__V
20005b28   ti_sysbios_knl_Clock_Module__state__V
20005b54   ti_sysbios_BIOS_Module__state__V
20005ba4   __TI_ft_end
20005ba8   __aeabi_stdin
20005bac   __aeabi_stdout
20005bb0   __aeabi_stderr
20005bbc   _lock
20005bc0   _unlock
20005bc4   __TI_cleanup_ptr
20005bc8   __TI_dtors_ptr
20005bcc   ti_uia_runtime_QueueDescriptor_gPtrToFirstDescriptor
20005bd0   ti_uia_runtime_QueueDescriptor_gUpdateCount
20005bd8   _Errno
20005be0   main_func_sp
e000e000   ti_sysbios_family_arm_m3_Hwi_nvic
ffffffff   __binit__
ffffffff   __c_args__
ffffffff   binit
UNDEFED    SHT$$INIT_ARRAY$$Base
UNDEFED    SHT$$INIT_ARRAY$$Limit

[892 symbols]
